2025-06-13 02:19:56 - INFO - ------------------------------------------------------------------------------------------------
2025-06-13 02:19:56 - INFO - starting new training !!!!
2025-06-13 02:19:56 - INFO - ------------------------------------------------------------------------------------------------
2025-06-13 02:19:56 - INFO - Namespace(batch=1, class_dict={'early': 0, 'inter': 1, 'ga': 2, 'wet': 3, 'notAMD': 4}, device=device(type='cuda'), epoch=2, excel_path='d:\\cleaning_GUI_annotated_data\\tab_data_annotated_pats.xlsx', gamma=0.1, json='jsons/train_test_val_split_without_scar.json', lambda_percep=0.8, log_dir='logs/Resnet_pretraining', log_freq=5, lr=0.001, model_ch=[64, 128, 256, 512], model_path=None, save_bscans=tensor([36, 48, 60, 72]), save_dir='model_parameter_Resnet_pretraining', save_freq=5, save_recons=True, step_size=10)
2025-06-13 02:19:56 - INFO - parameters are being saved at :model_parameter_Resnet_pretraining\52
2025-06-13 02:19:56 - INFO - found 4 gpus!
2025-06-13 02:20:12 - ERROR - 

-- Process 0 terminated with the following error:
Traceback (most recent call last):
  File "C:\Users\AKS396\.conda\envs\amd\lib\site-packages\torch\multiprocessing\spawn.py", line 75, in _wrap
    fn(i, *args)
  File "D:\AMD-data-visualisation\pretraining_vision_distributed.py", line 122, in train
    p_loss = perceptual_loss_fn(recons_scans.reshape(-1,1,256,256), scans.reshape(-1,1,256,256))
  File "C:\Users\AKS396\.conda\envs\amd\lib\site-packages\torch\nn\modules\module.py", line 1532, in _wrapped_call_impl
    return self._call_impl(*args, **kwargs)
  File "C:\Users\AKS396\.conda\envs\amd\lib\site-packages\torch\nn\modules\module.py", line 1541, in _call_impl
    return forward_call(*args, **kwargs)
  File "D:\AMD-data-visualisation\utils\util.py", line 52, in forward
    fy = self.blocks(y)
  File "C:\Users\AKS396\.conda\envs\amd\lib\site-packages\torch\nn\modules\module.py", line 1532, in _wrapped_call_impl
    return self._call_impl(*args, **kwargs)
  File "C:\Users\AKS396\.conda\envs\amd\lib\site-packages\torch\nn\modules\module.py", line 1541, in _call_impl
    return forward_call(*args, **kwargs)
  File "C:\Users\AKS396\.conda\envs\amd\lib\site-packages\torch\nn\modules\container.py", line 217, in forward
    input = module(input)
  File "C:\Users\AKS396\.conda\envs\amd\lib\site-packages\torch\nn\modules\module.py", line 1532, in _wrapped_call_impl
    return self._call_impl(*args, **kwargs)
  File "C:\Users\AKS396\.conda\envs\amd\lib\site-packages\torch\nn\modules\module.py", line 1541, in _call_impl
    return forward_call(*args, **kwargs)
  File "C:\Users\AKS396\.conda\envs\amd\lib\site-packages\torch\nn\modules\conv.py", line 460, in forward
    return self._conv_forward(input, self.weight, self.bias)
  File "C:\Users\AKS396\.conda\envs\amd\lib\site-packages\torch\nn\modules\conv.py", line 456, in _conv_forward
    return F.conv2d(input, weight, bias, self.stride,
torch.cuda.OutOfMemoryError: CUDA out of memory. Tried to allocate 2.00 GiB. GPU  has a total capacity of 11.00 GiB of which 1.33 GiB is free. Of the allocated memory 8.50 GiB is allocated by PyTorch, and 1.01 MiB is reserved by PyTorch but unallocated. If reserved but unallocated memory is large try setting PYTORCH_CUDA_ALLOC_CONF=expandable_segments:True to avoid fragmentation.  See documentation for Memory Management  (https://pytorch.org/docs/stable/notes/cuda.html#environment-variables)

