2025-06-10 10:03:09 - INFO - ------------------------------------------------------------------------------------------------
2025-06-10 10:03:09 - INFO - starting new training !!!!
2025-06-10 10:03:09 - INFO - ------------------------------------------------------------------------------------------------
2025-06-10 10:03:09 - INFO - Namespace(batch=1, class_dict={'early': 0, 'inter': 1, 'ga': 2, 'wet': 3, 'notAMD': 4}, device=device(type='cuda'), epoch=2, excel_path='d:\\cleaning_GUI_annotated_data\\tab_data_annotated_pats.xlsx', gamma=0.1, json='jsons/train_test_val_split_without_scar.json', lambda_percep=0.8, log_dir='logs/Resnet_pretraining', log_freq=5, lr=0.001, model_ch=[64, 128, 256, 512], model_path=None, save_bscans=tensor([36, 48, 60, 72]), save_dir='model_parameter_Resnet_pretraining', save_freq=5, save_recons=True, step_size=10)
2025-06-10 10:03:09 - INFO - parameters are being saved at :model_parameter_Resnet_pretraining\34
2025-06-10 10:03:09 - INFO - found 4 gpus!
2025-06-10 10:03:09 - ERROR - 
        An attempt has been made to start a new process before the
        current process has finished its bootstrapping phase.

        This probably means that you are not using fork to start your
        child processes and you have forgotten to use the proper idiom
        in the main module:

            if __name__ == '__main__':
                freeze_support()
                ...

        The "freeze_support()" line can be omitted if the program
        is not going to be frozen to produce an executable.
2025-06-10 10:03:10 - INFO - AutoEncoder(
  (encoder): Sequential(
    (0): Sequential(
      (0): Conv3d(1, 64, kernel_size=(7, 7, 7), stride=(2, 2, 2), padding=(3, 3, 3))
      (1): BatchNorm3d(64, eps=1e-05, momentum=0.1, affine=True, track_running_stats=True)
      (2): ReLU()
    )
    (1): MaxPool3d(kernel_size=3, stride=2, padding=1, dilation=1, ceil_mode=False)
    (2): BasicConvBlock(
      (layers): Sequential(
        (0): Sequential(
          (0): Conv3d(64, 64, kernel_size=(3, 3, 3), stride=(1, 1, 1), padding=(1, 1, 1))
          (1): BatchNorm3d(64, eps=1e-05, momentum=0.1, affine=True, track_running_stats=True)
          (2): ReLU()
        )
        (1): Sequential(
          (0): Conv3d(64, 64, kernel_size=(3, 3, 3), stride=(1, 1, 1), padding=(1, 1, 1))
          (1): BatchNorm3d(64, eps=1e-05, momentum=0.1, affine=True, track_running_stats=True)
          (2): ReLU()
        )
        (2): Sequential(
          (0): Conv3d(64, 64, kernel_size=(3, 3, 3), stride=(1, 1, 1), padding=(1, 1, 1))
          (1): BatchNorm3d(64, eps=1e-05, momentum=0.1, affine=True, track_running_stats=True)
          (2): ReLU()
        )
        (3): Sequential(
          (0): Conv3d(64, 64, kernel_size=(3, 3, 3), stride=(1, 1, 1), padding=(1, 1, 1))
          (1): BatchNorm3d(64, eps=1e-05, momentum=0.1, affine=True, track_running_stats=True)
          (2): ReLU()
        )
      )
    )
    (3): BasicConvBlock(
      (conv1x1): Conv3d(64, 128, kernel_size=(1, 1, 1), stride=(2, 2, 2))
      (layers): Sequential(
        (0): Sequential(
          (0): Conv3d(64, 128, kernel_size=(3, 3, 3), stride=(2, 2, 2), padding=(1, 1, 1))
          (1): BatchNorm3d(128, eps=1e-05, momentum=0.1, affine=True, track_running_stats=True)
          (2): ReLU()
        )
        (1): Sequential(
          (0): Conv3d(128, 128, kernel_size=(3, 3, 3), stride=(1, 1, 1), padding=(1, 1, 1))
          (1): BatchNorm3d(128, eps=1e-05, momentum=0.1, affine=True, track_running_stats=True)
          (2): ReLU()
        )
        (2): Sequential(
          (0): Conv3d(128, 128, kernel_size=(3, 3, 3), stride=(1, 1, 1), padding=(1, 1, 1))
          (1): BatchNorm3d(128, eps=1e-05, momentum=0.1, affine=True, track_running_stats=True)
          (2): ReLU()
        )
        (3): Sequential(
          (0): Conv3d(128, 128, kernel_size=(3, 3, 3), stride=(1, 1, 1), padding=(1, 1, 1))
          (1): BatchNorm3d(128, eps=1e-05, momentum=0.1, affine=True, track_running_stats=True)
          (2): ReLU()
        )
      )
    )
    (4): BasicConvBlock(
      (conv1x1): Conv3d(128, 256, kernel_size=(1, 1, 1), stride=(2, 2, 2))
      (layers): Sequential(
        (0): Sequential(
          (0): Conv3d(128, 256, kernel_size=(3, 3, 3), stride=(2, 2, 2), padding=(1, 1, 1))
          (1): BatchNorm3d(256, eps=1e-05, momentum=0.1, affine=True, track_running_stats=True)
          (2): ReLU()
        )
        (1): Sequential(
          (0): Conv3d(256, 256, kernel_size=(3, 3, 3), stride=(1, 1, 1), padding=(1, 1, 1))
          (1): BatchNorm3d(256, eps=1e-05, momentum=0.1, affine=True, track_running_stats=True)
          (2): ReLU()
        )
        (2): Sequential(
          (0): Conv3d(256, 256, kernel_size=(3, 3, 3), stride=(1, 1, 1), padding=(1, 1, 1))
          (1): BatchNorm3d(256, eps=1e-05, momentum=0.1, affine=True, track_running_stats=True)
          (2): ReLU()
        )
        (3): Sequential(
          (0): Conv3d(256, 256, kernel_size=(3, 3, 3), stride=(1, 1, 1), padding=(1, 1, 1))
          (1): BatchNorm3d(256, eps=1e-05, momentum=0.1, affine=True, track_running_stats=True)
          (2): ReLU()
        )
      )
    )
    (5): BasicConvBlock(
      (conv1x1): Conv3d(256, 512, kernel_size=(1, 1, 1), stride=(2, 2, 2))
      (layers): Sequential(
        (0): Sequential(
          (0): Conv3d(256, 512, kernel_size=(3, 3, 3), stride=(2, 2, 2), padding=(1, 1, 1))
          (1): BatchNorm3d(512, eps=1e-05, momentum=0.1, affine=True, track_running_stats=True)
          (2): ReLU()
        )
        (1): Sequential(
          (0): Conv3d(512, 512, kernel_size=(3, 3, 3), stride=(1, 1, 1), padding=(1, 1, 1))
          (1): BatchNorm3d(512, eps=1e-05, momentum=0.1, affine=True, track_running_stats=True)
          (2): ReLU()
        )
        (2): Sequential(
          (0): Conv3d(512, 512, kernel_size=(3, 3, 3), stride=(1, 1, 1), padding=(1, 1, 1))
          (1): BatchNorm3d(512, eps=1e-05, momentum=0.1, affine=True, track_running_stats=True)
          (2): ReLU()
        )
        (3): Sequential(
          (0): Conv3d(512, 512, kernel_size=(3, 3, 3), stride=(1, 1, 1), padding=(1, 1, 1))
          (1): BatchNorm3d(512, eps=1e-05, momentum=0.1, affine=True, track_running_stats=True)
          (2): ReLU()
        )
      )
    )
  )
  (decoder): Sequential(
    (0): BasicUpsampleBlock(
      (upsample): ConvTranspose3d(512, 256, kernel_size=(3, 3, 3), stride=(2, 2, 2), padding=(1, 1, 1), output_padding=(1, 1, 1))
      (norm): BatchNorm3d(256, eps=1e-05, momentum=0.1, affine=True, track_running_stats=True)
      (relu): ReLU()
      (conv): Sequential(
        (0): Sequential(
          (0): Conv3d(256, 256, kernel_size=(3, 3, 3), stride=(1, 1, 1), padding=(1, 1, 1))
          (1): BatchNorm3d(256, eps=1e-05, momentum=0.1, affine=True, track_running_stats=True)
          (2): ReLU()
        )
        (1): Sequential(
          (0): Conv3d(256, 256, kernel_size=(3, 3, 3), stride=(1, 1, 1), padding=(1, 1, 1))
          (1): BatchNorm3d(256, eps=1e-05, momentum=0.1, affine=True, track_running_stats=True)
          (2): ReLU()
        )
        (2): Sequential(
          (0): Conv3d(256, 256, kernel_size=(3, 3, 3), stride=(1, 1, 1), padding=(1, 1, 1))
          (1): BatchNorm3d(256, eps=1e-05, momentum=0.1, affine=True, track_running_stats=True)
          (2): ReLU()
        )
      )
      (resize_conv): ConvTranspose3d(512, 256, kernel_size=(2, 2, 2), stride=(2, 2, 2))
    )
    (1): BasicUpsampleBlock(
      (upsample): ConvTranspose3d(256, 128, kernel_size=(3, 3, 3), stride=(2, 2, 2), padding=(1, 1, 1), output_padding=(1, 1, 1))
      (norm): BatchNorm3d(128, eps=1e-05, momentum=0.1, affine=True, track_running_stats=True)
      (relu): ReLU()
      (conv): Sequential(
        (0): Sequential(
          (0): Conv3d(128, 128, kernel_size=(3, 3, 3), stride=(1, 1, 1), padding=(1, 1, 1))
          (1): BatchNorm3d(128, eps=1e-05, momentum=0.1, affine=True, track_running_stats=True)
          (2): ReLU()
        )
        (1): Sequential(
          (0): Conv3d(128, 128, kernel_size=(3, 3, 3), stride=(1, 1, 1), padding=(1, 1, 1))
          (1): BatchNorm3d(128, eps=1e-05, momentum=0.1, affine=True, track_running_stats=True)
          (2): ReLU()
        )
        (2): Sequential(
          (0): Conv3d(128, 128, kernel_size=(3, 3, 3), stride=(1, 1, 1), padding=(1, 1, 1))
          (1): BatchNorm3d(128, eps=1e-05, momentum=0.1, affine=True, track_running_stats=True)
          (2): ReLU()
        )
      )
      (resize_conv): ConvTranspose3d(256, 128, kernel_size=(2, 2, 2), stride=(2, 2, 2))
    )
    (2): BasicUpsampleBlock(
      (upsample): ConvTranspose3d(128, 64, kernel_size=(3, 3, 3), stride=(2, 2, 2), padding=(1, 1, 1), output_padding=(1, 1, 1))
      (norm): BatchNorm3d(64, eps=1e-05, momentum=0.1, affine=True, track_running_stats=True)
      (relu): ReLU()
      (conv): Sequential(
        (0): Sequential(
          (0): Conv3d(64, 64, kernel_size=(3, 3, 3), stride=(1, 1, 1), padding=(1, 1, 1))
          (1): BatchNorm3d(64, eps=1e-05, momentum=0.1, affine=True, track_running_stats=True)
          (2): ReLU()
        )
        (1): Sequential(
          (0): Conv3d(64, 64, kernel_size=(3, 3, 3), stride=(1, 1, 1), padding=(1, 1, 1))
          (1): BatchNorm3d(64, eps=1e-05, momentum=0.1, affine=True, track_running_stats=True)
          (2): ReLU()
        )
        (2): Sequential(
          (0): Conv3d(64, 64, kernel_size=(3, 3, 3), stride=(1, 1, 1), padding=(1, 1, 1))
          (1): BatchNorm3d(64, eps=1e-05, momentum=0.1, affine=True, track_running_stats=True)
          (2): ReLU()
        )
      )
      (resize_conv): ConvTranspose3d(128, 64, kernel_size=(2, 2, 2), stride=(2, 2, 2))
    )
    (3): BasicUpsampleBlock(
      (upsample): ConvTranspose3d(64, 64, kernel_size=(3, 3, 3), stride=(2, 2, 2), padding=(1, 1, 1), output_padding=(1, 1, 1))
      (norm): BatchNorm3d(64, eps=1e-05, momentum=0.1, affine=True, track_running_stats=True)
      (relu): ReLU()
      (conv): Sequential(
        (0): Sequential(
          (0): Conv3d(64, 64, kernel_size=(3, 3, 3), stride=(1, 1, 1), padding=(1, 1, 1))
          (1): BatchNorm3d(64, eps=1e-05, momentum=0.1, affine=True, track_running_stats=True)
          (2): ReLU()
        )
        (1): Sequential(
          (0): Conv3d(64, 64, kernel_size=(3, 3, 3), stride=(1, 1, 1), padding=(1, 1, 1))
          (1): BatchNorm3d(64, eps=1e-05, momentum=0.1, affine=True, track_running_stats=True)
          (2): ReLU()
        )
        (2): Sequential(
          (0): Conv3d(64, 64, kernel_size=(3, 3, 3), stride=(1, 1, 1), padding=(1, 1, 1))
          (1): BatchNorm3d(64, eps=1e-05, momentum=0.1, affine=True, track_running_stats=True)
          (2): ReLU()
        )
      )
      (resize_conv): ConvTranspose3d(64, 64, kernel_size=(2, 2, 2), stride=(2, 2, 2))
    )
    (4): Interpolate()
    (5): Conv3d(64, 1, kernel_size=(7, 7, 7), stride=(1, 1, 1), padding=(3, 3, 3))
  )
  (sigmoid): Sigmoid()
)
2025-06-10 10:03:20 - INFO - Rank: 0 Epoch:0/2 iteration:<built-in function iter>/585 Loss is :0.0835 reconstruction loss :0.0835 perceptual loss :0.0000
2025-06-10 10:03:34 - INFO - Rank: 0 Epoch:0/2 iteration:<built-in function iter>/585 Loss is :0.0536 reconstruction loss :0.0536 perceptual loss :0.0000
2025-06-10 10:03:53 - INFO - Rank: 0 Epoch:0/2 iteration:<built-in function iter>/585 Loss is :0.0194 reconstruction loss :0.0194 perceptual loss :0.0000
2025-06-10 10:04:10 - INFO - Rank: 0 Epoch:0/2 iteration:<built-in function iter>/585 Loss is :0.0327 reconstruction loss :0.0327 perceptual loss :0.0000
2025-06-10 10:04:26 - INFO - Rank: 0 Epoch:0/2 iteration:<built-in function iter>/585 Loss is :0.0169 reconstruction loss :0.0169 perceptual loss :0.0000
2025-06-10 10:04:42 - INFO - Rank: 0 Epoch:0/2 iteration:<built-in function iter>/585 Loss is :0.0161 reconstruction loss :0.0161 perceptual loss :0.0000
2025-06-10 10:05:00 - INFO - Rank: 0 Epoch:0/2 iteration:<built-in function iter>/585 Loss is :0.0099 reconstruction loss :0.0099 perceptual loss :0.0000
2025-06-10 10:05:17 - INFO - Rank: 0 Epoch:0/2 iteration:<built-in function iter>/585 Loss is :0.0135 reconstruction loss :0.0135 perceptual loss :0.0000
2025-06-10 10:05:33 - INFO - Rank: 0 Epoch:0/2 iteration:<built-in function iter>/585 Loss is :0.0099 reconstruction loss :0.0099 perceptual loss :0.0000
2025-06-10 10:05:49 - INFO - Rank: 0 Epoch:0/2 iteration:<built-in function iter>/585 Loss is :0.0092 reconstruction loss :0.0092 perceptual loss :0.0000
2025-06-10 10:06:06 - INFO - Rank: 0 Epoch:0/2 iteration:<built-in function iter>/585 Loss is :0.0170 reconstruction loss :0.0170 perceptual loss :0.0000
2025-06-10 10:06:22 - INFO - Rank: 0 Epoch:0/2 iteration:<built-in function iter>/585 Loss is :0.0178 reconstruction loss :0.0178 perceptual loss :0.0000
2025-06-10 10:06:43 - INFO - Rank: 0 Epoch:0/2 iteration:<built-in function iter>/585 Loss is :0.0163 reconstruction loss :0.0163 perceptual loss :0.0000
2025-06-10 10:07:01 - INFO - Rank: 0 Epoch:0/2 iteration:<built-in function iter>/585 Loss is :0.0149 reconstruction loss :0.0149 perceptual loss :0.0000
2025-06-10 10:07:18 - INFO - Rank: 0 Epoch:0/2 iteration:<built-in function iter>/585 Loss is :0.0154 reconstruction loss :0.0154 perceptual loss :0.0000
2025-06-10 10:07:33 - INFO - Rank: 0 Epoch:0/2 iteration:<built-in function iter>/585 Loss is :0.0140 reconstruction loss :0.0140 perceptual loss :0.0000
2025-06-10 10:07:49 - INFO - Rank: 0 Epoch:0/2 iteration:<built-in function iter>/585 Loss is :0.0135 reconstruction loss :0.0135 perceptual loss :0.0000
2025-06-10 10:08:08 - INFO - Rank: 0 Epoch:0/2 iteration:<built-in function iter>/585 Loss is :0.0148 reconstruction loss :0.0148 perceptual loss :0.0000
2025-06-10 10:08:25 - INFO - Rank: 0 Epoch:0/2 iteration:<built-in function iter>/585 Loss is :0.0111 reconstruction loss :0.0111 perceptual loss :0.0000
2025-06-10 10:08:46 - INFO - Rank: 0 Epoch:0/2 iteration:<built-in function iter>/585 Loss is :0.0123 reconstruction loss :0.0123 perceptual loss :0.0000
2025-06-10 10:09:07 - INFO - Rank: 0 Epoch:0/2 iteration:<built-in function iter>/585 Loss is :0.0117 reconstruction loss :0.0117 perceptual loss :0.0000
2025-06-10 10:09:25 - INFO - Rank: 0 Epoch:0/2 iteration:<built-in function iter>/585 Loss is :0.0146 reconstruction loss :0.0146 perceptual loss :0.0000
2025-06-10 10:09:40 - INFO - Rank: 0 Epoch:0/2 iteration:<built-in function iter>/585 Loss is :0.0127 reconstruction loss :0.0127 perceptual loss :0.0000
2025-06-10 10:09:56 - INFO - Rank: 0 Epoch:0/2 iteration:<built-in function iter>/585 Loss is :0.0148 reconstruction loss :0.0148 perceptual loss :0.0000
2025-06-10 10:10:16 - INFO - Rank: 0 Epoch:0/2 iteration:<built-in function iter>/585 Loss is :0.0176 reconstruction loss :0.0176 perceptual loss :0.0000
2025-06-10 10:10:32 - INFO - Rank: 0 Epoch:0/2 iteration:<built-in function iter>/585 Loss is :0.0151 reconstruction loss :0.0151 perceptual loss :0.0000
