2025-06-13 02:27:57 - INFO - ------------------------------------------------------------------------------------------------
2025-06-13 02:27:57 - INFO - starting new training !!!!
2025-06-13 02:27:57 - INFO - ------------------------------------------------------------------------------------------------
2025-06-13 02:27:57 - INFO - Namespace(batch=1, class_dict={'early': 0, 'inter': 1, 'ga': 2, 'wet': 3, 'notAMD': 4}, device=device(type='cuda'), epoch=2, excel_path='d:\\cleaning_GUI_annotated_data\\tab_data_annotated_pats.xlsx', gamma=0.1, json='jsons/train_test_val_split_without_scar.json', lambda_percep=0.8, log_dir='logs/Resnet_pretraining', log_freq=5, lr=0.001, model_ch=[64, 128, 256, 512], model_path=None, save_bscans=tensor([36, 48, 60, 72]), save_dir='model_parameter_Resnet_pretraining', save_freq=5, save_recons=True, step_size=10)
2025-06-13 02:27:57 - INFO - parameters are being saved at :model_parameter_Resnet_pretraining\60
2025-06-13 02:27:57 - INFO - found 4 gpus!
2025-06-13 02:28:21 - ERROR - 

-- Process 0 terminated with the following error:
Traceback (most recent call last):
  File "C:\Users\AKS396\.conda\envs\amd\lib\site-packages\torch\multiprocessing\spawn.py", line 75, in _wrap
    fn(i, *args)
  File "D:\AMD-data-visualisation\pretraining_vision_distributed.py", line 134, in train
    loss.backward()
  File "C:\Users\AKS396\.conda\envs\amd\lib\site-packages\torch\_tensor.py", line 525, in backward
    torch.autograd.backward(
  File "C:\Users\AKS396\.conda\envs\amd\lib\site-packages\torch\autograd\__init__.py", line 267, in backward
    _engine_run_backward(
  File "C:\Users\AKS396\.conda\envs\amd\lib\site-packages\torch\autograd\graph.py", line 744, in _engine_run_backward
    return Variable._execution_engine.run_backward(  # Calls into the C++ engine to run the backward pass
torch.cuda.OutOfMemoryError: CUDA out of memory. Tried to allocate 2.00 GiB. GPU  has a total capacity of 11.00 GiB of which 0 bytes is free. Of the allocated memory 6.66 GiB is allocated by PyTorch, and 3.41 GiB is reserved by PyTorch but unallocated. If reserved but unallocated memory is large try setting PYTORCH_CUDA_ALLOC_CONF=expandable_segments:True to avoid fragmentation.  See documentation for Memory Management  (https://pytorch.org/docs/stable/notes/cuda.html#environment-variables)

