2025-06-10 08:07:58 - INFO - ------------------------------------------------------------------------------------------------
2025-06-10 08:07:58 - INFO - starting new training !!!!
2025-06-10 08:07:58 - INFO - ------------------------------------------------------------------------------------------------
2025-06-10 08:07:58 - INFO - Namespace(batch=1, class_dict={'early': 0, 'inter': 1, 'ga': 2, 'wet': 3, 'notAMD': 4}, device=device(type='cuda'), epoch=2, excel_path='d:\\cleaning_GUI_annotated_data\\tab_data_annotated_pats.xlsx', gamma=0.1, json='jsons/train_test_val_split_without_scar.json', lambda_percep=0.8, log_dir='logs/Resnet_pretraining', log_freq=5, lr=0.001, model_ch=[64, 128, 256, 512], model_path=None, save_bscans=tensor([36, 48, 60, 72]), save_dir='model_parameter_Resnet_pretraining', save_freq=5, save_recons=True, step_size=10)
2025-06-10 08:07:58 - INFO - parameters are being saved at :model_parameter_Resnet_pretraining\4
2025-06-10 08:07:58 - INFO - found 4 gpus!
2025-06-10 08:08:05 - ERROR - 

-- Process 1 terminated with the following error:
Traceback (most recent call last):
  File "C:\Users\AKS396\.conda\envs\amd\lib\site-packages\torch\multiprocessing\spawn.py", line 75, in _wrap
    fn(i, *args)
  File "D:\AMD-data-visualisation\pretraining_vision_distributed.py", line 46, in train
    setup(rank, world_size)
  File "D:\AMD-data-visualisation\pretraining_vision_distributed.py", line 30, in setup
    dist.init_process_group("nccl", rank=rank, world_size=world_size)
  File "C:\Users\AKS396\.conda\envs\amd\lib\site-packages\torch\distributed\c10d_logger.py", line 75, in wrapper
    return func(*args, **kwargs)
  File "C:\Users\AKS396\.conda\envs\amd\lib\site-packages\torch\distributed\c10d_logger.py", line 89, in wrapper
    func_return = func(*args, **kwargs)
  File "C:\Users\AKS396\.conda\envs\amd\lib\site-packages\torch\distributed\distributed_c10d.py", line 1312, in init_process_group
    default_pg, _ = _new_process_group_helper(
  File "C:\Users\AKS396\.conda\envs\amd\lib\site-packages\torch\distributed\distributed_c10d.py", line 1513, in _new_process_group_helper
    raise RuntimeError("Distributed package doesn't have NCCL built in")
RuntimeError: Distributed package doesn't have NCCL built in

