2025-04-01 16:19:40 - INFO - ------------------------------------------------------------------------------------------------
2025-04-01 16:19:40 - INFO - starting new training !!!!
2025-04-01 16:19:40 - INFO - ------------------------------------------------------------------------------------------------
2025-04-01 16:19:40 - INFO - Namespace(batch=4, device=device(type='cuda'), epoch=25, excel_path='d:\\cleaning_GUI_annotated_data\\tab_data_annotated_pats.xlsx', gamma=0.1, json='jsons/train_test_val_split_without_scar_with_both_res.json', log_dir='logs/Seq_Model', lr=0.0001, model_path=None, num_classes=5, save_dir='model_parameter_Seq_Model', save_freq=5, step_size=10, weight_matrix=tensor([0.1250, 0.1100, 0.0900, 0.1100, 1.0000]))
2025-04-01 16:19:40 - INFO - parameters are being saved at :model_parameter_Seq_Model\0
2025-04-01 16:19:41 - INFO - found 4 gpus!
2025-04-01 16:19:41 - INFO - DataParallel(
  (module): Seq_Model(
    (feature_extractor): Sequential(
      (0): Conv2d(1, 64, kernel_size=(7, 7), stride=(2, 2), padding=(3, 3))
      (1): BatchNorm2d(64, eps=1e-05, momentum=0.1, affine=True, track_running_stats=True)
      (2): ReLU(inplace=True)
      (3): MaxPool2d(kernel_size=3, stride=2, padding=1, dilation=1, ceil_mode=False)
      (4): Sequential(
        (0): BasicBlock(
          (conv1): Conv2d(64, 64, kernel_size=(3, 3), stride=(1, 1), padding=(1, 1), bias=False)
          (bn1): BatchNorm2d(64, eps=1e-05, momentum=0.1, affine=True, track_running_stats=True)
          (relu): ReLU(inplace=True)
          (conv2): Conv2d(64, 64, kernel_size=(3, 3), stride=(1, 1), padding=(1, 1), bias=False)
          (bn2): BatchNorm2d(64, eps=1e-05, momentum=0.1, affine=True, track_running_stats=True)
        )
        (1): BasicBlock(
          (conv1): Conv2d(64, 64, kernel_size=(3, 3), stride=(1, 1), padding=(1, 1), bias=False)
          (bn1): BatchNorm2d(64, eps=1e-05, momentum=0.1, affine=True, track_running_stats=True)
          (relu): ReLU(inplace=True)
          (conv2): Conv2d(64, 64, kernel_size=(3, 3), stride=(1, 1), padding=(1, 1), bias=False)
          (bn2): BatchNorm2d(64, eps=1e-05, momentum=0.1, affine=True, track_running_stats=True)
        )
      )
      (5): Sequential(
        (0): BasicBlock(
          (conv1): Conv2d(64, 128, kernel_size=(3, 3), stride=(2, 2), padding=(1, 1), bias=False)
          (bn1): BatchNorm2d(128, eps=1e-05, momentum=0.1, affine=True, track_running_stats=True)
          (relu): ReLU(inplace=True)
          (conv2): Conv2d(128, 128, kernel_size=(3, 3), stride=(1, 1), padding=(1, 1), bias=False)
          (bn2): BatchNorm2d(128, eps=1e-05, momentum=0.1, affine=True, track_running_stats=True)
          (downsample): Sequential(
            (0): Conv2d(64, 128, kernel_size=(1, 1), stride=(2, 2), bias=False)
            (1): BatchNorm2d(128, eps=1e-05, momentum=0.1, affine=True, track_running_stats=True)
          )
        )
        (1): BasicBlock(
          (conv1): Conv2d(128, 128, kernel_size=(3, 3), stride=(1, 1), padding=(1, 1), bias=False)
          (bn1): BatchNorm2d(128, eps=1e-05, momentum=0.1, affine=True, track_running_stats=True)
          (relu): ReLU(inplace=True)
          (conv2): Conv2d(128, 128, kernel_size=(3, 3), stride=(1, 1), padding=(1, 1), bias=False)
          (bn2): BatchNorm2d(128, eps=1e-05, momentum=0.1, affine=True, track_running_stats=True)
        )
      )
      (6): Sequential(
        (0): BasicBlock(
          (conv1): Conv2d(128, 256, kernel_size=(3, 3), stride=(2, 2), padding=(1, 1), bias=False)
          (bn1): BatchNorm2d(256, eps=1e-05, momentum=0.1, affine=True, track_running_stats=True)
          (relu): ReLU(inplace=True)
          (conv2): Conv2d(256, 256, kernel_size=(3, 3), stride=(1, 1), padding=(1, 1), bias=False)
          (bn2): BatchNorm2d(256, eps=1e-05, momentum=0.1, affine=True, track_running_stats=True)
          (downsample): Sequential(
            (0): Conv2d(128, 256, kernel_size=(1, 1), stride=(2, 2), bias=False)
            (1): BatchNorm2d(256, eps=1e-05, momentum=0.1, affine=True, track_running_stats=True)
          )
        )
        (1): BasicBlock(
          (conv1): Conv2d(256, 256, kernel_size=(3, 3), stride=(1, 1), padding=(1, 1), bias=False)
          (bn1): BatchNorm2d(256, eps=1e-05, momentum=0.1, affine=True, track_running_stats=True)
          (relu): ReLU(inplace=True)
          (conv2): Conv2d(256, 256, kernel_size=(3, 3), stride=(1, 1), padding=(1, 1), bias=False)
          (bn2): BatchNorm2d(256, eps=1e-05, momentum=0.1, affine=True, track_running_stats=True)
        )
      )
      (7): Sequential(
        (0): BasicBlock(
          (conv1): Conv2d(256, 512, kernel_size=(3, 3), stride=(2, 2), padding=(1, 1), bias=False)
          (bn1): BatchNorm2d(512, eps=1e-05, momentum=0.1, affine=True, track_running_stats=True)
          (relu): ReLU(inplace=True)
          (conv2): Conv2d(512, 512, kernel_size=(3, 3), stride=(1, 1), padding=(1, 1), bias=False)
          (bn2): BatchNorm2d(512, eps=1e-05, momentum=0.1, affine=True, track_running_stats=True)
          (downsample): Sequential(
            (0): Conv2d(256, 512, kernel_size=(1, 1), stride=(2, 2), bias=False)
            (1): BatchNorm2d(512, eps=1e-05, momentum=0.1, affine=True, track_running_stats=True)
          )
        )
        (1): BasicBlock(
          (conv1): Conv2d(512, 512, kernel_size=(3, 3), stride=(1, 1), padding=(1, 1), bias=False)
          (bn1): BatchNorm2d(512, eps=1e-05, momentum=0.1, affine=True, track_running_stats=True)
          (relu): ReLU(inplace=True)
          (conv2): Conv2d(512, 512, kernel_size=(3, 3), stride=(1, 1), padding=(1, 1), bias=False)
          (bn2): BatchNorm2d(512, eps=1e-05, momentum=0.1, affine=True, track_running_stats=True)
        )
      )
      (8): AdaptiveAvgPool2d(output_size=(1, 1))
    )
    (aggregation_head): TransformerEncoder(
      (layers): ModuleList(
        (0-3): 4 x TransformerEncoderLayer(
          (self_attn): MultiheadAttention(
            (out_proj): NonDynamicallyQuantizableLinear(in_features=512, out_features=512, bias=True)
          )
          (linear1): Linear(in_features=512, out_features=1024, bias=True)
          (dropout): Dropout(p=0.2, inplace=False)
          (linear2): Linear(in_features=1024, out_features=512, bias=True)
          (norm1): LayerNorm((512,), eps=1e-05, elementwise_affine=True)
          (norm2): LayerNorm((512,), eps=1e-05, elementwise_affine=True)
          (dropout1): Dropout(p=0.2, inplace=False)
          (dropout2): Dropout(p=0.2, inplace=False)
        )
      )
    )
    (classification_head): Linear(in_features=512, out_features=5, bias=True)
  )
)
2025-04-01 16:19:41 - INFO - fold number:0
2025-04-01 16:20:24 - INFO - epoch:0/25 iteration:0/193 batch loss is :1.7554
2025-04-01 16:20:30 - INFO - epoch:0/25 iteration:5/193 batch loss is :1.8331
2025-04-01 16:20:43 - INFO - epoch:0/25 iteration:10/193 batch loss is :1.3276
2025-04-01 16:20:54 - INFO - epoch:0/25 iteration:15/193 batch loss is :1.6708
2025-04-01 16:21:13 - INFO - epoch:0/25 iteration:20/193 batch loss is :1.3565
2025-04-01 16:21:23 - INFO - epoch:0/25 iteration:25/193 batch loss is :1.2518
2025-04-01 16:21:34 - INFO - epoch:0/25 iteration:30/193 batch loss is :2.1633
2025-04-01 16:21:45 - INFO - epoch:0/25 iteration:35/193 batch loss is :1.6630
2025-04-01 16:22:01 - INFO - epoch:0/25 iteration:40/193 batch loss is :1.6448
2025-04-01 16:22:13 - INFO - epoch:0/25 iteration:45/193 batch loss is :1.4739
2025-04-01 16:22:26 - INFO - epoch:0/25 iteration:50/193 batch loss is :2.2984
2025-04-01 16:22:36 - INFO - epoch:0/25 iteration:55/193 batch loss is :1.4371
2025-04-01 16:22:53 - INFO - epoch:0/25 iteration:60/193 batch loss is :1.6187
2025-04-01 16:23:02 - INFO - epoch:0/25 iteration:65/193 batch loss is :1.4431
2025-04-01 16:23:20 - INFO - epoch:0/25 iteration:70/193 batch loss is :1.4559
2025-04-01 16:23:28 - INFO - epoch:0/25 iteration:75/193 batch loss is :2.0673
2025-04-01 16:23:40 - INFO - epoch:0/25 iteration:80/193 batch loss is :1.4206
2025-04-01 16:23:54 - INFO - epoch:0/25 iteration:85/193 batch loss is :1.2378
2025-04-01 16:24:04 - INFO - epoch:0/25 iteration:90/193 batch loss is :1.2813
2025-04-01 16:24:19 - INFO - epoch:0/25 iteration:95/193 batch loss is :1.3794
2025-04-01 16:24:33 - INFO - epoch:0/25 iteration:100/193 batch loss is :2.1689
2025-04-01 16:24:45 - INFO - epoch:0/25 iteration:105/193 batch loss is :1.3872
2025-04-01 16:24:57 - INFO - epoch:0/25 iteration:110/193 batch loss is :1.7938
2025-04-01 16:25:12 - INFO - epoch:0/25 iteration:115/193 batch loss is :1.2562
2025-04-01 16:25:27 - INFO - epoch:0/25 iteration:120/193 batch loss is :1.4942
2025-04-01 16:25:37 - INFO - epoch:0/25 iteration:125/193 batch loss is :2.0739
2025-04-01 16:25:50 - INFO - epoch:0/25 iteration:130/193 batch loss is :1.2858
2025-04-01 16:26:01 - INFO - epoch:0/25 iteration:135/193 batch loss is :1.6278
2025-04-01 16:26:18 - INFO - epoch:0/25 iteration:140/193 batch loss is :1.3580
2025-04-01 16:26:31 - INFO - epoch:0/25 iteration:145/193 batch loss is :1.4788
2025-04-01 16:26:42 - INFO - epoch:0/25 iteration:150/193 batch loss is :1.7793
2025-04-01 16:26:51 - INFO - epoch:0/25 iteration:155/193 batch loss is :1.7572
2025-04-01 16:27:04 - INFO - epoch:0/25 iteration:160/193 batch loss is :1.4349
2025-04-01 16:27:20 - INFO - epoch:0/25 iteration:165/193 batch loss is :1.3768
2025-04-01 16:27:29 - INFO - epoch:0/25 iteration:170/193 batch loss is :1.4177
2025-04-01 16:27:49 - INFO - epoch:0/25 iteration:175/193 batch loss is :1.2656
2025-04-01 16:27:59 - INFO - epoch:0/25 iteration:180/193 batch loss is :2.0637
2025-04-01 16:28:08 - INFO - epoch:0/25 iteration:185/193 batch loss is :1.2945
2025-04-01 16:28:20 - INFO - epoch:0/25 iteration:190/193 batch loss is :1.0774
2025-04-01 16:28:29 - INFO - Epoch:0/25 Loss is :1.6743
2025-04-01 16:29:21 - ERROR - Caught RuntimeError in replica 1 on device 1.
Original Traceback (most recent call last):
  File "C:\Users\AKS396\.conda\envs\amd\lib\site-packages\torch\nn\parallel\parallel_apply.py", line 83, in _worker
    output = module(*input, **kwargs)
  File "C:\Users\AKS396\.conda\envs\amd\lib\site-packages\torch\nn\modules\module.py", line 1532, in _wrapped_call_impl
    return self._call_impl(*args, **kwargs)
  File "C:\Users\AKS396\.conda\envs\amd\lib\site-packages\torch\nn\modules\module.py", line 1541, in _call_impl
    return forward_call(*args, **kwargs)
  File "D:\AMD-data-visualisation\model\sequence_model.py", line 33, in forward
    output=self.aggregation_head(features,src_key_padding_mask=src_key_padding_mask)
  File "C:\Users\AKS396\.conda\envs\amd\lib\site-packages\torch\nn\modules\module.py", line 1532, in _wrapped_call_impl
    return self._call_impl(*args, **kwargs)
  File "C:\Users\AKS396\.conda\envs\amd\lib\site-packages\torch\nn\modules\module.py", line 1541, in _call_impl
    return forward_call(*args, **kwargs)
  File "C:\Users\AKS396\.conda\envs\amd\lib\site-packages\torch\nn\modules\transformer.py", line 418, in forward
    output = output.to_padded_tensor(0., src.size())
RuntimeError: to_padded_tensor: at least one constituent tensor should have non-zero numel

