2025-04-12 09:31:34 - INFO - ------------------------------------------------------------------------------------------------
2025-04-12 09:31:34 - INFO - starting new training !!!!
2025-04-12 09:31:34 - INFO - ------------------------------------------------------------------------------------------------
2025-04-12 09:31:34 - INFO - Namespace(batch=16, class_dict={'early': 0, 'inter': 1, 'ga': 2, 'wet': 3, 'notAMD': 4}, device=device(type='cuda'), epoch=25, excel_path='d:\\cleaning_GUI_annotated_data\\tab_data_annotated_pats.xlsx', gamma=0.1, json='jsons/train_test_val_split_without_scar.json', log_dir='logs/Resnet', lr=0.0001, model_path=None, num_classes=5, save_dir='model_parameter_Resnet', save_freq=5, step_size=10, weight_matrix=tensor([0.2500, 0.2500, 0.1250, 0.1600, 1.0000]))
2025-04-12 09:31:34 - INFO - parameters are being saved at :model_parameter_Resnet\2
2025-04-12 09:31:34 - INFO - found 4 gpus!
2025-04-12 09:31:34 - INFO - DataParallel(
  (module): Resnet18_3D(
    (conv1): Sequential(
      (0): Conv3d(1, 64, kernel_size=(7, 7, 7), stride=(2, 2, 2), padding=(3, 3, 3))
      (1): BatchNorm3d(64, eps=1e-05, momentum=0.1, affine=True, track_running_stats=True)
      (2): ReLU()
    )
    (maxpool): MaxPool3d(kernel_size=3, stride=2, padding=1, dilation=1, ceil_mode=False)
    (conv2): BasicConvBlock(
      (layers): Sequential(
        (0): Sequential(
          (0): Conv3d(64, 64, kernel_size=(3, 3, 3), stride=(1, 1, 1), padding=(1, 1, 1))
          (1): BatchNorm3d(64, eps=1e-05, momentum=0.1, affine=True, track_running_stats=True)
          (2): ReLU()
        )
        (1): Sequential(
          (0): Conv3d(64, 64, kernel_size=(3, 3, 3), stride=(1, 1, 1), padding=(1, 1, 1))
          (1): BatchNorm3d(64, eps=1e-05, momentum=0.1, affine=True, track_running_stats=True)
          (2): ReLU()
        )
        (2): Sequential(
          (0): Conv3d(64, 64, kernel_size=(3, 3, 3), stride=(1, 1, 1), padding=(1, 1, 1))
          (1): BatchNorm3d(64, eps=1e-05, momentum=0.1, affine=True, track_running_stats=True)
          (2): ReLU()
        )
        (3): Sequential(
          (0): Conv3d(64, 64, kernel_size=(3, 3, 3), stride=(1, 1, 1), padding=(1, 1, 1))
          (1): BatchNorm3d(64, eps=1e-05, momentum=0.1, affine=True, track_running_stats=True)
          (2): ReLU()
        )
      )
    )
    (conv3): BasicConvBlock(
      (conv1x1): Conv3d(64, 128, kernel_size=(1, 1, 1), stride=(2, 2, 2))
      (layers): Sequential(
        (0): Sequential(
          (0): Conv3d(64, 128, kernel_size=(3, 3, 3), stride=(2, 2, 2), padding=(1, 1, 1))
          (1): BatchNorm3d(128, eps=1e-05, momentum=0.1, affine=True, track_running_stats=True)
          (2): ReLU()
        )
        (1): Sequential(
          (0): Conv3d(128, 128, kernel_size=(3, 3, 3), stride=(1, 1, 1), padding=(1, 1, 1))
          (1): BatchNorm3d(128, eps=1e-05, momentum=0.1, affine=True, track_running_stats=True)
          (2): ReLU()
        )
        (2): Sequential(
          (0): Conv3d(128, 128, kernel_size=(3, 3, 3), stride=(1, 1, 1), padding=(1, 1, 1))
          (1): BatchNorm3d(128, eps=1e-05, momentum=0.1, affine=True, track_running_stats=True)
          (2): ReLU()
        )
        (3): Sequential(
          (0): Conv3d(128, 128, kernel_size=(3, 3, 3), stride=(1, 1, 1), padding=(1, 1, 1))
          (1): BatchNorm3d(128, eps=1e-05, momentum=0.1, affine=True, track_running_stats=True)
          (2): ReLU()
        )
      )
    )
    (conv4): BasicConvBlock(
      (conv1x1): Conv3d(128, 256, kernel_size=(1, 1, 1), stride=(2, 2, 2))
      (layers): Sequential(
        (0): Sequential(
          (0): Conv3d(128, 256, kernel_size=(3, 3, 3), stride=(2, 2, 2), padding=(1, 1, 1))
          (1): BatchNorm3d(256, eps=1e-05, momentum=0.1, affine=True, track_running_stats=True)
          (2): ReLU()
        )
        (1): Sequential(
          (0): Conv3d(256, 256, kernel_size=(3, 3, 3), stride=(1, 1, 1), padding=(1, 1, 1))
          (1): BatchNorm3d(256, eps=1e-05, momentum=0.1, affine=True, track_running_stats=True)
          (2): ReLU()
        )
        (2): Sequential(
          (0): Conv3d(256, 256, kernel_size=(3, 3, 3), stride=(1, 1, 1), padding=(1, 1, 1))
          (1): BatchNorm3d(256, eps=1e-05, momentum=0.1, affine=True, track_running_stats=True)
          (2): ReLU()
        )
        (3): Sequential(
          (0): Conv3d(256, 256, kernel_size=(3, 3, 3), stride=(1, 1, 1), padding=(1, 1, 1))
          (1): BatchNorm3d(256, eps=1e-05, momentum=0.1, affine=True, track_running_stats=True)
          (2): ReLU()
        )
      )
    )
    (conv5): BasicConvBlock(
      (conv1x1): Conv3d(256, 512, kernel_size=(1, 1, 1), stride=(2, 2, 2))
      (layers): Sequential(
        (0): Sequential(
          (0): Conv3d(256, 512, kernel_size=(3, 3, 3), stride=(2, 2, 2), padding=(1, 1, 1))
          (1): BatchNorm3d(512, eps=1e-05, momentum=0.1, affine=True, track_running_stats=True)
          (2): ReLU()
        )
        (1): Sequential(
          (0): Conv3d(512, 512, kernel_size=(3, 3, 3), stride=(1, 1, 1), padding=(1, 1, 1))
          (1): BatchNorm3d(512, eps=1e-05, momentum=0.1, affine=True, track_running_stats=True)
          (2): ReLU()
        )
        (2): Sequential(
          (0): Conv3d(512, 512, kernel_size=(3, 3, 3), stride=(1, 1, 1), padding=(1, 1, 1))
          (1): BatchNorm3d(512, eps=1e-05, momentum=0.1, affine=True, track_running_stats=True)
          (2): ReLU()
        )
        (3): Sequential(
          (0): Conv3d(512, 512, kernel_size=(3, 3, 3), stride=(1, 1, 1), padding=(1, 1, 1))
          (1): BatchNorm3d(512, eps=1e-05, momentum=0.1, affine=True, track_running_stats=True)
          (2): ReLU()
        )
      )
    )
    (avgPool): AdaptiveAvgPool3d(output_size=1)
    (linear): Linear(in_features=512, out_features=5, bias=True)
  )
)
2025-04-12 09:31:34 - INFO - fold number:0
2025-04-12 09:32:53 - INFO - epoch:0/25 iteration:0/30 batch loss is :1.5845
2025-04-12 09:33:00 - INFO - epoch:0/25 iteration:5/30 batch loss is :1.6488
2025-04-12 09:33:24 - INFO - epoch:0/25 iteration:10/30 batch loss is :1.7499
2025-04-12 09:33:29 - INFO - epoch:0/25 iteration:15/30 batch loss is :1.4650
2025-04-12 09:33:56 - INFO - epoch:0/25 iteration:20/30 batch loss is :1.5148
2025-04-12 09:34:15 - INFO - epoch:0/25 iteration:25/30 batch loss is :1.2599
2025-04-12 09:34:21 - INFO - Epoch:0/25 Loss is :1.5580
2025-04-12 09:35:39 - INFO - val accuarcy is : 0.1966
2025-04-12 09:35:39 - INFO - VAL loss :5.6717
2025-04-12 09:36:55 - INFO - epoch:1/25 iteration:0/30 batch loss is :1.6471
2025-04-12 09:37:00 - INFO - epoch:1/25 iteration:5/30 batch loss is :1.3470
2025-04-12 09:37:21 - INFO - epoch:1/25 iteration:10/30 batch loss is :1.5559
2025-04-12 09:37:26 - INFO - epoch:1/25 iteration:15/30 batch loss is :1.7002
2025-04-12 09:37:48 - INFO - epoch:1/25 iteration:20/30 batch loss is :0.8271
2025-04-12 09:38:04 - INFO - epoch:1/25 iteration:25/30 batch loss is :1.5697
2025-04-12 09:38:09 - INFO - Epoch:1/25 Loss is :1.4217
2025-04-12 09:39:24 - INFO - epoch:2/25 iteration:0/30 batch loss is :1.2911
2025-04-12 09:39:29 - INFO - epoch:2/25 iteration:5/30 batch loss is :1.4849
2025-04-12 09:39:50 - INFO - epoch:2/25 iteration:10/30 batch loss is :1.3339
2025-04-12 09:39:56 - INFO - epoch:2/25 iteration:15/30 batch loss is :1.3267
2025-04-12 09:40:17 - INFO - epoch:2/25 iteration:20/30 batch loss is :1.2259
2025-04-12 09:40:34 - INFO - epoch:2/25 iteration:25/30 batch loss is :1.1967
2025-04-12 09:40:38 - INFO - Epoch:2/25 Loss is :1.3173
2025-04-12 09:42:19 - INFO - epoch:3/25 iteration:0/30 batch loss is :1.1751
2025-04-12 09:42:24 - INFO - epoch:3/25 iteration:5/30 batch loss is :1.4365
2025-04-12 09:43:03 - INFO - epoch:3/25 iteration:10/30 batch loss is :1.3299
2025-04-12 09:43:08 - INFO - epoch:3/25 iteration:15/30 batch loss is :1.3978
2025-04-12 09:43:45 - INFO - epoch:3/25 iteration:20/30 batch loss is :1.3047
2025-04-12 09:44:20 - INFO - epoch:3/25 iteration:25/30 batch loss is :1.1834
2025-04-12 09:44:24 - INFO - Epoch:3/25 Loss is :1.3396
2025-04-12 09:45:39 - INFO - epoch:4/25 iteration:0/30 batch loss is :1.3114
2025-04-12 09:45:45 - INFO - epoch:4/25 iteration:5/30 batch loss is :1.4256
2025-04-12 09:46:06 - INFO - epoch:4/25 iteration:10/30 batch loss is :1.1627
2025-04-12 09:46:12 - INFO - epoch:4/25 iteration:15/30 batch loss is :1.1390
2025-04-12 09:46:32 - INFO - epoch:4/25 iteration:20/30 batch loss is :1.2274
2025-04-12 09:46:48 - INFO - epoch:4/25 iteration:25/30 batch loss is :1.2780
2025-04-12 09:46:53 - INFO - Epoch:4/25 Loss is :1.2368
2025-04-12 09:48:07 - INFO - epoch:5/25 iteration:0/30 batch loss is :0.9552
2025-04-12 09:48:13 - INFO - epoch:5/25 iteration:5/30 batch loss is :1.6160
2025-04-12 09:48:34 - INFO - epoch:5/25 iteration:10/30 batch loss is :1.2838
2025-04-12 09:48:40 - INFO - epoch:5/25 iteration:15/30 batch loss is :1.3476
2025-04-12 09:49:01 - INFO - epoch:5/25 iteration:20/30 batch loss is :1.3988
2025-04-12 09:49:17 - INFO - epoch:5/25 iteration:25/30 batch loss is :1.6755
2025-04-12 09:49:21 - INFO - Epoch:5/25 Loss is :1.2379
2025-04-12 09:50:57 - INFO - val accuarcy is : 0.1880
2025-04-12 09:50:57 - INFO - VAL loss :4.3332
2025-04-12 09:52:12 - INFO - epoch:6/25 iteration:0/30 batch loss is :1.0308
2025-04-12 09:52:17 - INFO - epoch:6/25 iteration:5/30 batch loss is :1.1639
2025-04-12 09:52:39 - INFO - epoch:6/25 iteration:10/30 batch loss is :1.1789
2025-04-12 09:52:44 - INFO - epoch:6/25 iteration:15/30 batch loss is :0.7975
2025-04-12 09:53:05 - INFO - epoch:6/25 iteration:20/30 batch loss is :0.9510
2025-04-12 09:53:21 - INFO - epoch:6/25 iteration:25/30 batch loss is :1.2165
2025-04-12 09:53:26 - INFO - Epoch:6/25 Loss is :1.1363
2025-04-12 09:54:41 - INFO - epoch:7/25 iteration:0/30 batch loss is :1.3236
2025-04-12 09:54:47 - INFO - epoch:7/25 iteration:5/30 batch loss is :1.1465
2025-04-12 09:55:09 - INFO - epoch:7/25 iteration:10/30 batch loss is :1.0836
2025-04-12 09:55:14 - INFO - epoch:7/25 iteration:15/30 batch loss is :1.3103
2025-04-12 09:55:36 - INFO - epoch:7/25 iteration:20/30 batch loss is :0.9250
2025-04-12 09:56:00 - INFO - epoch:7/25 iteration:25/30 batch loss is :1.1479
2025-04-12 09:56:04 - INFO - Epoch:7/25 Loss is :1.1146
2025-04-12 09:57:45 - INFO - epoch:8/25 iteration:0/30 batch loss is :1.1231
2025-04-12 09:57:50 - INFO - epoch:8/25 iteration:5/30 batch loss is :1.2160
2025-04-12 09:58:28 - INFO - epoch:8/25 iteration:10/30 batch loss is :0.8970
2025-04-12 09:58:33 - INFO - epoch:8/25 iteration:15/30 batch loss is :0.9393
2025-04-12 09:59:11 - INFO - epoch:8/25 iteration:20/30 batch loss is :1.2335
2025-04-12 09:59:44 - INFO - epoch:8/25 iteration:25/30 batch loss is :0.9454
2025-04-12 09:59:48 - INFO - Epoch:8/25 Loss is :0.9729
2025-04-12 10:01:03 - INFO - epoch:9/25 iteration:0/30 batch loss is :1.2787
2025-04-12 10:01:08 - INFO - epoch:9/25 iteration:5/30 batch loss is :0.5647
2025-04-12 10:01:30 - INFO - epoch:9/25 iteration:10/30 batch loss is :0.9744
2025-04-12 10:01:35 - INFO - epoch:9/25 iteration:15/30 batch loss is :0.9476
2025-04-12 10:01:56 - INFO - epoch:9/25 iteration:20/30 batch loss is :1.3131
2025-04-12 10:02:12 - INFO - epoch:9/25 iteration:25/30 batch loss is :1.0973
2025-04-12 10:02:17 - INFO - Epoch:9/25 Loss is :0.8966
2025-04-12 10:03:31 - INFO - epoch:10/25 iteration:0/30 batch loss is :0.8154
2025-04-12 10:03:37 - INFO - epoch:10/25 iteration:5/30 batch loss is :0.9351
2025-04-12 10:03:58 - INFO - epoch:10/25 iteration:10/30 batch loss is :0.8486
2025-04-12 10:04:04 - INFO - epoch:10/25 iteration:15/30 batch loss is :0.4786
2025-04-12 10:04:25 - INFO - epoch:10/25 iteration:20/30 batch loss is :1.0040
2025-04-12 10:04:41 - INFO - epoch:10/25 iteration:25/30 batch loss is :1.0806
2025-04-12 10:04:46 - INFO - Epoch:10/25 Loss is :0.8691
2025-04-12 10:06:21 - INFO - val accuarcy is : 0.1966
2025-04-12 10:06:21 - INFO - VAL loss :6.1261
2025-04-12 10:07:35 - INFO - epoch:11/25 iteration:0/30 batch loss is :0.6399
2025-04-12 10:07:41 - INFO - epoch:11/25 iteration:5/30 batch loss is :0.6709
2025-04-12 10:08:02 - INFO - epoch:11/25 iteration:10/30 batch loss is :0.9427
2025-04-12 10:08:08 - INFO - epoch:11/25 iteration:15/30 batch loss is :0.5398
2025-04-12 10:08:28 - INFO - epoch:11/25 iteration:20/30 batch loss is :0.8770
2025-04-12 10:08:45 - INFO - epoch:11/25 iteration:25/30 batch loss is :0.5865
2025-04-12 10:08:49 - INFO - Epoch:11/25 Loss is :0.8082
2025-04-12 10:10:03 - INFO - epoch:12/25 iteration:0/30 batch loss is :1.0436
2025-04-12 10:10:09 - INFO - epoch:12/25 iteration:5/30 batch loss is :0.6434
2025-04-12 10:10:30 - INFO - epoch:12/25 iteration:10/30 batch loss is :1.0014
2025-04-12 10:10:36 - INFO - epoch:12/25 iteration:15/30 batch loss is :0.5062
2025-04-12 10:10:59 - INFO - epoch:12/25 iteration:20/30 batch loss is :0.8038
2025-04-12 10:11:33 - INFO - epoch:12/25 iteration:25/30 batch loss is :0.5874
2025-04-12 10:11:38 - INFO - Epoch:12/25 Loss is :0.7564
2025-04-12 10:13:18 - INFO - epoch:13/25 iteration:0/30 batch loss is :1.2181
2025-04-12 10:13:23 - INFO - epoch:13/25 iteration:5/30 batch loss is :1.0626
2025-04-12 10:13:58 - INFO - epoch:13/25 iteration:10/30 batch loss is :0.8615
2025-04-12 10:14:04 - INFO - epoch:13/25 iteration:15/30 batch loss is :0.5117
2025-04-12 10:14:40 - INFO - epoch:13/25 iteration:20/30 batch loss is :0.6622
2025-04-12 10:15:09 - INFO - epoch:13/25 iteration:25/30 batch loss is :0.7558
2025-04-12 10:15:14 - INFO - Epoch:13/25 Loss is :0.7430
2025-04-12 10:16:27 - INFO - epoch:14/25 iteration:0/30 batch loss is :0.7163
2025-04-12 10:16:33 - INFO - epoch:14/25 iteration:5/30 batch loss is :0.5220
2025-04-12 10:16:54 - INFO - epoch:14/25 iteration:10/30 batch loss is :0.6447
2025-04-12 10:16:59 - INFO - epoch:14/25 iteration:15/30 batch loss is :0.5731
2025-04-12 10:17:20 - INFO - epoch:14/25 iteration:20/30 batch loss is :0.8883
2025-04-12 10:17:37 - INFO - epoch:14/25 iteration:25/30 batch loss is :0.4887
2025-04-12 10:17:41 - INFO - Epoch:14/25 Loss is :0.6690
2025-04-12 10:18:55 - INFO - epoch:15/25 iteration:0/30 batch loss is :0.5058
2025-04-12 10:19:00 - INFO - epoch:15/25 iteration:5/30 batch loss is :0.5686
2025-04-12 10:19:21 - INFO - epoch:15/25 iteration:10/30 batch loss is :0.6479
2025-04-12 10:19:27 - INFO - epoch:15/25 iteration:15/30 batch loss is :0.6213
2025-04-12 10:19:47 - INFO - epoch:15/25 iteration:20/30 batch loss is :0.5560
2025-04-12 10:20:04 - INFO - epoch:15/25 iteration:25/30 batch loss is :0.6008
2025-04-12 10:20:08 - INFO - Epoch:15/25 Loss is :0.6629
2025-04-12 10:21:43 - INFO - val accuarcy is : 0.1966
2025-04-12 10:21:43 - INFO - VAL loss :10.2388
2025-04-12 10:22:57 - INFO - epoch:16/25 iteration:0/30 batch loss is :0.7037
2025-04-12 10:23:02 - INFO - epoch:16/25 iteration:5/30 batch loss is :0.4796
2025-04-12 10:23:23 - INFO - epoch:16/25 iteration:10/30 batch loss is :0.4848
2025-04-12 10:23:29 - INFO - epoch:16/25 iteration:15/30 batch loss is :0.7709
2025-04-12 10:23:49 - INFO - epoch:16/25 iteration:20/30 batch loss is :0.6188
2025-04-12 10:24:06 - INFO - epoch:16/25 iteration:25/30 batch loss is :0.6561
2025-04-12 10:24:10 - INFO - Epoch:16/25 Loss is :0.6737
2025-04-12 10:25:24 - INFO - epoch:17/25 iteration:0/30 batch loss is :0.5534
2025-04-12 10:25:29 - INFO - epoch:17/25 iteration:5/30 batch loss is :0.4270
2025-04-12 10:25:51 - INFO - epoch:17/25 iteration:10/30 batch loss is :0.5392
2025-04-12 10:25:56 - INFO - epoch:17/25 iteration:15/30 batch loss is :0.9123
2025-04-12 10:26:28 - INFO - epoch:17/25 iteration:20/30 batch loss is :0.5012
2025-04-12 10:27:02 - INFO - epoch:17/25 iteration:25/30 batch loss is :0.5659
2025-04-12 10:27:07 - INFO - Epoch:17/25 Loss is :0.6362
2025-04-12 10:28:43 - INFO - epoch:18/25 iteration:0/30 batch loss is :0.4187
2025-04-12 10:28:49 - INFO - epoch:18/25 iteration:5/30 batch loss is :0.3445
2025-04-12 10:29:20 - INFO - epoch:18/25 iteration:10/30 batch loss is :0.5577
2025-04-12 10:29:26 - INFO - epoch:18/25 iteration:15/30 batch loss is :0.6846
2025-04-12 10:29:57 - INFO - epoch:18/25 iteration:20/30 batch loss is :0.7787
2025-04-12 10:30:21 - INFO - epoch:18/25 iteration:25/30 batch loss is :0.2354
2025-04-12 10:30:26 - INFO - Epoch:18/25 Loss is :0.5956
2025-04-12 10:31:39 - INFO - epoch:19/25 iteration:0/30 batch loss is :0.4711
2025-04-12 10:31:45 - INFO - epoch:19/25 iteration:5/30 batch loss is :0.4094
2025-04-12 10:32:06 - INFO - epoch:19/25 iteration:10/30 batch loss is :0.7699
2025-04-12 10:32:12 - INFO - epoch:19/25 iteration:15/30 batch loss is :0.4164
2025-04-12 10:32:32 - INFO - epoch:19/25 iteration:20/30 batch loss is :0.4485
2025-04-12 10:32:49 - INFO - epoch:19/25 iteration:25/30 batch loss is :0.7925
2025-04-12 10:32:54 - INFO - Epoch:19/25 Loss is :0.5832
2025-04-12 10:34:07 - INFO - epoch:20/25 iteration:0/30 batch loss is :0.8159
2025-04-12 10:34:13 - INFO - epoch:20/25 iteration:5/30 batch loss is :0.5450
2025-04-12 10:34:34 - INFO - epoch:20/25 iteration:10/30 batch loss is :0.2442
2025-04-12 10:34:39 - INFO - epoch:20/25 iteration:15/30 batch loss is :0.3979
2025-04-12 10:35:00 - INFO - epoch:20/25 iteration:20/30 batch loss is :0.9315
2025-04-12 10:35:16 - INFO - epoch:20/25 iteration:25/30 batch loss is :0.4237
2025-04-12 10:35:21 - INFO - Epoch:20/25 Loss is :0.5842
2025-04-12 10:36:55 - INFO - val accuarcy is : 0.1966
2025-04-12 10:36:55 - INFO - VAL loss :13.6901
2025-04-12 10:38:08 - INFO - epoch:21/25 iteration:0/30 batch loss is :0.3851
2025-04-12 10:38:14 - INFO - epoch:21/25 iteration:5/30 batch loss is :0.4295
2025-04-12 10:38:35 - INFO - epoch:21/25 iteration:10/30 batch loss is :0.7396
2025-04-12 10:38:40 - INFO - epoch:21/25 iteration:15/30 batch loss is :0.7959
2025-04-12 10:39:01 - INFO - epoch:21/25 iteration:20/30 batch loss is :0.6027
2025-04-12 10:39:17 - INFO - epoch:21/25 iteration:25/30 batch loss is :0.4875
2025-04-12 10:39:22 - INFO - Epoch:21/25 Loss is :0.5174
2025-04-12 10:40:35 - INFO - epoch:22/25 iteration:0/30 batch loss is :0.4173
2025-04-12 10:40:41 - INFO - epoch:22/25 iteration:5/30 batch loss is :0.4501
2025-04-12 10:41:02 - INFO - epoch:22/25 iteration:10/30 batch loss is :0.4630
2025-04-12 10:41:07 - INFO - epoch:22/25 iteration:15/30 batch loss is :0.6344
2025-04-12 10:41:28 - INFO - epoch:22/25 iteration:20/30 batch loss is :0.9423
2025-04-12 10:41:44 - INFO - epoch:22/25 iteration:25/30 batch loss is :0.5447
2025-04-12 10:41:49 - INFO - Epoch:22/25 Loss is :0.5146
2025-04-12 10:43:02 - INFO - epoch:23/25 iteration:0/30 batch loss is :0.3110
2025-04-12 10:43:08 - INFO - epoch:23/25 iteration:5/30 batch loss is :0.6997
2025-04-12 10:43:29 - INFO - epoch:23/25 iteration:10/30 batch loss is :0.4136
2025-04-12 10:43:35 - INFO - epoch:23/25 iteration:15/30 batch loss is :0.6240
2025-04-12 10:43:55 - INFO - epoch:23/25 iteration:20/30 batch loss is :0.3876
2025-04-12 10:44:12 - INFO - epoch:23/25 iteration:25/30 batch loss is :0.4791
2025-04-12 10:44:16 - INFO - Epoch:23/25 Loss is :0.4944
2025-04-12 10:45:29 - INFO - epoch:24/25 iteration:0/30 batch loss is :0.7069
2025-04-12 10:45:35 - INFO - epoch:24/25 iteration:5/30 batch loss is :0.3674
2025-04-12 10:45:56 - INFO - epoch:24/25 iteration:10/30 batch loss is :0.4319
2025-04-12 10:46:02 - INFO - epoch:24/25 iteration:15/30 batch loss is :0.6471
2025-04-12 10:46:22 - INFO - epoch:24/25 iteration:20/30 batch loss is :0.7659
2025-04-12 10:46:38 - INFO - epoch:24/25 iteration:25/30 batch loss is :0.2584
2025-04-12 10:46:43 - INFO - Epoch:24/25 Loss is :0.5143
2025-04-12 10:48:00 - INFO - val accuarcy is : 0.1966
2025-04-12 10:48:00 - INFO - VAL loss :15.0914
2025-04-12 10:48:00 - INFO - fold number:1
2025-04-12 10:49:13 - INFO - epoch:0/25 iteration:0/30 batch loss is :0.5980
2025-04-12 10:49:19 - INFO - epoch:0/25 iteration:5/30 batch loss is :0.6034
2025-04-12 10:49:40 - INFO - epoch:0/25 iteration:10/30 batch loss is :0.3660
2025-04-12 10:49:45 - INFO - epoch:0/25 iteration:15/30 batch loss is :0.6385
2025-04-12 10:50:06 - INFO - epoch:0/25 iteration:20/30 batch loss is :0.6078
2025-04-12 10:50:22 - INFO - epoch:0/25 iteration:25/30 batch loss is :0.7154
2025-04-12 10:50:27 - INFO - Epoch:0/25 Loss is :0.6247
2025-04-12 10:51:44 - INFO - val accuarcy is : 0.1795
2025-04-12 10:51:44 - INFO - VAL loss :15.9111
2025-04-12 10:52:58 - INFO - epoch:1/25 iteration:0/30 batch loss is :1.1485
2025-04-12 10:53:03 - INFO - epoch:1/25 iteration:5/30 batch loss is :1.0934
2025-04-12 10:53:24 - INFO - epoch:1/25 iteration:10/30 batch loss is :0.7278
2025-04-12 10:53:30 - INFO - epoch:1/25 iteration:15/30 batch loss is :0.7412
2025-04-12 10:53:51 - INFO - epoch:1/25 iteration:20/30 batch loss is :0.4484
2025-04-12 10:54:07 - INFO - epoch:1/25 iteration:25/30 batch loss is :0.1937
2025-04-12 10:54:11 - INFO - Epoch:1/25 Loss is :0.6114
2025-04-12 10:55:25 - INFO - epoch:2/25 iteration:0/30 batch loss is :0.3949
2025-04-12 10:55:30 - INFO - epoch:2/25 iteration:5/30 batch loss is :0.3859
2025-04-12 10:55:52 - INFO - epoch:2/25 iteration:10/30 batch loss is :0.5058
2025-04-12 10:55:57 - INFO - epoch:2/25 iteration:15/30 batch loss is :0.6307
2025-04-12 10:56:25 - INFO - epoch:2/25 iteration:20/30 batch loss is :0.4036
2025-04-12 10:57:00 - INFO - epoch:2/25 iteration:25/30 batch loss is :0.3017
2025-04-12 10:57:04 - INFO - Epoch:2/25 Loss is :0.6226
2025-04-12 10:58:42 - INFO - epoch:3/25 iteration:0/30 batch loss is :0.4371
2025-04-12 10:58:48 - INFO - epoch:3/25 iteration:5/30 batch loss is :0.9554
2025-04-12 10:59:23 - INFO - epoch:3/25 iteration:10/30 batch loss is :0.4810
2025-04-12 10:59:28 - INFO - epoch:3/25 iteration:15/30 batch loss is :0.4642
2025-04-12 11:00:03 - INFO - epoch:3/25 iteration:20/30 batch loss is :0.6299
2025-04-12 11:00:31 - INFO - epoch:3/25 iteration:25/30 batch loss is :0.3559
2025-04-12 11:00:35 - INFO - Epoch:3/25 Loss is :0.5709
2025-04-12 11:01:49 - INFO - epoch:4/25 iteration:0/30 batch loss is :0.7285
2025-04-12 11:01:54 - INFO - epoch:4/25 iteration:5/30 batch loss is :0.9539
2025-04-12 11:02:16 - INFO - epoch:4/25 iteration:10/30 batch loss is :0.3917
2025-04-12 11:02:21 - INFO - epoch:4/25 iteration:15/30 batch loss is :0.3392
2025-04-12 11:02:42 - INFO - epoch:4/25 iteration:20/30 batch loss is :0.3581
2025-04-12 11:02:59 - INFO - epoch:4/25 iteration:25/30 batch loss is :0.4333
2025-04-12 11:03:03 - INFO - Epoch:4/25 Loss is :0.6234
2025-04-12 11:04:16 - INFO - epoch:5/25 iteration:0/30 batch loss is :0.7796
2025-04-12 11:04:22 - INFO - epoch:5/25 iteration:5/30 batch loss is :0.3266
2025-04-12 11:04:44 - INFO - epoch:5/25 iteration:10/30 batch loss is :0.8692
2025-04-12 11:04:49 - INFO - epoch:5/25 iteration:15/30 batch loss is :0.3146
2025-04-12 11:05:10 - INFO - epoch:5/25 iteration:20/30 batch loss is :0.5543
2025-04-12 11:05:26 - INFO - epoch:5/25 iteration:25/30 batch loss is :0.6344
2025-04-12 11:05:31 - INFO - Epoch:5/25 Loss is :0.6012
2025-04-12 11:07:06 - INFO - val accuarcy is : 0.1795
2025-04-12 11:07:06 - INFO - VAL loss :16.1905
2025-04-12 11:08:20 - INFO - epoch:6/25 iteration:0/30 batch loss is :0.3968
2025-04-12 11:08:25 - INFO - epoch:6/25 iteration:5/30 batch loss is :0.4442
2025-04-12 11:08:46 - INFO - epoch:6/25 iteration:10/30 batch loss is :0.3261
2025-04-12 11:08:52 - INFO - epoch:6/25 iteration:15/30 batch loss is :0.6858
2025-04-12 11:09:13 - INFO - epoch:6/25 iteration:20/30 batch loss is :0.6362
2025-04-12 11:09:29 - INFO - epoch:6/25 iteration:25/30 batch loss is :0.7168
2025-04-12 11:09:34 - INFO - Epoch:6/25 Loss is :0.6167
2025-04-12 11:10:47 - INFO - epoch:7/25 iteration:0/30 batch loss is :0.3851
2025-04-12 11:10:53 - INFO - epoch:7/25 iteration:5/30 batch loss is :0.8039
2025-04-12 11:11:16 - INFO - epoch:7/25 iteration:10/30 batch loss is :0.6300
2025-04-12 11:11:21 - INFO - epoch:7/25 iteration:15/30 batch loss is :0.9528
2025-04-12 11:11:59 - INFO - epoch:7/25 iteration:20/30 batch loss is :0.3394
2025-04-12 11:12:34 - INFO - epoch:7/25 iteration:25/30 batch loss is :0.3130
2025-04-12 11:12:38 - INFO - Epoch:7/25 Loss is :0.5712
2025-04-12 11:14:07 - INFO - epoch:8/25 iteration:0/30 batch loss is :0.5086
2025-04-12 11:14:15 - INFO - epoch:8/25 iteration:5/30 batch loss is :0.4295
2025-04-12 11:14:46 - INFO - epoch:8/25 iteration:10/30 batch loss is :0.4594
2025-04-12 11:14:53 - INFO - epoch:8/25 iteration:15/30 batch loss is :0.7408
2025-04-12 11:15:22 - INFO - epoch:8/25 iteration:20/30 batch loss is :0.3062
2025-04-12 11:15:46 - INFO - epoch:8/25 iteration:25/30 batch loss is :0.7024
2025-04-12 11:15:51 - INFO - Epoch:8/25 Loss is :0.5568
2025-04-12 11:17:05 - INFO - epoch:9/25 iteration:0/30 batch loss is :0.7399
2025-04-12 11:17:11 - INFO - epoch:9/25 iteration:5/30 batch loss is :0.7880
2025-04-12 11:17:32 - INFO - epoch:9/25 iteration:10/30 batch loss is :0.2628
2025-04-12 11:17:38 - INFO - epoch:9/25 iteration:15/30 batch loss is :0.8297
2025-04-12 11:17:58 - INFO - epoch:9/25 iteration:20/30 batch loss is :0.4196
2025-04-12 11:18:15 - INFO - epoch:9/25 iteration:25/30 batch loss is :1.1841
2025-04-12 11:18:19 - INFO - Epoch:9/25 Loss is :0.5835
2025-04-12 11:19:33 - INFO - epoch:10/25 iteration:0/30 batch loss is :0.5256
2025-04-12 11:19:39 - INFO - epoch:10/25 iteration:5/30 batch loss is :0.4422
2025-04-12 11:20:01 - INFO - epoch:10/25 iteration:10/30 batch loss is :1.2739
2025-04-12 11:20:06 - INFO - epoch:10/25 iteration:15/30 batch loss is :0.4632
2025-04-12 11:20:27 - INFO - epoch:10/25 iteration:20/30 batch loss is :1.1011
2025-04-12 11:20:43 - INFO - epoch:10/25 iteration:25/30 batch loss is :1.1940
2025-04-12 11:20:48 - INFO - Epoch:10/25 Loss is :0.6462
2025-04-12 11:22:23 - INFO - val accuarcy is : 0.1880
2025-04-12 11:22:23 - INFO - VAL loss :15.6860
2025-04-12 11:23:37 - INFO - epoch:11/25 iteration:0/30 batch loss is :0.3677
2025-04-12 11:23:43 - INFO - epoch:11/25 iteration:5/30 batch loss is :0.7896
2025-04-12 11:24:04 - INFO - epoch:11/25 iteration:10/30 batch loss is :0.2850
2025-04-12 11:24:09 - INFO - epoch:11/25 iteration:15/30 batch loss is :0.6913
2025-04-12 11:24:30 - INFO - epoch:11/25 iteration:20/30 batch loss is :0.6701
2025-04-12 11:24:47 - INFO - epoch:11/25 iteration:25/30 batch loss is :0.4426
2025-04-12 11:24:52 - INFO - Epoch:11/25 Loss is :0.5543
2025-04-12 11:26:05 - INFO - epoch:12/25 iteration:0/30 batch loss is :0.8509
2025-04-12 11:26:11 - INFO - epoch:12/25 iteration:5/30 batch loss is :0.4767
2025-04-12 11:26:44 - INFO - epoch:12/25 iteration:10/30 batch loss is :0.7636
2025-04-12 11:26:49 - INFO - epoch:12/25 iteration:15/30 batch loss is :0.3849
2025-04-12 11:27:27 - INFO - epoch:12/25 iteration:20/30 batch loss is :0.5294
2025-04-12 11:28:01 - INFO - epoch:12/25 iteration:25/30 batch loss is :0.2552
2025-04-12 11:28:05 - INFO - Epoch:12/25 Loss is :0.6104
2025-04-12 11:29:33 - INFO - epoch:13/25 iteration:0/30 batch loss is :0.4171
2025-04-12 11:29:44 - INFO - epoch:13/25 iteration:5/30 batch loss is :0.5169
2025-04-12 11:30:14 - INFO - epoch:13/25 iteration:10/30 batch loss is :0.7648
2025-04-12 11:30:20 - INFO - epoch:13/25 iteration:15/30 batch loss is :0.9096
2025-04-12 11:30:45 - INFO - epoch:13/25 iteration:20/30 batch loss is :0.3419
2025-04-12 11:31:07 - INFO - epoch:13/25 iteration:25/30 batch loss is :0.3870
2025-04-12 11:31:12 - INFO - Epoch:13/25 Loss is :0.5637
2025-04-12 11:32:27 - INFO - epoch:14/25 iteration:0/30 batch loss is :0.5870
2025-04-12 11:32:33 - INFO - epoch:14/25 iteration:5/30 batch loss is :0.4566
2025-04-12 11:32:54 - INFO - epoch:14/25 iteration:10/30 batch loss is :0.4976
2025-04-12 11:33:00 - INFO - epoch:14/25 iteration:15/30 batch loss is :0.4840
2025-04-12 11:33:21 - INFO - epoch:14/25 iteration:20/30 batch loss is :0.5701
2025-04-12 11:33:37 - INFO - epoch:14/25 iteration:25/30 batch loss is :0.3946
2025-04-12 11:33:42 - INFO - Epoch:14/25 Loss is :0.5848
2025-04-12 11:34:57 - INFO - epoch:15/25 iteration:0/30 batch loss is :0.5911
2025-04-12 11:35:02 - INFO - epoch:15/25 iteration:5/30 batch loss is :0.6057
2025-04-12 11:35:24 - INFO - epoch:15/25 iteration:10/30 batch loss is :0.6657
2025-04-12 11:35:29 - INFO - epoch:15/25 iteration:15/30 batch loss is :0.6156
2025-04-12 11:35:50 - INFO - epoch:15/25 iteration:20/30 batch loss is :0.2974
2025-04-12 11:36:07 - INFO - epoch:15/25 iteration:25/30 batch loss is :0.3414
2025-04-12 11:36:11 - INFO - Epoch:15/25 Loss is :0.5873
2025-04-12 11:37:46 - INFO - val accuarcy is : 0.1795
2025-04-12 11:37:46 - INFO - VAL loss :15.5361
2025-04-12 11:39:00 - INFO - epoch:16/25 iteration:0/30 batch loss is :0.4761
2025-04-12 11:39:06 - INFO - epoch:16/25 iteration:5/30 batch loss is :0.4093
2025-04-12 11:39:27 - INFO - epoch:16/25 iteration:10/30 batch loss is :0.4672
2025-04-12 11:39:33 - INFO - epoch:16/25 iteration:15/30 batch loss is :0.4598
2025-04-12 11:39:53 - INFO - epoch:16/25 iteration:20/30 batch loss is :0.3564
2025-04-12 11:40:10 - INFO - epoch:16/25 iteration:25/30 batch loss is :0.4111
2025-04-12 11:40:15 - INFO - Epoch:16/25 Loss is :0.5517
2025-04-12 11:41:29 - INFO - epoch:17/25 iteration:0/30 batch loss is :0.5338
2025-04-12 11:41:35 - INFO - epoch:17/25 iteration:5/30 batch loss is :0.4560
2025-04-12 11:41:56 - INFO - epoch:17/25 iteration:10/30 batch loss is :0.6483
2025-04-12 11:42:02 - INFO - epoch:17/25 iteration:15/30 batch loss is :0.4529
2025-04-12 11:42:23 - INFO - epoch:17/25 iteration:20/30 batch loss is :0.7358
2025-04-12 11:42:40 - INFO - epoch:17/25 iteration:25/30 batch loss is :0.7136
2025-04-12 11:42:45 - INFO - Epoch:17/25 Loss is :0.5762
