2025-04-16 08:39:04 - INFO - ------------------------------------------------------------------------------------------------
2025-04-16 08:39:04 - INFO - starting new training !!!!
2025-04-16 08:39:04 - INFO - ------------------------------------------------------------------------------------------------
2025-04-16 08:39:04 - INFO - Namespace(batch=16, class_dict={'early': 0, 'inter': 1, 'ga': 2, 'wet': 3, 'notAMD': 4}, device=device(type='cuda'), epoch=50, excel_path='d:\\cleaning_GUI_annotated_data\\tab_data_annotated_pats.xlsx', gamma=0.1, json='jsons/train_test_val_split_without_scar.json', log_dir='logs/Resnet', lr=0.0001, model_path='model_parameter_Resnet\\13\\fold0_epoch24_val_0.2727_train_0.2727', num_classes=5, save_dir='model_parameter_Resnet', save_freq=2, step_size=10, weight_matrix=tensor([0.2500, 0.2500, 0.1250, 0.1600, 1.0000]))
2025-04-16 08:39:04 - INFO - parameters are being saved at :model_parameter_Resnet\14
2025-04-16 08:39:05 - INFO - found 4 gpus!
2025-04-16 08:39:05 - INFO - DataParallel(
  (module): Resnet18_3D(
    (conv1): Sequential(
      (0): Conv3d(1, 64, kernel_size=(7, 7, 7), stride=(2, 2, 2), padding=(3, 3, 3))
      (1): BatchNorm3d(64, eps=1e-05, momentum=0.1, affine=True, track_running_stats=True)
      (2): ReLU()
    )
    (maxpool): MaxPool3d(kernel_size=3, stride=2, padding=1, dilation=1, ceil_mode=False)
    (conv2): BasicConvBlock(
      (layers): Sequential(
        (0): Sequential(
          (0): Conv3d(64, 64, kernel_size=(3, 3, 3), stride=(1, 1, 1), padding=(1, 1, 1))
          (1): BatchNorm3d(64, eps=1e-05, momentum=0.1, affine=True, track_running_stats=True)
          (2): ReLU()
        )
        (1): Sequential(
          (0): Conv3d(64, 64, kernel_size=(3, 3, 3), stride=(1, 1, 1), padding=(1, 1, 1))
          (1): BatchNorm3d(64, eps=1e-05, momentum=0.1, affine=True, track_running_stats=True)
          (2): ReLU()
        )
        (2): Sequential(
          (0): Conv3d(64, 64, kernel_size=(3, 3, 3), stride=(1, 1, 1), padding=(1, 1, 1))
          (1): BatchNorm3d(64, eps=1e-05, momentum=0.1, affine=True, track_running_stats=True)
          (2): ReLU()
        )
        (3): Sequential(
          (0): Conv3d(64, 64, kernel_size=(3, 3, 3), stride=(1, 1, 1), padding=(1, 1, 1))
          (1): BatchNorm3d(64, eps=1e-05, momentum=0.1, affine=True, track_running_stats=True)
          (2): ReLU()
        )
      )
    )
    (conv3): BasicConvBlock(
      (conv1x1): Conv3d(64, 128, kernel_size=(1, 1, 1), stride=(2, 2, 2))
      (layers): Sequential(
        (0): Sequential(
          (0): Conv3d(64, 128, kernel_size=(3, 3, 3), stride=(2, 2, 2), padding=(1, 1, 1))
          (1): BatchNorm3d(128, eps=1e-05, momentum=0.1, affine=True, track_running_stats=True)
          (2): ReLU()
        )
        (1): Sequential(
          (0): Conv3d(128, 128, kernel_size=(3, 3, 3), stride=(1, 1, 1), padding=(1, 1, 1))
          (1): BatchNorm3d(128, eps=1e-05, momentum=0.1, affine=True, track_running_stats=True)
          (2): ReLU()
        )
        (2): Sequential(
          (0): Conv3d(128, 128, kernel_size=(3, 3, 3), stride=(1, 1, 1), padding=(1, 1, 1))
          (1): BatchNorm3d(128, eps=1e-05, momentum=0.1, affine=True, track_running_stats=True)
          (2): ReLU()
        )
        (3): Sequential(
          (0): Conv3d(128, 128, kernel_size=(3, 3, 3), stride=(1, 1, 1), padding=(1, 1, 1))
          (1): BatchNorm3d(128, eps=1e-05, momentum=0.1, affine=True, track_running_stats=True)
          (2): ReLU()
        )
      )
    )
    (conv4): BasicConvBlock(
      (conv1x1): Conv3d(128, 256, kernel_size=(1, 1, 1), stride=(2, 2, 2))
      (layers): Sequential(
        (0): Sequential(
          (0): Conv3d(128, 256, kernel_size=(3, 3, 3), stride=(2, 2, 2), padding=(1, 1, 1))
          (1): BatchNorm3d(256, eps=1e-05, momentum=0.1, affine=True, track_running_stats=True)
          (2): ReLU()
        )
        (1): Sequential(
          (0): Conv3d(256, 256, kernel_size=(3, 3, 3), stride=(1, 1, 1), padding=(1, 1, 1))
          (1): BatchNorm3d(256, eps=1e-05, momentum=0.1, affine=True, track_running_stats=True)
          (2): ReLU()
        )
        (2): Sequential(
          (0): Conv3d(256, 256, kernel_size=(3, 3, 3), stride=(1, 1, 1), padding=(1, 1, 1))
          (1): BatchNorm3d(256, eps=1e-05, momentum=0.1, affine=True, track_running_stats=True)
          (2): ReLU()
        )
        (3): Sequential(
          (0): Conv3d(256, 256, kernel_size=(3, 3, 3), stride=(1, 1, 1), padding=(1, 1, 1))
          (1): BatchNorm3d(256, eps=1e-05, momentum=0.1, affine=True, track_running_stats=True)
          (2): ReLU()
        )
      )
    )
    (conv5): BasicConvBlock(
      (conv1x1): Conv3d(256, 512, kernel_size=(1, 1, 1), stride=(2, 2, 2))
      (layers): Sequential(
        (0): Sequential(
          (0): Conv3d(256, 512, kernel_size=(3, 3, 3), stride=(2, 2, 2), padding=(1, 1, 1))
          (1): BatchNorm3d(512, eps=1e-05, momentum=0.1, affine=True, track_running_stats=True)
          (2): ReLU()
        )
        (1): Sequential(
          (0): Conv3d(512, 512, kernel_size=(3, 3, 3), stride=(1, 1, 1), padding=(1, 1, 1))
          (1): BatchNorm3d(512, eps=1e-05, momentum=0.1, affine=True, track_running_stats=True)
          (2): ReLU()
        )
        (2): Sequential(
          (0): Conv3d(512, 512, kernel_size=(3, 3, 3), stride=(1, 1, 1), padding=(1, 1, 1))
          (1): BatchNorm3d(512, eps=1e-05, momentum=0.1, affine=True, track_running_stats=True)
          (2): ReLU()
        )
        (3): Sequential(
          (0): Conv3d(512, 512, kernel_size=(3, 3, 3), stride=(1, 1, 1), padding=(1, 1, 1))
          (1): BatchNorm3d(512, eps=1e-05, momentum=0.1, affine=True, track_running_stats=True)
          (2): ReLU()
        )
      )
    )
    (avgPool): AdaptiveAvgPool3d(output_size=1)
    (linear): Linear(in_features=512, out_features=5, bias=True)
  )
)
2025-04-16 08:39:05 - INFO - loaded model parameters from model_parameter_Resnet\13\fold0_epoch24_val_0.2727_train_0.2727
2025-04-16 08:39:05 - INFO - fold number:0
2025-04-16 08:40:36 - INFO - epoch:25/50 iteration:0/19 batch loss is :0.6363
2025-04-16 08:40:36 - INFO - the acc is :0.8125
2025-04-16 08:40:42 - INFO - epoch:25/50 iteration:5/19 batch loss is :0.1712
2025-04-16 08:40:42 - INFO - the acc is :1.0
2025-04-16 08:41:18 - INFO - epoch:25/50 iteration:10/19 batch loss is :0.3744
2025-04-16 08:41:18 - INFO - the acc is :0.8125
2025-04-16 08:41:24 - INFO - epoch:25/50 iteration:15/19 batch loss is :0.5158
2025-04-16 08:41:24 - INFO - the acc is :0.625
2025-04-16 08:42:01 - INFO - epoch:25/50 iteration:20/19 batch loss is :0.3027
2025-04-16 08:42:01 - INFO - the acc is :0.9375
2025-04-16 08:42:38 - INFO - epoch:25/50 iteration:25/19 batch loss is :0.3229
2025-04-16 08:42:38 - INFO - the acc is :0.8125
2025-04-16 08:42:44 - INFO - epoch:25/50 iteration:30/19 batch loss is :0.3456
2025-04-16 08:42:44 - INFO - the acc is :0.8125
2025-04-16 08:43:16 - INFO - epoch:25/50 iteration:35/19 batch loss is :0.3114
2025-04-16 08:43:16 - INFO - the acc is :0.875
2025-04-16 08:43:19 - INFO - Epoch:25/50 Loss is :0.7930
2025-04-16 08:44:56 - INFO - epoch:26/50 iteration:0/19 batch loss is :0.3581
2025-04-16 08:44:56 - INFO - the acc is :1.0
2025-04-16 08:45:02 - INFO - epoch:26/50 iteration:5/19 batch loss is :0.2265
2025-04-16 08:45:02 - INFO - the acc is :0.9375
2025-04-16 08:45:34 - INFO - epoch:26/50 iteration:10/19 batch loss is :0.2279
2025-04-16 08:45:34 - INFO - the acc is :0.8125
2025-04-16 08:45:40 - INFO - epoch:26/50 iteration:15/19 batch loss is :0.2723
2025-04-16 08:45:40 - INFO - the acc is :0.9375
2025-04-16 08:46:09 - INFO - epoch:26/50 iteration:20/19 batch loss is :0.2455
2025-04-16 08:46:09 - INFO - the acc is :0.875
2025-04-16 08:46:43 - INFO - epoch:26/50 iteration:25/19 batch loss is :0.2841
2025-04-16 08:46:43 - INFO - the acc is :0.875
2025-04-16 08:46:49 - INFO - epoch:26/50 iteration:30/19 batch loss is :0.3795
2025-04-16 08:46:49 - INFO - the acc is :0.875
2025-04-16 08:47:14 - INFO - epoch:26/50 iteration:35/19 batch loss is :0.5286
2025-04-16 08:47:14 - INFO - the acc is :0.625
2025-04-16 08:47:17 - INFO - Epoch:26/50 Loss is :0.6930
2025-04-16 08:48:30 - INFO - epoch:27/50 iteration:0/19 batch loss is :0.3147
2025-04-16 08:48:30 - INFO - the acc is :0.9375
2025-04-16 08:48:36 - INFO - epoch:27/50 iteration:5/19 batch loss is :0.2528
2025-04-16 08:48:36 - INFO - the acc is :0.9375
2025-04-16 08:48:56 - INFO - epoch:27/50 iteration:10/19 batch loss is :0.1811
2025-04-16 08:48:56 - INFO - the acc is :0.9375
2025-04-16 08:49:03 - INFO - epoch:27/50 iteration:15/19 batch loss is :0.3361
2025-04-16 08:49:03 - INFO - the acc is :0.8125
2025-04-16 08:49:23 - INFO - epoch:27/50 iteration:20/19 batch loss is :0.3535
2025-04-16 08:49:23 - INFO - the acc is :0.9375
2025-04-16 08:49:42 - INFO - epoch:27/50 iteration:25/19 batch loss is :0.1816
2025-04-16 08:49:42 - INFO - the acc is :0.9375
2025-04-16 08:49:49 - INFO - epoch:27/50 iteration:30/19 batch loss is :0.4467
2025-04-16 08:49:49 - INFO - the acc is :0.8125
2025-04-16 08:50:03 - INFO - epoch:27/50 iteration:35/19 batch loss is :0.7047
2025-04-16 08:50:03 - INFO - the acc is :0.75
2025-04-16 08:50:06 - INFO - Epoch:27/50 Loss is :0.7507
2025-04-16 08:51:19 - INFO - epoch:28/50 iteration:0/19 batch loss is :0.5130
2025-04-16 08:51:19 - INFO - the acc is :0.8125
2025-04-16 08:51:26 - INFO - epoch:28/50 iteration:5/19 batch loss is :0.3959
2025-04-16 08:51:26 - INFO - the acc is :0.8125
2025-04-16 08:51:46 - INFO - epoch:28/50 iteration:10/19 batch loss is :0.1694
2025-04-16 08:51:46 - INFO - the acc is :0.9375
2025-04-16 08:51:53 - INFO - epoch:28/50 iteration:15/19 batch loss is :0.6182
2025-04-16 08:51:53 - INFO - the acc is :0.75
2025-04-16 08:52:13 - INFO - epoch:28/50 iteration:20/19 batch loss is :0.3562
2025-04-16 08:52:13 - INFO - the acc is :0.8125
2025-04-16 08:52:33 - INFO - epoch:28/50 iteration:25/19 batch loss is :0.4296
2025-04-16 08:52:33 - INFO - the acc is :0.8125
2025-04-16 08:52:39 - INFO - epoch:28/50 iteration:30/19 batch loss is :0.2478
2025-04-16 08:52:39 - INFO - the acc is :0.9375
2025-04-16 08:52:53 - INFO - epoch:28/50 iteration:35/19 batch loss is :0.2037
2025-04-16 08:52:53 - INFO - the acc is :1.0
2025-04-16 08:52:56 - INFO - Epoch:28/50 Loss is :0.6229
2025-04-16 08:54:10 - INFO - epoch:29/50 iteration:0/19 batch loss is :0.3202
2025-04-16 08:54:10 - INFO - the acc is :0.9375
2025-04-16 08:54:16 - INFO - epoch:29/50 iteration:5/19 batch loss is :0.1053
2025-04-16 08:54:16 - INFO - the acc is :1.0
2025-04-16 08:54:37 - INFO - epoch:29/50 iteration:10/19 batch loss is :0.1487
2025-04-16 08:54:37 - INFO - the acc is :1.0
2025-04-16 08:54:43 - INFO - epoch:29/50 iteration:15/19 batch loss is :0.3823
2025-04-16 08:54:43 - INFO - the acc is :0.875
2025-04-16 08:55:04 - INFO - epoch:29/50 iteration:20/19 batch loss is :0.0748
2025-04-16 08:55:04 - INFO - the acc is :1.0
2025-04-16 08:55:23 - INFO - epoch:29/50 iteration:25/19 batch loss is :0.0788
2025-04-16 08:55:23 - INFO - the acc is :1.0
2025-04-16 08:55:29 - INFO - epoch:29/50 iteration:30/19 batch loss is :0.3347
2025-04-16 08:55:29 - INFO - the acc is :0.875
2025-04-16 08:55:43 - INFO - epoch:29/50 iteration:35/19 batch loss is :0.2640
2025-04-16 08:55:43 - INFO - the acc is :0.9375
2025-04-16 08:55:46 - INFO - Epoch:29/50 Loss is :0.4006
2025-04-16 08:57:00 - INFO - epoch:30/50 iteration:0/19 batch loss is :0.1949
2025-04-16 08:57:00 - INFO - the acc is :0.9375
2025-04-16 08:57:06 - INFO - epoch:30/50 iteration:5/19 batch loss is :0.1153
2025-04-16 08:57:06 - INFO - the acc is :0.875
2025-04-16 08:57:32 - INFO - epoch:30/50 iteration:10/19 batch loss is :0.0995
2025-04-16 08:57:32 - INFO - the acc is :1.0
2025-04-16 08:57:38 - INFO - epoch:30/50 iteration:15/19 batch loss is :0.0589
2025-04-16 08:57:38 - INFO - the acc is :1.0
2025-04-16 08:58:15 - INFO - epoch:30/50 iteration:20/19 batch loss is :0.1502
2025-04-16 08:58:15 - INFO - the acc is :0.9375
2025-04-16 08:58:51 - INFO - epoch:30/50 iteration:25/19 batch loss is :0.1101
2025-04-16 08:58:51 - INFO - the acc is :1.0
2025-04-16 08:58:57 - INFO - epoch:30/50 iteration:30/19 batch loss is :0.0801
2025-04-16 08:58:57 - INFO - the acc is :1.0
2025-04-16 08:59:29 - INFO - epoch:30/50 iteration:35/19 batch loss is :0.1150
2025-04-16 08:59:29 - INFO - the acc is :1.0
2025-04-16 08:59:32 - INFO - Epoch:30/50 Loss is :0.3685
