2025-04-22 06:47:40 - INFO - ------------------------------------------------------------------------------------------------
2025-04-22 06:47:40 - INFO - starting new training !!!!
2025-04-22 06:47:40 - INFO - ------------------------------------------------------------------------------------------------
2025-04-22 06:47:40 - INFO - Namespace(batch=16, class_dict={'early': 0, 'inter': 1, 'ga': 2, 'wet': 3, 'notAMD': 4}, device=device(type='cuda'), epoch=25, excel_path='d:\\cleaning_GUI_annotated_data\\tab_data_annotated_pats.xlsx', gamma=0.1, json='jsons/train_test_val_split_without_scar_with_both_res.json', log_dir='logs/Resnet', lr=0.0001, model_path=None, num_classes=5, save_dir='model_parameter_Resnet', save_freq=5, step_size=10, weight_matrix=tensor([0.2500, 0.2500, 0.1250, 0.1600, 1.0000]))
2025-04-22 06:47:40 - INFO - parameters are being saved at :model_parameter_Resnet\65
2025-04-22 06:47:41 - INFO - found 4 gpus!
2025-04-22 06:47:41 - INFO - DataParallel(
  (module): Resnet18_3D(
    (conv1): Sequential(
      (0): Conv3d(1, 64, kernel_size=(7, 7, 7), stride=(2, 2, 2), padding=(3, 3, 3))
      (1): SyncBatchNorm(64, eps=1e-05, momentum=0.1, affine=True, track_running_stats=True)
      (2): ReLU()
    )
    (maxpool): MaxPool3d(kernel_size=3, stride=2, padding=1, dilation=1, ceil_mode=False)
    (conv2): BasicConvBlock(
      (layers): Sequential(
        (0): Sequential(
          (0): Conv3d(64, 64, kernel_size=(3, 3, 3), stride=(1, 1, 1), padding=(1, 1, 1))
          (1): SyncBatchNorm(64, eps=1e-05, momentum=0.1, affine=True, track_running_stats=True)
          (2): ReLU()
        )
        (1): Sequential(
          (0): Conv3d(64, 64, kernel_size=(3, 3, 3), stride=(1, 1, 1), padding=(1, 1, 1))
          (1): SyncBatchNorm(64, eps=1e-05, momentum=0.1, affine=True, track_running_stats=True)
          (2): ReLU()
        )
        (2): Sequential(
          (0): Conv3d(64, 64, kernel_size=(3, 3, 3), stride=(1, 1, 1), padding=(1, 1, 1))
          (1): SyncBatchNorm(64, eps=1e-05, momentum=0.1, affine=True, track_running_stats=True)
          (2): ReLU()
        )
        (3): Sequential(
          (0): Conv3d(64, 64, kernel_size=(3, 3, 3), stride=(1, 1, 1), padding=(1, 1, 1))
          (1): SyncBatchNorm(64, eps=1e-05, momentum=0.1, affine=True, track_running_stats=True)
          (2): ReLU()
        )
      )
    )
    (conv3): BasicConvBlock(
      (conv1x1): Conv3d(64, 128, kernel_size=(1, 1, 1), stride=(2, 2, 2))
      (layers): Sequential(
        (0): Sequential(
          (0): Conv3d(64, 128, kernel_size=(3, 3, 3), stride=(2, 2, 2), padding=(1, 1, 1))
          (1): SyncBatchNorm(128, eps=1e-05, momentum=0.1, affine=True, track_running_stats=True)
          (2): ReLU()
        )
        (1): Sequential(
          (0): Conv3d(128, 128, kernel_size=(3, 3, 3), stride=(1, 1, 1), padding=(1, 1, 1))
          (1): SyncBatchNorm(128, eps=1e-05, momentum=0.1, affine=True, track_running_stats=True)
          (2): ReLU()
        )
        (2): Sequential(
          (0): Conv3d(128, 128, kernel_size=(3, 3, 3), stride=(1, 1, 1), padding=(1, 1, 1))
          (1): SyncBatchNorm(128, eps=1e-05, momentum=0.1, affine=True, track_running_stats=True)
          (2): ReLU()
        )
        (3): Sequential(
          (0): Conv3d(128, 128, kernel_size=(3, 3, 3), stride=(1, 1, 1), padding=(1, 1, 1))
          (1): SyncBatchNorm(128, eps=1e-05, momentum=0.1, affine=True, track_running_stats=True)
          (2): ReLU()
        )
      )
    )
    (conv4): BasicConvBlock(
      (conv1x1): Conv3d(128, 256, kernel_size=(1, 1, 1), stride=(2, 2, 2))
      (layers): Sequential(
        (0): Sequential(
          (0): Conv3d(128, 256, kernel_size=(3, 3, 3), stride=(2, 2, 2), padding=(1, 1, 1))
          (1): SyncBatchNorm(256, eps=1e-05, momentum=0.1, affine=True, track_running_stats=True)
          (2): ReLU()
        )
        (1): Sequential(
          (0): Conv3d(256, 256, kernel_size=(3, 3, 3), stride=(1, 1, 1), padding=(1, 1, 1))
          (1): SyncBatchNorm(256, eps=1e-05, momentum=0.1, affine=True, track_running_stats=True)
          (2): ReLU()
        )
        (2): Sequential(
          (0): Conv3d(256, 256, kernel_size=(3, 3, 3), stride=(1, 1, 1), padding=(1, 1, 1))
          (1): SyncBatchNorm(256, eps=1e-05, momentum=0.1, affine=True, track_running_stats=True)
          (2): ReLU()
        )
        (3): Sequential(
          (0): Conv3d(256, 256, kernel_size=(3, 3, 3), stride=(1, 1, 1), padding=(1, 1, 1))
          (1): SyncBatchNorm(256, eps=1e-05, momentum=0.1, affine=True, track_running_stats=True)
          (2): ReLU()
        )
      )
    )
    (conv5): BasicConvBlock(
      (conv1x1): Conv3d(256, 512, kernel_size=(1, 1, 1), stride=(2, 2, 2))
      (layers): Sequential(
        (0): Sequential(
          (0): Conv3d(256, 512, kernel_size=(3, 3, 3), stride=(2, 2, 2), padding=(1, 1, 1))
          (1): SyncBatchNorm(512, eps=1e-05, momentum=0.1, affine=True, track_running_stats=True)
          (2): ReLU()
        )
        (1): Sequential(
          (0): Conv3d(512, 512, kernel_size=(3, 3, 3), stride=(1, 1, 1), padding=(1, 1, 1))
          (1): SyncBatchNorm(512, eps=1e-05, momentum=0.1, affine=True, track_running_stats=True)
          (2): ReLU()
        )
        (2): Sequential(
          (0): Conv3d(512, 512, kernel_size=(3, 3, 3), stride=(1, 1, 1), padding=(1, 1, 1))
          (1): SyncBatchNorm(512, eps=1e-05, momentum=0.1, affine=True, track_running_stats=True)
          (2): ReLU()
        )
        (3): Sequential(
          (0): Conv3d(512, 512, kernel_size=(3, 3, 3), stride=(1, 1, 1), padding=(1, 1, 1))
          (1): SyncBatchNorm(512, eps=1e-05, momentum=0.1, affine=True, track_running_stats=True)
          (2): ReLU()
        )
      )
    )
    (avgPool): AdaptiveAvgPool3d(output_size=1)
    (linear): Linear(in_features=512, out_features=5, bias=True)
  )
)
2025-04-22 06:47:41 - INFO - fold number:0
2025-04-22 06:50:00 - INFO - epoch:0/25 iteration:0/49 batch loss is :1.6537
2025-04-22 06:50:00 - INFO - the acc is :0.0
2025-04-22 06:50:11 - INFO - epoch:0/25 iteration:5/49 batch loss is :1.4380
2025-04-22 06:50:11 - INFO - the acc is :0.375
2025-04-22 06:50:23 - INFO - epoch:0/25 iteration:10/49 batch loss is :1.2856
2025-04-22 06:50:23 - INFO - the acc is :0.5625
2025-04-22 06:51:09 - INFO - epoch:0/25 iteration:15/49 batch loss is :1.6514
2025-04-22 06:51:09 - INFO - the acc is :0.375
2025-04-22 06:51:21 - INFO - epoch:0/25 iteration:20/49 batch loss is :1.4294
2025-04-22 06:51:21 - INFO - the acc is :0.4375
2025-04-22 06:52:07 - INFO - epoch:0/25 iteration:25/49 batch loss is :1.5074
2025-04-22 06:52:07 - INFO - the acc is :0.375
2025-04-22 06:52:19 - INFO - epoch:0/25 iteration:30/49 batch loss is :1.3054
2025-04-22 06:52:19 - INFO - the acc is :0.5
2025-04-22 06:52:30 - INFO - epoch:0/25 iteration:35/49 batch loss is :1.3048
2025-04-22 06:52:30 - INFO - the acc is :0.4375
2025-04-22 06:53:17 - INFO - epoch:0/25 iteration:40/49 batch loss is :1.2477
2025-04-22 06:53:17 - INFO - the acc is :0.1875
2025-04-22 06:53:27 - INFO - epoch:0/25 iteration:45/49 batch loss is :1.3903
2025-04-22 06:53:27 - INFO - the acc is :0.375
2025-04-22 06:53:35 - INFO - Epoch:0/25 Loss is :1.4381
2025-04-22 06:56:16 - INFO - val accuarcy is : 0.3527
2025-04-22 06:56:16 - INFO - VAL loss :1.7229
2025-04-22 06:58:25 - INFO - epoch:1/25 iteration:0/49 batch loss is :1.5387
2025-04-22 06:58:25 - INFO - the acc is :0.3125
2025-04-22 06:58:46 - INFO - epoch:1/25 iteration:5/49 batch loss is :1.2836
2025-04-22 06:58:46 - INFO - the acc is :0.5
2025-04-22 06:58:58 - INFO - epoch:1/25 iteration:10/49 batch loss is :1.4990
2025-04-22 06:58:58 - INFO - the acc is :0.3125
2025-04-22 06:59:40 - INFO - epoch:1/25 iteration:15/49 batch loss is :1.2362
2025-04-22 06:59:40 - INFO - the acc is :0.375
2025-04-22 06:59:52 - INFO - epoch:1/25 iteration:20/49 batch loss is :1.2235
2025-04-22 06:59:52 - INFO - the acc is :0.6875
2025-04-22 07:00:21 - INFO - epoch:1/25 iteration:25/49 batch loss is :1.3270
2025-04-22 07:00:21 - INFO - the acc is :0.375
2025-04-22 07:00:52 - INFO - epoch:1/25 iteration:30/49 batch loss is :1.0940
2025-04-22 07:00:52 - INFO - the acc is :0.625
2025-04-22 07:01:03 - INFO - epoch:1/25 iteration:35/49 batch loss is :1.2657
2025-04-22 07:01:03 - INFO - the acc is :0.5
2025-04-22 07:01:43 - INFO - epoch:1/25 iteration:40/49 batch loss is :1.4195
2025-04-22 07:01:43 - INFO - the acc is :0.4375
2025-04-22 07:01:53 - INFO - epoch:1/25 iteration:45/49 batch loss is :0.9880
2025-04-22 07:01:53 - INFO - the acc is :0.875
2025-04-22 07:02:00 - INFO - Epoch:1/25 Loss is :1.3174
2025-04-22 07:04:20 - INFO - epoch:2/25 iteration:0/49 batch loss is :1.2574
2025-04-22 07:04:20 - INFO - the acc is :0.625
2025-04-22 07:04:31 - INFO - epoch:2/25 iteration:5/49 batch loss is :1.1206
2025-04-22 07:04:31 - INFO - the acc is :0.4375
2025-04-22 07:04:42 - INFO - epoch:2/25 iteration:10/49 batch loss is :1.2061
2025-04-22 07:04:42 - INFO - the acc is :0.4375
2025-04-22 07:05:24 - INFO - epoch:2/25 iteration:15/49 batch loss is :1.4171
2025-04-22 07:05:24 - INFO - the acc is :0.4375
2025-04-22 07:05:36 - INFO - epoch:2/25 iteration:20/49 batch loss is :1.2848
2025-04-22 07:05:36 - INFO - the acc is :0.5
2025-04-22 07:06:10 - INFO - epoch:2/25 iteration:25/49 batch loss is :1.4158
2025-04-22 07:06:10 - INFO - the acc is :0.3125
2025-04-22 07:06:33 - INFO - epoch:2/25 iteration:30/49 batch loss is :0.9742
2025-04-22 07:06:33 - INFO - the acc is :0.625
2025-04-22 07:06:45 - INFO - epoch:2/25 iteration:35/49 batch loss is :1.1653
2025-04-22 07:06:45 - INFO - the acc is :0.5625
2025-04-22 07:07:15 - INFO - epoch:2/25 iteration:40/49 batch loss is :1.2098
2025-04-22 07:07:15 - INFO - the acc is :0.5625
2025-04-22 07:07:24 - INFO - epoch:2/25 iteration:45/49 batch loss is :1.1707
2025-04-22 07:07:24 - INFO - the acc is :0.6875
2025-04-22 07:07:31 - INFO - Epoch:2/25 Loss is :1.2632
2025-04-22 07:09:32 - INFO - epoch:3/25 iteration:0/49 batch loss is :1.4095
2025-04-22 07:09:32 - INFO - the acc is :0.5
2025-04-22 07:09:46 - INFO - epoch:3/25 iteration:5/49 batch loss is :1.2545
2025-04-22 07:09:46 - INFO - the acc is :0.3125
2025-04-22 07:10:01 - INFO - epoch:3/25 iteration:10/49 batch loss is :0.9677
2025-04-22 07:10:01 - INFO - the acc is :0.5625
2025-04-22 07:10:25 - INFO - epoch:3/25 iteration:15/49 batch loss is :1.2804
2025-04-22 07:10:25 - INFO - the acc is :0.5625
2025-04-22 07:10:37 - INFO - epoch:3/25 iteration:20/49 batch loss is :1.3122
2025-04-22 07:10:37 - INFO - the acc is :0.375
2025-04-22 07:11:06 - INFO - epoch:3/25 iteration:25/49 batch loss is :0.9514
2025-04-22 07:11:06 - INFO - the acc is :0.6875
2025-04-22 07:11:18 - INFO - epoch:3/25 iteration:30/49 batch loss is :0.8772
2025-04-22 07:11:18 - INFO - the acc is :0.75
2025-04-22 07:11:32 - INFO - epoch:3/25 iteration:35/49 batch loss is :1.1169
2025-04-22 07:11:32 - INFO - the acc is :0.625
2025-04-22 07:11:54 - INFO - epoch:3/25 iteration:40/49 batch loss is :1.3866
2025-04-22 07:11:54 - INFO - the acc is :0.625
2025-04-22 07:12:03 - INFO - epoch:3/25 iteration:45/49 batch loss is :1.0849
2025-04-22 07:12:03 - INFO - the acc is :0.5625
2025-04-22 07:12:10 - INFO - Epoch:3/25 Loss is :1.1770
2025-04-22 07:14:11 - INFO - epoch:4/25 iteration:0/49 batch loss is :1.1660
2025-04-22 07:14:11 - INFO - the acc is :0.5625
2025-04-22 07:14:25 - INFO - epoch:4/25 iteration:5/49 batch loss is :0.7526
2025-04-22 07:14:25 - INFO - the acc is :0.5625
2025-04-22 07:14:37 - INFO - epoch:4/25 iteration:10/49 batch loss is :0.9194
2025-04-22 07:14:37 - INFO - the acc is :0.6875
2025-04-22 07:15:13 - INFO - epoch:4/25 iteration:15/49 batch loss is :1.0197
2025-04-22 07:15:13 - INFO - the acc is :0.5625
2025-04-22 07:15:25 - INFO - epoch:4/25 iteration:20/49 batch loss is :1.3059
2025-04-22 07:15:25 - INFO - the acc is :0.3125
2025-04-22 07:16:12 - INFO - epoch:4/25 iteration:25/49 batch loss is :1.0456
2025-04-22 07:16:12 - INFO - the acc is :0.625
2025-04-22 07:16:23 - INFO - epoch:4/25 iteration:30/49 batch loss is :1.3075
2025-04-22 07:16:23 - INFO - the acc is :0.75
2025-04-22 07:16:34 - INFO - epoch:4/25 iteration:35/49 batch loss is :0.7964
2025-04-22 07:16:34 - INFO - the acc is :0.5625
2025-04-22 07:17:18 - INFO - epoch:4/25 iteration:40/49 batch loss is :0.9223
2025-04-22 07:17:18 - INFO - the acc is :0.5
2025-04-22 07:17:27 - INFO - epoch:4/25 iteration:45/49 batch loss is :1.3386
2025-04-22 07:17:27 - INFO - the acc is :0.4375
2025-04-22 07:17:35 - INFO - Epoch:4/25 Loss is :1.1142
2025-04-22 07:19:50 - INFO - epoch:5/25 iteration:0/49 batch loss is :0.9370
2025-04-22 07:19:50 - INFO - the acc is :0.5
2025-04-22 07:20:08 - INFO - epoch:5/25 iteration:5/49 batch loss is :1.0585
2025-04-22 07:20:08 - INFO - the acc is :0.375
2025-04-22 07:20:20 - INFO - epoch:5/25 iteration:10/49 batch loss is :1.1094
2025-04-22 07:20:20 - INFO - the acc is :0.5
2025-04-22 07:20:59 - INFO - epoch:5/25 iteration:15/49 batch loss is :0.9166
2025-04-22 07:20:59 - INFO - the acc is :0.5625
2025-04-22 07:21:11 - INFO - epoch:5/25 iteration:20/49 batch loss is :0.5594
2025-04-22 07:21:11 - INFO - the acc is :0.75
2025-04-22 07:21:50 - INFO - epoch:5/25 iteration:25/49 batch loss is :1.2996
2025-04-22 07:21:50 - INFO - the acc is :0.4375
2025-04-22 07:22:02 - INFO - epoch:5/25 iteration:30/49 batch loss is :0.6426
2025-04-22 07:22:02 - INFO - the acc is :0.625
2025-04-22 07:22:14 - INFO - epoch:5/25 iteration:35/49 batch loss is :1.1949
2025-04-22 07:22:14 - INFO - the acc is :0.375
2025-04-22 07:22:39 - INFO - epoch:5/25 iteration:40/49 batch loss is :1.1043
2025-04-22 07:22:39 - INFO - the acc is :0.5625
2025-04-22 07:22:48 - INFO - epoch:5/25 iteration:45/49 batch loss is :0.8570
2025-04-22 07:22:48 - INFO - the acc is :0.5
2025-04-22 07:22:56 - INFO - Epoch:5/25 Loss is :1.0698
2025-04-22 07:25:26 - INFO - val accuarcy is : 0.1763
2025-04-22 07:25:26 - INFO - VAL loss :24.8232
2025-04-22 07:27:26 - INFO - epoch:6/25 iteration:0/49 batch loss is :0.8169
2025-04-22 07:27:26 - INFO - the acc is :0.4375
2025-04-22 07:27:38 - INFO - epoch:6/25 iteration:5/49 batch loss is :1.1519
2025-04-22 07:27:38 - INFO - the acc is :0.5
2025-04-22 07:27:53 - INFO - epoch:6/25 iteration:10/49 batch loss is :1.0556
2025-04-22 07:27:53 - INFO - the acc is :0.5625
2025-04-22 07:28:15 - INFO - epoch:6/25 iteration:15/49 batch loss is :1.4903
2025-04-22 07:28:15 - INFO - the acc is :0.4375
2025-04-22 07:28:28 - INFO - epoch:6/25 iteration:20/49 batch loss is :0.9861
2025-04-22 07:28:28 - INFO - the acc is :0.6875
2025-04-22 07:28:57 - INFO - epoch:6/25 iteration:25/49 batch loss is :1.2133
2025-04-22 07:28:57 - INFO - the acc is :0.3125
2025-04-22 07:29:09 - INFO - epoch:6/25 iteration:30/49 batch loss is :1.4133
2025-04-22 07:29:09 - INFO - the acc is :0.4375
2025-04-22 07:29:22 - INFO - epoch:6/25 iteration:35/49 batch loss is :0.8982
2025-04-22 07:29:22 - INFO - the acc is :0.625
2025-04-22 07:29:50 - INFO - epoch:6/25 iteration:40/49 batch loss is :0.7045
2025-04-22 07:29:50 - INFO - the acc is :0.75
2025-04-22 07:29:59 - INFO - epoch:6/25 iteration:45/49 batch loss is :0.6162
2025-04-22 07:29:59 - INFO - the acc is :0.6875
2025-04-22 07:30:07 - INFO - Epoch:6/25 Loss is :1.0664
2025-04-22 07:32:32 - INFO - epoch:7/25 iteration:0/49 batch loss is :1.0093
2025-04-22 07:32:32 - INFO - the acc is :0.5625
2025-04-22 07:32:43 - INFO - epoch:7/25 iteration:5/49 batch loss is :1.1725
2025-04-22 07:32:43 - INFO - the acc is :0.5
2025-04-22 07:32:54 - INFO - epoch:7/25 iteration:10/49 batch loss is :0.9953
2025-04-22 07:32:54 - INFO - the acc is :0.625
2025-04-22 07:33:43 - INFO - epoch:7/25 iteration:15/49 batch loss is :1.2240
2025-04-22 07:33:43 - INFO - the acc is :0.4375
2025-04-22 07:33:54 - INFO - epoch:7/25 iteration:20/49 batch loss is :0.7699
2025-04-22 07:33:54 - INFO - the acc is :0.875
2025-04-22 07:34:39 - INFO - epoch:7/25 iteration:25/49 batch loss is :0.8464
2025-04-22 07:34:39 - INFO - the acc is :0.625
2025-04-22 07:34:51 - INFO - epoch:7/25 iteration:30/49 batch loss is :0.8309
2025-04-22 07:34:51 - INFO - the acc is :0.75
2025-04-22 07:35:02 - INFO - epoch:7/25 iteration:35/49 batch loss is :0.9830
2025-04-22 07:35:02 - INFO - the acc is :0.75
2025-04-22 07:35:42 - INFO - epoch:7/25 iteration:40/49 batch loss is :0.6473
2025-04-22 07:35:42 - INFO - the acc is :0.75
2025-04-22 07:35:52 - INFO - epoch:7/25 iteration:45/49 batch loss is :1.2004
2025-04-22 07:35:52 - INFO - the acc is :0.5625
2025-04-22 07:35:59 - INFO - Epoch:7/25 Loss is :1.0090
2025-04-22 07:38:00 - INFO - epoch:8/25 iteration:0/49 batch loss is :0.8585
2025-04-22 07:38:00 - INFO - the acc is :0.625
2025-04-22 07:38:12 - INFO - epoch:8/25 iteration:5/49 batch loss is :0.6635
2025-04-22 07:38:12 - INFO - the acc is :0.625
2025-04-22 07:38:25 - INFO - epoch:8/25 iteration:10/49 batch loss is :0.7704
2025-04-22 07:38:25 - INFO - the acc is :0.8125
2025-04-22 07:38:52 - INFO - epoch:8/25 iteration:15/49 batch loss is :0.7706
2025-04-22 07:38:52 - INFO - the acc is :0.75
2025-04-22 07:39:06 - INFO - epoch:8/25 iteration:20/49 batch loss is :0.6033
2025-04-22 07:39:06 - INFO - the acc is :0.6875
2025-04-22 07:39:32 - INFO - epoch:8/25 iteration:25/49 batch loss is :1.1486
2025-04-22 07:39:32 - INFO - the acc is :0.625
2025-04-22 07:39:46 - INFO - epoch:8/25 iteration:30/49 batch loss is :0.8005
2025-04-22 07:39:46 - INFO - the acc is :0.6875
2025-04-22 07:39:59 - INFO - epoch:8/25 iteration:35/49 batch loss is :0.9694
2025-04-22 07:39:59 - INFO - the acc is :0.5
2025-04-22 07:40:22 - INFO - epoch:8/25 iteration:40/49 batch loss is :0.9454
2025-04-22 07:40:22 - INFO - the acc is :0.5625
2025-04-22 07:40:31 - INFO - epoch:8/25 iteration:45/49 batch loss is :0.9846
2025-04-22 07:40:31 - INFO - the acc is :0.4375
2025-04-22 07:40:38 - INFO - Epoch:8/25 Loss is :0.9038
2025-04-22 07:42:39 - INFO - epoch:9/25 iteration:0/49 batch loss is :0.8011
2025-04-22 07:42:39 - INFO - the acc is :0.8125
2025-04-22 07:42:52 - INFO - epoch:9/25 iteration:5/49 batch loss is :0.9913
2025-04-22 07:42:52 - INFO - the acc is :0.5625
2025-04-22 07:43:05 - INFO - epoch:9/25 iteration:10/49 batch loss is :0.6660
2025-04-22 07:43:05 - INFO - the acc is :0.8125
2025-04-22 07:43:35 - INFO - epoch:9/25 iteration:15/49 batch loss is :0.9411
2025-04-22 07:43:35 - INFO - the acc is :0.625
2025-04-22 07:43:50 - INFO - epoch:9/25 iteration:20/49 batch loss is :1.0750
2025-04-22 07:43:50 - INFO - the acc is :0.5
2025-04-22 07:44:09 - INFO - epoch:9/25 iteration:25/49 batch loss is :0.7672
2025-04-22 07:44:09 - INFO - the acc is :0.625
2025-04-22 07:44:22 - INFO - epoch:9/25 iteration:30/49 batch loss is :1.1051
2025-04-22 07:44:22 - INFO - the acc is :0.5625
2025-04-22 07:44:35 - INFO - epoch:9/25 iteration:35/49 batch loss is :0.9573
2025-04-22 07:44:35 - INFO - the acc is :0.6875
2025-04-22 07:45:04 - INFO - epoch:9/25 iteration:40/49 batch loss is :0.6200
2025-04-22 07:45:04 - INFO - the acc is :0.75
2025-04-22 07:45:14 - INFO - epoch:9/25 iteration:45/49 batch loss is :0.6335
2025-04-22 07:45:14 - INFO - the acc is :0.75
2025-04-22 07:45:21 - INFO - Epoch:9/25 Loss is :0.8781
2025-04-22 07:47:46 - INFO - epoch:10/25 iteration:0/49 batch loss is :0.8712
2025-04-22 07:47:46 - INFO - the acc is :0.625
2025-04-22 07:47:57 - INFO - epoch:10/25 iteration:5/49 batch loss is :1.0066
2025-04-22 07:47:57 - INFO - the acc is :0.625
2025-04-22 07:48:08 - INFO - epoch:10/25 iteration:10/49 batch loss is :0.5338
2025-04-22 07:48:08 - INFO - the acc is :0.75
2025-04-22 07:48:54 - INFO - epoch:10/25 iteration:15/49 batch loss is :1.3595
2025-04-22 07:48:54 - INFO - the acc is :0.6875
2025-04-22 07:49:05 - INFO - epoch:10/25 iteration:20/49 batch loss is :0.4244
2025-04-22 07:49:05 - INFO - the acc is :0.8125
2025-04-22 07:49:51 - INFO - epoch:10/25 iteration:25/49 batch loss is :0.6269
2025-04-22 07:49:51 - INFO - the acc is :0.8125
2025-04-22 07:50:02 - INFO - epoch:10/25 iteration:30/49 batch loss is :0.6704
2025-04-22 07:50:02 - INFO - the acc is :0.8125
2025-04-22 07:50:13 - INFO - epoch:10/25 iteration:35/49 batch loss is :1.4006
2025-04-22 07:50:13 - INFO - the acc is :0.4375
2025-04-22 07:50:57 - INFO - epoch:10/25 iteration:40/49 batch loss is :0.7452
2025-04-22 07:50:57 - INFO - the acc is :0.6875
2025-04-22 07:51:06 - INFO - epoch:10/25 iteration:45/49 batch loss is :0.9346
2025-04-22 07:51:06 - INFO - the acc is :0.625
2025-04-22 07:51:13 - INFO - Epoch:10/25 Loss is :0.7883
2025-04-22 07:53:42 - INFO - val accuarcy is : 0.0519
2025-04-22 07:53:42 - INFO - VAL loss :6.5029
2025-04-22 07:55:42 - INFO - epoch:11/25 iteration:0/49 batch loss is :0.7303
2025-04-22 07:55:42 - INFO - the acc is :0.75
2025-04-22 07:55:54 - INFO - epoch:11/25 iteration:5/49 batch loss is :0.6057
2025-04-22 07:55:54 - INFO - the acc is :0.5625
2025-04-22 07:56:07 - INFO - epoch:11/25 iteration:10/49 batch loss is :0.6078
2025-04-22 07:56:07 - INFO - the acc is :0.875
2025-04-22 07:56:35 - INFO - epoch:11/25 iteration:15/49 batch loss is :0.4959
2025-04-22 07:56:35 - INFO - the acc is :0.75
2025-04-22 07:56:48 - INFO - epoch:11/25 iteration:20/49 batch loss is :0.5350
2025-04-22 07:56:48 - INFO - the acc is :0.75
2025-04-22 07:57:17 - INFO - epoch:11/25 iteration:25/49 batch loss is :0.4892
2025-04-22 07:57:17 - INFO - the acc is :0.8125
2025-04-22 07:57:30 - INFO - epoch:11/25 iteration:30/49 batch loss is :0.5760
2025-04-22 07:57:30 - INFO - the acc is :0.6875
2025-04-22 07:57:41 - INFO - epoch:11/25 iteration:35/49 batch loss is :0.6252
2025-04-22 07:57:41 - INFO - the acc is :0.6875
2025-04-22 07:58:07 - INFO - epoch:11/25 iteration:40/49 batch loss is :0.5901
2025-04-22 07:58:07 - INFO - the acc is :0.6875
2025-04-22 07:58:17 - INFO - epoch:11/25 iteration:45/49 batch loss is :0.5933
2025-04-22 07:58:17 - INFO - the acc is :0.75
2025-04-22 07:58:24 - INFO - Epoch:11/25 Loss is :0.7022
2025-04-22 08:00:39 - INFO - epoch:12/25 iteration:0/49 batch loss is :0.9461
2025-04-22 08:00:39 - INFO - the acc is :0.5625
2025-04-22 08:00:50 - INFO - epoch:12/25 iteration:5/49 batch loss is :0.7154
2025-04-22 08:00:50 - INFO - the acc is :0.75
2025-04-22 08:01:01 - INFO - epoch:12/25 iteration:10/49 batch loss is :0.7122
2025-04-22 08:01:01 - INFO - the acc is :0.6875
2025-04-22 08:01:48 - INFO - epoch:12/25 iteration:15/49 batch loss is :0.5474
2025-04-22 08:01:48 - INFO - the acc is :0.8125
2025-04-22 08:01:59 - INFO - epoch:12/25 iteration:20/49 batch loss is :0.6112
2025-04-22 08:01:59 - INFO - the acc is :0.75
2025-04-22 08:02:47 - INFO - epoch:12/25 iteration:25/49 batch loss is :0.7225
2025-04-22 08:02:47 - INFO - the acc is :0.625
2025-04-22 08:02:58 - INFO - epoch:12/25 iteration:30/49 batch loss is :0.7452
2025-04-22 08:02:58 - INFO - the acc is :0.8125
2025-04-22 08:03:09 - INFO - epoch:12/25 iteration:35/49 batch loss is :0.8468
2025-04-22 08:03:09 - INFO - the acc is :0.6875
2025-04-22 08:03:53 - INFO - epoch:12/25 iteration:40/49 batch loss is :0.7101
2025-04-22 08:03:53 - INFO - the acc is :0.75
2025-04-22 08:04:03 - INFO - epoch:12/25 iteration:45/49 batch loss is :0.4782
2025-04-22 08:04:03 - INFO - the acc is :0.875
2025-04-22 08:04:10 - INFO - Epoch:12/25 Loss is :0.7007
2025-04-22 08:06:23 - INFO - epoch:13/25 iteration:0/49 batch loss is :1.0126
2025-04-22 08:06:23 - INFO - the acc is :0.625
2025-04-22 08:06:35 - INFO - epoch:13/25 iteration:5/49 batch loss is :0.5603
2025-04-22 08:06:35 - INFO - the acc is :0.75
2025-04-22 08:06:48 - INFO - epoch:13/25 iteration:10/49 batch loss is :0.4415
2025-04-22 08:06:48 - INFO - the acc is :0.8125
2025-04-22 08:07:15 - INFO - epoch:13/25 iteration:15/49 batch loss is :0.8070
2025-04-22 08:07:15 - INFO - the acc is :0.5
2025-04-22 08:07:28 - INFO - epoch:13/25 iteration:20/49 batch loss is :0.9209
2025-04-22 08:07:28 - INFO - the acc is :0.5
2025-04-22 08:08:03 - INFO - epoch:13/25 iteration:25/49 batch loss is :0.5870
2025-04-22 08:08:03 - INFO - the acc is :0.9375
2025-04-22 08:08:16 - INFO - epoch:13/25 iteration:30/49 batch loss is :0.4876
2025-04-22 08:08:16 - INFO - the acc is :0.8125
2025-04-22 08:08:29 - INFO - epoch:13/25 iteration:35/49 batch loss is :0.5303
2025-04-22 08:08:29 - INFO - the acc is :0.6875
2025-04-22 08:08:49 - INFO - epoch:13/25 iteration:40/49 batch loss is :0.7572
2025-04-22 08:08:49 - INFO - the acc is :0.625
2025-04-22 08:08:59 - INFO - epoch:13/25 iteration:45/49 batch loss is :0.5091
2025-04-22 08:08:59 - INFO - the acc is :0.9375
2025-04-22 08:09:06 - INFO - Epoch:13/25 Loss is :0.6365
2025-04-22 08:11:03 - INFO - epoch:14/25 iteration:0/49 batch loss is :0.6444
2025-04-22 08:11:03 - INFO - the acc is :0.6875
2025-04-22 08:11:16 - INFO - epoch:14/25 iteration:5/49 batch loss is :0.8944
2025-04-22 08:11:16 - INFO - the acc is :0.75
2025-04-22 08:11:29 - INFO - epoch:14/25 iteration:10/49 batch loss is :0.5419
2025-04-22 08:11:29 - INFO - the acc is :0.875
2025-04-22 08:11:56 - INFO - epoch:14/25 iteration:15/49 batch loss is :0.7437
2025-04-22 08:11:56 - INFO - the acc is :0.75
2025-04-22 08:12:09 - INFO - epoch:14/25 iteration:20/49 batch loss is :0.5017
2025-04-22 08:12:09 - INFO - the acc is :0.75
2025-04-22 08:12:36 - INFO - epoch:14/25 iteration:25/49 batch loss is :0.5295
2025-04-22 08:12:36 - INFO - the acc is :0.9375
2025-04-22 08:12:50 - INFO - epoch:14/25 iteration:30/49 batch loss is :0.3553
2025-04-22 08:12:50 - INFO - the acc is :1.0
2025-04-22 08:13:04 - INFO - epoch:14/25 iteration:35/49 batch loss is :0.7939
2025-04-22 08:13:04 - INFO - the acc is :0.625
2025-04-22 08:13:25 - INFO - epoch:14/25 iteration:40/49 batch loss is :0.5571
2025-04-22 08:13:25 - INFO - the acc is :0.8125
2025-04-22 08:13:34 - INFO - epoch:14/25 iteration:45/49 batch loss is :0.5841
2025-04-22 08:13:34 - INFO - the acc is :0.75
2025-04-22 08:13:42 - INFO - Epoch:14/25 Loss is :0.7162
2025-04-22 08:16:09 - INFO - epoch:15/25 iteration:0/49 batch loss is :0.7725
2025-04-22 08:16:09 - INFO - the acc is :0.6875
2025-04-22 08:16:20 - INFO - epoch:15/25 iteration:5/49 batch loss is :0.7097
2025-04-22 08:16:20 - INFO - the acc is :0.75
2025-04-22 08:16:31 - INFO - epoch:15/25 iteration:10/49 batch loss is :0.7666
2025-04-22 08:16:31 - INFO - the acc is :0.6875
2025-04-22 08:17:19 - INFO - epoch:15/25 iteration:15/49 batch loss is :0.6381
2025-04-22 08:17:19 - INFO - the acc is :0.625
2025-04-22 08:17:31 - INFO - epoch:15/25 iteration:20/49 batch loss is :0.5247
2025-04-22 08:17:31 - INFO - the acc is :0.9375
2025-04-22 08:18:17 - INFO - epoch:15/25 iteration:25/49 batch loss is :0.5390
2025-04-22 08:18:17 - INFO - the acc is :0.875
2025-04-22 08:18:29 - INFO - epoch:15/25 iteration:30/49 batch loss is :0.7701
2025-04-22 08:18:29 - INFO - the acc is :0.75
2025-04-22 08:18:40 - INFO - epoch:15/25 iteration:35/49 batch loss is :0.6943
2025-04-22 08:18:40 - INFO - the acc is :0.75
2025-04-22 08:19:25 - INFO - epoch:15/25 iteration:40/49 batch loss is :0.4110
2025-04-22 08:19:25 - INFO - the acc is :0.875
2025-04-22 08:19:34 - INFO - epoch:15/25 iteration:45/49 batch loss is :0.6824
2025-04-22 08:19:34 - INFO - the acc is :0.75
2025-04-22 08:19:42 - INFO - Epoch:15/25 Loss is :0.6331
2025-04-22 08:22:10 - INFO - val accuarcy is : 0.1141
2025-04-22 08:22:10 - INFO - VAL loss :6.2899
2025-04-22 08:24:12 - INFO - epoch:16/25 iteration:0/49 batch loss is :0.6378
2025-04-22 08:24:12 - INFO - the acc is :0.6875
2025-04-22 08:24:24 - INFO - epoch:16/25 iteration:5/49 batch loss is :0.5701
2025-04-22 08:24:24 - INFO - the acc is :0.8125
2025-04-22 08:24:37 - INFO - epoch:16/25 iteration:10/49 batch loss is :0.3403
2025-04-22 08:24:37 - INFO - the acc is :0.9375
2025-04-22 08:25:05 - INFO - epoch:16/25 iteration:15/49 batch loss is :0.3561
2025-04-22 08:25:05 - INFO - the acc is :0.75
2025-04-22 08:25:18 - INFO - epoch:16/25 iteration:20/49 batch loss is :0.5855
2025-04-22 08:25:18 - INFO - the acc is :0.625
2025-04-22 08:25:47 - INFO - epoch:16/25 iteration:25/49 batch loss is :0.3343
2025-04-22 08:25:47 - INFO - the acc is :1.0
2025-04-22 08:26:00 - INFO - epoch:16/25 iteration:30/49 batch loss is :0.5345
2025-04-22 08:26:00 - INFO - the acc is :0.75
2025-04-22 08:26:12 - INFO - epoch:16/25 iteration:35/49 batch loss is :0.4260
2025-04-22 08:26:12 - INFO - the acc is :0.75
2025-04-22 08:26:37 - INFO - epoch:16/25 iteration:40/49 batch loss is :0.6077
2025-04-22 08:26:37 - INFO - the acc is :0.8125
2025-04-22 08:26:47 - INFO - epoch:16/25 iteration:45/49 batch loss is :0.8780
2025-04-22 08:26:47 - INFO - the acc is :0.5625
2025-04-22 08:26:54 - INFO - Epoch:16/25 Loss is :0.5931
2025-04-22 08:28:54 - INFO - epoch:17/25 iteration:0/49 batch loss is :0.7822
2025-04-22 08:28:54 - INFO - the acc is :0.875
2025-04-22 08:29:06 - INFO - epoch:17/25 iteration:5/49 batch loss is :0.4299
2025-04-22 08:29:06 - INFO - the acc is :0.8125
2025-04-22 08:29:20 - INFO - epoch:17/25 iteration:10/49 batch loss is :0.3245
2025-04-22 08:29:20 - INFO - the acc is :0.8125
2025-04-22 08:29:46 - INFO - epoch:17/25 iteration:15/49 batch loss is :0.4685
2025-04-22 08:29:46 - INFO - the acc is :0.6875
2025-04-22 08:29:58 - INFO - epoch:17/25 iteration:20/49 batch loss is :1.1790
2025-04-22 08:29:58 - INFO - the acc is :0.5625
2025-04-22 08:30:35 - INFO - epoch:17/25 iteration:25/49 batch loss is :0.9821
2025-04-22 08:30:35 - INFO - the acc is :0.5625
2025-04-22 08:30:46 - INFO - epoch:17/25 iteration:30/49 batch loss is :0.8362
2025-04-22 08:30:46 - INFO - the acc is :0.5
2025-04-22 08:30:57 - INFO - epoch:17/25 iteration:35/49 batch loss is :0.4329
2025-04-22 08:30:57 - INFO - the acc is :0.9375
2025-04-22 08:31:41 - INFO - epoch:17/25 iteration:40/49 batch loss is :0.5297
2025-04-22 08:31:41 - INFO - the acc is :0.875
2025-04-22 08:31:51 - INFO - epoch:17/25 iteration:45/49 batch loss is :0.4988
2025-04-22 08:31:51 - INFO - the acc is :0.6875
2025-04-22 08:31:58 - INFO - Epoch:17/25 Loss is :0.6186
2025-04-22 08:34:20 - INFO - epoch:18/25 iteration:0/49 batch loss is :0.2506
2025-04-22 08:34:20 - INFO - the acc is :1.0
2025-04-22 08:34:32 - INFO - epoch:18/25 iteration:5/49 batch loss is :0.6924
2025-04-22 08:34:32 - INFO - the acc is :0.625
2025-04-22 08:34:43 - INFO - epoch:18/25 iteration:10/49 batch loss is :0.5625
2025-04-22 08:34:43 - INFO - the acc is :0.8125
2025-04-22 08:35:21 - INFO - epoch:18/25 iteration:15/49 batch loss is :0.5504
2025-04-22 08:35:21 - INFO - the acc is :0.8125
2025-04-22 08:35:33 - INFO - epoch:18/25 iteration:20/49 batch loss is :0.5250
2025-04-22 08:35:33 - INFO - the acc is :0.8125
2025-04-22 08:36:12 - INFO - epoch:18/25 iteration:25/49 batch loss is :0.4477
2025-04-22 08:36:12 - INFO - the acc is :0.9375
2025-04-22 08:36:24 - INFO - epoch:18/25 iteration:30/49 batch loss is :0.2514
2025-04-22 08:36:24 - INFO - the acc is :1.0
2025-04-22 08:36:35 - INFO - epoch:18/25 iteration:35/49 batch loss is :0.5653
2025-04-22 08:36:35 - INFO - the acc is :0.875
2025-04-22 08:37:13 - INFO - epoch:18/25 iteration:40/49 batch loss is :0.6967
2025-04-22 08:37:13 - INFO - the acc is :0.75
2025-04-22 08:37:22 - INFO - epoch:18/25 iteration:45/49 batch loss is :0.5740
2025-04-22 08:37:22 - INFO - the acc is :0.75
2025-04-22 08:37:30 - INFO - Epoch:18/25 Loss is :0.6240
2025-04-22 08:39:30 - INFO - epoch:19/25 iteration:0/49 batch loss is :0.5837
2025-04-22 08:39:30 - INFO - the acc is :0.875
2025-04-22 08:39:42 - INFO - epoch:19/25 iteration:5/49 batch loss is :0.7353
2025-04-22 08:39:42 - INFO - the acc is :0.75
2025-04-22 08:39:55 - INFO - epoch:19/25 iteration:10/49 batch loss is :0.4016
2025-04-22 08:39:55 - INFO - the acc is :0.875
2025-04-22 08:40:24 - INFO - epoch:19/25 iteration:15/49 batch loss is :0.3759
2025-04-22 08:40:24 - INFO - the acc is :0.9375
2025-04-22 08:40:37 - INFO - epoch:19/25 iteration:20/49 batch loss is :0.6022
2025-04-22 08:40:37 - INFO - the acc is :0.8125
2025-04-22 08:41:02 - INFO - epoch:19/25 iteration:25/49 batch loss is :0.4234
2025-04-22 08:41:02 - INFO - the acc is :0.8125
2025-04-22 08:41:16 - INFO - epoch:19/25 iteration:30/49 batch loss is :0.6271
2025-04-22 08:41:16 - INFO - the acc is :0.625
2025-04-22 08:41:31 - INFO - epoch:19/25 iteration:35/49 batch loss is :0.2822
2025-04-22 08:41:31 - INFO - the acc is :0.9375
2025-04-22 08:41:49 - INFO - epoch:19/25 iteration:40/49 batch loss is :0.5319
2025-04-22 08:41:49 - INFO - the acc is :0.8125
2025-04-22 08:41:58 - INFO - epoch:19/25 iteration:45/49 batch loss is :0.7133
2025-04-22 08:41:58 - INFO - the acc is :0.625
2025-04-22 08:42:05 - INFO - Epoch:19/25 Loss is :0.6202
2025-04-22 08:44:03 - INFO - epoch:20/25 iteration:0/49 batch loss is :0.6683
2025-04-22 08:44:03 - INFO - the acc is :0.625
2025-04-22 08:44:16 - INFO - epoch:20/25 iteration:5/49 batch loss is :0.6802
2025-04-22 08:44:16 - INFO - the acc is :0.75
2025-04-22 08:44:29 - INFO - epoch:20/25 iteration:10/49 batch loss is :0.6175
2025-04-22 08:44:29 - INFO - the acc is :0.8125
2025-04-22 08:44:54 - INFO - epoch:20/25 iteration:15/49 batch loss is :0.3447
2025-04-22 08:44:54 - INFO - the acc is :0.8125
2025-04-22 08:45:06 - INFO - epoch:20/25 iteration:20/49 batch loss is :0.4598
2025-04-22 08:45:06 - INFO - the acc is :0.875
2025-04-22 08:45:47 - INFO - epoch:20/25 iteration:25/49 batch loss is :0.9555
2025-04-22 08:45:47 - INFO - the acc is :0.6875
2025-04-22 08:45:59 - INFO - epoch:20/25 iteration:30/49 batch loss is :0.7000
2025-04-22 08:45:59 - INFO - the acc is :0.6875
2025-04-22 08:46:10 - INFO - epoch:20/25 iteration:35/49 batch loss is :0.4033
2025-04-22 08:46:10 - INFO - the acc is :0.9375
2025-04-22 08:46:55 - INFO - epoch:20/25 iteration:40/49 batch loss is :0.8306
2025-04-22 08:46:55 - INFO - the acc is :0.5625
2025-04-22 08:47:05 - INFO - epoch:20/25 iteration:45/49 batch loss is :0.4602
2025-04-22 08:47:05 - INFO - the acc is :0.75
2025-04-22 08:47:12 - INFO - Epoch:20/25 Loss is :0.5568
2025-04-22 08:49:49 - INFO - val accuarcy is : 0.2438
2025-04-22 08:49:49 - INFO - VAL loss :4.2307
2025-04-22 08:52:01 - INFO - epoch:21/25 iteration:0/49 batch loss is :0.7906
2025-04-22 08:52:01 - INFO - the acc is :0.625
2025-04-22 08:52:11 - INFO - epoch:21/25 iteration:5/49 batch loss is :0.9292
2025-04-22 08:52:11 - INFO - the acc is :0.8125
2025-04-22 08:52:23 - INFO - epoch:21/25 iteration:10/49 batch loss is :0.3079
2025-04-22 08:52:23 - INFO - the acc is :1.0
2025-04-22 08:53:04 - INFO - epoch:21/25 iteration:15/49 batch loss is :0.5517
2025-04-22 08:53:04 - INFO - the acc is :0.875
2025-04-22 08:53:16 - INFO - epoch:21/25 iteration:20/49 batch loss is :0.5189
2025-04-22 08:53:16 - INFO - the acc is :0.875
2025-04-22 08:53:56 - INFO - epoch:21/25 iteration:25/49 batch loss is :0.3105
2025-04-22 08:53:56 - INFO - the acc is :0.875
2025-04-22 08:54:08 - INFO - epoch:21/25 iteration:30/49 batch loss is :0.6878
2025-04-22 08:54:08 - INFO - the acc is :0.75
2025-04-22 08:54:19 - INFO - epoch:21/25 iteration:35/49 batch loss is :0.7001
2025-04-22 08:54:19 - INFO - the acc is :0.6875
2025-04-22 08:54:54 - INFO - epoch:21/25 iteration:40/49 batch loss is :0.5608
2025-04-22 08:54:54 - INFO - the acc is :0.8125
2025-04-22 08:55:03 - INFO - epoch:21/25 iteration:45/49 batch loss is :0.4770
2025-04-22 08:55:03 - INFO - the acc is :0.875
2025-04-22 08:55:10 - INFO - Epoch:21/25 Loss is :0.5485
2025-04-22 08:57:10 - INFO - epoch:22/25 iteration:0/49 batch loss is :0.5190
2025-04-22 08:57:10 - INFO - the acc is :0.875
2025-04-22 08:57:23 - INFO - epoch:22/25 iteration:5/49 batch loss is :0.3565
2025-04-22 08:57:23 - INFO - the acc is :0.8125
2025-04-22 08:57:37 - INFO - epoch:22/25 iteration:10/49 batch loss is :0.4430
2025-04-22 08:57:37 - INFO - the acc is :0.875
2025-04-22 08:58:01 - INFO - epoch:22/25 iteration:15/49 batch loss is :0.6384
2025-04-22 08:58:01 - INFO - the acc is :0.75
2025-04-22 08:58:13 - INFO - epoch:22/25 iteration:20/49 batch loss is :0.6569
2025-04-22 08:58:13 - INFO - the acc is :0.8125
2025-04-22 08:58:42 - INFO - epoch:22/25 iteration:25/49 batch loss is :0.3000
2025-04-22 08:58:42 - INFO - the acc is :0.9375
2025-04-22 08:58:55 - INFO - epoch:22/25 iteration:30/49 batch loss is :0.5416
2025-04-22 08:58:55 - INFO - the acc is :0.8125
2025-04-22 08:59:07 - INFO - epoch:22/25 iteration:35/49 batch loss is :0.6635
2025-04-22 08:59:07 - INFO - the acc is :0.8125
2025-04-22 08:59:34 - INFO - epoch:22/25 iteration:40/49 batch loss is :0.3779
2025-04-22 08:59:34 - INFO - the acc is :0.875
2025-04-22 08:59:43 - INFO - epoch:22/25 iteration:45/49 batch loss is :0.7133
2025-04-22 08:59:43 - INFO - the acc is :0.75
2025-04-22 08:59:51 - INFO - Epoch:22/25 Loss is :0.5154
2025-04-22 09:02:17 - INFO - epoch:23/25 iteration:0/49 batch loss is :0.2476
2025-04-22 09:02:17 - INFO - the acc is :1.0
2025-04-22 09:02:28 - INFO - epoch:23/25 iteration:5/49 batch loss is :0.7946
2025-04-22 09:02:28 - INFO - the acc is :0.625
2025-04-22 09:02:40 - INFO - epoch:23/25 iteration:10/49 batch loss is :0.1908
2025-04-22 09:02:40 - INFO - the acc is :1.0
2025-04-22 09:03:26 - INFO - epoch:23/25 iteration:15/49 batch loss is :0.4428
2025-04-22 09:03:26 - INFO - the acc is :0.9375
2025-04-22 09:03:38 - INFO - epoch:23/25 iteration:20/49 batch loss is :0.3018
2025-04-22 09:03:38 - INFO - the acc is :1.0
2025-04-22 09:04:24 - INFO - epoch:23/25 iteration:25/49 batch loss is :0.4764
2025-04-22 09:04:24 - INFO - the acc is :0.8125
2025-04-22 09:04:36 - INFO - epoch:23/25 iteration:30/49 batch loss is :0.4631
2025-04-22 09:04:36 - INFO - the acc is :0.8125
2025-04-22 09:04:46 - INFO - epoch:23/25 iteration:35/49 batch loss is :0.4584
2025-04-22 09:04:46 - INFO - the acc is :0.875
2025-04-22 09:05:32 - INFO - epoch:23/25 iteration:40/49 batch loss is :0.6755
2025-04-22 09:05:32 - INFO - the acc is :0.75
2025-04-22 09:05:41 - INFO - epoch:23/25 iteration:45/49 batch loss is :0.9917
2025-04-22 09:05:41 - INFO - the acc is :0.5625
2025-04-22 09:05:49 - INFO - Epoch:23/25 Loss is :0.5439
2025-04-22 09:07:53 - INFO - epoch:24/25 iteration:0/49 batch loss is :0.4233
2025-04-22 09:07:53 - INFO - the acc is :0.9375
2025-04-22 09:08:06 - INFO - epoch:24/25 iteration:5/49 batch loss is :0.4668
2025-04-22 09:08:06 - INFO - the acc is :0.875
2025-04-22 09:08:20 - INFO - epoch:24/25 iteration:10/49 batch loss is :0.3827
2025-04-22 09:08:20 - INFO - the acc is :0.9375
2025-04-22 09:08:51 - INFO - epoch:24/25 iteration:15/49 batch loss is :0.4220
2025-04-22 09:08:51 - INFO - the acc is :0.9375
2025-04-22 09:09:06 - INFO - epoch:24/25 iteration:20/49 batch loss is :0.4296
2025-04-22 09:09:06 - INFO - the acc is :0.9375
2025-04-22 09:09:36 - INFO - epoch:24/25 iteration:25/49 batch loss is :0.3672
2025-04-22 09:09:36 - INFO - the acc is :1.0
2025-04-22 09:09:48 - INFO - epoch:24/25 iteration:30/49 batch loss is :0.4322
2025-04-22 09:09:48 - INFO - the acc is :0.75
2025-04-22 09:10:00 - INFO - epoch:24/25 iteration:35/49 batch loss is :0.4052
2025-04-22 09:10:00 - INFO - the acc is :0.8125
2025-04-22 09:10:27 - INFO - epoch:24/25 iteration:40/49 batch loss is :0.6179
2025-04-22 09:10:27 - INFO - the acc is :0.6875
2025-04-22 09:10:36 - INFO - epoch:24/25 iteration:45/49 batch loss is :0.4466
2025-04-22 09:10:36 - INFO - the acc is :0.875
2025-04-22 09:10:44 - INFO - Epoch:24/25 Loss is :0.5145
2025-04-22 09:13:13 - INFO - val accuarcy is : 0.2282
2025-04-22 09:13:13 - INFO - VAL loss :4.4526
2025-04-22 09:13:13 - INFO - fold number:1
2025-04-22 09:15:15 - INFO - epoch:0/25 iteration:0/49 batch loss is :0.9944
2025-04-22 09:15:15 - INFO - the acc is :0.625
2025-04-22 09:15:26 - INFO - epoch:0/25 iteration:5/49 batch loss is :0.7449
2025-04-22 09:15:26 - INFO - the acc is :0.75
2025-04-22 09:15:37 - INFO - epoch:0/25 iteration:10/49 batch loss is :0.5746
2025-04-22 09:15:37 - INFO - the acc is :0.75
2025-04-22 09:16:26 - INFO - epoch:0/25 iteration:15/49 batch loss is :0.5954
2025-04-22 09:16:26 - INFO - the acc is :0.75
2025-04-22 09:16:37 - INFO - epoch:0/25 iteration:20/49 batch loss is :0.7671
2025-04-22 09:16:37 - INFO - the acc is :0.8125
2025-04-22 09:17:25 - INFO - epoch:0/25 iteration:25/49 batch loss is :0.4939
2025-04-22 09:17:25 - INFO - the acc is :0.8125
2025-04-22 09:17:36 - INFO - epoch:0/25 iteration:30/49 batch loss is :0.4189
2025-04-22 09:17:36 - INFO - the acc is :0.875
2025-04-22 09:17:47 - INFO - epoch:0/25 iteration:35/49 batch loss is :0.5125
2025-04-22 09:17:47 - INFO - the acc is :0.8125
2025-04-22 09:18:33 - INFO - epoch:0/25 iteration:40/49 batch loss is :0.2912
2025-04-22 09:18:33 - INFO - the acc is :0.9375
2025-04-22 09:18:43 - INFO - epoch:0/25 iteration:45/49 batch loss is :0.6383
2025-04-22 09:18:43 - INFO - the acc is :0.875
2025-04-22 09:18:51 - INFO - Epoch:0/25 Loss is :0.5359
2025-04-22 09:21:32 - INFO - val accuarcy is : 0.3216
2025-04-22 09:21:32 - INFO - VAL loss :3.4841
2025-04-22 09:23:36 - INFO - epoch:1/25 iteration:0/49 batch loss is :0.4453
2025-04-22 09:23:36 - INFO - the acc is :0.8125
2025-04-22 09:23:47 - INFO - epoch:1/25 iteration:5/49 batch loss is :0.7336
2025-04-22 09:23:47 - INFO - the acc is :0.6875
2025-04-22 09:23:59 - INFO - epoch:1/25 iteration:10/49 batch loss is :0.4779
2025-04-22 09:23:59 - INFO - the acc is :0.9375
2025-04-22 09:24:36 - INFO - epoch:1/25 iteration:15/49 batch loss is :0.5709
2025-04-22 09:24:36 - INFO - the acc is :0.875
2025-04-22 09:24:48 - INFO - epoch:1/25 iteration:20/49 batch loss is :0.7787
2025-04-22 09:24:48 - INFO - the acc is :0.75
2025-04-22 09:25:19 - INFO - epoch:1/25 iteration:25/49 batch loss is :0.6834
2025-04-22 09:25:19 - INFO - the acc is :0.6875
2025-04-22 09:25:35 - INFO - epoch:1/25 iteration:30/49 batch loss is :0.6041
2025-04-22 09:25:35 - INFO - the acc is :0.6875
2025-04-22 09:25:48 - INFO - epoch:1/25 iteration:35/49 batch loss is :0.4607
2025-04-22 09:25:48 - INFO - the acc is :0.8125
2025-04-22 09:26:17 - INFO - epoch:1/25 iteration:40/49 batch loss is :0.6052
2025-04-22 09:26:17 - INFO - the acc is :0.6875
2025-04-22 09:26:26 - INFO - epoch:1/25 iteration:45/49 batch loss is :0.6310
2025-04-22 09:26:26 - INFO - the acc is :0.875
2025-04-22 09:26:33 - INFO - Epoch:1/25 Loss is :0.5470
2025-04-22 09:28:38 - INFO - epoch:2/25 iteration:0/49 batch loss is :0.3192
2025-04-22 09:28:38 - INFO - the acc is :0.9375
2025-04-22 09:28:53 - INFO - epoch:2/25 iteration:5/49 batch loss is :0.3569
2025-04-22 09:28:53 - INFO - the acc is :0.875
2025-04-22 09:29:06 - INFO - epoch:2/25 iteration:10/49 batch loss is :0.5394
2025-04-22 09:29:06 - INFO - the acc is :0.75
2025-04-22 09:29:30 - INFO - epoch:2/25 iteration:15/49 batch loss is :0.6743
2025-04-22 09:29:30 - INFO - the acc is :0.75
2025-04-22 09:29:44 - INFO - epoch:2/25 iteration:20/49 batch loss is :0.6114
2025-04-22 09:29:44 - INFO - the acc is :0.6875
2025-04-22 09:30:10 - INFO - epoch:2/25 iteration:25/49 batch loss is :0.5803
2025-04-22 09:30:10 - INFO - the acc is :0.8125
2025-04-22 09:30:21 - INFO - epoch:2/25 iteration:30/49 batch loss is :0.5452
2025-04-22 09:30:21 - INFO - the acc is :0.75
2025-04-22 09:30:32 - INFO - epoch:2/25 iteration:35/49 batch loss is :0.5433
2025-04-22 09:30:32 - INFO - the acc is :0.8125
2025-04-22 09:31:13 - INFO - epoch:2/25 iteration:40/49 batch loss is :0.4554
2025-04-22 09:31:13 - INFO - the acc is :0.875
2025-04-22 09:31:23 - INFO - epoch:2/25 iteration:45/49 batch loss is :0.7310
2025-04-22 09:31:23 - INFO - the acc is :0.75
2025-04-22 09:31:30 - INFO - Epoch:2/25 Loss is :0.5536
2025-04-22 09:33:49 - INFO - epoch:3/25 iteration:0/49 batch loss is :0.4698
2025-04-22 09:33:49 - INFO - the acc is :0.875
2025-04-22 09:34:06 - INFO - epoch:3/25 iteration:5/49 batch loss is :0.5551
2025-04-22 09:34:06 - INFO - the acc is :0.75
2025-04-22 09:34:18 - INFO - epoch:3/25 iteration:10/49 batch loss is :0.6861
2025-04-22 09:34:18 - INFO - the acc is :0.75
2025-04-22 09:35:09 - INFO - epoch:3/25 iteration:15/49 batch loss is :0.5474
2025-04-22 09:35:09 - INFO - the acc is :0.75
2025-04-22 09:35:20 - INFO - epoch:3/25 iteration:20/49 batch loss is :0.8019
2025-04-22 09:35:20 - INFO - the acc is :0.6875
2025-04-22 09:35:59 - INFO - epoch:3/25 iteration:25/49 batch loss is :0.5168
2025-04-22 09:35:59 - INFO - the acc is :0.625
2025-04-22 09:36:11 - INFO - epoch:3/25 iteration:30/49 batch loss is :0.3692
2025-04-22 09:36:11 - INFO - the acc is :0.875
2025-04-22 09:36:22 - INFO - epoch:3/25 iteration:35/49 batch loss is :0.5672
2025-04-22 09:36:22 - INFO - the acc is :0.9375
2025-04-22 09:37:04 - INFO - epoch:3/25 iteration:40/49 batch loss is :0.5770
2025-04-22 09:37:04 - INFO - the acc is :0.6875
2025-04-22 09:37:13 - INFO - epoch:3/25 iteration:45/49 batch loss is :0.6406
2025-04-22 09:37:13 - INFO - the acc is :0.6875
2025-04-22 09:37:20 - INFO - Epoch:3/25 Loss is :0.5377
2025-04-22 09:39:22 - INFO - epoch:4/25 iteration:0/49 batch loss is :0.4651
2025-04-22 09:39:22 - INFO - the acc is :0.875
2025-04-22 09:39:34 - INFO - epoch:4/25 iteration:5/49 batch loss is :0.5432
2025-04-22 09:39:34 - INFO - the acc is :0.875
2025-04-22 09:39:47 - INFO - epoch:4/25 iteration:10/49 batch loss is :0.3017
2025-04-22 09:39:47 - INFO - the acc is :0.9375
2025-04-22 09:40:13 - INFO - epoch:4/25 iteration:15/49 batch loss is :0.3014
2025-04-22 09:40:13 - INFO - the acc is :0.9375
2025-04-22 09:40:26 - INFO - epoch:4/25 iteration:20/49 batch loss is :0.2751
2025-04-22 09:40:26 - INFO - the acc is :0.9375
2025-04-22 09:40:54 - INFO - epoch:4/25 iteration:25/49 batch loss is :0.6032
2025-04-22 09:40:54 - INFO - the acc is :0.75
2025-04-22 09:41:08 - INFO - epoch:4/25 iteration:30/49 batch loss is :0.5925
2025-04-22 09:41:08 - INFO - the acc is :0.8125
2025-04-22 09:41:20 - INFO - epoch:4/25 iteration:35/49 batch loss is :0.3024
2025-04-22 09:41:20 - INFO - the acc is :1.0
2025-04-22 09:41:45 - INFO - epoch:4/25 iteration:40/49 batch loss is :0.3443
2025-04-22 09:41:45 - INFO - the acc is :0.9375
2025-04-22 09:41:54 - INFO - epoch:4/25 iteration:45/49 batch loss is :0.5360
2025-04-22 09:41:54 - INFO - the acc is :0.6875
2025-04-22 09:42:02 - INFO - Epoch:4/25 Loss is :0.5146
2025-04-22 09:44:00 - INFO - epoch:5/25 iteration:0/49 batch loss is :0.7001
2025-04-22 09:44:00 - INFO - the acc is :0.5625
2025-04-22 09:44:14 - INFO - epoch:5/25 iteration:5/49 batch loss is :0.7839
2025-04-22 09:44:14 - INFO - the acc is :0.5625
2025-04-22 09:44:28 - INFO - epoch:5/25 iteration:10/49 batch loss is :0.3876
2025-04-22 09:44:28 - INFO - the acc is :0.875
2025-04-22 09:44:51 - INFO - epoch:5/25 iteration:15/49 batch loss is :0.5223
2025-04-22 09:44:51 - INFO - the acc is :0.875
2025-04-22 09:45:05 - INFO - epoch:5/25 iteration:20/49 batch loss is :0.3931
2025-04-22 09:45:05 - INFO - the acc is :0.875
2025-04-22 09:45:32 - INFO - epoch:5/25 iteration:25/49 batch loss is :0.7779
2025-04-22 09:45:32 - INFO - the acc is :0.625
2025-04-22 09:45:43 - INFO - epoch:5/25 iteration:30/49 batch loss is :0.2598
2025-04-22 09:45:43 - INFO - the acc is :0.9375
2025-04-22 09:45:54 - INFO - epoch:5/25 iteration:35/49 batch loss is :0.3778
2025-04-22 09:45:54 - INFO - the acc is :0.875
2025-04-22 09:46:39 - INFO - epoch:5/25 iteration:40/49 batch loss is :0.5856
2025-04-22 09:46:39 - INFO - the acc is :0.6875
2025-04-22 09:46:48 - INFO - epoch:5/25 iteration:45/49 batch loss is :0.9504
2025-04-22 09:46:48 - INFO - the acc is :0.4375
2025-04-22 09:46:56 - INFO - Epoch:5/25 Loss is :0.5525
2025-04-22 09:49:36 - INFO - val accuarcy is : 0.2593
2025-04-22 09:49:36 - INFO - VAL loss :4.3503
2025-04-22 09:51:46 - INFO - epoch:6/25 iteration:0/49 batch loss is :0.6117
2025-04-22 09:51:46 - INFO - the acc is :0.8125
2025-04-22 09:52:00 - INFO - epoch:6/25 iteration:5/49 batch loss is :0.5311
2025-04-22 09:52:00 - INFO - the acc is :0.75
2025-04-22 09:52:11 - INFO - epoch:6/25 iteration:10/49 batch loss is :0.4941
2025-04-22 09:52:11 - INFO - the acc is :0.875
2025-04-22 09:52:50 - INFO - epoch:6/25 iteration:15/49 batch loss is :0.4964
2025-04-22 09:52:50 - INFO - the acc is :0.875
2025-04-22 09:53:05 - INFO - epoch:6/25 iteration:20/49 batch loss is :0.5813
2025-04-22 09:53:05 - INFO - the acc is :0.75
2025-04-22 09:53:57 - INFO - epoch:6/25 iteration:25/49 batch loss is :0.8662
2025-04-22 09:53:57 - INFO - the acc is :0.5625
2025-04-22 09:54:25 - INFO - epoch:6/25 iteration:30/49 batch loss is :0.5978
2025-04-22 09:54:25 - INFO - the acc is :0.75
2025-04-22 09:54:43 - INFO - epoch:6/25 iteration:35/49 batch loss is :0.2565
2025-04-22 09:54:43 - INFO - the acc is :0.8125
2025-04-22 09:55:02 - INFO - epoch:6/25 iteration:40/49 batch loss is :0.4389
2025-04-22 09:55:02 - INFO - the acc is :0.8125
2025-04-22 09:55:12 - INFO - epoch:6/25 iteration:45/49 batch loss is :0.4307
2025-04-22 09:55:12 - INFO - the acc is :0.75
2025-04-22 09:55:19 - INFO - Epoch:6/25 Loss is :0.5432
2025-04-22 09:57:29 - INFO - epoch:7/25 iteration:0/49 batch loss is :0.9630
2025-04-22 09:57:29 - INFO - the acc is :0.5625
2025-04-22 09:57:43 - INFO - epoch:7/25 iteration:5/49 batch loss is :0.8079
2025-04-22 09:57:43 - INFO - the acc is :0.75
2025-04-22 09:57:58 - INFO - epoch:7/25 iteration:10/49 batch loss is :0.5897
2025-04-22 09:57:58 - INFO - the acc is :0.6875
2025-04-22 09:58:25 - INFO - epoch:7/25 iteration:15/49 batch loss is :0.5940
2025-04-22 09:58:25 - INFO - the acc is :0.875
2025-04-22 09:58:39 - INFO - epoch:7/25 iteration:20/49 batch loss is :0.3822
2025-04-22 09:58:39 - INFO - the acc is :0.875
2025-04-22 09:59:09 - INFO - epoch:7/25 iteration:25/49 batch loss is :0.5016
2025-04-22 09:59:09 - INFO - the acc is :0.9375
2025-04-22 09:59:22 - INFO - epoch:7/25 iteration:30/49 batch loss is :0.3729
2025-04-22 09:59:22 - INFO - the acc is :0.9375
2025-04-22 09:59:34 - INFO - epoch:7/25 iteration:35/49 batch loss is :0.4797
2025-04-22 09:59:34 - INFO - the acc is :0.875
2025-04-22 09:59:58 - INFO - epoch:7/25 iteration:40/49 batch loss is :0.6983
2025-04-22 09:59:58 - INFO - the acc is :0.6875
2025-04-22 10:00:07 - INFO - epoch:7/25 iteration:45/49 batch loss is :0.6179
2025-04-22 10:00:07 - INFO - the acc is :0.75
2025-04-22 10:00:15 - INFO - Epoch:7/25 Loss is :0.5347
2025-04-22 10:02:44 - INFO - epoch:8/25 iteration:0/49 batch loss is :0.5906
2025-04-22 10:02:44 - INFO - the acc is :0.8125
2025-04-22 10:02:55 - INFO - epoch:8/25 iteration:5/49 batch loss is :0.4311
2025-04-22 10:02:55 - INFO - the acc is :0.875
2025-04-22 10:03:06 - INFO - epoch:8/25 iteration:10/49 batch loss is :0.6876
2025-04-22 10:03:06 - INFO - the acc is :0.6875
2025-04-22 10:03:53 - INFO - epoch:8/25 iteration:15/49 batch loss is :0.5675
2025-04-22 10:03:53 - INFO - the acc is :0.875
2025-04-22 10:04:04 - INFO - epoch:8/25 iteration:20/49 batch loss is :0.7166
2025-04-22 10:04:04 - INFO - the acc is :0.6875
2025-04-22 10:04:51 - INFO - epoch:8/25 iteration:25/49 batch loss is :0.6203
2025-04-22 10:04:51 - INFO - the acc is :0.875
2025-04-22 10:05:02 - INFO - epoch:8/25 iteration:30/49 batch loss is :0.2503
2025-04-22 10:05:02 - INFO - the acc is :1.0
2025-04-22 10:05:13 - INFO - epoch:8/25 iteration:35/49 batch loss is :1.1479
2025-04-22 10:05:13 - INFO - the acc is :0.5625
2025-04-22 10:05:58 - INFO - epoch:8/25 iteration:40/49 batch loss is :0.8501
2025-04-22 10:05:58 - INFO - the acc is :0.75
2025-04-22 10:06:08 - INFO - epoch:8/25 iteration:45/49 batch loss is :0.5154
2025-04-22 10:06:08 - INFO - the acc is :0.8125
2025-04-22 10:06:15 - INFO - Epoch:8/25 Loss is :0.5874
2025-04-22 10:08:19 - INFO - epoch:9/25 iteration:0/49 batch loss is :0.5041
2025-04-22 10:08:19 - INFO - the acc is :0.875
2025-04-22 10:08:31 - INFO - epoch:9/25 iteration:5/49 batch loss is :0.6161
2025-04-22 10:08:31 - INFO - the acc is :0.75
2025-04-22 10:08:45 - INFO - epoch:9/25 iteration:10/49 batch loss is :0.4488
2025-04-22 10:08:45 - INFO - the acc is :0.8125
2025-04-22 10:09:13 - INFO - epoch:9/25 iteration:15/49 batch loss is :0.4094
2025-04-22 10:09:13 - INFO - the acc is :0.9375
2025-04-22 10:09:28 - INFO - epoch:9/25 iteration:20/49 batch loss is :0.5611
2025-04-22 10:09:28 - INFO - the acc is :0.75
2025-04-22 10:09:54 - INFO - epoch:9/25 iteration:25/49 batch loss is :0.5059
2025-04-22 10:09:54 - INFO - the acc is :0.8125
2025-04-22 10:10:07 - INFO - epoch:9/25 iteration:30/49 batch loss is :0.2558
2025-04-22 10:10:07 - INFO - the acc is :0.9375
2025-04-22 10:10:20 - INFO - epoch:9/25 iteration:35/49 batch loss is :0.4737
2025-04-22 10:10:20 - INFO - the acc is :0.875
2025-04-22 10:10:45 - INFO - epoch:9/25 iteration:40/49 batch loss is :0.2695
2025-04-22 10:10:45 - INFO - the acc is :0.9375
2025-04-22 10:10:54 - INFO - epoch:9/25 iteration:45/49 batch loss is :0.6996
2025-04-22 10:10:54 - INFO - the acc is :0.6875
2025-04-22 10:11:01 - INFO - Epoch:9/25 Loss is :0.5249
2025-04-22 10:13:02 - INFO - epoch:10/25 iteration:0/49 batch loss is :0.8963
2025-04-22 10:13:02 - INFO - the acc is :0.75
2025-04-22 10:13:16 - INFO - epoch:10/25 iteration:5/49 batch loss is :0.4561
2025-04-22 10:13:16 - INFO - the acc is :0.875
2025-04-22 10:13:30 - INFO - epoch:10/25 iteration:10/49 batch loss is :0.5186
2025-04-22 10:13:30 - INFO - the acc is :0.8125
2025-04-22 10:13:54 - INFO - epoch:10/25 iteration:15/49 batch loss is :0.4929
2025-04-22 10:13:54 - INFO - the acc is :0.875
2025-04-22 10:14:08 - INFO - epoch:10/25 iteration:20/49 batch loss is :0.3321
2025-04-22 10:14:08 - INFO - the acc is :0.75
2025-04-22 10:14:30 - INFO - epoch:10/25 iteration:25/49 batch loss is :0.6021
2025-04-22 10:14:30 - INFO - the acc is :0.75
2025-04-22 10:14:43 - INFO - epoch:10/25 iteration:30/49 batch loss is :0.4155
2025-04-22 10:14:43 - INFO - the acc is :0.75
2025-04-22 10:14:57 - INFO - epoch:10/25 iteration:35/49 batch loss is :0.6076
2025-04-22 10:14:57 - INFO - the acc is :0.8125
2025-04-22 10:15:20 - INFO - epoch:10/25 iteration:40/49 batch loss is :0.3480
2025-04-22 10:15:20 - INFO - the acc is :0.9375
2025-04-22 10:15:30 - INFO - epoch:10/25 iteration:45/49 batch loss is :0.6317
2025-04-22 10:15:30 - INFO - the acc is :0.75
2025-04-22 10:15:37 - INFO - Epoch:10/25 Loss is :0.5502
