2025-04-21 14:04:05 - INFO - ------------------------------------------------------------------------------------------------
2025-04-21 14:04:05 - INFO - starting new training !!!!
2025-04-21 14:04:05 - INFO - ------------------------------------------------------------------------------------------------
2025-04-21 14:04:05 - INFO - Namespace(batch=24, class_dict={'early': 0, 'inter': 1, 'ga': 2, 'wet': 3, 'notAMD': 4}, device=device(type='cuda'), epoch=25, excel_path='d:\\cleaning_GUI_annotated_data\\tab_data_annotated_pats.xlsx', gamma=0.1, json='jsons/train_test_val_split_without_scar.json', log_dir='logs/Resnet', lr=0.0001, model_path=None, num_classes=5, save_dir='model_parameter_Resnet', save_freq=2, step_size=10, weight_matrix=tensor([0.2500, 0.2500, 0.1250, 0.1600, 1.0000]))
2025-04-21 14:04:05 - INFO - parameters are being saved at :model_parameter_Resnet\59
2025-04-21 14:04:05 - INFO - found 4 gpus!
2025-04-21 14:04:05 - INFO - DataParallel(
  (module): Resnet18_3D(
    (conv1): Sequential(
      (0): Conv3d(1, 64, kernel_size=(7, 7, 7), stride=(2, 2, 2), padding=(3, 3, 3))
      (1): GroupNorm(32, 64, eps=1e-05, affine=True)
      (2): ReLU()
    )
    (maxpool): MaxPool3d(kernel_size=3, stride=2, padding=1, dilation=1, ceil_mode=False)
    (conv2): BasicConvBlock(
      (layers): Sequential(
        (0): Sequential(
          (0): Conv3d(64, 64, kernel_size=(3, 3, 3), stride=(1, 1, 1), padding=(1, 1, 1))
          (1): ReLU()
        )
        (1): Sequential(
          (0): Conv3d(64, 64, kernel_size=(3, 3, 3), stride=(1, 1, 1), padding=(1, 1, 1))
          (1): ReLU()
        )
        (2): Sequential(
          (0): Conv3d(64, 64, kernel_size=(3, 3, 3), stride=(1, 1, 1), padding=(1, 1, 1))
          (1): ReLU()
        )
        (3): Sequential(
          (0): Conv3d(64, 64, kernel_size=(3, 3, 3), stride=(1, 1, 1), padding=(1, 1, 1))
          (1): ReLU()
        )
      )
    )
    (conv3): BasicConvBlock(
      (conv1x1): Conv3d(64, 128, kernel_size=(1, 1, 1), stride=(2, 2, 2))
      (layers): Sequential(
        (0): Sequential(
          (0): Conv3d(64, 128, kernel_size=(3, 3, 3), stride=(2, 2, 2), padding=(1, 1, 1))
          (1): ReLU()
        )
        (1): Sequential(
          (0): Conv3d(128, 128, kernel_size=(3, 3, 3), stride=(1, 1, 1), padding=(1, 1, 1))
          (1): ReLU()
        )
        (2): Sequential(
          (0): Conv3d(128, 128, kernel_size=(3, 3, 3), stride=(1, 1, 1), padding=(1, 1, 1))
          (1): ReLU()
        )
        (3): Sequential(
          (0): Conv3d(128, 128, kernel_size=(3, 3, 3), stride=(1, 1, 1), padding=(1, 1, 1))
          (1): ReLU()
        )
      )
    )
    (conv4): BasicConvBlock(
      (conv1x1): Conv3d(128, 256, kernel_size=(1, 1, 1), stride=(2, 2, 2))
      (layers): Sequential(
        (0): Sequential(
          (0): Conv3d(128, 256, kernel_size=(3, 3, 3), stride=(2, 2, 2), padding=(1, 1, 1))
          (1): ReLU()
        )
        (1): Sequential(
          (0): Conv3d(256, 256, kernel_size=(3, 3, 3), stride=(1, 1, 1), padding=(1, 1, 1))
          (1): ReLU()
        )
        (2): Sequential(
          (0): Conv3d(256, 256, kernel_size=(3, 3, 3), stride=(1, 1, 1), padding=(1, 1, 1))
          (1): ReLU()
        )
        (3): Sequential(
          (0): Conv3d(256, 256, kernel_size=(3, 3, 3), stride=(1, 1, 1), padding=(1, 1, 1))
          (1): ReLU()
        )
      )
    )
    (conv5): BasicConvBlock(
      (conv1x1): Conv3d(256, 512, kernel_size=(1, 1, 1), stride=(2, 2, 2))
      (layers): Sequential(
        (0): Sequential(
          (0): Conv3d(256, 512, kernel_size=(3, 3, 3), stride=(2, 2, 2), padding=(1, 1, 1))
          (1): ReLU()
        )
        (1): Sequential(
          (0): Conv3d(512, 512, kernel_size=(3, 3, 3), stride=(1, 1, 1), padding=(1, 1, 1))
          (1): ReLU()
        )
        (2): Sequential(
          (0): Conv3d(512, 512, kernel_size=(3, 3, 3), stride=(1, 1, 1), padding=(1, 1, 1))
          (1): ReLU()
        )
        (3): Sequential(
          (0): Conv3d(512, 512, kernel_size=(3, 3, 3), stride=(1, 1, 1), padding=(1, 1, 1))
          (1): ReLU()
        )
      )
    )
    (avgPool): AdaptiveAvgPool3d(output_size=1)
    (linear): Linear(in_features=512, out_features=5, bias=True)
  )
)
2025-04-21 14:04:06 - INFO - fold number:0
2025-04-21 14:05:52 - INFO - epoch:0/25 iteration:0/4 batch loss is :1.6027
2025-04-21 14:05:52 - INFO - the acc is :0.2916666865348816
2025-04-21 14:05:57 - INFO - epoch:0/25 iteration:5/4 batch loss is :1.6139
2025-04-21 14:05:57 - INFO - the acc is :0.2916666865348816
2025-04-21 14:06:00 - INFO - Epoch:0/25 Loss is :2.8132
2025-04-21 14:07:47 - INFO - epoch:1/25 iteration:0/4 batch loss is :1.6062
2025-04-21 14:07:47 - INFO - the acc is :0.2083333432674408
2025-04-21 14:07:52 - INFO - epoch:1/25 iteration:5/4 batch loss is :1.6080
2025-04-21 14:07:52 - INFO - the acc is :0.25
2025-04-21 14:07:54 - INFO - Epoch:1/25 Loss is :2.8141
2025-04-21 14:10:17 - INFO - epoch:2/25 iteration:0/4 batch loss is :1.6152
2025-04-21 14:10:17 - INFO - the acc is :0.25
2025-04-21 14:10:22 - INFO - epoch:2/25 iteration:5/4 batch loss is :1.6171
2025-04-21 14:10:22 - INFO - the acc is :0.1666666716337204
2025-04-21 14:10:24 - INFO - Epoch:2/25 Loss is :2.8135
2025-04-21 14:12:12 - INFO - epoch:3/25 iteration:0/4 batch loss is :1.6096
2025-04-21 14:12:12 - INFO - the acc is :0.3333333432674408
2025-04-21 14:12:17 - INFO - epoch:3/25 iteration:5/4 batch loss is :1.6022
2025-04-21 14:12:17 - INFO - the acc is :0.2916666865348816
2025-04-21 14:12:19 - INFO - Epoch:3/25 Loss is :2.8090
2025-04-21 14:14:06 - INFO - epoch:4/25 iteration:0/4 batch loss is :1.6110
2025-04-21 14:14:06 - INFO - the acc is :0.125
2025-04-21 14:14:12 - INFO - epoch:4/25 iteration:5/4 batch loss is :1.6089
2025-04-21 14:14:12 - INFO - the acc is :0.25
2025-04-21 14:14:14 - INFO - Epoch:4/25 Loss is :2.8125
2025-04-21 14:16:02 - INFO - epoch:5/25 iteration:0/4 batch loss is :1.5990
2025-04-21 14:16:02 - INFO - the acc is :0.4583333432674408
2025-04-21 14:16:07 - INFO - epoch:5/25 iteration:5/4 batch loss is :1.6094
2025-04-21 14:16:07 - INFO - the acc is :0.25
2025-04-21 14:16:09 - INFO - Epoch:5/25 Loss is :2.8145
2025-04-21 14:17:54 - INFO - epoch:6/25 iteration:0/4 batch loss is :1.6151
2025-04-21 14:17:54 - INFO - the acc is :0.1666666716337204
2025-04-21 14:17:59 - INFO - epoch:6/25 iteration:5/4 batch loss is :1.6100
2025-04-21 14:17:59 - INFO - the acc is :0.3333333432674408
2025-04-21 14:18:01 - INFO - Epoch:6/25 Loss is :2.8095
2025-04-21 14:19:47 - INFO - epoch:7/25 iteration:0/4 batch loss is :1.6067
2025-04-21 14:19:47 - INFO - the acc is :0.4166666865348816
2025-04-21 14:19:52 - INFO - epoch:7/25 iteration:5/4 batch loss is :1.6133
2025-04-21 14:19:52 - INFO - the acc is :0.1666666716337204
2025-04-21 14:19:54 - INFO - Epoch:7/25 Loss is :2.8150
2025-04-21 14:21:39 - INFO - epoch:8/25 iteration:0/4 batch loss is :1.6086
2025-04-21 14:21:39 - INFO - the acc is :0.2916666865348816
2025-04-21 14:21:44 - INFO - epoch:8/25 iteration:5/4 batch loss is :1.6083
2025-04-21 14:21:44 - INFO - the acc is :0.2083333432674408
2025-04-21 14:21:46 - INFO - Epoch:8/25 Loss is :2.8164
2025-04-21 14:23:31 - INFO - epoch:9/25 iteration:0/4 batch loss is :1.6013
2025-04-21 14:23:31 - INFO - the acc is :0.4583333432674408
2025-04-21 14:23:36 - INFO - epoch:9/25 iteration:5/4 batch loss is :1.6105
2025-04-21 14:23:36 - INFO - the acc is :0.2083333432674408
2025-04-21 14:23:38 - INFO - Epoch:9/25 Loss is :2.8192
