2025-04-15 08:51:24 - INFO - ------------------------------------------------------------------------------------------------
2025-04-15 08:51:24 - INFO - starting new training !!!!
2025-04-15 08:51:24 - INFO - ------------------------------------------------------------------------------------------------
2025-04-15 08:51:24 - INFO - Namespace(batch=16, class_dict={'early': 0, 'inter': 1, 'ga': 2, 'wet': 3, 'notAMD': 4}, device=device(type='cuda'), epoch=25, excel_path='d:\\cleaning_GUI_annotated_data\\tab_data_annotated_pats.xlsx', gamma=0.1, json='jsons/train_test_val_split_without_scar.json', log_dir='logs/Resnet', lr=0.0001, model_path=None, num_classes=5, save_dir='model_parameter_Resnet', save_freq=5, step_size=10, weight_matrix=tensor([0.2500, 0.2500, 0.1250, 0.1600, 1.0000]))
2025-04-15 08:51:24 - INFO - parameters are being saved at :model_parameter_Resnet\7
2025-04-15 08:51:25 - INFO - found 4 gpus!
2025-04-15 08:51:25 - INFO - DataParallel(
  (module): Resnet18_3D(
    (conv1): Sequential(
      (0): Conv3d(1, 64, kernel_size=(7, 7, 7), stride=(2, 2, 2), padding=(3, 3, 3))
      (1): BatchNorm3d(64, eps=1e-05, momentum=0.1, affine=True, track_running_stats=True)
      (2): ReLU()
    )
    (maxpool): MaxPool3d(kernel_size=3, stride=2, padding=1, dilation=1, ceil_mode=False)
    (conv2): BasicConvBlock(
      (layers): Sequential(
        (0): Sequential(
          (0): Conv3d(64, 64, kernel_size=(3, 3, 3), stride=(1, 1, 1), padding=(1, 1, 1))
          (1): BatchNorm3d(64, eps=1e-05, momentum=0.1, affine=True, track_running_stats=True)
          (2): ReLU()
        )
        (1): Sequential(
          (0): Conv3d(64, 64, kernel_size=(3, 3, 3), stride=(1, 1, 1), padding=(1, 1, 1))
          (1): BatchNorm3d(64, eps=1e-05, momentum=0.1, affine=True, track_running_stats=True)
          (2): ReLU()
        )
        (2): Sequential(
          (0): Conv3d(64, 64, kernel_size=(3, 3, 3), stride=(1, 1, 1), padding=(1, 1, 1))
          (1): BatchNorm3d(64, eps=1e-05, momentum=0.1, affine=True, track_running_stats=True)
          (2): ReLU()
        )
        (3): Sequential(
          (0): Conv3d(64, 64, kernel_size=(3, 3, 3), stride=(1, 1, 1), padding=(1, 1, 1))
          (1): BatchNorm3d(64, eps=1e-05, momentum=0.1, affine=True, track_running_stats=True)
          (2): ReLU()
        )
      )
    )
    (conv3): BasicConvBlock(
      (conv1x1): Conv3d(64, 128, kernel_size=(1, 1, 1), stride=(2, 2, 2))
      (layers): Sequential(
        (0): Sequential(
          (0): Conv3d(64, 128, kernel_size=(3, 3, 3), stride=(2, 2, 2), padding=(1, 1, 1))
          (1): BatchNorm3d(128, eps=1e-05, momentum=0.1, affine=True, track_running_stats=True)
          (2): ReLU()
        )
        (1): Sequential(
          (0): Conv3d(128, 128, kernel_size=(3, 3, 3), stride=(1, 1, 1), padding=(1, 1, 1))
          (1): BatchNorm3d(128, eps=1e-05, momentum=0.1, affine=True, track_running_stats=True)
          (2): ReLU()
        )
        (2): Sequential(
          (0): Conv3d(128, 128, kernel_size=(3, 3, 3), stride=(1, 1, 1), padding=(1, 1, 1))
          (1): BatchNorm3d(128, eps=1e-05, momentum=0.1, affine=True, track_running_stats=True)
          (2): ReLU()
        )
        (3): Sequential(
          (0): Conv3d(128, 128, kernel_size=(3, 3, 3), stride=(1, 1, 1), padding=(1, 1, 1))
          (1): BatchNorm3d(128, eps=1e-05, momentum=0.1, affine=True, track_running_stats=True)
          (2): ReLU()
        )
      )
    )
    (conv4): BasicConvBlock(
      (conv1x1): Conv3d(128, 256, kernel_size=(1, 1, 1), stride=(2, 2, 2))
      (layers): Sequential(
        (0): Sequential(
          (0): Conv3d(128, 256, kernel_size=(3, 3, 3), stride=(2, 2, 2), padding=(1, 1, 1))
          (1): BatchNorm3d(256, eps=1e-05, momentum=0.1, affine=True, track_running_stats=True)
          (2): ReLU()
        )
        (1): Sequential(
          (0): Conv3d(256, 256, kernel_size=(3, 3, 3), stride=(1, 1, 1), padding=(1, 1, 1))
          (1): BatchNorm3d(256, eps=1e-05, momentum=0.1, affine=True, track_running_stats=True)
          (2): ReLU()
        )
        (2): Sequential(
          (0): Conv3d(256, 256, kernel_size=(3, 3, 3), stride=(1, 1, 1), padding=(1, 1, 1))
          (1): BatchNorm3d(256, eps=1e-05, momentum=0.1, affine=True, track_running_stats=True)
          (2): ReLU()
        )
        (3): Sequential(
          (0): Conv3d(256, 256, kernel_size=(3, 3, 3), stride=(1, 1, 1), padding=(1, 1, 1))
          (1): BatchNorm3d(256, eps=1e-05, momentum=0.1, affine=True, track_running_stats=True)
          (2): ReLU()
        )
      )
    )
    (conv5): BasicConvBlock(
      (conv1x1): Conv3d(256, 512, kernel_size=(1, 1, 1), stride=(2, 2, 2))
      (layers): Sequential(
        (0): Sequential(
          (0): Conv3d(256, 512, kernel_size=(3, 3, 3), stride=(2, 2, 2), padding=(1, 1, 1))
          (1): BatchNorm3d(512, eps=1e-05, momentum=0.1, affine=True, track_running_stats=True)
          (2): ReLU()
        )
        (1): Sequential(
          (0): Conv3d(512, 512, kernel_size=(3, 3, 3), stride=(1, 1, 1), padding=(1, 1, 1))
          (1): BatchNorm3d(512, eps=1e-05, momentum=0.1, affine=True, track_running_stats=True)
          (2): ReLU()
        )
        (2): Sequential(
          (0): Conv3d(512, 512, kernel_size=(3, 3, 3), stride=(1, 1, 1), padding=(1, 1, 1))
          (1): BatchNorm3d(512, eps=1e-05, momentum=0.1, affine=True, track_running_stats=True)
          (2): ReLU()
        )
        (3): Sequential(
          (0): Conv3d(512, 512, kernel_size=(3, 3, 3), stride=(1, 1, 1), padding=(1, 1, 1))
          (1): BatchNorm3d(512, eps=1e-05, momentum=0.1, affine=True, track_running_stats=True)
          (2): ReLU()
        )
      )
    )
    (avgPool): AdaptiveAvgPool3d(output_size=1)
    (linear): Linear(in_features=512, out_features=5, bias=True)
  )
)
2025-04-15 08:51:25 - INFO - fold number:0
2025-04-15 08:52:56 - INFO - epoch:0/25 iteration:0/30 batch loss is :1.6603
2025-04-15 08:52:56 - INFO - the acc is :0.125
2025-04-15 08:53:02 - INFO - epoch:0/25 iteration:5/30 batch loss is :1.6149
2025-04-15 08:53:02 - INFO - the acc is :0.1875
2025-04-15 08:53:38 - INFO - epoch:0/25 iteration:10/30 batch loss is :1.8455
2025-04-15 08:53:38 - INFO - the acc is :0.375
2025-04-15 08:53:43 - INFO - epoch:0/25 iteration:15/30 batch loss is :1.6317
2025-04-15 08:53:43 - INFO - the acc is :0.375
2025-04-15 08:54:20 - INFO - epoch:0/25 iteration:20/30 batch loss is :1.7273
2025-04-15 08:54:20 - INFO - the acc is :0.4375
2025-04-15 08:54:56 - INFO - epoch:0/25 iteration:25/30 batch loss is :1.5693
2025-04-15 08:54:56 - INFO - the acc is :0.375
2025-04-15 08:55:02 - INFO - Epoch:0/25 Loss is :1.5861
2025-04-15 08:56:43 - INFO - val accuarcy is : 0.2735
2025-04-15 08:56:43 - INFO - VAL loss :1.7451
2025-04-15 08:57:58 - INFO - epoch:1/25 iteration:0/30 batch loss is :1.5354
2025-04-15 08:57:58 - INFO - the acc is :0.3125
2025-04-15 08:58:04 - INFO - epoch:1/25 iteration:5/30 batch loss is :1.2334
2025-04-15 08:58:04 - INFO - the acc is :0.625
2025-04-15 08:58:26 - INFO - epoch:1/25 iteration:10/30 batch loss is :1.3426
2025-04-15 08:58:26 - INFO - the acc is :0.4375
2025-04-15 08:58:33 - INFO - epoch:1/25 iteration:15/30 batch loss is :1.2287
2025-04-15 08:58:33 - INFO - the acc is :0.5
2025-04-15 08:58:53 - INFO - epoch:1/25 iteration:20/30 batch loss is :1.4789
2025-04-15 08:58:53 - INFO - the acc is :0.3125
2025-04-15 08:59:09 - INFO - epoch:1/25 iteration:25/30 batch loss is :1.3765
2025-04-15 08:59:09 - INFO - the acc is :0.625
2025-04-15 08:59:14 - INFO - Epoch:1/25 Loss is :1.4167
2025-04-15 09:00:29 - INFO - epoch:2/25 iteration:0/30 batch loss is :1.5961
2025-04-15 09:00:29 - INFO - the acc is :0.1875
2025-04-15 09:00:35 - INFO - epoch:2/25 iteration:5/30 batch loss is :1.3115
2025-04-15 09:00:35 - INFO - the acc is :0.5
2025-04-15 09:00:56 - INFO - epoch:2/25 iteration:10/30 batch loss is :1.5527
2025-04-15 09:00:56 - INFO - the acc is :0.625
2025-04-15 09:01:02 - INFO - epoch:2/25 iteration:15/30 batch loss is :1.2901
2025-04-15 09:01:02 - INFO - the acc is :0.4375
2025-04-15 09:01:22 - INFO - epoch:2/25 iteration:20/30 batch loss is :1.6446
2025-04-15 09:01:22 - INFO - the acc is :0.4375
2025-04-15 09:01:37 - INFO - epoch:2/25 iteration:25/30 batch loss is :1.5281
2025-04-15 09:01:37 - INFO - the acc is :0.5
2025-04-15 09:01:42 - INFO - Epoch:2/25 Loss is :1.3703
2025-04-15 09:02:56 - INFO - epoch:3/25 iteration:0/30 batch loss is :1.2918
2025-04-15 09:02:56 - INFO - the acc is :0.6875
2025-04-15 09:03:02 - INFO - epoch:3/25 iteration:5/30 batch loss is :1.1036
2025-04-15 09:03:02 - INFO - the acc is :0.5
2025-04-15 09:03:22 - INFO - epoch:3/25 iteration:10/30 batch loss is :1.3693
2025-04-15 09:03:22 - INFO - the acc is :0.375
2025-04-15 09:03:29 - INFO - epoch:3/25 iteration:15/30 batch loss is :1.3325
2025-04-15 09:03:29 - INFO - the acc is :0.5625
2025-04-15 09:03:49 - INFO - epoch:3/25 iteration:20/30 batch loss is :1.5081
2025-04-15 09:03:49 - INFO - the acc is :0.375
2025-04-15 09:04:04 - INFO - epoch:3/25 iteration:25/30 batch loss is :1.4373
2025-04-15 09:04:04 - INFO - the acc is :0.4375
2025-04-15 09:04:10 - INFO - Epoch:3/25 Loss is :1.2746
2025-04-15 09:05:51 - INFO - epoch:4/25 iteration:0/30 batch loss is :1.3895
2025-04-15 09:05:51 - INFO - the acc is :0.5
2025-04-15 09:05:57 - INFO - epoch:4/25 iteration:5/30 batch loss is :1.1482
2025-04-15 09:05:57 - INFO - the acc is :0.625
2025-04-15 09:06:34 - INFO - epoch:4/25 iteration:10/30 batch loss is :1.1595
2025-04-15 09:06:34 - INFO - the acc is :0.4375
2025-04-15 09:06:40 - INFO - epoch:4/25 iteration:15/30 batch loss is :1.0993
2025-04-15 09:06:40 - INFO - the acc is :0.5
2025-04-15 09:07:17 - INFO - epoch:4/25 iteration:20/30 batch loss is :0.9262
2025-04-15 09:07:17 - INFO - the acc is :0.4375
2025-04-15 09:07:49 - INFO - epoch:4/25 iteration:25/30 batch loss is :0.7792
2025-04-15 09:07:49 - INFO - the acc is :0.75
2025-04-15 09:07:55 - INFO - Epoch:4/25 Loss is :1.1676
2025-04-15 09:09:08 - INFO - epoch:5/25 iteration:0/30 batch loss is :0.7073
2025-04-15 09:09:08 - INFO - the acc is :0.625
2025-04-15 09:09:15 - INFO - epoch:5/25 iteration:5/30 batch loss is :1.3445
2025-04-15 09:09:15 - INFO - the acc is :0.625
2025-04-15 09:09:36 - INFO - epoch:5/25 iteration:10/30 batch loss is :0.8590
2025-04-15 09:09:36 - INFO - the acc is :0.5625
2025-04-15 09:09:42 - INFO - epoch:5/25 iteration:15/30 batch loss is :1.1265
2025-04-15 09:09:42 - INFO - the acc is :0.5625
2025-04-15 09:10:03 - INFO - epoch:5/25 iteration:20/30 batch loss is :0.9991
2025-04-15 09:10:03 - INFO - the acc is :0.6875
2025-04-15 09:10:18 - INFO - epoch:5/25 iteration:25/30 batch loss is :1.2138
2025-04-15 09:10:18 - INFO - the acc is :0.4375
2025-04-15 09:10:23 - INFO - Epoch:5/25 Loss is :1.0225
2025-04-15 09:11:57 - INFO - val accuarcy is : 0.0513
2025-04-15 09:11:57 - INFO - VAL loss :31.6186
2025-04-15 09:13:10 - INFO - epoch:6/25 iteration:0/30 batch loss is :0.9807
2025-04-15 09:13:10 - INFO - the acc is :0.75
2025-04-15 09:13:16 - INFO - epoch:6/25 iteration:5/30 batch loss is :0.6923
2025-04-15 09:13:16 - INFO - the acc is :0.6875
2025-04-15 09:13:36 - INFO - epoch:6/25 iteration:10/30 batch loss is :1.0468
2025-04-15 09:13:36 - INFO - the acc is :0.4375
2025-04-15 09:13:42 - INFO - epoch:6/25 iteration:15/30 batch loss is :0.8408
2025-04-15 09:13:42 - INFO - the acc is :0.4375
2025-04-15 09:14:02 - INFO - epoch:6/25 iteration:20/30 batch loss is :1.0707
2025-04-15 09:14:02 - INFO - the acc is :0.375
2025-04-15 09:14:17 - INFO - epoch:6/25 iteration:25/30 batch loss is :1.3565
2025-04-15 09:14:17 - INFO - the acc is :0.4375
2025-04-15 09:14:23 - INFO - Epoch:6/25 Loss is :1.0013
2025-04-15 09:15:36 - INFO - epoch:7/25 iteration:0/30 batch loss is :0.9419
2025-04-15 09:15:36 - INFO - the acc is :0.75
2025-04-15 09:15:42 - INFO - epoch:7/25 iteration:5/30 batch loss is :0.9947
2025-04-15 09:15:42 - INFO - the acc is :0.625
2025-04-15 09:16:03 - INFO - epoch:7/25 iteration:10/30 batch loss is :1.1278
2025-04-15 09:16:03 - INFO - the acc is :0.5625
2025-04-15 09:16:09 - INFO - epoch:7/25 iteration:15/30 batch loss is :0.6377
2025-04-15 09:16:09 - INFO - the acc is :0.75
2025-04-15 09:16:29 - INFO - epoch:7/25 iteration:20/30 batch loss is :1.3110
2025-04-15 09:16:29 - INFO - the acc is :0.4375
2025-04-15 09:16:44 - INFO - epoch:7/25 iteration:25/30 batch loss is :1.0411
2025-04-15 09:16:44 - INFO - the acc is :0.5625
2025-04-15 09:16:50 - INFO - Epoch:7/25 Loss is :0.9497
2025-04-15 09:18:02 - INFO - epoch:8/25 iteration:0/30 batch loss is :0.6448
2025-04-15 09:18:02 - INFO - the acc is :0.8125
2025-04-15 09:18:09 - INFO - epoch:8/25 iteration:5/30 batch loss is :0.6391
2025-04-15 09:18:09 - INFO - the acc is :0.875
2025-04-15 09:18:29 - INFO - epoch:8/25 iteration:10/30 batch loss is :0.7689
2025-04-15 09:18:29 - INFO - the acc is :0.75
2025-04-15 09:18:36 - INFO - epoch:8/25 iteration:15/30 batch loss is :0.9750
2025-04-15 09:18:36 - INFO - the acc is :0.75
2025-04-15 09:18:55 - INFO - epoch:8/25 iteration:20/30 batch loss is :1.1397
2025-04-15 09:18:55 - INFO - the acc is :0.625
2025-04-15 09:19:10 - INFO - epoch:8/25 iteration:25/30 batch loss is :1.1493
2025-04-15 09:19:10 - INFO - the acc is :0.4375
2025-04-15 09:19:16 - INFO - Epoch:8/25 Loss is :0.8561
2025-04-15 09:20:56 - INFO - epoch:9/25 iteration:0/30 batch loss is :1.1878
2025-04-15 09:20:56 - INFO - the acc is :0.375
2025-04-15 09:21:02 - INFO - epoch:9/25 iteration:5/30 batch loss is :0.6478
2025-04-15 09:21:02 - INFO - the acc is :0.6875
2025-04-15 09:21:39 - INFO - epoch:9/25 iteration:10/30 batch loss is :0.9673
2025-04-15 09:21:39 - INFO - the acc is :0.8125
2025-04-15 09:21:45 - INFO - epoch:9/25 iteration:15/30 batch loss is :0.6077
2025-04-15 09:21:45 - INFO - the acc is :0.75
2025-04-15 09:22:21 - INFO - epoch:9/25 iteration:20/30 batch loss is :0.5266
2025-04-15 09:22:21 - INFO - the acc is :0.875
2025-04-15 09:22:54 - INFO - epoch:9/25 iteration:25/30 batch loss is :1.1907
2025-04-15 09:22:54 - INFO - the acc is :0.5
2025-04-15 09:23:00 - INFO - Epoch:9/25 Loss is :0.7771
2025-04-15 09:24:13 - INFO - epoch:10/25 iteration:0/30 batch loss is :0.5897
2025-04-15 09:24:13 - INFO - the acc is :0.875
2025-04-15 09:24:19 - INFO - epoch:10/25 iteration:5/30 batch loss is :0.6323
2025-04-15 09:24:19 - INFO - the acc is :0.75
2025-04-15 09:24:40 - INFO - epoch:10/25 iteration:10/30 batch loss is :0.3233
2025-04-15 09:24:40 - INFO - the acc is :0.875
2025-04-15 09:24:46 - INFO - epoch:10/25 iteration:15/30 batch loss is :0.5310
2025-04-15 09:24:46 - INFO - the acc is :0.75
2025-04-15 09:25:06 - INFO - epoch:10/25 iteration:20/30 batch loss is :0.4804
2025-04-15 09:25:06 - INFO - the acc is :0.8125
2025-04-15 09:25:21 - INFO - epoch:10/25 iteration:25/30 batch loss is :0.3424
2025-04-15 09:25:21 - INFO - the acc is :0.9375
2025-04-15 09:25:27 - INFO - Epoch:10/25 Loss is :0.6093
2025-04-15 09:27:00 - INFO - val accuarcy is : 0.0513
2025-04-15 09:27:00 - INFO - VAL loss :15.2858
2025-04-15 09:28:14 - INFO - epoch:11/25 iteration:0/30 batch loss is :0.6030
2025-04-15 09:28:14 - INFO - the acc is :0.8125
2025-04-15 09:28:20 - INFO - epoch:11/25 iteration:5/30 batch loss is :0.6637
2025-04-15 09:28:20 - INFO - the acc is :0.6875
2025-04-15 09:28:41 - INFO - epoch:11/25 iteration:10/30 batch loss is :0.8501
2025-04-15 09:28:41 - INFO - the acc is :0.75
2025-04-15 09:28:47 - INFO - epoch:11/25 iteration:15/30 batch loss is :0.3686
2025-04-15 09:28:47 - INFO - the acc is :1.0
2025-04-15 09:29:07 - INFO - epoch:11/25 iteration:20/30 batch loss is :0.4450
2025-04-15 09:29:07 - INFO - the acc is :0.875
2025-04-15 09:29:22 - INFO - epoch:11/25 iteration:25/30 batch loss is :0.3587
2025-04-15 09:29:22 - INFO - the acc is :0.875
2025-04-15 09:29:27 - INFO - Epoch:11/25 Loss is :0.5675
2025-04-15 09:30:41 - INFO - epoch:12/25 iteration:0/30 batch loss is :0.2793
2025-04-15 09:30:41 - INFO - the acc is :0.875
2025-04-15 09:30:47 - INFO - epoch:12/25 iteration:5/30 batch loss is :0.2278
2025-04-15 09:30:47 - INFO - the acc is :0.9375
2025-04-15 09:31:07 - INFO - epoch:12/25 iteration:10/30 batch loss is :0.4888
2025-04-15 09:31:07 - INFO - the acc is :0.8125
2025-04-15 09:31:13 - INFO - epoch:12/25 iteration:15/30 batch loss is :0.4094
2025-04-15 09:31:13 - INFO - the acc is :0.625
2025-04-15 09:31:32 - INFO - epoch:12/25 iteration:20/30 batch loss is :0.5801
2025-04-15 09:31:32 - INFO - the acc is :0.75
2025-04-15 09:31:47 - INFO - epoch:12/25 iteration:25/30 batch loss is :0.4050
2025-04-15 09:31:47 - INFO - the acc is :0.875
2025-04-15 09:31:53 - INFO - Epoch:12/25 Loss is :0.4796
2025-04-15 09:33:06 - INFO - epoch:13/25 iteration:0/30 batch loss is :0.1430
2025-04-15 09:33:06 - INFO - the acc is :1.0
2025-04-15 09:33:12 - INFO - epoch:13/25 iteration:5/30 batch loss is :0.1357
2025-04-15 09:33:12 - INFO - the acc is :1.0
2025-04-15 09:33:33 - INFO - epoch:13/25 iteration:10/30 batch loss is :0.4019
2025-04-15 09:33:33 - INFO - the acc is :1.0
2025-04-15 09:33:39 - INFO - epoch:13/25 iteration:15/30 batch loss is :0.6854
2025-04-15 09:33:39 - INFO - the acc is :0.625
2025-04-15 09:33:59 - INFO - epoch:13/25 iteration:20/30 batch loss is :0.4582
2025-04-15 09:33:59 - INFO - the acc is :0.875
2025-04-15 09:34:14 - INFO - epoch:13/25 iteration:25/30 batch loss is :0.6525
2025-04-15 09:34:14 - INFO - the acc is :0.75
2025-04-15 09:34:19 - INFO - Epoch:13/25 Loss is :0.4355
2025-04-15 09:35:59 - INFO - epoch:14/25 iteration:0/30 batch loss is :0.3525
2025-04-15 09:35:59 - INFO - the acc is :0.8125
2025-04-15 09:36:05 - INFO - epoch:14/25 iteration:5/30 batch loss is :0.4725
2025-04-15 09:36:05 - INFO - the acc is :0.8125
2025-04-15 09:36:42 - INFO - epoch:14/25 iteration:10/30 batch loss is :0.3333
2025-04-15 09:36:42 - INFO - the acc is :0.9375
2025-04-15 09:36:48 - INFO - epoch:14/25 iteration:15/30 batch loss is :0.5558
2025-04-15 09:36:48 - INFO - the acc is :0.875
2025-04-15 09:37:25 - INFO - epoch:14/25 iteration:20/30 batch loss is :0.5109
2025-04-15 09:37:25 - INFO - the acc is :0.75
2025-04-15 09:37:58 - INFO - epoch:14/25 iteration:25/30 batch loss is :0.3525
2025-04-15 09:37:58 - INFO - the acc is :0.9375
2025-04-15 09:38:04 - INFO - Epoch:14/25 Loss is :0.4448
2025-04-15 09:39:17 - INFO - epoch:15/25 iteration:0/30 batch loss is :0.3365
2025-04-15 09:39:17 - INFO - the acc is :0.9375
2025-04-15 09:39:23 - INFO - epoch:15/25 iteration:5/30 batch loss is :0.2646
2025-04-15 09:39:23 - INFO - the acc is :0.9375
2025-04-15 09:39:44 - INFO - epoch:15/25 iteration:10/30 batch loss is :0.3766
2025-04-15 09:39:44 - INFO - the acc is :0.9375
2025-04-15 09:39:51 - INFO - epoch:15/25 iteration:15/30 batch loss is :0.3352
2025-04-15 09:39:51 - INFO - the acc is :0.875
2025-04-15 09:40:11 - INFO - epoch:15/25 iteration:20/30 batch loss is :0.2737
2025-04-15 09:40:11 - INFO - the acc is :0.9375
2025-04-15 09:40:27 - INFO - epoch:15/25 iteration:25/30 batch loss is :0.4828
2025-04-15 09:40:27 - INFO - the acc is :0.875
2025-04-15 09:40:32 - INFO - Epoch:15/25 Loss is :0.3576
2025-04-15 09:42:06 - INFO - val accuarcy is : 0.0513
2025-04-15 09:42:06 - INFO - VAL loss :16.6040
2025-04-15 09:43:20 - INFO - epoch:16/25 iteration:0/30 batch loss is :0.3586
2025-04-15 09:43:20 - INFO - the acc is :0.875
2025-04-15 09:43:26 - INFO - epoch:16/25 iteration:5/30 batch loss is :0.2441
2025-04-15 09:43:26 - INFO - the acc is :1.0
2025-04-15 09:43:46 - INFO - epoch:16/25 iteration:10/30 batch loss is :0.5775
2025-04-15 09:43:46 - INFO - the acc is :0.8125
2025-04-15 09:43:53 - INFO - epoch:16/25 iteration:15/30 batch loss is :0.5587
2025-04-15 09:43:53 - INFO - the acc is :0.8125
2025-04-15 09:44:13 - INFO - epoch:16/25 iteration:20/30 batch loss is :0.2736
2025-04-15 09:44:13 - INFO - the acc is :0.9375
2025-04-15 09:44:28 - INFO - epoch:16/25 iteration:25/30 batch loss is :0.4982
2025-04-15 09:44:28 - INFO - the acc is :0.875
2025-04-15 09:44:34 - INFO - Epoch:16/25 Loss is :0.4010
2025-04-15 09:45:48 - INFO - epoch:17/25 iteration:0/30 batch loss is :0.2163
2025-04-15 09:45:48 - INFO - the acc is :1.0
2025-04-15 09:45:54 - INFO - epoch:17/25 iteration:5/30 batch loss is :0.3102
2025-04-15 09:45:54 - INFO - the acc is :0.875
2025-04-15 09:46:14 - INFO - epoch:17/25 iteration:10/30 batch loss is :0.4247
2025-04-15 09:46:14 - INFO - the acc is :0.875
2025-04-15 09:46:20 - INFO - epoch:17/25 iteration:15/30 batch loss is :0.2656
2025-04-15 09:46:20 - INFO - the acc is :0.9375
2025-04-15 09:46:40 - INFO - epoch:17/25 iteration:20/30 batch loss is :0.1487
2025-04-15 09:46:40 - INFO - the acc is :1.0
2025-04-15 09:46:56 - INFO - epoch:17/25 iteration:25/30 batch loss is :0.2322
2025-04-15 09:46:56 - INFO - the acc is :0.9375
2025-04-15 09:47:01 - INFO - Epoch:17/25 Loss is :0.3578
2025-04-15 09:48:15 - INFO - epoch:18/25 iteration:0/30 batch loss is :0.5254
2025-04-15 09:48:15 - INFO - the acc is :0.875
2025-04-15 09:48:21 - INFO - epoch:18/25 iteration:5/30 batch loss is :0.1946
2025-04-15 09:48:21 - INFO - the acc is :1.0
2025-04-15 09:48:42 - INFO - epoch:18/25 iteration:10/30 batch loss is :0.1908
2025-04-15 09:48:42 - INFO - the acc is :1.0
2025-04-15 09:48:48 - INFO - epoch:18/25 iteration:15/30 batch loss is :0.2071
2025-04-15 09:48:48 - INFO - the acc is :1.0
2025-04-15 09:49:08 - INFO - epoch:18/25 iteration:20/30 batch loss is :0.3117
2025-04-15 09:49:08 - INFO - the acc is :0.875
2025-04-15 09:49:23 - INFO - epoch:18/25 iteration:25/30 batch loss is :0.1654
2025-04-15 09:49:23 - INFO - the acc is :1.0
2025-04-15 09:49:29 - INFO - Epoch:18/25 Loss is :0.2853
2025-04-15 09:51:08 - INFO - epoch:19/25 iteration:0/30 batch loss is :0.2687
2025-04-15 09:51:08 - INFO - the acc is :0.875
2025-04-15 09:51:14 - INFO - epoch:19/25 iteration:5/30 batch loss is :0.3079
2025-04-15 09:51:14 - INFO - the acc is :0.875
2025-04-15 09:51:51 - INFO - epoch:19/25 iteration:10/30 batch loss is :0.4160
2025-04-15 09:51:51 - INFO - the acc is :0.875
2025-04-15 09:51:57 - INFO - epoch:19/25 iteration:15/30 batch loss is :0.2533
2025-04-15 09:51:57 - INFO - the acc is :1.0
2025-04-15 09:52:34 - INFO - epoch:19/25 iteration:20/30 batch loss is :0.1970
2025-04-15 09:52:34 - INFO - the acc is :0.9375
2025-04-15 09:53:07 - INFO - epoch:19/25 iteration:25/30 batch loss is :0.2222
2025-04-15 09:53:07 - INFO - the acc is :1.0
2025-04-15 09:53:13 - INFO - Epoch:19/25 Loss is :0.3642
2025-04-15 09:54:27 - INFO - epoch:20/25 iteration:0/30 batch loss is :0.1901
2025-04-15 09:54:27 - INFO - the acc is :1.0
2025-04-15 09:54:34 - INFO - epoch:20/25 iteration:5/30 batch loss is :0.1302
2025-04-15 09:54:34 - INFO - the acc is :1.0
2025-04-15 09:54:55 - INFO - epoch:20/25 iteration:10/30 batch loss is :0.1138
2025-04-15 09:54:55 - INFO - the acc is :1.0
2025-04-15 09:55:01 - INFO - epoch:20/25 iteration:15/30 batch loss is :0.1858
2025-04-15 09:55:01 - INFO - the acc is :1.0
2025-04-15 09:55:21 - INFO - epoch:20/25 iteration:20/30 batch loss is :0.0852
2025-04-15 09:55:21 - INFO - the acc is :1.0
2025-04-15 09:55:36 - INFO - epoch:20/25 iteration:25/30 batch loss is :0.2649
2025-04-15 09:55:36 - INFO - the acc is :0.8125
2025-04-15 09:55:42 - INFO - Epoch:20/25 Loss is :0.2813
2025-04-15 09:57:16 - INFO - val accuarcy is : 0.0598
2025-04-15 09:57:16 - INFO - VAL loss :19.5873
2025-04-15 09:58:31 - INFO - epoch:21/25 iteration:0/30 batch loss is :0.1449
2025-04-15 09:58:31 - INFO - the acc is :1.0
2025-04-15 09:58:38 - INFO - epoch:21/25 iteration:5/30 batch loss is :0.2954
2025-04-15 09:58:38 - INFO - the acc is :0.9375
2025-04-15 09:58:58 - INFO - epoch:21/25 iteration:10/30 batch loss is :0.5170
2025-04-15 09:58:58 - INFO - the acc is :0.8125
2025-04-15 09:59:05 - INFO - epoch:21/25 iteration:15/30 batch loss is :0.1192
2025-04-15 09:59:05 - INFO - the acc is :1.0
2025-04-15 09:59:24 - INFO - epoch:21/25 iteration:20/30 batch loss is :0.3550
2025-04-15 09:59:24 - INFO - the acc is :0.9375
2025-04-15 09:59:39 - INFO - epoch:21/25 iteration:25/30 batch loss is :0.1765
2025-04-15 09:59:39 - INFO - the acc is :1.0
2025-04-15 09:59:45 - INFO - Epoch:21/25 Loss is :0.3165
2025-04-15 10:00:58 - INFO - epoch:22/25 iteration:0/30 batch loss is :0.1303
2025-04-15 10:00:58 - INFO - the acc is :1.0
2025-04-15 10:01:04 - INFO - epoch:22/25 iteration:5/30 batch loss is :0.1201
2025-04-15 10:01:04 - INFO - the acc is :1.0
2025-04-15 10:01:25 - INFO - epoch:22/25 iteration:10/30 batch loss is :0.2622
2025-04-15 10:01:25 - INFO - the acc is :0.9375
2025-04-15 10:01:31 - INFO - epoch:22/25 iteration:15/30 batch loss is :0.1763
2025-04-15 10:01:31 - INFO - the acc is :1.0
2025-04-15 10:01:51 - INFO - epoch:22/25 iteration:20/30 batch loss is :0.3487
2025-04-15 10:01:51 - INFO - the acc is :0.8125
2025-04-15 10:02:07 - INFO - epoch:22/25 iteration:25/30 batch loss is :0.3535
2025-04-15 10:02:07 - INFO - the acc is :0.8125
2025-04-15 10:02:12 - INFO - Epoch:22/25 Loss is :0.2614
2025-04-15 10:03:26 - INFO - epoch:23/25 iteration:0/30 batch loss is :0.2133
2025-04-15 10:03:26 - INFO - the acc is :0.9375
2025-04-15 10:03:32 - INFO - epoch:23/25 iteration:5/30 batch loss is :0.2550
2025-04-15 10:03:32 - INFO - the acc is :0.9375
2025-04-15 10:03:53 - INFO - epoch:23/25 iteration:10/30 batch loss is :0.1205
2025-04-15 10:03:53 - INFO - the acc is :1.0
2025-04-15 10:03:59 - INFO - epoch:23/25 iteration:15/30 batch loss is :0.2086
2025-04-15 10:03:59 - INFO - the acc is :0.875
2025-04-15 10:04:19 - INFO - epoch:23/25 iteration:20/30 batch loss is :0.1032
2025-04-15 10:04:19 - INFO - the acc is :1.0
2025-04-15 10:04:34 - INFO - epoch:23/25 iteration:25/30 batch loss is :0.3383
2025-04-15 10:04:34 - INFO - the acc is :0.9375
2025-04-15 10:04:40 - INFO - Epoch:23/25 Loss is :0.2584
2025-04-15 10:06:21 - INFO - epoch:24/25 iteration:0/30 batch loss is :0.1259
2025-04-15 10:06:21 - INFO - the acc is :1.0
2025-04-15 10:06:27 - INFO - epoch:24/25 iteration:5/30 batch loss is :0.2238
2025-04-15 10:06:27 - INFO - the acc is :0.9375
2025-04-15 10:07:04 - INFO - epoch:24/25 iteration:10/30 batch loss is :0.5418
2025-04-15 10:07:04 - INFO - the acc is :0.75
2025-04-15 10:07:10 - INFO - epoch:24/25 iteration:15/30 batch loss is :0.1431
2025-04-15 10:07:10 - INFO - the acc is :1.0
2025-04-15 10:07:46 - INFO - epoch:24/25 iteration:20/30 batch loss is :0.2919
2025-04-15 10:07:46 - INFO - the acc is :0.9375
2025-04-15 10:08:19 - INFO - epoch:24/25 iteration:25/30 batch loss is :0.3950
2025-04-15 10:08:19 - INFO - the acc is :1.0
2025-04-15 10:08:24 - INFO - Epoch:24/25 Loss is :0.2516
2025-04-15 10:09:59 - INFO - val accuarcy is : 0.0513
2025-04-15 10:09:59 - INFO - VAL loss :20.2342
2025-04-15 10:09:59 - INFO - fold number:1
2025-04-15 10:11:13 - INFO - epoch:0/25 iteration:0/30 batch loss is :0.2726
2025-04-15 10:11:13 - INFO - the acc is :0.875
2025-04-15 10:11:19 - INFO - epoch:0/25 iteration:5/30 batch loss is :0.1531
2025-04-15 10:11:19 - INFO - the acc is :1.0
2025-04-15 10:11:40 - INFO - epoch:0/25 iteration:10/30 batch loss is :0.1781
2025-04-15 10:11:40 - INFO - the acc is :0.9375
2025-04-15 10:11:46 - INFO - epoch:0/25 iteration:15/30 batch loss is :0.6486
2025-04-15 10:11:46 - INFO - the acc is :0.875
2025-04-15 10:12:06 - INFO - epoch:0/25 iteration:20/30 batch loss is :0.4652
2025-04-15 10:12:06 - INFO - the acc is :0.8125
2025-04-15 10:12:21 - INFO - epoch:0/25 iteration:25/30 batch loss is :0.2100
2025-04-15 10:12:21 - INFO - the acc is :1.0
2025-04-15 10:12:27 - INFO - Epoch:0/25 Loss is :0.4477
2025-04-15 10:13:44 - INFO - val accuarcy is : 0.0684
2025-04-15 10:13:44 - INFO - VAL loss :16.2856
2025-04-15 10:14:58 - INFO - epoch:1/25 iteration:0/30 batch loss is :0.1849
2025-04-15 10:14:58 - INFO - the acc is :0.9375
2025-04-15 10:15:05 - INFO - epoch:1/25 iteration:5/30 batch loss is :0.3797
2025-04-15 10:15:05 - INFO - the acc is :0.875
2025-04-15 10:15:26 - INFO - epoch:1/25 iteration:10/30 batch loss is :0.1816
2025-04-15 10:15:26 - INFO - the acc is :0.9375
2025-04-15 10:15:32 - INFO - epoch:1/25 iteration:15/30 batch loss is :0.2609
2025-04-15 10:15:32 - INFO - the acc is :0.9375
2025-04-15 10:15:52 - INFO - epoch:1/25 iteration:20/30 batch loss is :0.4713
2025-04-15 10:15:52 - INFO - the acc is :0.9375
2025-04-15 10:16:08 - INFO - epoch:1/25 iteration:25/30 batch loss is :0.1477
2025-04-15 10:16:08 - INFO - the acc is :1.0
2025-04-15 10:16:13 - INFO - Epoch:1/25 Loss is :0.3803
2025-04-15 10:17:27 - INFO - epoch:2/25 iteration:0/30 batch loss is :0.3470
2025-04-15 10:17:27 - INFO - the acc is :0.875
2025-04-15 10:17:34 - INFO - epoch:2/25 iteration:5/30 batch loss is :0.2860
2025-04-15 10:17:34 - INFO - the acc is :0.9375
2025-04-15 10:17:54 - INFO - epoch:2/25 iteration:10/30 batch loss is :0.9872
2025-04-15 10:17:54 - INFO - the acc is :0.75
2025-04-15 10:18:01 - INFO - epoch:2/25 iteration:15/30 batch loss is :0.2422
2025-04-15 10:18:01 - INFO - the acc is :1.0
2025-04-15 10:18:20 - INFO - epoch:2/25 iteration:20/30 batch loss is :0.1029
2025-04-15 10:18:20 - INFO - the acc is :1.0
2025-04-15 10:18:36 - INFO - epoch:2/25 iteration:25/30 batch loss is :0.2915
2025-04-15 10:18:36 - INFO - the acc is :0.9375
2025-04-15 10:18:42 - INFO - Epoch:2/25 Loss is :0.4247
2025-04-15 10:20:03 - INFO - epoch:3/25 iteration:0/30 batch loss is :0.4389
2025-04-15 10:20:03 - INFO - the acc is :0.9375
2025-04-15 10:20:09 - INFO - epoch:3/25 iteration:5/30 batch loss is :0.2899
2025-04-15 10:20:09 - INFO - the acc is :0.875
2025-04-15 10:20:47 - INFO - epoch:3/25 iteration:10/30 batch loss is :0.1063
2025-04-15 10:20:47 - INFO - the acc is :1.0
2025-04-15 10:20:53 - INFO - epoch:3/25 iteration:15/30 batch loss is :0.1201
2025-04-15 10:20:53 - INFO - the acc is :1.0
2025-04-15 10:21:30 - INFO - epoch:3/25 iteration:20/30 batch loss is :0.1648
2025-04-15 10:21:30 - INFO - the acc is :0.9375
2025-04-15 10:22:03 - INFO - epoch:3/25 iteration:25/30 batch loss is :0.3867
2025-04-15 10:22:03 - INFO - the acc is :1.0
2025-04-15 10:22:10 - INFO - Epoch:3/25 Loss is :0.3387
2025-04-15 10:23:41 - INFO - epoch:4/25 iteration:0/30 batch loss is :0.1452
2025-04-15 10:23:41 - INFO - the acc is :1.0
2025-04-15 10:23:49 - INFO - epoch:4/25 iteration:5/30 batch loss is :0.3168
2025-04-15 10:23:49 - INFO - the acc is :0.8125
2025-04-15 10:24:17 - INFO - epoch:4/25 iteration:10/30 batch loss is :0.5234
2025-04-15 10:24:17 - INFO - the acc is :0.875
2025-04-15 10:24:23 - INFO - epoch:4/25 iteration:15/30 batch loss is :0.3011
2025-04-15 10:24:23 - INFO - the acc is :0.875
2025-04-15 10:24:44 - INFO - epoch:4/25 iteration:20/30 batch loss is :0.1259
2025-04-15 10:24:44 - INFO - the acc is :1.0
2025-04-15 10:25:03 - INFO - epoch:4/25 iteration:25/30 batch loss is :0.9153
2025-04-15 10:25:03 - INFO - the acc is :0.8125
2025-04-15 10:25:08 - INFO - Epoch:4/25 Loss is :0.3394
2025-04-15 10:26:23 - INFO - epoch:5/25 iteration:0/30 batch loss is :0.1303
2025-04-15 10:26:23 - INFO - the acc is :1.0
2025-04-15 10:26:29 - INFO - epoch:5/25 iteration:5/30 batch loss is :0.4458
2025-04-15 10:26:29 - INFO - the acc is :0.8125
2025-04-15 10:26:50 - INFO - epoch:5/25 iteration:10/30 batch loss is :0.1182
2025-04-15 10:26:50 - INFO - the acc is :1.0
2025-04-15 10:26:56 - INFO - epoch:5/25 iteration:15/30 batch loss is :0.2784
2025-04-15 10:26:56 - INFO - the acc is :0.9375
2025-04-15 10:27:16 - INFO - epoch:5/25 iteration:20/30 batch loss is :0.1505
2025-04-15 10:27:16 - INFO - the acc is :1.0
2025-04-15 10:27:32 - INFO - epoch:5/25 iteration:25/30 batch loss is :0.1373
2025-04-15 10:27:32 - INFO - the acc is :1.0
2025-04-15 10:27:37 - INFO - Epoch:5/25 Loss is :0.3099
2025-04-15 10:29:12 - INFO - val accuarcy is : 0.0684
2025-04-15 10:29:12 - INFO - VAL loss :14.9931
2025-04-15 10:30:27 - INFO - epoch:6/25 iteration:0/30 batch loss is :0.3871
2025-04-15 10:30:27 - INFO - the acc is :0.875
2025-04-15 10:30:34 - INFO - epoch:6/25 iteration:5/30 batch loss is :0.2836
2025-04-15 10:30:34 - INFO - the acc is :0.875
2025-04-15 10:30:53 - INFO - epoch:6/25 iteration:10/30 batch loss is :0.1933
2025-04-15 10:30:53 - INFO - the acc is :0.9375
2025-04-15 10:31:00 - INFO - epoch:6/25 iteration:15/30 batch loss is :0.3294
2025-04-15 10:31:00 - INFO - the acc is :0.875
2025-04-15 10:31:19 - INFO - epoch:6/25 iteration:20/30 batch loss is :0.4757
2025-04-15 10:31:19 - INFO - the acc is :0.9375
2025-04-15 10:31:34 - INFO - epoch:6/25 iteration:25/30 batch loss is :0.1891
2025-04-15 10:31:34 - INFO - the acc is :0.9375
2025-04-15 10:31:40 - INFO - Epoch:6/25 Loss is :0.3413
2025-04-15 10:32:53 - INFO - epoch:7/25 iteration:0/30 batch loss is :0.5228
2025-04-15 10:32:53 - INFO - the acc is :0.75
2025-04-15 10:33:00 - INFO - epoch:7/25 iteration:5/30 batch loss is :0.2169
2025-04-15 10:33:00 - INFO - the acc is :0.9375
2025-04-15 10:33:20 - INFO - epoch:7/25 iteration:10/30 batch loss is :0.5535
2025-04-15 10:33:20 - INFO - the acc is :0.875
2025-04-15 10:33:26 - INFO - epoch:7/25 iteration:15/30 batch loss is :0.1505
2025-04-15 10:33:26 - INFO - the acc is :1.0
2025-04-15 10:33:46 - INFO - epoch:7/25 iteration:20/30 batch loss is :0.6973
2025-04-15 10:33:46 - INFO - the acc is :0.6875
2025-04-15 10:34:02 - INFO - epoch:7/25 iteration:25/30 batch loss is :0.3769
2025-04-15 10:34:02 - INFO - the acc is :0.8125
2025-04-15 10:34:07 - INFO - Epoch:7/25 Loss is :0.3399
2025-04-15 10:35:21 - INFO - epoch:8/25 iteration:0/30 batch loss is :0.4302
2025-04-15 10:35:21 - INFO - the acc is :0.875
2025-04-15 10:35:27 - INFO - epoch:8/25 iteration:5/30 batch loss is :0.3205
2025-04-15 10:35:27 - INFO - the acc is :0.875
2025-04-15 10:35:47 - INFO - epoch:8/25 iteration:10/30 batch loss is :0.1640
2025-04-15 10:35:47 - INFO - the acc is :0.9375
2025-04-15 10:35:54 - INFO - epoch:8/25 iteration:15/30 batch loss is :0.1120
2025-04-15 10:35:54 - INFO - the acc is :1.0
2025-04-15 10:36:14 - INFO - epoch:8/25 iteration:20/30 batch loss is :0.5083
2025-04-15 10:36:14 - INFO - the acc is :0.875
2025-04-15 10:36:29 - INFO - epoch:8/25 iteration:25/30 batch loss is :0.3250
2025-04-15 10:36:29 - INFO - the acc is :0.875
2025-04-15 10:36:34 - INFO - Epoch:8/25 Loss is :0.3796
2025-04-15 10:37:48 - INFO - epoch:9/25 iteration:0/30 batch loss is :0.3649
2025-04-15 10:37:48 - INFO - the acc is :0.9375
2025-04-15 10:37:54 - INFO - epoch:9/25 iteration:5/30 batch loss is :0.1222
2025-04-15 10:37:54 - INFO - the acc is :1.0
2025-04-15 10:38:14 - INFO - epoch:9/25 iteration:10/30 batch loss is :0.4004
2025-04-15 10:38:14 - INFO - the acc is :0.8125
2025-04-15 10:38:21 - INFO - epoch:9/25 iteration:15/30 batch loss is :0.0996
2025-04-15 10:38:21 - INFO - the acc is :1.0
2025-04-15 10:38:40 - INFO - epoch:9/25 iteration:20/30 batch loss is :0.4987
2025-04-15 10:38:40 - INFO - the acc is :0.75
2025-04-15 10:38:55 - INFO - epoch:9/25 iteration:25/30 batch loss is :0.2847
2025-04-15 10:38:55 - INFO - the acc is :0.875
2025-04-15 10:39:01 - INFO - Epoch:9/25 Loss is :0.3521
2025-04-15 10:40:15 - INFO - epoch:10/25 iteration:0/30 batch loss is :0.3987
2025-04-15 10:40:15 - INFO - the acc is :0.8125
2025-04-15 10:40:21 - INFO - epoch:10/25 iteration:5/30 batch loss is :0.6530
2025-04-15 10:40:21 - INFO - the acc is :0.8125
2025-04-15 10:40:42 - INFO - epoch:10/25 iteration:10/30 batch loss is :0.2338
2025-04-15 10:40:42 - INFO - the acc is :0.9375
2025-04-15 10:40:48 - INFO - epoch:10/25 iteration:15/30 batch loss is :0.0994
2025-04-15 10:40:48 - INFO - the acc is :1.0
2025-04-15 10:41:08 - INFO - epoch:10/25 iteration:20/30 batch loss is :0.1843
2025-04-15 10:41:08 - INFO - the acc is :0.9375
2025-04-15 10:41:23 - INFO - epoch:10/25 iteration:25/30 batch loss is :0.2089
2025-04-15 10:41:23 - INFO - the acc is :1.0
2025-04-15 10:41:29 - INFO - Epoch:10/25 Loss is :0.3662
2025-04-15 10:42:45 - INFO - val accuarcy is : 0.0684
2025-04-15 10:42:45 - INFO - VAL loss :14.6458
2025-04-15 10:43:59 - INFO - epoch:11/25 iteration:0/30 batch loss is :0.1802
2025-04-15 10:43:59 - INFO - the acc is :1.0
2025-04-15 10:44:05 - INFO - epoch:11/25 iteration:5/30 batch loss is :0.3767
2025-04-15 10:44:05 - INFO - the acc is :0.875
2025-04-15 10:44:25 - INFO - epoch:11/25 iteration:10/30 batch loss is :1.0184
2025-04-15 10:44:25 - INFO - the acc is :0.625
2025-04-15 10:44:32 - INFO - epoch:11/25 iteration:15/30 batch loss is :0.1756
2025-04-15 10:44:32 - INFO - the acc is :1.0
2025-04-15 10:44:52 - INFO - epoch:11/25 iteration:20/30 batch loss is :0.1214
2025-04-15 10:44:52 - INFO - the acc is :1.0
2025-04-15 10:45:07 - INFO - epoch:11/25 iteration:25/30 batch loss is :0.3640
2025-04-15 10:45:07 - INFO - the acc is :0.8125
2025-04-15 10:45:13 - INFO - Epoch:11/25 Loss is :0.3976
2025-04-15 10:46:25 - INFO - epoch:12/25 iteration:0/30 batch loss is :0.4009
2025-04-15 10:46:25 - INFO - the acc is :0.875
2025-04-15 10:46:31 - INFO - epoch:12/25 iteration:5/30 batch loss is :0.2581
2025-04-15 10:46:31 - INFO - the acc is :0.875
2025-04-15 10:46:52 - INFO - epoch:12/25 iteration:10/30 batch loss is :0.2981
2025-04-15 10:46:52 - INFO - the acc is :0.9375
2025-04-15 10:46:58 - INFO - epoch:12/25 iteration:15/30 batch loss is :0.1324
2025-04-15 10:46:58 - INFO - the acc is :0.9375
2025-04-15 10:47:18 - INFO - epoch:12/25 iteration:20/30 batch loss is :0.2968
2025-04-15 10:47:18 - INFO - the acc is :0.9375
2025-04-15 10:47:33 - INFO - epoch:12/25 iteration:25/30 batch loss is :0.3074
2025-04-15 10:47:33 - INFO - the acc is :0.875
2025-04-15 10:47:39 - INFO - Epoch:12/25 Loss is :0.3976
2025-04-15 10:48:51 - INFO - epoch:13/25 iteration:0/30 batch loss is :0.1073
2025-04-15 10:48:51 - INFO - the acc is :1.0
2025-04-15 10:48:57 - INFO - epoch:13/25 iteration:5/30 batch loss is :0.1438
2025-04-15 10:48:57 - INFO - the acc is :1.0
2025-04-15 10:49:18 - INFO - epoch:13/25 iteration:10/30 batch loss is :0.3274
2025-04-15 10:49:18 - INFO - the acc is :0.875
2025-04-15 10:49:24 - INFO - epoch:13/25 iteration:15/30 batch loss is :0.3421
2025-04-15 10:49:24 - INFO - the acc is :0.875
2025-04-15 10:49:43 - INFO - epoch:13/25 iteration:20/30 batch loss is :0.6367
2025-04-15 10:49:43 - INFO - the acc is :0.6875
2025-04-15 10:50:01 - INFO - epoch:13/25 iteration:25/30 batch loss is :0.2804
2025-04-15 10:50:01 - INFO - the acc is :0.875
2025-04-15 10:50:08 - INFO - Epoch:13/25 Loss is :0.3599
2025-04-15 10:51:49 - INFO - epoch:14/25 iteration:0/30 batch loss is :0.1732
2025-04-15 10:51:49 - INFO - the acc is :1.0
2025-04-15 10:51:54 - INFO - epoch:14/25 iteration:5/30 batch loss is :0.3065
2025-04-15 10:51:54 - INFO - the acc is :0.9375
2025-04-15 10:52:31 - INFO - epoch:14/25 iteration:10/30 batch loss is :0.3135
2025-04-15 10:52:31 - INFO - the acc is :0.875
2025-04-15 10:52:37 - INFO - epoch:14/25 iteration:15/30 batch loss is :0.5484
2025-04-15 10:52:37 - INFO - the acc is :0.8125
2025-04-15 10:53:14 - INFO - epoch:14/25 iteration:20/30 batch loss is :0.1904
2025-04-15 10:53:14 - INFO - the acc is :1.0
2025-04-15 10:53:47 - INFO - epoch:14/25 iteration:25/30 batch loss is :0.3942
2025-04-15 10:53:47 - INFO - the acc is :0.9375
2025-04-15 10:53:52 - INFO - Epoch:14/25 Loss is :0.3848
2025-04-15 10:55:06 - INFO - epoch:15/25 iteration:0/30 batch loss is :0.2945
2025-04-15 10:55:06 - INFO - the acc is :0.875
2025-04-15 10:55:12 - INFO - epoch:15/25 iteration:5/30 batch loss is :0.3691
2025-04-15 10:55:12 - INFO - the acc is :0.75
2025-04-15 10:55:33 - INFO - epoch:15/25 iteration:10/30 batch loss is :0.1308
2025-04-15 10:55:33 - INFO - the acc is :0.9375
2025-04-15 10:55:39 - INFO - epoch:15/25 iteration:15/30 batch loss is :0.2901
2025-04-15 10:55:39 - INFO - the acc is :0.9375
2025-04-15 10:55:59 - INFO - epoch:15/25 iteration:20/30 batch loss is :0.3924
2025-04-15 10:55:59 - INFO - the acc is :0.875
2025-04-15 10:56:14 - INFO - epoch:15/25 iteration:25/30 batch loss is :0.4688
2025-04-15 10:56:14 - INFO - the acc is :0.875
2025-04-15 10:56:20 - INFO - Epoch:15/25 Loss is :0.3687
2025-04-15 10:57:54 - INFO - val accuarcy is : 0.0684
2025-04-15 10:57:54 - INFO - VAL loss :17.8551
2025-04-15 10:59:10 - INFO - epoch:16/25 iteration:0/30 batch loss is :0.2711
2025-04-15 10:59:10 - INFO - the acc is :0.875
2025-04-15 10:59:16 - INFO - epoch:16/25 iteration:5/30 batch loss is :0.2581
2025-04-15 10:59:16 - INFO - the acc is :0.9375
2025-04-15 10:59:37 - INFO - epoch:16/25 iteration:10/30 batch loss is :0.2305
2025-04-15 10:59:37 - INFO - the acc is :0.8125
2025-04-15 10:59:43 - INFO - epoch:16/25 iteration:15/30 batch loss is :0.5656
2025-04-15 10:59:43 - INFO - the acc is :0.9375
2025-04-15 11:00:02 - INFO - epoch:16/25 iteration:20/30 batch loss is :0.3212
2025-04-15 11:00:02 - INFO - the acc is :0.9375
2025-04-15 11:00:18 - INFO - epoch:16/25 iteration:25/30 batch loss is :0.2283
2025-04-15 11:00:18 - INFO - the acc is :0.9375
2025-04-15 11:00:23 - INFO - Epoch:16/25 Loss is :0.3566
2025-04-15 11:01:37 - INFO - epoch:17/25 iteration:0/30 batch loss is :0.2881
2025-04-15 11:01:37 - INFO - the acc is :0.9375
2025-04-15 11:01:43 - INFO - epoch:17/25 iteration:5/30 batch loss is :0.3145
2025-04-15 11:01:43 - INFO - the acc is :0.8125
2025-04-15 11:02:03 - INFO - epoch:17/25 iteration:10/30 batch loss is :0.4798
2025-04-15 11:02:03 - INFO - the acc is :0.9375
2025-04-15 11:02:10 - INFO - epoch:17/25 iteration:15/30 batch loss is :0.2078
2025-04-15 11:02:10 - INFO - the acc is :0.9375
2025-04-15 11:02:29 - INFO - epoch:17/25 iteration:20/30 batch loss is :0.2252
2025-04-15 11:02:29 - INFO - the acc is :0.9375
2025-04-15 11:02:45 - INFO - epoch:17/25 iteration:25/30 batch loss is :0.2066
2025-04-15 11:02:45 - INFO - the acc is :1.0
2025-04-15 11:02:50 - INFO - Epoch:17/25 Loss is :0.3332
2025-04-15 11:04:03 - INFO - epoch:18/25 iteration:0/30 batch loss is :0.2375
2025-04-15 11:04:03 - INFO - the acc is :0.9375
2025-04-15 11:04:10 - INFO - epoch:18/25 iteration:5/30 batch loss is :0.2385
2025-04-15 11:04:10 - INFO - the acc is :0.875
2025-04-15 11:04:30 - INFO - epoch:18/25 iteration:10/30 batch loss is :0.2352
2025-04-15 11:04:30 - INFO - the acc is :0.9375
2025-04-15 11:04:37 - INFO - epoch:18/25 iteration:15/30 batch loss is :0.1147
2025-04-15 11:04:37 - INFO - the acc is :0.9375
2025-04-15 11:04:57 - INFO - epoch:18/25 iteration:20/30 batch loss is :0.3576
2025-04-15 11:04:57 - INFO - the acc is :0.875
2025-04-15 11:05:24 - INFO - epoch:18/25 iteration:25/30 batch loss is :0.1797
2025-04-15 11:05:24 - INFO - the acc is :0.9375
2025-04-15 11:05:30 - INFO - Epoch:18/25 Loss is :0.3160
2025-04-15 11:07:11 - INFO - epoch:19/25 iteration:0/30 batch loss is :0.1856
2025-04-15 11:07:11 - INFO - the acc is :0.9375
2025-04-15 11:07:17 - INFO - epoch:19/25 iteration:5/30 batch loss is :0.3860
2025-04-15 11:07:17 - INFO - the acc is :0.875
2025-04-15 11:07:56 - INFO - epoch:19/25 iteration:10/30 batch loss is :0.2811
2025-04-15 11:07:56 - INFO - the acc is :0.9375
2025-04-15 11:08:01 - INFO - epoch:19/25 iteration:15/30 batch loss is :0.6800
2025-04-15 11:08:01 - INFO - the acc is :0.75
2025-04-15 11:08:38 - INFO - epoch:19/25 iteration:20/30 batch loss is :0.1265
2025-04-15 11:08:38 - INFO - the acc is :1.0
2025-04-15 11:09:08 - INFO - epoch:19/25 iteration:25/30 batch loss is :1.2086
2025-04-15 11:09:08 - INFO - the acc is :0.875
2025-04-15 11:09:14 - INFO - Epoch:19/25 Loss is :0.3546
2025-04-15 11:10:27 - INFO - epoch:20/25 iteration:0/30 batch loss is :0.1834
2025-04-15 11:10:27 - INFO - the acc is :1.0
2025-04-15 11:10:34 - INFO - epoch:20/25 iteration:5/30 batch loss is :0.1805
2025-04-15 11:10:34 - INFO - the acc is :0.9375
2025-04-15 11:10:54 - INFO - epoch:20/25 iteration:10/30 batch loss is :0.1029
2025-04-15 11:10:54 - INFO - the acc is :1.0
2025-04-15 11:11:01 - INFO - epoch:20/25 iteration:15/30 batch loss is :0.3286
2025-04-15 11:11:01 - INFO - the acc is :0.9375
2025-04-15 11:11:21 - INFO - epoch:20/25 iteration:20/30 batch loss is :0.3362
2025-04-15 11:11:21 - INFO - the acc is :0.9375
2025-04-15 11:11:36 - INFO - epoch:20/25 iteration:25/30 batch loss is :0.2793
2025-04-15 11:11:36 - INFO - the acc is :0.9375
2025-04-15 11:11:42 - INFO - Epoch:20/25 Loss is :0.3348
2025-04-15 11:13:16 - INFO - val accuarcy is : 0.0684
2025-04-15 11:13:16 - INFO - VAL loss :15.2934
2025-04-15 11:14:32 - INFO - epoch:21/25 iteration:0/30 batch loss is :0.5918
2025-04-15 11:14:32 - INFO - the acc is :0.75
2025-04-15 11:14:39 - INFO - epoch:21/25 iteration:5/30 batch loss is :0.2399
2025-04-15 11:14:39 - INFO - the acc is :0.9375
2025-04-15 11:14:59 - INFO - epoch:21/25 iteration:10/30 batch loss is :0.1733
2025-04-15 11:14:59 - INFO - the acc is :1.0
2025-04-15 11:15:06 - INFO - epoch:21/25 iteration:15/30 batch loss is :0.5816
2025-04-15 11:15:06 - INFO - the acc is :0.9375
2025-04-15 11:15:26 - INFO - epoch:21/25 iteration:20/30 batch loss is :0.2056
2025-04-15 11:15:26 - INFO - the acc is :0.9375
2025-04-15 11:15:41 - INFO - epoch:21/25 iteration:25/30 batch loss is :0.2515
2025-04-15 11:15:41 - INFO - the acc is :0.9375
2025-04-15 11:15:47 - INFO - Epoch:21/25 Loss is :0.3622
2025-04-15 11:17:00 - INFO - epoch:22/25 iteration:0/30 batch loss is :0.5025
2025-04-15 11:17:00 - INFO - the acc is :0.8125
2025-04-15 11:17:06 - INFO - epoch:22/25 iteration:5/30 batch loss is :0.3377
2025-04-15 11:17:06 - INFO - the acc is :0.9375
2025-04-15 11:17:27 - INFO - epoch:22/25 iteration:10/30 batch loss is :0.1333
2025-04-15 11:17:27 - INFO - the acc is :1.0
2025-04-15 11:17:33 - INFO - epoch:22/25 iteration:15/30 batch loss is :0.4257
2025-04-15 11:17:33 - INFO - the acc is :0.8125
2025-04-15 11:17:52 - INFO - epoch:22/25 iteration:20/30 batch loss is :0.2816
2025-04-15 11:17:52 - INFO - the acc is :0.875
2025-04-15 11:18:08 - INFO - epoch:22/25 iteration:25/30 batch loss is :0.1562
2025-04-15 11:18:08 - INFO - the acc is :1.0
2025-04-15 11:18:13 - INFO - Epoch:22/25 Loss is :0.3800
2025-04-15 11:19:27 - INFO - epoch:23/25 iteration:0/30 batch loss is :0.1768
2025-04-15 11:19:27 - INFO - the acc is :0.9375
2025-04-15 11:19:33 - INFO - epoch:23/25 iteration:5/30 batch loss is :0.1469
2025-04-15 11:19:33 - INFO - the acc is :1.0
2025-04-15 11:19:54 - INFO - epoch:23/25 iteration:10/30 batch loss is :0.2509
2025-04-15 11:19:54 - INFO - the acc is :0.9375
2025-04-15 11:20:00 - INFO - epoch:23/25 iteration:15/30 batch loss is :0.2458
2025-04-15 11:20:00 - INFO - the acc is :0.875
2025-04-15 11:20:27 - INFO - epoch:23/25 iteration:20/30 batch loss is :0.2039
2025-04-15 11:20:27 - INFO - the acc is :1.0
2025-04-15 11:21:00 - INFO - epoch:23/25 iteration:25/30 batch loss is :0.2141
2025-04-15 11:21:00 - INFO - the acc is :1.0
2025-04-15 11:21:06 - INFO - Epoch:23/25 Loss is :0.2995
2025-04-15 11:22:41 - INFO - epoch:24/25 iteration:0/30 batch loss is :0.3458
2025-04-15 11:22:41 - INFO - the acc is :0.9375
2025-04-15 11:22:47 - INFO - epoch:24/25 iteration:5/30 batch loss is :0.1635
2025-04-15 11:22:47 - INFO - the acc is :1.0
2025-04-15 11:23:18 - INFO - epoch:24/25 iteration:10/30 batch loss is :0.2551
2025-04-15 11:23:18 - INFO - the acc is :0.875
2025-04-15 11:23:27 - INFO - epoch:24/25 iteration:15/30 batch loss is :0.2891
2025-04-15 11:23:27 - INFO - the acc is :0.9375
2025-04-15 11:23:57 - INFO - epoch:24/25 iteration:20/30 batch loss is :0.2094
2025-04-15 11:23:57 - INFO - the acc is :0.875
2025-04-15 11:24:22 - INFO - epoch:24/25 iteration:25/30 batch loss is :0.1474
2025-04-15 11:24:22 - INFO - the acc is :1.0
2025-04-15 11:24:29 - INFO - Epoch:24/25 Loss is :0.3276
2025-04-15 11:26:02 - INFO - val accuarcy is : 0.0684
2025-04-15 11:26:02 - INFO - VAL loss :17.7606
2025-04-15 11:26:03 - INFO - fold number:2
2025-04-15 11:27:16 - INFO - epoch:0/25 iteration:0/30 batch loss is :0.1896
2025-04-15 11:27:16 - INFO - the acc is :1.0
2025-04-15 11:27:22 - INFO - epoch:0/25 iteration:5/30 batch loss is :0.4982
2025-04-15 11:27:22 - INFO - the acc is :0.875
2025-04-15 11:27:42 - INFO - epoch:0/25 iteration:10/30 batch loss is :0.3547
2025-04-15 11:27:42 - INFO - the acc is :0.875
2025-04-15 11:27:49 - INFO - epoch:0/25 iteration:15/30 batch loss is :0.1046
2025-04-15 11:27:49 - INFO - the acc is :1.0
2025-04-15 11:28:08 - INFO - epoch:0/25 iteration:20/30 batch loss is :0.2739
2025-04-15 11:28:08 - INFO - the acc is :0.9375
2025-04-15 11:28:24 - INFO - epoch:0/25 iteration:25/30 batch loss is :0.4618
2025-04-15 11:28:24 - INFO - the acc is :0.875
2025-04-15 11:28:29 - INFO - Epoch:0/25 Loss is :0.2981
2025-04-15 11:29:47 - INFO - val accuarcy is : 0.0342
2025-04-15 11:29:47 - INFO - VAL loss :14.4133
2025-04-15 11:31:01 - INFO - epoch:1/25 iteration:0/30 batch loss is :0.2054
2025-04-15 11:31:01 - INFO - the acc is :1.0
2025-04-15 11:31:07 - INFO - epoch:1/25 iteration:5/30 batch loss is :0.1488
2025-04-15 11:31:07 - INFO - the acc is :1.0
2025-04-15 11:31:28 - INFO - epoch:1/25 iteration:10/30 batch loss is :0.5187
2025-04-15 11:31:28 - INFO - the acc is :0.75
2025-04-15 11:31:34 - INFO - epoch:1/25 iteration:15/30 batch loss is :0.2290
2025-04-15 11:31:34 - INFO - the acc is :0.9375
2025-04-15 11:31:54 - INFO - epoch:1/25 iteration:20/30 batch loss is :0.1816
2025-04-15 11:31:54 - INFO - the acc is :1.0
2025-04-15 11:32:10 - INFO - epoch:1/25 iteration:25/30 batch loss is :0.5217
2025-04-15 11:32:10 - INFO - the acc is :0.5625
2025-04-15 11:32:15 - INFO - Epoch:1/25 Loss is :0.3638
2025-04-15 11:33:29 - INFO - epoch:2/25 iteration:0/30 batch loss is :0.3362
2025-04-15 11:33:29 - INFO - the acc is :0.9375
2025-04-15 11:33:36 - INFO - epoch:2/25 iteration:5/30 batch loss is :0.1668
2025-04-15 11:33:36 - INFO - the acc is :1.0
2025-04-15 11:33:56 - INFO - epoch:2/25 iteration:10/30 batch loss is :0.4837
2025-04-15 11:33:56 - INFO - the acc is :0.875
2025-04-15 11:34:03 - INFO - epoch:2/25 iteration:15/30 batch loss is :0.2023
2025-04-15 11:34:03 - INFO - the acc is :1.0
2025-04-15 11:34:22 - INFO - epoch:2/25 iteration:20/30 batch loss is :0.3392
2025-04-15 11:34:22 - INFO - the acc is :0.9375
2025-04-15 11:34:38 - INFO - epoch:2/25 iteration:25/30 batch loss is :0.1525
2025-04-15 11:34:38 - INFO - the acc is :1.0
2025-04-15 11:34:43 - INFO - Epoch:2/25 Loss is :0.3303
2025-04-15 11:36:24 - INFO - epoch:3/25 iteration:0/30 batch loss is :0.1723
2025-04-15 11:36:24 - INFO - the acc is :1.0
2025-04-15 11:36:30 - INFO - epoch:3/25 iteration:5/30 batch loss is :0.4917
2025-04-15 11:36:30 - INFO - the acc is :0.9375
2025-04-15 11:37:07 - INFO - epoch:3/25 iteration:10/30 batch loss is :0.3290
2025-04-15 11:37:07 - INFO - the acc is :0.875
2025-04-15 11:37:13 - INFO - epoch:3/25 iteration:15/30 batch loss is :0.4121
2025-04-15 11:37:13 - INFO - the acc is :0.875
2025-04-15 11:37:49 - INFO - epoch:3/25 iteration:20/30 batch loss is :0.3083
2025-04-15 11:37:49 - INFO - the acc is :0.8125
2025-04-15 11:38:22 - INFO - epoch:3/25 iteration:25/30 batch loss is :0.5913
2025-04-15 11:38:22 - INFO - the acc is :0.8125
2025-04-15 11:38:28 - INFO - Epoch:3/25 Loss is :0.3270
2025-04-15 11:39:42 - INFO - epoch:4/25 iteration:0/30 batch loss is :0.3973
2025-04-15 11:39:42 - INFO - the acc is :0.875
2025-04-15 11:39:48 - INFO - epoch:4/25 iteration:5/30 batch loss is :0.1663
2025-04-15 11:39:48 - INFO - the acc is :0.875
2025-04-15 11:40:09 - INFO - epoch:4/25 iteration:10/30 batch loss is :0.2361
2025-04-15 11:40:09 - INFO - the acc is :1.0
2025-04-15 11:40:15 - INFO - epoch:4/25 iteration:15/30 batch loss is :0.4269
2025-04-15 11:40:15 - INFO - the acc is :0.8125
2025-04-15 11:40:35 - INFO - epoch:4/25 iteration:20/30 batch loss is :0.2006
2025-04-15 11:40:35 - INFO - the acc is :0.9375
2025-04-15 11:40:50 - INFO - epoch:4/25 iteration:25/30 batch loss is :0.1569
2025-04-15 11:40:50 - INFO - the acc is :1.0
2025-04-15 11:40:56 - INFO - Epoch:4/25 Loss is :0.3324
2025-04-15 11:42:09 - INFO - epoch:5/25 iteration:0/30 batch loss is :0.2131
2025-04-15 11:42:09 - INFO - the acc is :0.9375
2025-04-15 11:42:16 - INFO - epoch:5/25 iteration:5/30 batch loss is :0.1321
2025-04-15 11:42:16 - INFO - the acc is :1.0
2025-04-15 11:42:36 - INFO - epoch:5/25 iteration:10/30 batch loss is :0.3072
2025-04-15 11:42:36 - INFO - the acc is :0.875
2025-04-15 11:42:42 - INFO - epoch:5/25 iteration:15/30 batch loss is :0.1929
2025-04-15 11:42:42 - INFO - the acc is :1.0
2025-04-15 11:43:02 - INFO - epoch:5/25 iteration:20/30 batch loss is :0.3664
2025-04-15 11:43:02 - INFO - the acc is :0.875
2025-04-15 11:43:17 - INFO - epoch:5/25 iteration:25/30 batch loss is :0.3705
2025-04-15 11:43:17 - INFO - the acc is :0.75
2025-04-15 11:43:23 - INFO - Epoch:5/25 Loss is :0.3757
2025-04-15 11:45:01 - INFO - val accuarcy is : 0.0342
2025-04-15 11:45:01 - INFO - VAL loss :18.9802
2025-04-15 11:46:15 - INFO - epoch:6/25 iteration:0/30 batch loss is :0.3072
2025-04-15 11:46:15 - INFO - the acc is :0.875
2025-04-15 11:46:22 - INFO - epoch:6/25 iteration:5/30 batch loss is :0.3919
2025-04-15 11:46:22 - INFO - the acc is :0.875
2025-04-15 11:46:42 - INFO - epoch:6/25 iteration:10/30 batch loss is :0.1374
2025-04-15 11:46:42 - INFO - the acc is :0.9375
2025-04-15 11:46:48 - INFO - epoch:6/25 iteration:15/30 batch loss is :0.3911
2025-04-15 11:46:48 - INFO - the acc is :0.9375
2025-04-15 11:47:08 - INFO - epoch:6/25 iteration:20/30 batch loss is :0.1318
2025-04-15 11:47:08 - INFO - the acc is :1.0
2025-04-15 11:47:24 - INFO - epoch:6/25 iteration:25/30 batch loss is :0.2574
2025-04-15 11:47:24 - INFO - the acc is :0.9375
2025-04-15 11:47:30 - INFO - Epoch:6/25 Loss is :0.3072
2025-04-15 11:48:43 - INFO - epoch:7/25 iteration:0/30 batch loss is :0.2225
2025-04-15 11:48:43 - INFO - the acc is :0.9375
2025-04-15 11:48:50 - INFO - epoch:7/25 iteration:5/30 batch loss is :0.1220
2025-04-15 11:48:50 - INFO - the acc is :1.0
2025-04-15 11:49:10 - INFO - epoch:7/25 iteration:10/30 batch loss is :0.4618
2025-04-15 11:49:10 - INFO - the acc is :0.875
2025-04-15 11:49:17 - INFO - epoch:7/25 iteration:15/30 batch loss is :0.1306
2025-04-15 11:49:17 - INFO - the acc is :1.0
2025-04-15 11:49:36 - INFO - epoch:7/25 iteration:20/30 batch loss is :0.4429
2025-04-15 11:49:36 - INFO - the acc is :0.875
2025-04-15 11:49:51 - INFO - epoch:7/25 iteration:25/30 batch loss is :0.3838
2025-04-15 11:49:51 - INFO - the acc is :0.875
2025-04-15 11:49:57 - INFO - Epoch:7/25 Loss is :0.3558
2025-04-15 11:51:37 - INFO - epoch:8/25 iteration:0/30 batch loss is :0.4999
2025-04-15 11:51:37 - INFO - the acc is :0.9375
2025-04-15 11:51:42 - INFO - epoch:8/25 iteration:5/30 batch loss is :0.1079
2025-04-15 11:51:42 - INFO - the acc is :0.9375
2025-04-15 11:52:20 - INFO - epoch:8/25 iteration:10/30 batch loss is :0.3400
2025-04-15 11:52:20 - INFO - the acc is :0.9375
2025-04-15 11:52:26 - INFO - epoch:8/25 iteration:15/30 batch loss is :0.1559
2025-04-15 11:52:26 - INFO - the acc is :1.0
2025-04-15 11:53:03 - INFO - epoch:8/25 iteration:20/30 batch loss is :0.3835
2025-04-15 11:53:03 - INFO - the acc is :0.9375
2025-04-15 11:53:36 - INFO - epoch:8/25 iteration:25/30 batch loss is :0.6290
2025-04-15 11:53:36 - INFO - the acc is :0.8125
2025-04-15 11:53:42 - INFO - Epoch:8/25 Loss is :0.3900
2025-04-15 11:54:56 - INFO - epoch:9/25 iteration:0/30 batch loss is :0.2463
2025-04-15 11:54:56 - INFO - the acc is :0.9375
2025-04-15 11:55:03 - INFO - epoch:9/25 iteration:5/30 batch loss is :0.2868
2025-04-15 11:55:03 - INFO - the acc is :0.9375
2025-04-15 11:55:23 - INFO - epoch:9/25 iteration:10/30 batch loss is :0.2390
2025-04-15 11:55:23 - INFO - the acc is :0.875
2025-04-15 11:55:29 - INFO - epoch:9/25 iteration:15/30 batch loss is :0.2171
2025-04-15 11:55:29 - INFO - the acc is :1.0
2025-04-15 11:55:49 - INFO - epoch:9/25 iteration:20/30 batch loss is :0.2481
2025-04-15 11:55:49 - INFO - the acc is :0.9375
2025-04-15 11:56:05 - INFO - epoch:9/25 iteration:25/30 batch loss is :0.1615
2025-04-15 11:56:05 - INFO - the acc is :0.9375
2025-04-15 11:56:10 - INFO - Epoch:9/25 Loss is :0.3291
2025-04-15 11:57:23 - INFO - epoch:10/25 iteration:0/30 batch loss is :0.3054
2025-04-15 11:57:23 - INFO - the acc is :0.875
2025-04-15 11:57:30 - INFO - epoch:10/25 iteration:5/30 batch loss is :0.2943
2025-04-15 11:57:30 - INFO - the acc is :0.875
2025-04-15 11:57:50 - INFO - epoch:10/25 iteration:10/30 batch loss is :0.1574
2025-04-15 11:57:50 - INFO - the acc is :0.9375
2025-04-15 11:57:56 - INFO - epoch:10/25 iteration:15/30 batch loss is :0.4998
2025-04-15 11:57:56 - INFO - the acc is :0.8125
2025-04-15 11:58:16 - INFO - epoch:10/25 iteration:20/30 batch loss is :0.2226
2025-04-15 11:58:16 - INFO - the acc is :1.0
2025-04-15 11:58:31 - INFO - epoch:10/25 iteration:25/30 batch loss is :0.1957
2025-04-15 11:58:31 - INFO - the acc is :0.9375
2025-04-15 11:58:37 - INFO - Epoch:10/25 Loss is :0.3744
2025-04-15 12:00:11 - INFO - val accuarcy is : 0.0342
2025-04-15 12:00:11 - INFO - VAL loss :15.3760
2025-04-15 12:01:26 - INFO - epoch:11/25 iteration:0/30 batch loss is :0.4536
2025-04-15 12:01:26 - INFO - the acc is :0.875
2025-04-15 12:01:33 - INFO - epoch:11/25 iteration:5/30 batch loss is :0.2160
2025-04-15 12:01:33 - INFO - the acc is :0.9375
2025-04-15 12:01:53 - INFO - epoch:11/25 iteration:10/30 batch loss is :0.3833
2025-04-15 12:01:53 - INFO - the acc is :0.8125
2025-04-15 12:01:59 - INFO - epoch:11/25 iteration:15/30 batch loss is :0.5045
2025-04-15 12:01:59 - INFO - the acc is :0.875
2025-04-15 12:02:19 - INFO - epoch:11/25 iteration:20/30 batch loss is :0.2104
2025-04-15 12:02:19 - INFO - the acc is :0.9375
2025-04-15 12:02:34 - INFO - epoch:11/25 iteration:25/30 batch loss is :0.6042
2025-04-15 12:02:34 - INFO - the acc is :0.8125
2025-04-15 12:02:40 - INFO - Epoch:11/25 Loss is :0.3819
2025-04-15 12:03:54 - INFO - epoch:12/25 iteration:0/30 batch loss is :0.1437
2025-04-15 12:03:54 - INFO - the acc is :1.0
2025-04-15 12:04:00 - INFO - epoch:12/25 iteration:5/30 batch loss is :0.1541
2025-04-15 12:04:00 - INFO - the acc is :1.0
2025-04-15 12:04:20 - INFO - epoch:12/25 iteration:10/30 batch loss is :0.7475
2025-04-15 12:04:20 - INFO - the acc is :0.6875
2025-04-15 12:04:27 - INFO - epoch:12/25 iteration:15/30 batch loss is :0.8683
2025-04-15 12:04:27 - INFO - the acc is :0.75
2025-04-15 12:04:47 - INFO - epoch:12/25 iteration:20/30 batch loss is :0.3798
2025-04-15 12:04:47 - INFO - the acc is :0.8125
2025-04-15 12:05:03 - INFO - epoch:12/25 iteration:25/30 batch loss is :0.5817
2025-04-15 12:05:03 - INFO - the acc is :0.75
2025-04-15 12:05:08 - INFO - Epoch:12/25 Loss is :0.3507
2025-04-15 12:06:49 - INFO - epoch:13/25 iteration:0/30 batch loss is :0.2266
2025-04-15 12:06:49 - INFO - the acc is :0.875
2025-04-15 12:06:55 - INFO - epoch:13/25 iteration:5/30 batch loss is :0.3030
2025-04-15 12:06:55 - INFO - the acc is :0.9375
2025-04-15 12:07:32 - INFO - epoch:13/25 iteration:10/30 batch loss is :0.5002
2025-04-15 12:07:32 - INFO - the acc is :0.625
2025-04-15 12:07:38 - INFO - epoch:13/25 iteration:15/30 batch loss is :0.2972
2025-04-15 12:07:38 - INFO - the acc is :1.0
2025-04-15 12:08:16 - INFO - epoch:13/25 iteration:20/30 batch loss is :0.3936
2025-04-15 12:08:16 - INFO - the acc is :0.875
2025-04-15 12:08:49 - INFO - epoch:13/25 iteration:25/30 batch loss is :0.3679
2025-04-15 12:08:49 - INFO - the acc is :0.9375
2025-04-15 12:08:55 - INFO - Epoch:13/25 Loss is :0.3531
2025-04-15 12:10:11 - INFO - epoch:14/25 iteration:0/30 batch loss is :0.2820
2025-04-15 12:10:11 - INFO - the acc is :1.0
2025-04-15 12:10:18 - INFO - epoch:14/25 iteration:5/30 batch loss is :0.2415
2025-04-15 12:10:18 - INFO - the acc is :1.0
2025-04-15 12:10:39 - INFO - epoch:14/25 iteration:10/30 batch loss is :0.1703
2025-04-15 12:10:39 - INFO - the acc is :1.0
2025-04-15 12:10:45 - INFO - epoch:14/25 iteration:15/30 batch loss is :0.3466
2025-04-15 12:10:45 - INFO - the acc is :0.875
2025-04-15 12:11:05 - INFO - epoch:14/25 iteration:20/30 batch loss is :0.3660
2025-04-15 12:11:05 - INFO - the acc is :0.8125
2025-04-15 12:11:21 - INFO - epoch:14/25 iteration:25/30 batch loss is :0.2344
2025-04-15 12:11:21 - INFO - the acc is :0.875
2025-04-15 12:11:27 - INFO - Epoch:14/25 Loss is :0.3575
2025-04-15 12:12:43 - INFO - epoch:15/25 iteration:0/30 batch loss is :0.1702
2025-04-15 12:12:43 - INFO - the acc is :0.875
2025-04-15 12:12:50 - INFO - epoch:15/25 iteration:5/30 batch loss is :0.4768
2025-04-15 12:12:50 - INFO - the acc is :0.875
2025-04-15 12:13:14 - INFO - epoch:15/25 iteration:10/30 batch loss is :0.3495
2025-04-15 12:13:14 - INFO - the acc is :0.875
2025-04-15 12:13:21 - INFO - epoch:15/25 iteration:15/30 batch loss is :0.1549
2025-04-15 12:13:21 - INFO - the acc is :1.0
2025-04-15 12:13:43 - INFO - epoch:15/25 iteration:20/30 batch loss is :0.1191
2025-04-15 12:13:43 - INFO - the acc is :1.0
2025-04-15 12:13:59 - INFO - epoch:15/25 iteration:25/30 batch loss is :0.1264
2025-04-15 12:13:59 - INFO - the acc is :0.9375
2025-04-15 12:14:05 - INFO - Epoch:15/25 Loss is :0.3157
2025-04-15 12:15:41 - INFO - val accuarcy is : 0.0342
2025-04-15 12:15:41 - INFO - VAL loss :18.9325
2025-04-15 12:16:57 - INFO - epoch:16/25 iteration:0/30 batch loss is :0.2857
2025-04-15 12:16:57 - INFO - the acc is :0.9375
2025-04-15 12:17:03 - INFO - epoch:16/25 iteration:5/30 batch loss is :0.5780
2025-04-15 12:17:03 - INFO - the acc is :0.6875
2025-04-15 12:17:24 - INFO - epoch:16/25 iteration:10/30 batch loss is :0.1223
2025-04-15 12:17:24 - INFO - the acc is :1.0
2025-04-15 12:17:30 - INFO - epoch:16/25 iteration:15/30 batch loss is :0.3988
2025-04-15 12:17:30 - INFO - the acc is :0.75
2025-04-15 12:17:51 - INFO - epoch:16/25 iteration:20/30 batch loss is :0.1357
2025-04-15 12:17:51 - INFO - the acc is :1.0
2025-04-15 12:18:07 - INFO - epoch:16/25 iteration:25/30 batch loss is :0.2637
2025-04-15 12:18:07 - INFO - the acc is :0.875
2025-04-15 12:18:12 - INFO - Epoch:16/25 Loss is :0.3739
2025-04-15 12:19:30 - INFO - epoch:17/25 iteration:0/30 batch loss is :0.2433
2025-04-15 12:19:30 - INFO - the acc is :1.0
2025-04-15 12:19:37 - INFO - epoch:17/25 iteration:5/30 batch loss is :0.6162
2025-04-15 12:19:37 - INFO - the acc is :0.625
2025-04-15 12:19:59 - INFO - epoch:17/25 iteration:10/30 batch loss is :0.2790
2025-04-15 12:19:59 - INFO - the acc is :0.9375
2025-04-15 12:20:05 - INFO - epoch:17/25 iteration:15/30 batch loss is :0.2451
2025-04-15 12:20:05 - INFO - the acc is :0.9375
