2025-04-16 10:20:35 - INFO - ------------------------------------------------------------------------------------------------
2025-04-16 10:20:35 - INFO - starting new training !!!!
2025-04-16 10:20:35 - INFO - ------------------------------------------------------------------------------------------------
2025-04-16 10:20:35 - INFO - Namespace(batch=16, class_dict={'early': 0, 'inter': 1, 'ga': 2, 'wet': 3, 'notAMD': 4}, device=device(type='cuda'), epoch=0, excel_path='d:\\cleaning_GUI_annotated_data\\tab_data_annotated_pats.xlsx', gamma=0.1, json='jsons/train_test_val_split_without_scar.json', log_dir='logs/Resnet', lr=0.0001, model_path='model_parameter_Resnet\\13\\fold0_epoch24_val_0.2727_train_0.2727', num_classes=5, save_dir='model_parameter_Resnet', save_freq=2, step_size=10, weight_matrix=tensor([0.2500, 0.2500, 0.1250, 0.1600, 1.0000]))
2025-04-16 10:20:35 - INFO - parameters are being saved at :model_parameter_Resnet\19
2025-04-16 10:20:36 - INFO - found 4 gpus!
2025-04-16 10:20:36 - INFO - Resnet18_3D(
  (conv1): Sequential(
    (0): Conv3d(1, 64, kernel_size=(7, 7, 7), stride=(2, 2, 2), padding=(3, 3, 3))
    (1): BatchNorm3d(64, eps=1e-05, momentum=0.1, affine=True, track_running_stats=True)
    (2): ReLU()
  )
  (maxpool): MaxPool3d(kernel_size=3, stride=2, padding=1, dilation=1, ceil_mode=False)
  (conv2): BasicConvBlock(
    (layers): Sequential(
      (0): Sequential(
        (0): Conv3d(64, 64, kernel_size=(3, 3, 3), stride=(1, 1, 1), padding=(1, 1, 1))
        (1): BatchNorm3d(64, eps=1e-05, momentum=0.1, affine=True, track_running_stats=True)
        (2): ReLU()
      )
      (1): Sequential(
        (0): Conv3d(64, 64, kernel_size=(3, 3, 3), stride=(1, 1, 1), padding=(1, 1, 1))
        (1): BatchNorm3d(64, eps=1e-05, momentum=0.1, affine=True, track_running_stats=True)
        (2): ReLU()
      )
      (2): Sequential(
        (0): Conv3d(64, 64, kernel_size=(3, 3, 3), stride=(1, 1, 1), padding=(1, 1, 1))
        (1): BatchNorm3d(64, eps=1e-05, momentum=0.1, affine=True, track_running_stats=True)
        (2): ReLU()
      )
      (3): Sequential(
        (0): Conv3d(64, 64, kernel_size=(3, 3, 3), stride=(1, 1, 1), padding=(1, 1, 1))
        (1): BatchNorm3d(64, eps=1e-05, momentum=0.1, affine=True, track_running_stats=True)
        (2): ReLU()
      )
    )
  )
  (conv3): BasicConvBlock(
    (conv1x1): Conv3d(64, 128, kernel_size=(1, 1, 1), stride=(2, 2, 2))
    (layers): Sequential(
      (0): Sequential(
        (0): Conv3d(64, 128, kernel_size=(3, 3, 3), stride=(2, 2, 2), padding=(1, 1, 1))
        (1): BatchNorm3d(128, eps=1e-05, momentum=0.1, affine=True, track_running_stats=True)
        (2): ReLU()
      )
      (1): Sequential(
        (0): Conv3d(128, 128, kernel_size=(3, 3, 3), stride=(1, 1, 1), padding=(1, 1, 1))
        (1): BatchNorm3d(128, eps=1e-05, momentum=0.1, affine=True, track_running_stats=True)
        (2): ReLU()
      )
      (2): Sequential(
        (0): Conv3d(128, 128, kernel_size=(3, 3, 3), stride=(1, 1, 1), padding=(1, 1, 1))
        (1): BatchNorm3d(128, eps=1e-05, momentum=0.1, affine=True, track_running_stats=True)
        (2): ReLU()
      )
      (3): Sequential(
        (0): Conv3d(128, 128, kernel_size=(3, 3, 3), stride=(1, 1, 1), padding=(1, 1, 1))
        (1): BatchNorm3d(128, eps=1e-05, momentum=0.1, affine=True, track_running_stats=True)
        (2): ReLU()
      )
    )
  )
  (conv4): BasicConvBlock(
    (conv1x1): Conv3d(128, 256, kernel_size=(1, 1, 1), stride=(2, 2, 2))
    (layers): Sequential(
      (0): Sequential(
        (0): Conv3d(128, 256, kernel_size=(3, 3, 3), stride=(2, 2, 2), padding=(1, 1, 1))
        (1): BatchNorm3d(256, eps=1e-05, momentum=0.1, affine=True, track_running_stats=True)
        (2): ReLU()
      )
      (1): Sequential(
        (0): Conv3d(256, 256, kernel_size=(3, 3, 3), stride=(1, 1, 1), padding=(1, 1, 1))
        (1): BatchNorm3d(256, eps=1e-05, momentum=0.1, affine=True, track_running_stats=True)
        (2): ReLU()
      )
      (2): Sequential(
        (0): Conv3d(256, 256, kernel_size=(3, 3, 3), stride=(1, 1, 1), padding=(1, 1, 1))
        (1): BatchNorm3d(256, eps=1e-05, momentum=0.1, affine=True, track_running_stats=True)
        (2): ReLU()
      )
      (3): Sequential(
        (0): Conv3d(256, 256, kernel_size=(3, 3, 3), stride=(1, 1, 1), padding=(1, 1, 1))
        (1): BatchNorm3d(256, eps=1e-05, momentum=0.1, affine=True, track_running_stats=True)
        (2): ReLU()
      )
    )
  )
  (conv5): BasicConvBlock(
    (conv1x1): Conv3d(256, 512, kernel_size=(1, 1, 1), stride=(2, 2, 2))
    (layers): Sequential(
      (0): Sequential(
        (0): Conv3d(256, 512, kernel_size=(3, 3, 3), stride=(2, 2, 2), padding=(1, 1, 1))
        (1): BatchNorm3d(512, eps=1e-05, momentum=0.1, affine=True, track_running_stats=True)
        (2): ReLU()
      )
      (1): Sequential(
        (0): Conv3d(512, 512, kernel_size=(3, 3, 3), stride=(1, 1, 1), padding=(1, 1, 1))
        (1): BatchNorm3d(512, eps=1e-05, momentum=0.1, affine=True, track_running_stats=True)
        (2): ReLU()
      )
      (2): Sequential(
        (0): Conv3d(512, 512, kernel_size=(3, 3, 3), stride=(1, 1, 1), padding=(1, 1, 1))
        (1): BatchNorm3d(512, eps=1e-05, momentum=0.1, affine=True, track_running_stats=True)
        (2): ReLU()
      )
      (3): Sequential(
        (0): Conv3d(512, 512, kernel_size=(3, 3, 3), stride=(1, 1, 1), padding=(1, 1, 1))
        (1): BatchNorm3d(512, eps=1e-05, momentum=0.1, affine=True, track_running_stats=True)
        (2): ReLU()
      )
    )
  )
  (avgPool): AdaptiveAvgPool3d(output_size=1)
  (linear): Linear(in_features=512, out_features=5, bias=True)
)
2025-04-16 10:20:36 - ERROR - Error(s) in loading state_dict for Resnet18_3D:
	Missing key(s) in state_dict: "conv1.0.weight", "conv1.0.bias", "conv1.1.weight", "conv1.1.bias", "conv1.1.running_mean", "conv1.1.running_var", "conv2.layers.0.0.weight", "conv2.layers.0.0.bias", "conv2.layers.0.1.weight", "conv2.layers.0.1.bias", "conv2.layers.0.1.running_mean", "conv2.layers.0.1.running_var", "conv2.layers.1.0.weight", "conv2.layers.1.0.bias", "conv2.layers.1.1.weight", "conv2.layers.1.1.bias", "conv2.layers.1.1.running_mean", "conv2.layers.1.1.running_var", "conv2.layers.2.0.weight", "conv2.layers.2.0.bias", "conv2.layers.2.1.weight", "conv2.layers.2.1.bias", "conv2.layers.2.1.running_mean", "conv2.layers.2.1.running_var", "conv2.layers.3.0.weight", "conv2.layers.3.0.bias", "conv2.layers.3.1.weight", "conv2.layers.3.1.bias", "conv2.layers.3.1.running_mean", "conv2.layers.3.1.running_var", "conv3.conv1x1.weight", "conv3.conv1x1.bias", "conv3.layers.0.0.weight", "conv3.layers.0.0.bias", "conv3.layers.0.1.weight", "conv3.layers.0.1.bias", "conv3.layers.0.1.running_mean", "conv3.layers.0.1.running_var", "conv3.layers.1.0.weight", "conv3.layers.1.0.bias", "conv3.layers.1.1.weight", "conv3.layers.1.1.bias", "conv3.layers.1.1.running_mean", "conv3.layers.1.1.running_var", "conv3.layers.2.0.weight", "conv3.layers.2.0.bias", "conv3.layers.2.1.weight", "conv3.layers.2.1.bias", "conv3.layers.2.1.running_mean", "conv3.layers.2.1.running_var", "conv3.layers.3.0.weight", "conv3.layers.3.0.bias", "conv3.layers.3.1.weight", "conv3.layers.3.1.bias", "conv3.layers.3.1.running_mean", "conv3.layers.3.1.running_var", "conv4.conv1x1.weight", "conv4.conv1x1.bias", "conv4.layers.0.0.weight", "conv4.layers.0.0.bias", "conv4.layers.0.1.weight", "conv4.layers.0.1.bias", "conv4.layers.0.1.running_mean", "conv4.layers.0.1.running_var", "conv4.layers.1.0.weight", "conv4.layers.1.0.bias", "conv4.layers.1.1.weight", "conv4.layers.1.1.bias", "conv4.layers.1.1.running_mean", "conv4.layers.1.1.running_var", "conv4.layers.2.0.weight", "conv4.layers.2.0.bias", "conv4.layers.2.1.weight", "conv4.layers.2.1.bias", "conv4.layers.2.1.running_mean", "conv4.layers.2.1.running_var", "conv4.layers.3.0.weight", "conv4.layers.3.0.bias", "conv4.layers.3.1.weight", "conv4.layers.3.1.bias", "conv4.layers.3.1.running_mean", "conv4.layers.3.1.running_var", "conv5.conv1x1.weight", "conv5.conv1x1.bias", "conv5.layers.0.0.weight", "conv5.layers.0.0.bias", "conv5.layers.0.1.weight", "conv5.layers.0.1.bias", "conv5.layers.0.1.running_mean", "conv5.layers.0.1.running_var", "conv5.layers.1.0.weight", "conv5.layers.1.0.bias", "conv5.layers.1.1.weight", "conv5.layers.1.1.bias", "conv5.layers.1.1.running_mean", "conv5.layers.1.1.running_var", "conv5.layers.2.0.weight", "conv5.layers.2.0.bias", "conv5.layers.2.1.weight", "conv5.layers.2.1.bias", "conv5.layers.2.1.running_mean", "conv5.layers.2.1.running_var", "conv5.layers.3.0.weight", "conv5.layers.3.0.bias", "conv5.layers.3.1.weight", "conv5.layers.3.1.bias", "conv5.layers.3.1.running_mean", "conv5.layers.3.1.running_var", "linear.weight", "linear.bias". 
	Unexpected key(s) in state_dict: "module.conv1.0.weight", "module.conv1.0.bias", "module.conv1.1.weight", "module.conv1.1.bias", "module.conv1.1.running_mean", "module.conv1.1.running_var", "module.conv1.1.num_batches_tracked", "module.conv2.layers.0.0.weight", "module.conv2.layers.0.0.bias", "module.conv2.layers.0.1.weight", "module.conv2.layers.0.1.bias", "module.conv2.layers.0.1.running_mean", "module.conv2.layers.0.1.running_var", "module.conv2.layers.0.1.num_batches_tracked", "module.conv2.layers.1.0.weight", "module.conv2.layers.1.0.bias", "module.conv2.layers.1.1.weight", "module.conv2.layers.1.1.bias", "module.conv2.layers.1.1.running_mean", "module.conv2.layers.1.1.running_var", "module.conv2.layers.1.1.num_batches_tracked", "module.conv2.layers.2.0.weight", "module.conv2.layers.2.0.bias", "module.conv2.layers.2.1.weight", "module.conv2.layers.2.1.bias", "module.conv2.layers.2.1.running_mean", "module.conv2.layers.2.1.running_var", "module.conv2.layers.2.1.num_batches_tracked", "module.conv2.layers.3.0.weight", "module.conv2.layers.3.0.bias", "module.conv2.layers.3.1.weight", "module.conv2.layers.3.1.bias", "module.conv2.layers.3.1.running_mean", "module.conv2.layers.3.1.running_var", "module.conv2.layers.3.1.num_batches_tracked", "module.conv3.conv1x1.weight", "module.conv3.conv1x1.bias", "module.conv3.layers.0.0.weight", "module.conv3.layers.0.0.bias", "module.conv3.layers.0.1.weight", "module.conv3.layers.0.1.bias", "module.conv3.layers.0.1.running_mean", "module.conv3.layers.0.1.running_var", "module.conv3.layers.0.1.num_batches_tracked", "module.conv3.layers.1.0.weight", "module.conv3.layers.1.0.bias", "module.conv3.layers.1.1.weight", "module.conv3.layers.1.1.bias", "module.conv3.layers.1.1.running_mean", "module.conv3.layers.1.1.running_var", "module.conv3.layers.1.1.num_batches_tracked", "module.conv3.layers.2.0.weight", "module.conv3.layers.2.0.bias", "module.conv3.layers.2.1.weight", "module.conv3.layers.2.1.bias", "module.conv3.layers.2.1.running_mean", "module.conv3.layers.2.1.running_var", "module.conv3.layers.2.1.num_batches_tracked", "module.conv3.layers.3.0.weight", "module.conv3.layers.3.0.bias", "module.conv3.layers.3.1.weight", "module.conv3.layers.3.1.bias", "module.conv3.layers.3.1.running_mean", "module.conv3.layers.3.1.running_var", "module.conv3.layers.3.1.num_batches_tracked", "module.conv4.conv1x1.weight", "module.conv4.conv1x1.bias", "module.conv4.layers.0.0.weight", "module.conv4.layers.0.0.bias", "module.conv4.layers.0.1.weight", "module.conv4.layers.0.1.bias", "module.conv4.layers.0.1.running_mean", "module.conv4.layers.0.1.running_var", "module.conv4.layers.0.1.num_batches_tracked", "module.conv4.layers.1.0.weight", "module.conv4.layers.1.0.bias", "module.conv4.layers.1.1.weight", "module.conv4.layers.1.1.bias", "module.conv4.layers.1.1.running_mean", "module.conv4.layers.1.1.running_var", "module.conv4.layers.1.1.num_batches_tracked", "module.conv4.layers.2.0.weight", "module.conv4.layers.2.0.bias", "module.conv4.layers.2.1.weight", "module.conv4.layers.2.1.bias", "module.conv4.layers.2.1.running_mean", "module.conv4.layers.2.1.running_var", "module.conv4.layers.2.1.num_batches_tracked", "module.conv4.layers.3.0.weight", "module.conv4.layers.3.0.bias", "module.conv4.layers.3.1.weight", "module.conv4.layers.3.1.bias", "module.conv4.layers.3.1.running_mean", "module.conv4.layers.3.1.running_var", "module.conv4.layers.3.1.num_batches_tracked", "module.conv5.conv1x1.weight", "module.conv5.conv1x1.bias", "module.conv5.layers.0.0.weight", "module.conv5.layers.0.0.bias", "module.conv5.layers.0.1.weight", "module.conv5.layers.0.1.bias", "module.conv5.layers.0.1.running_mean", "module.conv5.layers.0.1.running_var", "module.conv5.layers.0.1.num_batches_tracked", "module.conv5.layers.1.0.weight", "module.conv5.layers.1.0.bias", "module.conv5.layers.1.1.weight", "module.conv5.layers.1.1.bias", "module.conv5.layers.1.1.running_mean", "module.conv5.layers.1.1.running_var", "module.conv5.layers.1.1.num_batches_tracked", "module.conv5.layers.2.0.weight", "module.conv5.layers.2.0.bias", "module.conv5.layers.2.1.weight", "module.conv5.layers.2.1.bias", "module.conv5.layers.2.1.running_mean", "module.conv5.layers.2.1.running_var", "module.conv5.layers.2.1.num_batches_tracked", "module.conv5.layers.3.0.weight", "module.conv5.layers.3.0.bias", "module.conv5.layers.3.1.weight", "module.conv5.layers.3.1.bias", "module.conv5.layers.3.1.running_mean", "module.conv5.layers.3.1.running_var", "module.conv5.layers.3.1.num_batches_tracked", "module.linear.weight", "module.linear.bias". 
