2025-05-18 03:23:09 - INFO - ------------------------------------------------------------------------------------------------
2025-05-18 03:23:09 - INFO - starting new training !!!!
2025-05-18 03:23:09 - INFO - ------------------------------------------------------------------------------------------------
2025-05-18 03:23:09 - INFO - Namespace(batch=32, class_dict={'early': 0, 'inter': 1, 'ga': 2, 'wet': 3, 'scar': 4, 'notAMD': 5}, device=device(type='cuda'), epoch=30, excel_path='d:\\cleaning_GUI_annotated_data\\tab_data_annotated_pats.xlsx', gamma=0.1, json='jsons/train_test_val_split_without_scar.json', log_dir='logs/Resnet', lr=0.0001, model_ch=[16, 32, 64, 128], model_path=None, num_classes=6, save_dir='model_parameter_Resnet', save_freq=5, step_size=10, weight_matrix=tensor([0.2500, 0.2500, 0.1250, 0.1670, 0.1430, 1.0000]))
2025-05-18 03:23:09 - INFO - parameters are being saved at :model_parameter_Resnet\89
2025-05-18 03:23:09 - INFO - found 4 gpus!
2025-05-18 03:23:09 - INFO - DataParallel(
  (module): Resnet18_3D(
    (conv1): Sequential(
      (0): Conv3d(1, 16, kernel_size=(7, 7, 7), stride=(2, 2, 2), padding=(3, 3, 3))
      (1): BatchNorm3d(16, eps=1e-05, momentum=0.1, affine=True, track_running_stats=True)
      (2): ReLU()
    )
    (maxpool): MaxPool3d(kernel_size=3, stride=2, padding=1, dilation=1, ceil_mode=False)
    (conv2): BasicConvBlock(
      (layers): Sequential(
        (0): Sequential(
          (0): Conv3d(16, 16, kernel_size=(3, 3, 3), stride=(1, 1, 1), padding=(1, 1, 1))
          (1): BatchNorm3d(16, eps=1e-05, momentum=0.1, affine=True, track_running_stats=True)
          (2): ReLU()
        )
        (1): Sequential(
          (0): Conv3d(16, 16, kernel_size=(3, 3, 3), stride=(1, 1, 1), padding=(1, 1, 1))
          (1): BatchNorm3d(16, eps=1e-05, momentum=0.1, affine=True, track_running_stats=True)
          (2): ReLU()
        )
        (2): Sequential(
          (0): Conv3d(16, 16, kernel_size=(3, 3, 3), stride=(1, 1, 1), padding=(1, 1, 1))
          (1): BatchNorm3d(16, eps=1e-05, momentum=0.1, affine=True, track_running_stats=True)
          (2): ReLU()
        )
        (3): Sequential(
          (0): Conv3d(16, 16, kernel_size=(3, 3, 3), stride=(1, 1, 1), padding=(1, 1, 1))
          (1): BatchNorm3d(16, eps=1e-05, momentum=0.1, affine=True, track_running_stats=True)
          (2): ReLU()
        )
      )
    )
    (conv3): BasicConvBlock(
      (conv1x1): Conv3d(16, 32, kernel_size=(1, 1, 1), stride=(2, 2, 2))
      (layers): Sequential(
        (0): Sequential(
          (0): Conv3d(16, 32, kernel_size=(3, 3, 3), stride=(2, 2, 2), padding=(1, 1, 1))
          (1): BatchNorm3d(32, eps=1e-05, momentum=0.1, affine=True, track_running_stats=True)
          (2): ReLU()
        )
        (1): Sequential(
          (0): Conv3d(32, 32, kernel_size=(3, 3, 3), stride=(1, 1, 1), padding=(1, 1, 1))
          (1): BatchNorm3d(32, eps=1e-05, momentum=0.1, affine=True, track_running_stats=True)
          (2): ReLU()
        )
        (2): Sequential(
          (0): Conv3d(32, 32, kernel_size=(3, 3, 3), stride=(1, 1, 1), padding=(1, 1, 1))
          (1): BatchNorm3d(32, eps=1e-05, momentum=0.1, affine=True, track_running_stats=True)
          (2): ReLU()
        )
        (3): Sequential(
          (0): Conv3d(32, 32, kernel_size=(3, 3, 3), stride=(1, 1, 1), padding=(1, 1, 1))
          (1): BatchNorm3d(32, eps=1e-05, momentum=0.1, affine=True, track_running_stats=True)
          (2): ReLU()
        )
      )
    )
    (conv4): BasicConvBlock(
      (conv1x1): Conv3d(32, 64, kernel_size=(1, 1, 1), stride=(2, 2, 2))
      (layers): Sequential(
        (0): Sequential(
          (0): Conv3d(32, 64, kernel_size=(3, 3, 3), stride=(2, 2, 2), padding=(1, 1, 1))
          (1): BatchNorm3d(64, eps=1e-05, momentum=0.1, affine=True, track_running_stats=True)
          (2): ReLU()
        )
        (1): Sequential(
          (0): Conv3d(64, 64, kernel_size=(3, 3, 3), stride=(1, 1, 1), padding=(1, 1, 1))
          (1): BatchNorm3d(64, eps=1e-05, momentum=0.1, affine=True, track_running_stats=True)
          (2): ReLU()
        )
        (2): Sequential(
          (0): Conv3d(64, 64, kernel_size=(3, 3, 3), stride=(1, 1, 1), padding=(1, 1, 1))
          (1): BatchNorm3d(64, eps=1e-05, momentum=0.1, affine=True, track_running_stats=True)
          (2): ReLU()
        )
        (3): Sequential(
          (0): Conv3d(64, 64, kernel_size=(3, 3, 3), stride=(1, 1, 1), padding=(1, 1, 1))
          (1): BatchNorm3d(64, eps=1e-05, momentum=0.1, affine=True, track_running_stats=True)
          (2): ReLU()
        )
      )
    )
    (conv5): BasicConvBlock(
      (conv1x1): Conv3d(64, 128, kernel_size=(1, 1, 1), stride=(2, 2, 2))
      (layers): Sequential(
        (0): Sequential(
          (0): Conv3d(64, 128, kernel_size=(3, 3, 3), stride=(2, 2, 2), padding=(1, 1, 1))
          (1): BatchNorm3d(128, eps=1e-05, momentum=0.1, affine=True, track_running_stats=True)
          (2): ReLU()
        )
        (1): Sequential(
          (0): Conv3d(128, 128, kernel_size=(3, 3, 3), stride=(1, 1, 1), padding=(1, 1, 1))
          (1): BatchNorm3d(128, eps=1e-05, momentum=0.1, affine=True, track_running_stats=True)
          (2): ReLU()
        )
        (2): Sequential(
          (0): Conv3d(128, 128, kernel_size=(3, 3, 3), stride=(1, 1, 1), padding=(1, 1, 1))
          (1): BatchNorm3d(128, eps=1e-05, momentum=0.1, affine=True, track_running_stats=True)
          (2): ReLU()
        )
        (3): Sequential(
          (0): Conv3d(128, 128, kernel_size=(3, 3, 3), stride=(1, 1, 1), padding=(1, 1, 1))
          (1): BatchNorm3d(128, eps=1e-05, momentum=0.1, affine=True, track_running_stats=True)
          (2): ReLU()
        )
      )
    )
    (avgPool): AdaptiveAvgPool3d(output_size=1)
    (linear): Linear(in_features=128, out_features=6, bias=True)
  )
)
2025-05-18 03:23:09 - INFO - fold number:0
2025-05-18 03:26:29 - INFO - epoch:0/30 iteration:0/15 batch loss is :1.6965
2025-05-18 03:26:29 - INFO - the acc is :0.09375
2025-05-18 03:26:42 - INFO - epoch:0/30 iteration:5/15 batch loss is :1.7719
2025-05-18 03:26:42 - INFO - the acc is :0.25
2025-05-18 03:26:49 - INFO - epoch:0/30 iteration:10/15 batch loss is :1.7343
2025-05-18 03:26:49 - INFO - the acc is :0.34375
2025-05-18 03:26:56 - INFO - Epoch:0/30 Loss is :1.7252
2025-05-18 03:30:00 - INFO - val accuarcy is : 0.3248
2025-05-18 03:30:00 - INFO - VAL loss :1.6786
2025-05-18 03:33:14 - INFO - epoch:1/30 iteration:0/15 batch loss is :1.5865
2025-05-18 03:33:14 - INFO - the acc is :0.40625
2025-05-18 03:33:22 - INFO - epoch:1/30 iteration:5/15 batch loss is :1.5542
2025-05-18 03:33:22 - INFO - the acc is :0.5
2025-05-18 03:33:29 - INFO - epoch:1/30 iteration:10/15 batch loss is :1.4513
2025-05-18 03:33:29 - INFO - the acc is :0.5
2025-05-18 03:33:36 - INFO - Epoch:1/30 Loss is :1.5382
2025-05-18 03:36:30 - INFO - epoch:2/30 iteration:0/15 batch loss is :1.6843
2025-05-18 03:36:30 - INFO - the acc is :0.375
2025-05-18 03:36:36 - INFO - epoch:2/30 iteration:5/15 batch loss is :1.5107
2025-05-18 03:36:36 - INFO - the acc is :0.34375
2025-05-18 03:36:43 - INFO - epoch:2/30 iteration:10/15 batch loss is :1.2215
2025-05-18 03:36:43 - INFO - the acc is :0.53125
2025-05-18 03:36:50 - INFO - Epoch:2/30 Loss is :1.4047
2025-05-18 03:39:46 - INFO - epoch:3/30 iteration:0/15 batch loss is :1.3307
2025-05-18 03:39:46 - INFO - the acc is :0.40625
2025-05-18 03:39:52 - INFO - epoch:3/30 iteration:5/15 batch loss is :1.1275
2025-05-18 03:39:52 - INFO - the acc is :0.65625
2025-05-18 03:39:59 - INFO - epoch:3/30 iteration:10/15 batch loss is :0.9476
2025-05-18 03:39:59 - INFO - the acc is :0.625
2025-05-18 03:40:06 - INFO - Epoch:3/30 Loss is :1.2221
2025-05-18 03:43:44 - INFO - epoch:4/30 iteration:0/15 batch loss is :1.1262
2025-05-18 03:43:44 - INFO - the acc is :0.46875
2025-05-18 03:43:50 - INFO - epoch:4/30 iteration:5/15 batch loss is :0.9964
2025-05-18 03:43:50 - INFO - the acc is :0.75
2025-05-18 03:43:57 - INFO - epoch:4/30 iteration:10/15 batch loss is :0.9110
2025-05-18 03:43:57 - INFO - the acc is :0.5625
2025-05-18 03:44:04 - INFO - Epoch:4/30 Loss is :1.1324
2025-05-18 03:46:56 - INFO - epoch:5/30 iteration:0/15 batch loss is :1.1274
2025-05-18 03:46:56 - INFO - the acc is :0.59375
2025-05-18 03:47:03 - INFO - epoch:5/30 iteration:5/15 batch loss is :1.0675
2025-05-18 03:47:03 - INFO - the acc is :0.65625
2025-05-18 03:47:09 - INFO - epoch:5/30 iteration:10/15 batch loss is :1.1767
2025-05-18 03:47:09 - INFO - the acc is :0.5625
2025-05-18 03:47:16 - INFO - Epoch:5/30 Loss is :1.0919
2025-05-18 03:50:12 - INFO - val accuarcy is : 0.1709
2025-05-18 03:50:12 - INFO - VAL loss :15.8347
2025-05-18 03:53:18 - INFO - epoch:6/30 iteration:0/15 batch loss is :0.8680
2025-05-18 03:53:18 - INFO - the acc is :0.78125
2025-05-18 03:53:24 - INFO - epoch:6/30 iteration:5/15 batch loss is :1.1158
2025-05-18 03:53:24 - INFO - the acc is :0.53125
2025-05-18 03:53:31 - INFO - epoch:6/30 iteration:10/15 batch loss is :0.8219
2025-05-18 03:53:31 - INFO - the acc is :0.84375
2025-05-18 03:53:38 - INFO - Epoch:6/30 Loss is :0.8684
2025-05-18 03:57:13 - INFO - epoch:7/30 iteration:0/15 batch loss is :0.9363
2025-05-18 03:57:13 - INFO - the acc is :0.65625
2025-05-18 03:57:20 - INFO - epoch:7/30 iteration:5/15 batch loss is :0.6807
2025-05-18 03:57:20 - INFO - the acc is :0.84375
2025-05-18 03:57:27 - INFO - epoch:7/30 iteration:10/15 batch loss is :0.8102
2025-05-18 03:57:27 - INFO - the acc is :0.78125
2025-05-18 03:57:34 - INFO - Epoch:7/30 Loss is :0.7110
2025-05-18 04:00:32 - INFO - epoch:8/30 iteration:0/15 batch loss is :0.7013
2025-05-18 04:00:32 - INFO - the acc is :0.84375
2025-05-18 04:00:38 - INFO - epoch:8/30 iteration:5/15 batch loss is :0.5729
2025-05-18 04:00:38 - INFO - the acc is :0.84375
2025-05-18 04:00:45 - INFO - epoch:8/30 iteration:10/15 batch loss is :0.3801
2025-05-18 04:00:45 - INFO - the acc is :0.96875
2025-05-18 04:00:52 - INFO - Epoch:8/30 Loss is :0.6006
2025-05-18 04:03:48 - INFO - epoch:9/30 iteration:0/15 batch loss is :0.4973
2025-05-18 04:03:48 - INFO - the acc is :0.9375
2025-05-18 04:03:55 - INFO - epoch:9/30 iteration:5/15 batch loss is :0.4599
2025-05-18 04:03:55 - INFO - the acc is :0.90625
2025-05-18 04:04:01 - INFO - epoch:9/30 iteration:10/15 batch loss is :0.4852
2025-05-18 04:04:01 - INFO - the acc is :0.9375
2025-05-18 04:04:08 - INFO - Epoch:9/30 Loss is :0.5098
2025-05-18 04:07:03 - INFO - epoch:10/30 iteration:0/15 batch loss is :0.4362
2025-05-18 04:07:03 - INFO - the acc is :0.9375
2025-05-18 04:07:09 - INFO - epoch:10/30 iteration:5/15 batch loss is :0.4173
2025-05-18 04:07:09 - INFO - the acc is :0.9375
2025-05-18 04:07:16 - INFO - epoch:10/30 iteration:10/15 batch loss is :0.4609
2025-05-18 04:07:16 - INFO - the acc is :0.9375
2025-05-18 04:07:23 - INFO - Epoch:10/30 Loss is :0.4037
2025-05-18 04:10:19 - INFO - val accuarcy is : 0.0684
2025-05-18 04:10:19 - INFO - VAL loss :4.7605
2025-05-18 04:14:13 - INFO - epoch:11/30 iteration:0/15 batch loss is :0.3205
2025-05-18 04:14:13 - INFO - the acc is :1.0
2025-05-18 04:14:20 - INFO - epoch:11/30 iteration:5/15 batch loss is :0.3994
2025-05-18 04:14:20 - INFO - the acc is :0.875
2025-05-18 04:14:27 - INFO - epoch:11/30 iteration:10/15 batch loss is :0.2892
2025-05-18 04:14:27 - INFO - the acc is :1.0
2025-05-18 04:14:34 - INFO - Epoch:11/30 Loss is :0.3856
