2025-04-24 13:53:35 - INFO - ------------------------------------------------------------------------------------------------
2025-04-24 13:53:35 - INFO - starting new training !!!!
2025-04-24 13:53:35 - INFO - ------------------------------------------------------------------------------------------------
2025-04-24 13:53:35 - INFO - Namespace(batch=16, class_dict={'early': 0, 'inter': 1, 'ga': 2, 'wet': 3, 'notAMD': 4}, device=device(type='cuda'), epoch=25, excel_path='d:\\cleaning_GUI_annotated_data\\tab_data_annotated_pats.xlsx', gamma=0.1, json='jsons/train_test_val_split_without_scar_with_both_res.json', log_dir='logs/Resnet', lr=0.0001, model_ch=[32, 64, 128, 256], model_path=None, num_classes=5, save_dir='model_parameter_Resnet', save_freq=5, step_size=10, weight_matrix=tensor([0.2500, 0.2500, 0.1250, 0.1600, 1.0000]))
2025-04-24 13:53:35 - INFO - parameters are being saved at :model_parameter_Resnet\69
2025-04-24 13:53:36 - INFO - found 4 gpus!
2025-04-24 13:53:36 - INFO - DataParallel(
  (module): Resnet18_3D(
    (conv1): Sequential(
      (0): Conv3d(1, 32, kernel_size=(7, 7, 7), stride=(2, 2, 2), padding=(3, 3, 3))
      (1): SyncBatchNorm(32, eps=1e-05, momentum=0.25, affine=True, track_running_stats=True)
      (2): ReLU()
    )
    (maxpool): MaxPool3d(kernel_size=3, stride=2, padding=1, dilation=1, ceil_mode=False)
    (conv2): BasicConvBlock(
      (layers): Sequential(
        (0): Sequential(
          (0): Conv3d(32, 32, kernel_size=(3, 3, 3), stride=(1, 1, 1), padding=(1, 1, 1))
          (1): SyncBatchNorm(32, eps=1e-05, momentum=0.25, affine=True, track_running_stats=True)
          (2): ReLU()
        )
        (1): Sequential(
          (0): Conv3d(32, 32, kernel_size=(3, 3, 3), stride=(1, 1, 1), padding=(1, 1, 1))
          (1): SyncBatchNorm(32, eps=1e-05, momentum=0.25, affine=True, track_running_stats=True)
          (2): ReLU()
        )
        (2): Sequential(
          (0): Conv3d(32, 32, kernel_size=(3, 3, 3), stride=(1, 1, 1), padding=(1, 1, 1))
          (1): SyncBatchNorm(32, eps=1e-05, momentum=0.25, affine=True, track_running_stats=True)
          (2): ReLU()
        )
        (3): Sequential(
          (0): Conv3d(32, 32, kernel_size=(3, 3, 3), stride=(1, 1, 1), padding=(1, 1, 1))
          (1): SyncBatchNorm(32, eps=1e-05, momentum=0.25, affine=True, track_running_stats=True)
          (2): ReLU()
        )
      )
    )
    (conv3): BasicConvBlock(
      (conv1x1): Conv3d(32, 64, kernel_size=(1, 1, 1), stride=(2, 2, 2))
      (layers): Sequential(
        (0): Sequential(
          (0): Conv3d(32, 64, kernel_size=(3, 3, 3), stride=(2, 2, 2), padding=(1, 1, 1))
          (1): SyncBatchNorm(64, eps=1e-05, momentum=0.25, affine=True, track_running_stats=True)
          (2): ReLU()
        )
        (1): Sequential(
          (0): Conv3d(64, 64, kernel_size=(3, 3, 3), stride=(1, 1, 1), padding=(1, 1, 1))
          (1): SyncBatchNorm(64, eps=1e-05, momentum=0.25, affine=True, track_running_stats=True)
          (2): ReLU()
        )
        (2): Sequential(
          (0): Conv3d(64, 64, kernel_size=(3, 3, 3), stride=(1, 1, 1), padding=(1, 1, 1))
          (1): SyncBatchNorm(64, eps=1e-05, momentum=0.25, affine=True, track_running_stats=True)
          (2): ReLU()
        )
        (3): Sequential(
          (0): Conv3d(64, 64, kernel_size=(3, 3, 3), stride=(1, 1, 1), padding=(1, 1, 1))
          (1): SyncBatchNorm(64, eps=1e-05, momentum=0.25, affine=True, track_running_stats=True)
          (2): ReLU()
        )
      )
    )
    (conv4): BasicConvBlock(
      (conv1x1): Conv3d(64, 128, kernel_size=(1, 1, 1), stride=(2, 2, 2))
      (layers): Sequential(
        (0): Sequential(
          (0): Conv3d(64, 128, kernel_size=(3, 3, 3), stride=(2, 2, 2), padding=(1, 1, 1))
          (1): SyncBatchNorm(128, eps=1e-05, momentum=0.25, affine=True, track_running_stats=True)
          (2): ReLU()
        )
        (1): Sequential(
          (0): Conv3d(128, 128, kernel_size=(3, 3, 3), stride=(1, 1, 1), padding=(1, 1, 1))
          (1): SyncBatchNorm(128, eps=1e-05, momentum=0.25, affine=True, track_running_stats=True)
          (2): ReLU()
        )
        (2): Sequential(
          (0): Conv3d(128, 128, kernel_size=(3, 3, 3), stride=(1, 1, 1), padding=(1, 1, 1))
          (1): SyncBatchNorm(128, eps=1e-05, momentum=0.25, affine=True, track_running_stats=True)
          (2): ReLU()
        )
        (3): Sequential(
          (0): Conv3d(128, 128, kernel_size=(3, 3, 3), stride=(1, 1, 1), padding=(1, 1, 1))
          (1): SyncBatchNorm(128, eps=1e-05, momentum=0.25, affine=True, track_running_stats=True)
          (2): ReLU()
        )
      )
    )
    (conv5): BasicConvBlock(
      (conv1x1): Conv3d(128, 256, kernel_size=(1, 1, 1), stride=(2, 2, 2))
      (layers): Sequential(
        (0): Sequential(
          (0): Conv3d(128, 256, kernel_size=(3, 3, 3), stride=(2, 2, 2), padding=(1, 1, 1))
          (1): SyncBatchNorm(256, eps=1e-05, momentum=0.25, affine=True, track_running_stats=True)
          (2): ReLU()
        )
        (1): Sequential(
          (0): Conv3d(256, 256, kernel_size=(3, 3, 3), stride=(1, 1, 1), padding=(1, 1, 1))
          (1): SyncBatchNorm(256, eps=1e-05, momentum=0.25, affine=True, track_running_stats=True)
          (2): ReLU()
        )
        (2): Sequential(
          (0): Conv3d(256, 256, kernel_size=(3, 3, 3), stride=(1, 1, 1), padding=(1, 1, 1))
          (1): SyncBatchNorm(256, eps=1e-05, momentum=0.25, affine=True, track_running_stats=True)
          (2): ReLU()
        )
        (3): Sequential(
          (0): Conv3d(256, 256, kernel_size=(3, 3, 3), stride=(1, 1, 1), padding=(1, 1, 1))
          (1): SyncBatchNorm(256, eps=1e-05, momentum=0.25, affine=True, track_running_stats=True)
          (2): ReLU()
        )
      )
    )
    (avgPool): AdaptiveAvgPool3d(output_size=1)
    (linear): Linear(in_features=256, out_features=5, bias=True)
  )
)
2025-04-24 13:53:36 - INFO - fold number:0
2025-04-24 13:56:02 - INFO - epoch:0/25 iteration:0/49 batch loss is :1.7029
2025-04-24 13:56:02 - INFO - the acc is :0.1875
2025-04-24 13:56:12 - INFO - epoch:0/25 iteration:5/49 batch loss is :1.5339
2025-04-24 13:56:12 - INFO - the acc is :0.125
2025-04-24 13:56:21 - INFO - epoch:0/25 iteration:10/49 batch loss is :1.4337
2025-04-24 13:56:21 - INFO - the acc is :0.375
2025-04-24 13:57:07 - INFO - epoch:0/25 iteration:15/49 batch loss is :1.6785
2025-04-24 13:57:07 - INFO - the acc is :0.0625
2025-04-24 13:57:15 - INFO - epoch:0/25 iteration:20/49 batch loss is :1.3652
2025-04-24 13:57:15 - INFO - the acc is :0.625
2025-04-24 13:58:12 - INFO - epoch:0/25 iteration:25/49 batch loss is :1.3500
2025-04-24 13:58:12 - INFO - the acc is :0.5625
