2025-05-04 14:35:20 - INFO - ------------------------------------------------------------------------------------------------
2025-05-04 14:35:20 - INFO - starting new training !!!!
2025-05-04 14:35:20 - INFO - ------------------------------------------------------------------------------------------------
2025-05-04 14:35:20 - INFO - Namespace(batch=16, class_dict={'early': 0, 'inter': 1, 'ga': 2, 'wet': 3, 'scar': 4, 'notAMD': 5}, device=device(type='cuda'), epoch=90, excel_path='d:\\cleaning_GUI_annotated_data\\tab_data_annotated_pats.xlsx', gamma=0.1, json='jsons/train_test_val_split.json', log_dir='logs/Resnet', lr=0.0001, model_ch=[64, 128, 256, 512], model_path='model_parameter_Resnet3D\\15\\fold4_epoch30_val_0.1482_train_0.0672', num_classes=6, save_dir='model_parameter_Resnet', save_freq=5, step_size=10, weight_matrix=tensor([0.2500, 0.2500, 0.1250, 0.1670, 0.1430, 1.0000]))
2025-05-04 14:35:20 - INFO - parameters are being saved at :model_parameter_Resnet\81
2025-05-04 14:35:21 - INFO - found 4 gpus!
2025-05-04 14:35:21 - INFO - DataParallel(
  (module): Resnet18_3D(
    (conv1): Sequential(
      (0): Conv3d(1, 64, kernel_size=(7, 7, 7), stride=(2, 2, 2), padding=(3, 3, 3))
      (1): BatchNorm3d(64, eps=1e-05, momentum=0.25, affine=True, track_running_stats=True)
      (2): ReLU()
    )
    (maxpool): MaxPool3d(kernel_size=3, stride=2, padding=1, dilation=1, ceil_mode=False)
    (conv2): BasicConvBlock(
      (layers): Sequential(
        (0): Sequential(
          (0): Conv3d(64, 64, kernel_size=(3, 3, 3), stride=(1, 1, 1), padding=(1, 1, 1))
          (1): BatchNorm3d(64, eps=1e-05, momentum=0.25, affine=True, track_running_stats=True)
          (2): ReLU()
        )
        (1): Sequential(
          (0): Conv3d(64, 64, kernel_size=(3, 3, 3), stride=(1, 1, 1), padding=(1, 1, 1))
          (1): BatchNorm3d(64, eps=1e-05, momentum=0.25, affine=True, track_running_stats=True)
          (2): ReLU()
        )
        (2): Sequential(
          (0): Conv3d(64, 64, kernel_size=(3, 3, 3), stride=(1, 1, 1), padding=(1, 1, 1))
          (1): BatchNorm3d(64, eps=1e-05, momentum=0.25, affine=True, track_running_stats=True)
          (2): ReLU()
        )
        (3): Sequential(
          (0): Conv3d(64, 64, kernel_size=(3, 3, 3), stride=(1, 1, 1), padding=(1, 1, 1))
          (1): BatchNorm3d(64, eps=1e-05, momentum=0.25, affine=True, track_running_stats=True)
          (2): ReLU()
        )
      )
    )
    (conv3): BasicConvBlock(
      (conv1x1): Conv3d(64, 128, kernel_size=(1, 1, 1), stride=(2, 2, 2))
      (layers): Sequential(
        (0): Sequential(
          (0): Conv3d(64, 128, kernel_size=(3, 3, 3), stride=(2, 2, 2), padding=(1, 1, 1))
          (1): BatchNorm3d(128, eps=1e-05, momentum=0.25, affine=True, track_running_stats=True)
          (2): ReLU()
        )
        (1): Sequential(
          (0): Conv3d(128, 128, kernel_size=(3, 3, 3), stride=(1, 1, 1), padding=(1, 1, 1))
          (1): BatchNorm3d(128, eps=1e-05, momentum=0.25, affine=True, track_running_stats=True)
          (2): ReLU()
        )
        (2): Sequential(
          (0): Conv3d(128, 128, kernel_size=(3, 3, 3), stride=(1, 1, 1), padding=(1, 1, 1))
          (1): BatchNorm3d(128, eps=1e-05, momentum=0.25, affine=True, track_running_stats=True)
          (2): ReLU()
        )
        (3): Sequential(
          (0): Conv3d(128, 128, kernel_size=(3, 3, 3), stride=(1, 1, 1), padding=(1, 1, 1))
          (1): BatchNorm3d(128, eps=1e-05, momentum=0.25, affine=True, track_running_stats=True)
          (2): ReLU()
        )
      )
    )
    (conv4): BasicConvBlock(
      (conv1x1): Conv3d(128, 256, kernel_size=(1, 1, 1), stride=(2, 2, 2))
      (layers): Sequential(
        (0): Sequential(
          (0): Conv3d(128, 256, kernel_size=(3, 3, 3), stride=(2, 2, 2), padding=(1, 1, 1))
          (1): BatchNorm3d(256, eps=1e-05, momentum=0.25, affine=True, track_running_stats=True)
          (2): ReLU()
        )
        (1): Sequential(
          (0): Conv3d(256, 256, kernel_size=(3, 3, 3), stride=(1, 1, 1), padding=(1, 1, 1))
          (1): BatchNorm3d(256, eps=1e-05, momentum=0.25, affine=True, track_running_stats=True)
          (2): ReLU()
        )
        (2): Sequential(
          (0): Conv3d(256, 256, kernel_size=(3, 3, 3), stride=(1, 1, 1), padding=(1, 1, 1))
          (1): BatchNorm3d(256, eps=1e-05, momentum=0.25, affine=True, track_running_stats=True)
          (2): ReLU()
        )
        (3): Sequential(
          (0): Conv3d(256, 256, kernel_size=(3, 3, 3), stride=(1, 1, 1), padding=(1, 1, 1))
          (1): BatchNorm3d(256, eps=1e-05, momentum=0.25, affine=True, track_running_stats=True)
          (2): ReLU()
        )
      )
    )
    (conv5): BasicConvBlock(
      (conv1x1): Conv3d(256, 512, kernel_size=(1, 1, 1), stride=(2, 2, 2))
      (layers): Sequential(
        (0): Sequential(
          (0): Conv3d(256, 512, kernel_size=(3, 3, 3), stride=(2, 2, 2), padding=(1, 1, 1))
          (1): BatchNorm3d(512, eps=1e-05, momentum=0.25, affine=True, track_running_stats=True)
          (2): ReLU()
        )
        (1): Sequential(
          (0): Conv3d(512, 512, kernel_size=(3, 3, 3), stride=(1, 1, 1), padding=(1, 1, 1))
          (1): BatchNorm3d(512, eps=1e-05, momentum=0.25, affine=True, track_running_stats=True)
          (2): ReLU()
        )
        (2): Sequential(
          (0): Conv3d(512, 512, kernel_size=(3, 3, 3), stride=(1, 1, 1), padding=(1, 1, 1))
          (1): BatchNorm3d(512, eps=1e-05, momentum=0.25, affine=True, track_running_stats=True)
          (2): ReLU()
        )
        (3): Sequential(
          (0): Conv3d(512, 512, kernel_size=(3, 3, 3), stride=(1, 1, 1), padding=(1, 1, 1))
          (1): BatchNorm3d(512, eps=1e-05, momentum=0.25, affine=True, track_running_stats=True)
          (2): ReLU()
        )
      )
    )
    (avgPool): AdaptiveAvgPool3d(output_size=1)
    (linear): Linear(in_features=512, out_features=6, bias=True)
  )
)
2025-05-04 14:35:21 - INFO - loaded model parameters from model_parameter_Resnet3D\15\fold4_epoch30_val_0.1482_train_0.0672
2025-05-04 14:35:21 - INFO - fold number:0
2025-05-04 14:35:21 - INFO - fold number:1
2025-05-04 14:35:21 - INFO - fold number:2
2025-05-04 14:35:21 - INFO - fold number:3
2025-05-04 14:35:21 - INFO - fold number:4
2025-05-04 14:37:44 - INFO - epoch:31/90 iteration:0/38 batch loss is :0.4006
2025-05-04 14:37:44 - INFO - the acc is :0.9375
2025-05-04 14:37:52 - INFO - epoch:31/90 iteration:5/38 batch loss is :0.2668
2025-05-04 14:37:52 - INFO - the acc is :0.9375
2025-05-04 14:38:00 - INFO - epoch:31/90 iteration:10/38 batch loss is :0.0988
2025-05-04 14:38:00 - INFO - the acc is :1.0
2025-05-04 14:38:08 - INFO - epoch:31/90 iteration:15/38 batch loss is :0.1710
2025-05-04 14:38:08 - INFO - the acc is :0.875
2025-05-04 14:38:45 - INFO - epoch:31/90 iteration:20/38 batch loss is :0.3475
2025-05-04 14:38:45 - INFO - the acc is :0.875
2025-05-04 14:38:52 - INFO - epoch:31/90 iteration:25/38 batch loss is :0.2393
2025-05-04 14:38:52 - INFO - the acc is :0.875
2025-05-04 14:38:59 - INFO - epoch:31/90 iteration:30/38 batch loss is :0.4855
2025-05-04 14:38:59 - INFO - the acc is :0.875
2025-05-04 14:39:20 - INFO - epoch:31/90 iteration:35/38 batch loss is :0.6260
2025-05-04 14:39:20 - INFO - the acc is :0.75
2025-05-04 14:39:24 - INFO - Epoch:31/90 Loss is :0.3865
2025-05-04 14:41:54 - INFO - epoch:32/90 iteration:0/38 batch loss is :0.3780
2025-05-04 14:41:54 - INFO - the acc is :0.875
2025-05-04 14:42:22 - INFO - epoch:32/90 iteration:5/38 batch loss is :0.1425
2025-05-04 14:42:22 - INFO - the acc is :1.0
2025-05-04 14:42:31 - INFO - epoch:32/90 iteration:10/38 batch loss is :0.1161
2025-05-04 14:42:31 - INFO - the acc is :0.9375
2025-05-04 14:42:38 - INFO - epoch:32/90 iteration:15/38 batch loss is :0.0330
2025-05-04 14:42:38 - INFO - the acc is :1.0
2025-05-04 14:42:51 - INFO - epoch:32/90 iteration:20/38 batch loss is :0.0300
2025-05-04 14:42:51 - INFO - the acc is :1.0
2025-05-04 14:42:58 - INFO - epoch:32/90 iteration:25/38 batch loss is :0.1989
2025-05-04 14:42:58 - INFO - the acc is :0.9375
2025-05-04 14:43:05 - INFO - epoch:32/90 iteration:30/38 batch loss is :0.1595
2025-05-04 14:43:05 - INFO - the acc is :1.0
2025-05-04 14:43:11 - INFO - epoch:32/90 iteration:35/38 batch loss is :0.1270
2025-05-04 14:43:11 - INFO - the acc is :0.9375
2025-05-04 14:43:16 - INFO - Epoch:32/90 Loss is :0.1790
2025-05-04 14:45:32 - INFO - epoch:33/90 iteration:0/38 batch loss is :0.0663
2025-05-04 14:45:32 - INFO - the acc is :1.0
2025-05-04 14:45:42 - INFO - epoch:33/90 iteration:5/38 batch loss is :0.1903
2025-05-04 14:45:42 - INFO - the acc is :0.9375
2025-05-04 14:45:52 - INFO - epoch:33/90 iteration:10/38 batch loss is :0.0688
2025-05-04 14:45:52 - INFO - the acc is :0.9375
2025-05-04 14:46:02 - INFO - epoch:33/90 iteration:15/38 batch loss is :0.0664
2025-05-04 14:46:02 - INFO - the acc is :1.0
2025-05-04 14:46:17 - INFO - epoch:33/90 iteration:20/38 batch loss is :0.0743
2025-05-04 14:46:17 - INFO - the acc is :1.0
2025-05-04 14:46:24 - INFO - epoch:33/90 iteration:25/38 batch loss is :0.0841
2025-05-04 14:46:24 - INFO - the acc is :1.0
2025-05-04 14:46:31 - INFO - epoch:33/90 iteration:30/38 batch loss is :0.0601
2025-05-04 14:46:31 - INFO - the acc is :1.0
2025-05-04 14:46:37 - INFO - epoch:33/90 iteration:35/38 batch loss is :0.0214
2025-05-04 14:46:37 - INFO - the acc is :1.0
2025-05-04 14:46:42 - INFO - Epoch:33/90 Loss is :0.1530
2025-05-04 14:48:59 - INFO - epoch:34/90 iteration:0/38 batch loss is :0.0272
2025-05-04 14:48:59 - INFO - the acc is :1.0
2025-05-04 14:49:10 - INFO - epoch:34/90 iteration:5/38 batch loss is :0.0647
2025-05-04 14:49:10 - INFO - the acc is :1.0
2025-05-04 14:49:22 - INFO - epoch:34/90 iteration:10/38 batch loss is :0.0649
2025-05-04 14:49:22 - INFO - the acc is :1.0
2025-05-04 14:49:33 - INFO - epoch:34/90 iteration:15/38 batch loss is :0.0811
2025-05-04 14:49:33 - INFO - the acc is :1.0
2025-05-04 14:49:41 - INFO - epoch:34/90 iteration:20/38 batch loss is :0.0829
2025-05-04 14:49:41 - INFO - the acc is :1.0
2025-05-04 14:49:48 - INFO - epoch:34/90 iteration:25/38 batch loss is :0.1796
2025-05-04 14:49:48 - INFO - the acc is :0.9375
2025-05-04 14:49:56 - INFO - epoch:34/90 iteration:30/38 batch loss is :0.0466
2025-05-04 14:49:56 - INFO - the acc is :1.0
2025-05-04 14:50:02 - INFO - epoch:34/90 iteration:35/38 batch loss is :0.0371
2025-05-04 14:50:02 - INFO - the acc is :1.0
2025-05-04 14:50:06 - INFO - Epoch:34/90 Loss is :0.1161
2025-05-04 14:52:23 - INFO - epoch:35/90 iteration:0/38 batch loss is :0.4569
2025-05-04 14:52:23 - INFO - the acc is :0.8125
2025-05-04 14:52:33 - INFO - epoch:35/90 iteration:5/38 batch loss is :0.0585
2025-05-04 14:52:33 - INFO - the acc is :1.0
2025-05-04 14:52:41 - INFO - epoch:35/90 iteration:10/38 batch loss is :0.0371
2025-05-04 14:52:41 - INFO - the acc is :1.0
2025-05-04 14:52:49 - INFO - epoch:35/90 iteration:15/38 batch loss is :0.0292
2025-05-04 14:52:49 - INFO - the acc is :1.0
2025-05-04 14:53:21 - INFO - epoch:35/90 iteration:20/38 batch loss is :0.3669
2025-05-04 14:53:21 - INFO - the acc is :0.75
2025-05-04 14:53:28 - INFO - epoch:35/90 iteration:25/38 batch loss is :0.2647
2025-05-04 14:53:28 - INFO - the acc is :0.875
2025-05-04 14:53:35 - INFO - epoch:35/90 iteration:30/38 batch loss is :0.0276
2025-05-04 14:53:35 - INFO - the acc is :1.0
2025-05-04 14:53:56 - INFO - epoch:35/90 iteration:35/38 batch loss is :0.0511
2025-05-04 14:53:56 - INFO - the acc is :1.0
2025-05-04 14:54:01 - INFO - Epoch:35/90 Loss is :0.1184
2025-05-04 14:56:38 - INFO - val accuarcy is : 0.6963
2025-05-04 14:56:38 - INFO - VAL loss :0.7986
2025-05-04 14:59:19 - INFO - epoch:36/90 iteration:0/38 batch loss is :0.0959
2025-05-04 14:59:19 - INFO - the acc is :1.0
2025-05-04 14:59:27 - INFO - epoch:36/90 iteration:5/38 batch loss is :0.0440
2025-05-04 14:59:27 - INFO - the acc is :1.0
2025-05-04 14:59:36 - INFO - epoch:36/90 iteration:10/38 batch loss is :0.0634
2025-05-04 14:59:36 - INFO - the acc is :0.9375
2025-05-04 14:59:44 - INFO - epoch:36/90 iteration:15/38 batch loss is :0.0896
2025-05-04 14:59:44 - INFO - the acc is :0.9375
2025-05-04 15:00:12 - INFO - epoch:36/90 iteration:20/38 batch loss is :0.1603
2025-05-04 15:00:12 - INFO - the acc is :0.9375
2025-05-04 15:00:19 - INFO - epoch:36/90 iteration:25/38 batch loss is :0.1581
2025-05-04 15:00:19 - INFO - the acc is :0.9375
2025-05-04 15:00:26 - INFO - epoch:36/90 iteration:30/38 batch loss is :0.0662
2025-05-04 15:00:26 - INFO - the acc is :1.0
2025-05-04 15:00:39 - INFO - epoch:36/90 iteration:35/38 batch loss is :0.1224
2025-05-04 15:00:39 - INFO - the acc is :0.9375
2025-05-04 15:00:44 - INFO - Epoch:36/90 Loss is :0.1155
2025-05-04 15:03:00 - INFO - epoch:37/90 iteration:0/38 batch loss is :0.1334
2025-05-04 15:03:00 - INFO - the acc is :0.9375
2025-05-04 15:03:15 - INFO - epoch:37/90 iteration:5/38 batch loss is :0.0329
2025-05-04 15:03:15 - INFO - the acc is :1.0
2025-05-04 15:03:29 - INFO - epoch:37/90 iteration:10/38 batch loss is :0.0844
2025-05-04 15:03:29 - INFO - the acc is :1.0
2025-05-04 15:03:39 - INFO - epoch:37/90 iteration:15/38 batch loss is :0.0191
2025-05-04 15:03:39 - INFO - the acc is :1.0
2025-05-04 15:03:47 - INFO - epoch:37/90 iteration:20/38 batch loss is :0.0268
2025-05-04 15:03:47 - INFO - the acc is :1.0
2025-05-04 15:03:54 - INFO - epoch:37/90 iteration:25/38 batch loss is :0.0336
2025-05-04 15:03:54 - INFO - the acc is :1.0
2025-05-04 15:04:01 - INFO - epoch:37/90 iteration:30/38 batch loss is :0.2400
2025-05-04 15:04:01 - INFO - the acc is :0.9375
2025-05-04 15:04:07 - INFO - epoch:37/90 iteration:35/38 batch loss is :0.1886
2025-05-04 15:04:07 - INFO - the acc is :0.875
2025-05-04 15:04:11 - INFO - Epoch:37/90 Loss is :0.0623
2025-05-04 15:06:31 - INFO - epoch:38/90 iteration:0/38 batch loss is :0.0471
2025-05-04 15:06:31 - INFO - the acc is :1.0
2025-05-04 15:06:42 - INFO - epoch:38/90 iteration:5/38 batch loss is :0.1967
2025-05-04 15:06:42 - INFO - the acc is :0.9375
2025-05-04 15:06:56 - INFO - epoch:38/90 iteration:10/38 batch loss is :0.0799
2025-05-04 15:06:56 - INFO - the acc is :1.0
2025-05-04 15:07:07 - INFO - epoch:38/90 iteration:15/38 batch loss is :0.0720
2025-05-04 15:07:07 - INFO - the acc is :1.0
2025-05-04 15:07:15 - INFO - epoch:38/90 iteration:20/38 batch loss is :0.0614
2025-05-04 15:07:15 - INFO - the acc is :1.0
2025-05-04 15:07:22 - INFO - epoch:38/90 iteration:25/38 batch loss is :0.0257
2025-05-04 15:07:22 - INFO - the acc is :1.0
2025-05-04 15:07:29 - INFO - epoch:38/90 iteration:30/38 batch loss is :0.0525
2025-05-04 15:07:29 - INFO - the acc is :1.0
2025-05-04 15:07:35 - INFO - epoch:38/90 iteration:35/38 batch loss is :0.0572
2025-05-04 15:07:35 - INFO - the acc is :0.9375
2025-05-04 15:07:40 - INFO - Epoch:38/90 Loss is :0.1003
2025-05-04 15:10:24 - INFO - epoch:39/90 iteration:0/38 batch loss is :0.0132
2025-05-04 15:10:24 - INFO - the acc is :1.0
2025-05-04 15:10:32 - INFO - epoch:39/90 iteration:5/38 batch loss is :0.0184
2025-05-04 15:10:32 - INFO - the acc is :1.0
2025-05-04 15:10:40 - INFO - epoch:39/90 iteration:10/38 batch loss is :0.0478
2025-05-04 15:10:40 - INFO - the acc is :1.0
2025-05-04 15:10:48 - INFO - epoch:39/90 iteration:15/38 batch loss is :0.0532
2025-05-04 15:10:48 - INFO - the acc is :1.0
2025-05-04 15:11:28 - INFO - epoch:39/90 iteration:20/38 batch loss is :0.1217
2025-05-04 15:11:28 - INFO - the acc is :0.9375
2025-05-04 15:11:34 - INFO - epoch:39/90 iteration:25/38 batch loss is :0.0988
2025-05-04 15:11:34 - INFO - the acc is :1.0
2025-05-04 15:11:42 - INFO - epoch:39/90 iteration:30/38 batch loss is :0.0532
2025-05-04 15:11:42 - INFO - the acc is :1.0
2025-05-04 15:12:03 - INFO - epoch:39/90 iteration:35/38 batch loss is :0.0370
2025-05-04 15:12:03 - INFO - the acc is :1.0
2025-05-04 15:12:08 - INFO - Epoch:39/90 Loss is :0.0868
2025-05-04 15:14:22 - INFO - epoch:40/90 iteration:0/38 batch loss is :0.0105
2025-05-04 15:14:22 - INFO - the acc is :1.0
2025-05-04 15:14:36 - INFO - epoch:40/90 iteration:5/38 batch loss is :0.0224
2025-05-04 15:14:36 - INFO - the acc is :1.0
2025-05-04 15:14:48 - INFO - epoch:40/90 iteration:10/38 batch loss is :0.0844
2025-05-04 15:14:48 - INFO - the acc is :0.9375
2025-05-04 15:14:59 - INFO - epoch:40/90 iteration:15/38 batch loss is :0.0392
2025-05-04 15:14:59 - INFO - the acc is :1.0
2025-05-04 15:15:08 - INFO - epoch:40/90 iteration:20/38 batch loss is :0.1038
2025-05-04 15:15:08 - INFO - the acc is :1.0
2025-05-04 15:15:15 - INFO - epoch:40/90 iteration:25/38 batch loss is :0.0227
2025-05-04 15:15:15 - INFO - the acc is :1.0
2025-05-04 15:15:22 - INFO - epoch:40/90 iteration:30/38 batch loss is :0.0519
2025-05-04 15:15:22 - INFO - the acc is :1.0
2025-05-04 15:15:28 - INFO - epoch:40/90 iteration:35/38 batch loss is :0.0334
2025-05-04 15:15:28 - INFO - the acc is :1.0
2025-05-04 15:15:33 - INFO - Epoch:40/90 Loss is :0.0646
2025-05-04 15:18:01 - INFO - val accuarcy is : 0.7427
2025-05-04 15:18:01 - INFO - VAL loss :0.7336
2025-05-04 15:20:28 - INFO - epoch:41/90 iteration:0/38 batch loss is :0.0102
2025-05-04 15:20:28 - INFO - the acc is :1.0
2025-05-04 15:20:39 - INFO - epoch:41/90 iteration:5/38 batch loss is :0.3475
2025-05-04 15:20:39 - INFO - the acc is :0.875
2025-05-04 15:20:50 - INFO - epoch:41/90 iteration:10/38 batch loss is :0.0188
2025-05-04 15:20:50 - INFO - the acc is :1.0
2025-05-04 15:21:00 - INFO - epoch:41/90 iteration:15/38 batch loss is :0.1531
2025-05-04 15:21:00 - INFO - the acc is :0.9375
2025-05-04 15:21:12 - INFO - epoch:41/90 iteration:20/38 batch loss is :0.0454
2025-05-04 15:21:12 - INFO - the acc is :1.0
2025-05-04 15:21:19 - INFO - epoch:41/90 iteration:25/38 batch loss is :0.2145
2025-05-04 15:21:19 - INFO - the acc is :0.9375
2025-05-04 15:21:26 - INFO - epoch:41/90 iteration:30/38 batch loss is :0.0100
2025-05-04 15:21:26 - INFO - the acc is :1.0
2025-05-04 15:21:33 - INFO - epoch:41/90 iteration:35/38 batch loss is :0.0714
2025-05-04 15:21:33 - INFO - the acc is :0.9375
2025-05-04 15:21:37 - INFO - Epoch:41/90 Loss is :0.0627
2025-05-04 15:24:21 - INFO - epoch:42/90 iteration:0/38 batch loss is :0.0203
2025-05-04 15:24:21 - INFO - the acc is :1.0
2025-05-04 15:24:29 - INFO - epoch:42/90 iteration:5/38 batch loss is :0.0111
2025-05-04 15:24:29 - INFO - the acc is :1.0
2025-05-04 15:24:37 - INFO - epoch:42/90 iteration:10/38 batch loss is :0.0266
2025-05-04 15:24:37 - INFO - the acc is :1.0
2025-05-04 15:24:44 - INFO - epoch:42/90 iteration:15/38 batch loss is :0.0110
2025-05-04 15:24:44 - INFO - the acc is :1.0
2025-05-04 15:25:24 - INFO - epoch:42/90 iteration:20/38 batch loss is :0.0214
2025-05-04 15:25:24 - INFO - the acc is :1.0
2025-05-04 15:25:31 - INFO - epoch:42/90 iteration:25/38 batch loss is :0.0101
2025-05-04 15:25:31 - INFO - the acc is :1.0
2025-05-04 15:25:38 - INFO - epoch:42/90 iteration:30/38 batch loss is :0.0113
2025-05-04 15:25:38 - INFO - the acc is :1.0
2025-05-04 15:25:59 - INFO - epoch:42/90 iteration:35/38 batch loss is :0.0388
2025-05-04 15:25:59 - INFO - the acc is :1.0
2025-05-04 15:26:03 - INFO - Epoch:42/90 Loss is :0.0439
2025-05-04 15:28:20 - INFO - epoch:43/90 iteration:0/38 batch loss is :0.3180
2025-05-04 15:28:20 - INFO - the acc is :0.875
2025-05-04 15:28:35 - INFO - epoch:43/90 iteration:5/38 batch loss is :0.0062
2025-05-04 15:28:35 - INFO - the acc is :1.0
2025-05-04 15:28:49 - INFO - epoch:43/90 iteration:10/38 batch loss is :0.0147
2025-05-04 15:28:49 - INFO - the acc is :1.0
2025-05-04 15:28:59 - INFO - epoch:43/90 iteration:15/38 batch loss is :0.0049
2025-05-04 15:28:59 - INFO - the acc is :1.0
2025-05-04 15:29:07 - INFO - epoch:43/90 iteration:20/38 batch loss is :0.0084
2025-05-04 15:29:07 - INFO - the acc is :1.0
2025-05-04 15:29:14 - INFO - epoch:43/90 iteration:25/38 batch loss is :0.0113
2025-05-04 15:29:14 - INFO - the acc is :1.0
2025-05-04 15:29:21 - INFO - epoch:43/90 iteration:30/38 batch loss is :0.0209
2025-05-04 15:29:21 - INFO - the acc is :1.0
2025-05-04 15:29:27 - INFO - epoch:43/90 iteration:35/38 batch loss is :0.0326
2025-05-04 15:29:27 - INFO - the acc is :1.0
2025-05-04 15:29:32 - INFO - Epoch:43/90 Loss is :0.0410
2025-05-04 15:31:49 - INFO - epoch:44/90 iteration:0/38 batch loss is :0.0241
2025-05-04 15:31:49 - INFO - the acc is :1.0
2025-05-04 15:32:04 - INFO - epoch:44/90 iteration:5/38 batch loss is :0.0152
2025-05-04 15:32:04 - INFO - the acc is :1.0
2025-05-04 15:32:17 - INFO - epoch:44/90 iteration:10/38 batch loss is :0.0143
2025-05-04 15:32:17 - INFO - the acc is :1.0
2025-05-04 15:32:27 - INFO - epoch:44/90 iteration:15/38 batch loss is :0.0084
2025-05-04 15:32:27 - INFO - the acc is :1.0
2025-05-04 15:32:35 - INFO - epoch:44/90 iteration:20/38 batch loss is :0.0089
2025-05-04 15:32:35 - INFO - the acc is :1.0
2025-05-04 15:32:42 - INFO - epoch:44/90 iteration:25/38 batch loss is :0.2029
2025-05-04 15:32:42 - INFO - the acc is :0.875
2025-05-04 15:32:49 - INFO - epoch:44/90 iteration:30/38 batch loss is :0.0439
2025-05-04 15:32:49 - INFO - the acc is :1.0
2025-05-04 15:32:55 - INFO - epoch:44/90 iteration:35/38 batch loss is :0.0051
2025-05-04 15:32:55 - INFO - the acc is :1.0
2025-05-04 15:33:00 - INFO - Epoch:44/90 Loss is :0.0373
2025-05-04 15:35:15 - INFO - epoch:45/90 iteration:0/38 batch loss is :0.0134
2025-05-04 15:35:15 - INFO - the acc is :1.0
2025-05-04 15:35:26 - INFO - epoch:45/90 iteration:5/38 batch loss is :0.0299
2025-05-04 15:35:26 - INFO - the acc is :1.0
2025-05-04 15:35:43 - INFO - epoch:45/90 iteration:10/38 batch loss is :0.0458
2025-05-04 15:35:43 - INFO - the acc is :1.0
2025-05-04 15:35:54 - INFO - epoch:45/90 iteration:15/38 batch loss is :0.0115
2025-05-04 15:35:54 - INFO - the acc is :1.0
2025-05-04 15:36:02 - INFO - epoch:45/90 iteration:20/38 batch loss is :0.0109
2025-05-04 15:36:02 - INFO - the acc is :1.0
2025-05-04 15:36:09 - INFO - epoch:45/90 iteration:25/38 batch loss is :0.0099
2025-05-04 15:36:09 - INFO - the acc is :1.0
2025-05-04 15:36:15 - INFO - epoch:45/90 iteration:30/38 batch loss is :0.0423
2025-05-04 15:36:15 - INFO - the acc is :1.0
2025-05-04 15:36:22 - INFO - epoch:45/90 iteration:35/38 batch loss is :0.0182
2025-05-04 15:36:22 - INFO - the acc is :1.0
2025-05-04 15:36:26 - INFO - Epoch:45/90 Loss is :0.0515
2025-05-04 15:39:03 - INFO - val accuarcy is : 0.5570
2025-05-04 15:39:03 - INFO - VAL loss :1.8221
2025-05-04 15:41:45 - INFO - epoch:46/90 iteration:0/38 batch loss is :0.0597
2025-05-04 15:41:45 - INFO - the acc is :1.0
2025-05-04 15:41:53 - INFO - epoch:46/90 iteration:5/38 batch loss is :0.0885
2025-05-04 15:41:53 - INFO - the acc is :1.0
2025-05-04 15:42:01 - INFO - epoch:46/90 iteration:10/38 batch loss is :0.0481
2025-05-04 15:42:01 - INFO - the acc is :1.0
2025-05-04 15:42:08 - INFO - epoch:46/90 iteration:15/38 batch loss is :0.0186
2025-05-04 15:42:08 - INFO - the acc is :1.0
2025-05-04 15:42:49 - INFO - epoch:46/90 iteration:20/38 batch loss is :0.1764
2025-05-04 15:42:49 - INFO - the acc is :1.0
2025-05-04 15:42:55 - INFO - epoch:46/90 iteration:25/38 batch loss is :0.0129
2025-05-04 15:42:55 - INFO - the acc is :1.0
2025-05-04 15:43:02 - INFO - epoch:46/90 iteration:30/38 batch loss is :0.0074
2025-05-04 15:43:02 - INFO - the acc is :1.0
2025-05-04 15:43:24 - INFO - epoch:46/90 iteration:35/38 batch loss is :0.0095
2025-05-04 15:43:24 - INFO - the acc is :1.0
2025-05-04 15:43:28 - INFO - Epoch:46/90 Loss is :0.0460
2025-05-04 15:45:42 - INFO - epoch:47/90 iteration:0/38 batch loss is :0.0087
2025-05-04 15:45:42 - INFO - the acc is :1.0
2025-05-04 15:45:55 - INFO - epoch:47/90 iteration:5/38 batch loss is :0.0357
2025-05-04 15:45:55 - INFO - the acc is :1.0
2025-05-04 15:46:09 - INFO - epoch:47/90 iteration:10/38 batch loss is :0.0087
2025-05-04 15:46:09 - INFO - the acc is :1.0
2025-05-04 15:46:22 - INFO - epoch:47/90 iteration:15/38 batch loss is :0.0260
2025-05-04 15:46:22 - INFO - the acc is :1.0
2025-05-04 15:46:29 - INFO - epoch:47/90 iteration:20/38 batch loss is :0.0061
2025-05-04 15:46:29 - INFO - the acc is :1.0
2025-05-04 15:46:36 - INFO - epoch:47/90 iteration:25/38 batch loss is :0.0389
2025-05-04 15:46:36 - INFO - the acc is :1.0
2025-05-04 15:46:43 - INFO - epoch:47/90 iteration:30/38 batch loss is :0.0136
2025-05-04 15:46:43 - INFO - the acc is :1.0
2025-05-04 15:46:49 - INFO - epoch:47/90 iteration:35/38 batch loss is :0.1629
2025-05-04 15:46:49 - INFO - the acc is :0.9375
2025-05-04 15:46:54 - INFO - Epoch:47/90 Loss is :0.0354
2025-05-04 15:49:10 - INFO - epoch:48/90 iteration:0/38 batch loss is :0.0189
2025-05-04 15:49:10 - INFO - the acc is :1.0
2025-05-04 15:49:23 - INFO - epoch:48/90 iteration:5/38 batch loss is :0.0121
2025-05-04 15:49:23 - INFO - the acc is :1.0
2025-05-04 15:49:40 - INFO - epoch:48/90 iteration:10/38 batch loss is :0.0270
2025-05-04 15:49:40 - INFO - the acc is :1.0
2025-05-04 15:49:49 - INFO - epoch:48/90 iteration:15/38 batch loss is :0.0131
2025-05-04 15:49:49 - INFO - the acc is :1.0
2025-05-04 15:49:57 - INFO - epoch:48/90 iteration:20/38 batch loss is :0.0045
2025-05-04 15:49:57 - INFO - the acc is :1.0
2025-05-04 15:50:04 - INFO - epoch:48/90 iteration:25/38 batch loss is :0.0109
2025-05-04 15:50:04 - INFO - the acc is :1.0
2025-05-04 15:50:10 - INFO - epoch:48/90 iteration:30/38 batch loss is :0.0090
2025-05-04 15:50:10 - INFO - the acc is :1.0
2025-05-04 15:50:17 - INFO - epoch:48/90 iteration:35/38 batch loss is :0.0295
2025-05-04 15:50:17 - INFO - the acc is :1.0
2025-05-04 15:50:21 - INFO - Epoch:48/90 Loss is :0.0251
2025-05-04 15:52:37 - INFO - epoch:49/90 iteration:0/38 batch loss is :0.0163
2025-05-04 15:52:37 - INFO - the acc is :1.0
2025-05-04 15:52:50 - INFO - epoch:49/90 iteration:5/38 batch loss is :0.0084
2025-05-04 15:52:50 - INFO - the acc is :1.0
2025-05-04 15:52:58 - INFO - epoch:49/90 iteration:10/38 batch loss is :0.0146
2025-05-04 15:52:58 - INFO - the acc is :1.0
2025-05-04 15:53:06 - INFO - epoch:49/90 iteration:15/38 batch loss is :0.0095
2025-05-04 15:53:06 - INFO - the acc is :1.0
2025-05-04 15:53:34 - INFO - epoch:49/90 iteration:20/38 batch loss is :0.0029
2025-05-04 15:53:34 - INFO - the acc is :1.0
2025-05-04 15:53:41 - INFO - epoch:49/90 iteration:25/38 batch loss is :0.0110
2025-05-04 15:53:41 - INFO - the acc is :1.0
2025-05-04 15:53:48 - INFO - epoch:49/90 iteration:30/38 batch loss is :0.0511
2025-05-04 15:53:48 - INFO - the acc is :1.0
2025-05-04 15:54:10 - INFO - epoch:49/90 iteration:35/38 batch loss is :0.0222
2025-05-04 15:54:10 - INFO - the acc is :1.0
2025-05-04 15:54:15 - INFO - Epoch:49/90 Loss is :0.0173
2025-05-04 15:56:56 - INFO - epoch:50/90 iteration:0/38 batch loss is :0.0231
2025-05-04 15:56:56 - INFO - the acc is :1.0
2025-05-04 15:57:10 - INFO - epoch:50/90 iteration:5/38 batch loss is :0.2681
2025-05-04 15:57:10 - INFO - the acc is :0.9375
2025-05-04 15:57:18 - INFO - epoch:50/90 iteration:10/38 batch loss is :0.0067
2025-05-04 15:57:18 - INFO - the acc is :1.0
2025-05-04 15:57:26 - INFO - epoch:50/90 iteration:15/38 batch loss is :0.1290
2025-05-04 15:57:26 - INFO - the acc is :0.9375
2025-05-04 15:57:55 - INFO - epoch:50/90 iteration:20/38 batch loss is :0.0154
2025-05-04 15:57:55 - INFO - the acc is :1.0
2025-05-04 15:58:02 - INFO - epoch:50/90 iteration:25/38 batch loss is :0.0368
2025-05-04 15:58:02 - INFO - the acc is :1.0
2025-05-04 15:58:09 - INFO - epoch:50/90 iteration:30/38 batch loss is :0.0045
2025-05-04 15:58:09 - INFO - the acc is :1.0
2025-05-04 15:58:20 - INFO - epoch:50/90 iteration:35/38 batch loss is :0.0170
2025-05-04 15:58:20 - INFO - the acc is :1.0
2025-05-04 15:58:25 - INFO - Epoch:50/90 Loss is :0.0345
2025-05-04 16:00:52 - INFO - val accuarcy is : 0.7825
2025-05-04 16:00:52 - INFO - VAL loss :0.5791
2025-05-04 16:03:19 - INFO - epoch:51/90 iteration:0/38 batch loss is :0.0185
2025-05-04 16:03:19 - INFO - the acc is :1.0
2025-05-04 16:03:31 - INFO - epoch:51/90 iteration:5/38 batch loss is :0.0083
2025-05-04 16:03:31 - INFO - the acc is :1.0
2025-05-04 16:03:47 - INFO - epoch:51/90 iteration:10/38 batch loss is :0.0057
2025-05-04 16:03:47 - INFO - the acc is :1.0
2025-05-04 16:03:56 - INFO - epoch:51/90 iteration:15/38 batch loss is :0.0165
2025-05-04 16:03:56 - INFO - the acc is :1.0
2025-05-04 16:04:04 - INFO - epoch:51/90 iteration:20/38 batch loss is :0.1393
2025-05-04 16:04:04 - INFO - the acc is :1.0
2025-05-04 16:04:11 - INFO - epoch:51/90 iteration:25/38 batch loss is :0.0080
2025-05-04 16:04:11 - INFO - the acc is :1.0
2025-05-04 16:04:18 - INFO - epoch:51/90 iteration:30/38 batch loss is :0.0195
2025-05-04 16:04:18 - INFO - the acc is :1.0
2025-05-04 16:04:24 - INFO - epoch:51/90 iteration:35/38 batch loss is :0.0049
2025-05-04 16:04:24 - INFO - the acc is :1.0
2025-05-04 16:04:28 - INFO - Epoch:51/90 Loss is :0.0311
2025-05-04 16:06:50 - INFO - epoch:52/90 iteration:0/38 batch loss is :0.0450
2025-05-04 16:06:50 - INFO - the acc is :1.0
2025-05-04 16:07:04 - INFO - epoch:52/90 iteration:5/38 batch loss is :0.0097
2025-05-04 16:07:04 - INFO - the acc is :1.0
2025-05-04 16:07:18 - INFO - epoch:52/90 iteration:10/38 batch loss is :0.0161
2025-05-04 16:07:18 - INFO - the acc is :1.0
2025-05-04 16:07:25 - INFO - epoch:52/90 iteration:15/38 batch loss is :0.0058
2025-05-04 16:07:25 - INFO - the acc is :1.0
2025-05-04 16:07:33 - INFO - epoch:52/90 iteration:20/38 batch loss is :0.0083
2025-05-04 16:07:33 - INFO - the acc is :1.0
2025-05-04 16:07:40 - INFO - epoch:52/90 iteration:25/38 batch loss is :0.0562
2025-05-04 16:07:40 - INFO - the acc is :1.0
2025-05-04 16:07:46 - INFO - epoch:52/90 iteration:30/38 batch loss is :0.0560
2025-05-04 16:07:46 - INFO - the acc is :1.0
2025-05-04 16:07:53 - INFO - epoch:52/90 iteration:35/38 batch loss is :0.0194
2025-05-04 16:07:53 - INFO - the acc is :1.0
2025-05-04 16:07:57 - INFO - Epoch:52/90 Loss is :0.0182
2025-05-04 16:10:40 - INFO - epoch:53/90 iteration:0/38 batch loss is :0.0142
2025-05-04 16:10:40 - INFO - the acc is :1.0
2025-05-04 16:10:48 - INFO - epoch:53/90 iteration:5/38 batch loss is :0.0065
2025-05-04 16:10:48 - INFO - the acc is :1.0
2025-05-04 16:10:56 - INFO - epoch:53/90 iteration:10/38 batch loss is :0.0054
2025-05-04 16:10:56 - INFO - the acc is :1.0
2025-05-04 16:11:04 - INFO - epoch:53/90 iteration:15/38 batch loss is :0.0235
2025-05-04 16:11:04 - INFO - the acc is :1.0
2025-05-04 16:11:44 - INFO - epoch:53/90 iteration:20/38 batch loss is :0.0088
2025-05-04 16:11:44 - INFO - the acc is :1.0
2025-05-04 16:11:51 - INFO - epoch:53/90 iteration:25/38 batch loss is :0.0095
2025-05-04 16:11:51 - INFO - the acc is :1.0
2025-05-04 16:11:58 - INFO - epoch:53/90 iteration:30/38 batch loss is :0.0484
2025-05-04 16:11:58 - INFO - the acc is :1.0
2025-05-04 16:12:19 - INFO - epoch:53/90 iteration:35/38 batch loss is :0.0131
2025-05-04 16:12:19 - INFO - the acc is :1.0
2025-05-04 16:12:23 - INFO - Epoch:53/90 Loss is :0.0214
2025-05-04 16:14:38 - INFO - epoch:54/90 iteration:0/38 batch loss is :0.0251
2025-05-04 16:14:38 - INFO - the acc is :1.0
2025-05-04 16:14:53 - INFO - epoch:54/90 iteration:5/38 batch loss is :0.0095
2025-05-04 16:14:53 - INFO - the acc is :1.0
2025-05-04 16:15:09 - INFO - epoch:54/90 iteration:10/38 batch loss is :0.0148
2025-05-04 16:15:09 - INFO - the acc is :1.0
2025-05-04 16:15:18 - INFO - epoch:54/90 iteration:15/38 batch loss is :0.0296
2025-05-04 16:15:18 - INFO - the acc is :1.0
2025-05-04 16:15:26 - INFO - epoch:54/90 iteration:20/38 batch loss is :0.0632
2025-05-04 16:15:26 - INFO - the acc is :1.0
2025-05-04 16:15:33 - INFO - epoch:54/90 iteration:25/38 batch loss is :0.0051
2025-05-04 16:15:33 - INFO - the acc is :1.0
2025-05-04 16:15:40 - INFO - epoch:54/90 iteration:30/38 batch loss is :0.0136
2025-05-04 16:15:40 - INFO - the acc is :1.0
2025-05-04 16:15:46 - INFO - epoch:54/90 iteration:35/38 batch loss is :0.0284
2025-05-04 16:15:46 - INFO - the acc is :1.0
2025-05-04 16:15:50 - INFO - Epoch:54/90 Loss is :0.0189
2025-05-04 16:18:06 - INFO - epoch:55/90 iteration:0/38 batch loss is :0.0056
2025-05-04 16:18:06 - INFO - the acc is :1.0
2025-05-04 16:18:21 - INFO - epoch:55/90 iteration:5/38 batch loss is :0.0184
2025-05-04 16:18:21 - INFO - the acc is :1.0
2025-05-04 16:18:37 - INFO - epoch:55/90 iteration:10/38 batch loss is :0.0087
2025-05-04 16:18:37 - INFO - the acc is :1.0
2025-05-04 16:18:47 - INFO - epoch:55/90 iteration:15/38 batch loss is :0.0075
2025-05-04 16:18:47 - INFO - the acc is :1.0
2025-05-04 16:18:54 - INFO - epoch:55/90 iteration:20/38 batch loss is :0.0166
2025-05-04 16:18:54 - INFO - the acc is :1.0
2025-05-04 16:19:01 - INFO - epoch:55/90 iteration:25/38 batch loss is :0.0074
2025-05-04 16:19:01 - INFO - the acc is :1.0
2025-05-04 16:19:08 - INFO - epoch:55/90 iteration:30/38 batch loss is :0.0135
2025-05-04 16:19:08 - INFO - the acc is :1.0
2025-05-04 16:19:14 - INFO - epoch:55/90 iteration:35/38 batch loss is :0.0221
2025-05-04 16:19:14 - INFO - the acc is :1.0
2025-05-04 16:19:19 - INFO - Epoch:55/90 Loss is :0.0258
2025-05-04 16:21:45 - INFO - val accuarcy is : 0.5637
2025-05-04 16:21:45 - INFO - VAL loss :1.5494
2025-05-04 16:24:38 - INFO - epoch:56/90 iteration:0/38 batch loss is :0.0145
2025-05-04 16:24:38 - INFO - the acc is :1.0
2025-05-04 16:24:45 - INFO - epoch:56/90 iteration:5/38 batch loss is :0.0085
2025-05-04 16:24:45 - INFO - the acc is :1.0
2025-05-04 16:24:53 - INFO - epoch:56/90 iteration:10/38 batch loss is :0.0178
2025-05-04 16:24:53 - INFO - the acc is :1.0
2025-05-04 16:25:01 - INFO - epoch:56/90 iteration:15/38 batch loss is :0.0264
2025-05-04 16:25:01 - INFO - the acc is :1.0
2025-05-04 16:25:41 - INFO - epoch:56/90 iteration:20/38 batch loss is :0.0201
2025-05-04 16:25:41 - INFO - the acc is :1.0
2025-05-04 16:25:48 - INFO - epoch:56/90 iteration:25/38 batch loss is :0.0178
2025-05-04 16:25:48 - INFO - the acc is :1.0
2025-05-04 16:25:55 - INFO - epoch:56/90 iteration:30/38 batch loss is :0.0106
2025-05-04 16:25:55 - INFO - the acc is :1.0
2025-05-04 16:26:16 - INFO - epoch:56/90 iteration:35/38 batch loss is :0.0065
2025-05-04 16:26:16 - INFO - the acc is :1.0
2025-05-04 16:26:20 - INFO - Epoch:56/90 Loss is :0.0140
2025-05-04 16:28:35 - INFO - epoch:57/90 iteration:0/38 batch loss is :0.0083
2025-05-04 16:28:35 - INFO - the acc is :1.0
2025-05-04 16:28:48 - INFO - epoch:57/90 iteration:5/38 batch loss is :0.0206
2025-05-04 16:28:48 - INFO - the acc is :1.0
2025-05-04 16:29:02 - INFO - epoch:57/90 iteration:10/38 batch loss is :0.0125
2025-05-04 16:29:02 - INFO - the acc is :1.0
2025-05-04 16:29:14 - INFO - epoch:57/90 iteration:15/38 batch loss is :0.0042
2025-05-04 16:29:14 - INFO - the acc is :1.0
2025-05-04 16:29:22 - INFO - epoch:57/90 iteration:20/38 batch loss is :0.0151
2025-05-04 16:29:22 - INFO - the acc is :1.0
2025-05-04 16:29:29 - INFO - epoch:57/90 iteration:25/38 batch loss is :0.0191
2025-05-04 16:29:29 - INFO - the acc is :1.0
2025-05-04 16:29:36 - INFO - epoch:57/90 iteration:30/38 batch loss is :0.0691
2025-05-04 16:29:36 - INFO - the acc is :1.0
2025-05-04 16:29:42 - INFO - epoch:57/90 iteration:35/38 batch loss is :0.0169
2025-05-04 16:29:42 - INFO - the acc is :1.0
2025-05-04 16:29:47 - INFO - Epoch:57/90 Loss is :0.0297
2025-05-04 16:32:03 - INFO - epoch:58/90 iteration:0/38 batch loss is :0.3182
2025-05-04 16:32:03 - INFO - the acc is :0.875
2025-05-04 16:32:15 - INFO - epoch:58/90 iteration:5/38 batch loss is :0.0131
2025-05-04 16:32:15 - INFO - the acc is :1.0
2025-05-04 16:32:26 - INFO - epoch:58/90 iteration:10/38 batch loss is :0.1271
2025-05-04 16:32:26 - INFO - the acc is :0.9375
2025-05-04 16:32:37 - INFO - epoch:58/90 iteration:15/38 batch loss is :0.0236
2025-05-04 16:32:37 - INFO - the acc is :1.0
2025-05-04 16:32:48 - INFO - epoch:58/90 iteration:20/38 batch loss is :0.0126
2025-05-04 16:32:48 - INFO - the acc is :1.0
2025-05-04 16:32:55 - INFO - epoch:58/90 iteration:25/38 batch loss is :0.0191
2025-05-04 16:32:55 - INFO - the acc is :1.0
2025-05-04 16:33:02 - INFO - epoch:58/90 iteration:30/38 batch loss is :0.0071
2025-05-04 16:33:02 - INFO - the acc is :1.0
2025-05-04 16:33:08 - INFO - epoch:58/90 iteration:35/38 batch loss is :0.0159
2025-05-04 16:33:08 - INFO - the acc is :1.0
2025-05-04 16:33:13 - INFO - Epoch:58/90 Loss is :0.0278
2025-05-04 16:35:27 - INFO - epoch:59/90 iteration:0/38 batch loss is :0.0181
2025-05-04 16:35:27 - INFO - the acc is :1.0
2025-05-04 16:35:42 - INFO - epoch:59/90 iteration:5/38 batch loss is :0.0066
2025-05-04 16:35:42 - INFO - the acc is :1.0
2025-05-04 16:35:55 - INFO - epoch:59/90 iteration:10/38 batch loss is :0.0141
2025-05-04 16:35:55 - INFO - the acc is :1.0
2025-05-04 16:36:07 - INFO - epoch:59/90 iteration:15/38 batch loss is :0.0196
2025-05-04 16:36:07 - INFO - the acc is :1.0
2025-05-04 16:36:14 - INFO - epoch:59/90 iteration:20/38 batch loss is :0.0240
2025-05-04 16:36:14 - INFO - the acc is :1.0
2025-05-04 16:36:21 - INFO - epoch:59/90 iteration:25/38 batch loss is :0.0122
2025-05-04 16:36:21 - INFO - the acc is :1.0
2025-05-04 16:36:28 - INFO - epoch:59/90 iteration:30/38 batch loss is :0.0192
2025-05-04 16:36:28 - INFO - the acc is :1.0
2025-05-04 16:36:34 - INFO - epoch:59/90 iteration:35/38 batch loss is :0.0076
2025-05-04 16:36:34 - INFO - the acc is :1.0
2025-05-04 16:36:39 - INFO - Epoch:59/90 Loss is :0.0345
2025-05-04 16:39:22 - INFO - epoch:60/90 iteration:0/38 batch loss is :0.0077
2025-05-04 16:39:22 - INFO - the acc is :1.0
2025-05-04 16:39:30 - INFO - epoch:60/90 iteration:5/38 batch loss is :0.0148
2025-05-04 16:39:30 - INFO - the acc is :1.0
2025-05-04 16:39:38 - INFO - epoch:60/90 iteration:10/38 batch loss is :0.0068
2025-05-04 16:39:38 - INFO - the acc is :1.0
2025-05-04 16:39:45 - INFO - epoch:60/90 iteration:15/38 batch loss is :0.0273
2025-05-04 16:39:45 - INFO - the acc is :1.0
2025-05-04 16:40:25 - INFO - epoch:60/90 iteration:20/38 batch loss is :0.0087
2025-05-04 16:40:25 - INFO - the acc is :1.0
2025-05-04 16:40:31 - INFO - epoch:60/90 iteration:25/38 batch loss is :0.0053
2025-05-04 16:40:31 - INFO - the acc is :1.0
2025-05-04 16:40:39 - INFO - epoch:60/90 iteration:30/38 batch loss is :0.0064
2025-05-04 16:40:39 - INFO - the acc is :1.0
2025-05-04 16:41:00 - INFO - epoch:60/90 iteration:35/38 batch loss is :0.0066
2025-05-04 16:41:00 - INFO - the acc is :1.0
2025-05-04 16:41:05 - INFO - Epoch:60/90 Loss is :0.0405
2025-05-04 16:43:32 - INFO - val accuarcy is : 0.5570
2025-05-04 16:43:32 - INFO - VAL loss :1.7332
2025-05-04 16:45:58 - INFO - epoch:61/90 iteration:0/38 batch loss is :0.1077
2025-05-04 16:45:58 - INFO - the acc is :1.0
2025-05-04 16:46:11 - INFO - epoch:61/90 iteration:5/38 batch loss is :0.0236
2025-05-04 16:46:11 - INFO - the acc is :1.0
2025-05-04 16:46:24 - INFO - epoch:61/90 iteration:10/38 batch loss is :0.0113
2025-05-04 16:46:24 - INFO - the acc is :1.0
2025-05-04 16:46:34 - INFO - epoch:61/90 iteration:15/38 batch loss is :0.0284
2025-05-04 16:46:34 - INFO - the acc is :1.0
2025-05-04 16:46:43 - INFO - epoch:61/90 iteration:20/38 batch loss is :0.0204
2025-05-04 16:46:43 - INFO - the acc is :1.0
2025-05-04 16:46:50 - INFO - epoch:61/90 iteration:25/38 batch loss is :0.0052
2025-05-04 16:46:50 - INFO - the acc is :1.0
2025-05-04 16:46:57 - INFO - epoch:61/90 iteration:30/38 batch loss is :0.0061
2025-05-04 16:46:57 - INFO - the acc is :1.0
2025-05-04 16:47:03 - INFO - epoch:61/90 iteration:35/38 batch loss is :0.0060
2025-05-04 16:47:03 - INFO - the acc is :1.0
2025-05-04 16:47:07 - INFO - Epoch:61/90 Loss is :0.0186
2025-05-04 16:49:24 - INFO - epoch:62/90 iteration:0/38 batch loss is :0.0132
2025-05-04 16:49:24 - INFO - the acc is :1.0
2025-05-04 16:49:37 - INFO - epoch:62/90 iteration:5/38 batch loss is :0.0084
2025-05-04 16:49:37 - INFO - the acc is :1.0
2025-05-04 16:49:52 - INFO - epoch:62/90 iteration:10/38 batch loss is :0.0250
2025-05-04 16:49:52 - INFO - the acc is :1.0
2025-05-04 16:50:04 - INFO - epoch:62/90 iteration:15/38 batch loss is :0.0100
2025-05-04 16:50:04 - INFO - the acc is :1.0
2025-05-04 16:50:12 - INFO - epoch:62/90 iteration:20/38 batch loss is :0.0067
2025-05-04 16:50:12 - INFO - the acc is :1.0
2025-05-04 16:50:19 - INFO - epoch:62/90 iteration:25/38 batch loss is :0.0192
2025-05-04 16:50:19 - INFO - the acc is :1.0
2025-05-04 16:50:26 - INFO - epoch:62/90 iteration:30/38 batch loss is :0.0080
2025-05-04 16:50:26 - INFO - the acc is :1.0
2025-05-04 16:50:32 - INFO - epoch:62/90 iteration:35/38 batch loss is :0.0086
2025-05-04 16:50:32 - INFO - the acc is :1.0
2025-05-04 16:50:36 - INFO - Epoch:62/90 Loss is :0.0322
2025-05-04 16:52:50 - INFO - epoch:63/90 iteration:0/38 batch loss is :0.0225
2025-05-04 16:52:50 - INFO - the acc is :1.0
2025-05-04 16:53:03 - INFO - epoch:63/90 iteration:5/38 batch loss is :0.0069
2025-05-04 16:53:03 - INFO - the acc is :1.0
2025-05-04 16:53:13 - INFO - epoch:63/90 iteration:10/38 batch loss is :0.0150
2025-05-04 16:53:13 - INFO - the acc is :1.0
2025-05-04 16:53:21 - INFO - epoch:63/90 iteration:15/38 batch loss is :0.1569
2025-05-04 16:53:21 - INFO - the acc is :0.9375
2025-05-04 16:53:42 - INFO - epoch:63/90 iteration:20/38 batch loss is :0.0055
2025-05-04 16:53:42 - INFO - the acc is :1.0
2025-05-04 16:53:49 - INFO - epoch:63/90 iteration:25/38 batch loss is :0.0138
2025-05-04 16:53:49 - INFO - the acc is :1.0
2025-05-04 16:53:56 - INFO - epoch:63/90 iteration:30/38 batch loss is :0.0065
2025-05-04 16:53:56 - INFO - the acc is :1.0
2025-05-04 16:54:18 - INFO - epoch:63/90 iteration:35/38 batch loss is :0.0170
2025-05-04 16:54:18 - INFO - the acc is :1.0
2025-05-04 16:54:23 - INFO - Epoch:63/90 Loss is :0.0219
2025-05-04 16:57:02 - INFO - epoch:64/90 iteration:0/38 batch loss is :0.0108
2025-05-04 16:57:02 - INFO - the acc is :1.0
2025-05-04 16:57:10 - INFO - epoch:64/90 iteration:5/38 batch loss is :0.0364
2025-05-04 16:57:10 - INFO - the acc is :1.0
2025-05-04 16:57:18 - INFO - epoch:64/90 iteration:10/38 batch loss is :0.0068
2025-05-04 16:57:18 - INFO - the acc is :1.0
2025-05-04 16:57:26 - INFO - epoch:64/90 iteration:15/38 batch loss is :0.0312
2025-05-04 16:57:26 - INFO - the acc is :1.0
2025-05-04 16:57:56 - INFO - epoch:64/90 iteration:20/38 batch loss is :0.0199
2025-05-04 16:57:56 - INFO - the acc is :1.0
2025-05-04 16:58:03 - INFO - epoch:64/90 iteration:25/38 batch loss is :0.0091
2025-05-04 16:58:03 - INFO - the acc is :1.0
2025-05-04 16:58:10 - INFO - epoch:64/90 iteration:30/38 batch loss is :0.0080
2025-05-04 16:58:10 - INFO - the acc is :1.0
2025-05-04 16:58:25 - INFO - epoch:64/90 iteration:35/38 batch loss is :0.0097
2025-05-04 16:58:25 - INFO - the acc is :1.0
2025-05-04 16:58:31 - INFO - Epoch:64/90 Loss is :0.0214
2025-05-04 17:00:45 - INFO - epoch:65/90 iteration:0/38 batch loss is :0.0810
2025-05-04 17:00:45 - INFO - the acc is :1.0
2025-05-04 17:00:56 - INFO - epoch:65/90 iteration:5/38 batch loss is :0.0215
2025-05-04 17:00:56 - INFO - the acc is :1.0
2025-05-04 17:01:09 - INFO - epoch:65/90 iteration:10/38 batch loss is :0.0177
2025-05-04 17:01:09 - INFO - the acc is :1.0
2025-05-04 17:01:22 - INFO - epoch:65/90 iteration:15/38 batch loss is :0.0092
2025-05-04 17:01:22 - INFO - the acc is :1.0
2025-05-04 17:01:31 - INFO - epoch:65/90 iteration:20/38 batch loss is :0.0175
2025-05-04 17:01:31 - INFO - the acc is :1.0
2025-05-04 17:01:38 - INFO - epoch:65/90 iteration:25/38 batch loss is :0.2680
2025-05-04 17:01:38 - INFO - the acc is :0.9375
2025-05-04 17:01:45 - INFO - epoch:65/90 iteration:30/38 batch loss is :0.0145
2025-05-04 17:01:45 - INFO - the acc is :1.0
2025-05-04 17:01:51 - INFO - epoch:65/90 iteration:35/38 batch loss is :0.0118
2025-05-04 17:01:51 - INFO - the acc is :1.0
2025-05-04 17:01:56 - INFO - Epoch:65/90 Loss is :0.0696
2025-05-04 17:04:23 - INFO - val accuarcy is : 0.5305
2025-05-04 17:04:23 - INFO - VAL loss :1.5714
2025-05-04 17:06:49 - INFO - epoch:66/90 iteration:0/38 batch loss is :0.0065
2025-05-04 17:06:49 - INFO - the acc is :1.0
2025-05-04 17:07:02 - INFO - epoch:66/90 iteration:5/38 batch loss is :0.0044
2025-05-04 17:07:02 - INFO - the acc is :1.0
2025-05-04 17:07:14 - INFO - epoch:66/90 iteration:10/38 batch loss is :0.0192
2025-05-04 17:07:14 - INFO - the acc is :1.0
2025-05-04 17:07:28 - INFO - epoch:66/90 iteration:15/38 batch loss is :0.0121
2025-05-04 17:07:28 - INFO - the acc is :1.0
2025-05-04 17:07:36 - INFO - epoch:66/90 iteration:20/38 batch loss is :0.0151
2025-05-04 17:07:36 - INFO - the acc is :1.0
2025-05-04 17:07:43 - INFO - epoch:66/90 iteration:25/38 batch loss is :0.0084
2025-05-04 17:07:43 - INFO - the acc is :1.0
2025-05-04 17:07:50 - INFO - epoch:66/90 iteration:30/38 batch loss is :0.0079
2025-05-04 17:07:50 - INFO - the acc is :1.0
2025-05-04 17:07:56 - INFO - epoch:66/90 iteration:35/38 batch loss is :0.0079
2025-05-04 17:07:56 - INFO - the acc is :1.0
2025-05-04 17:08:00 - INFO - Epoch:66/90 Loss is :0.0120
2025-05-04 17:10:43 - INFO - epoch:67/90 iteration:0/38 batch loss is :0.0182
2025-05-04 17:10:43 - INFO - the acc is :1.0
2025-05-04 17:10:51 - INFO - epoch:67/90 iteration:5/38 batch loss is :0.0065
2025-05-04 17:10:51 - INFO - the acc is :1.0
2025-05-04 17:10:59 - INFO - epoch:67/90 iteration:10/38 batch loss is :0.0036
2025-05-04 17:10:59 - INFO - the acc is :1.0
2025-05-04 17:11:06 - INFO - epoch:67/90 iteration:15/38 batch loss is :0.0067
2025-05-04 17:11:06 - INFO - the acc is :1.0
2025-05-04 17:11:45 - INFO - epoch:67/90 iteration:20/38 batch loss is :0.0031
2025-05-04 17:11:45 - INFO - the acc is :1.0
2025-05-04 17:11:52 - INFO - epoch:67/90 iteration:25/38 batch loss is :0.0113
2025-05-04 17:11:52 - INFO - the acc is :1.0
2025-05-04 17:11:59 - INFO - epoch:67/90 iteration:30/38 batch loss is :0.0064
2025-05-04 17:11:59 - INFO - the acc is :1.0
2025-05-04 17:12:20 - INFO - epoch:67/90 iteration:35/38 batch loss is :0.0193
2025-05-04 17:12:20 - INFO - the acc is :1.0
2025-05-04 17:12:24 - INFO - Epoch:67/90 Loss is :0.0172
2025-05-04 17:14:39 - INFO - epoch:68/90 iteration:0/38 batch loss is :0.0189
2025-05-04 17:14:39 - INFO - the acc is :1.0
2025-05-04 17:14:50 - INFO - epoch:68/90 iteration:5/38 batch loss is :0.0221
2025-05-04 17:14:50 - INFO - the acc is :1.0
2025-05-04 17:15:02 - INFO - epoch:68/90 iteration:10/38 batch loss is :0.0235
2025-05-04 17:15:02 - INFO - the acc is :1.0
2025-05-04 17:15:12 - INFO - epoch:68/90 iteration:15/38 batch loss is :0.0215
2025-05-04 17:15:12 - INFO - the acc is :1.0
2025-05-04 17:15:23 - INFO - epoch:68/90 iteration:20/38 batch loss is :0.0039
2025-05-04 17:15:23 - INFO - the acc is :1.0
2025-05-04 17:15:30 - INFO - epoch:68/90 iteration:25/38 batch loss is :0.0098
2025-05-04 17:15:30 - INFO - the acc is :1.0
2025-05-04 17:15:38 - INFO - epoch:68/90 iteration:30/38 batch loss is :0.0138
2025-05-04 17:15:38 - INFO - the acc is :1.0
2025-05-04 17:15:44 - INFO - epoch:68/90 iteration:35/38 batch loss is :0.0064
2025-05-04 17:15:44 - INFO - the acc is :1.0
2025-05-04 17:15:48 - INFO - Epoch:68/90 Loss is :0.0159
2025-05-04 17:18:06 - INFO - epoch:69/90 iteration:0/38 batch loss is :0.0124
2025-05-04 17:18:06 - INFO - the acc is :1.0
2025-05-04 17:18:21 - INFO - epoch:69/90 iteration:5/38 batch loss is :0.0109
2025-05-04 17:18:21 - INFO - the acc is :1.0
2025-05-04 17:18:35 - INFO - epoch:69/90 iteration:10/38 batch loss is :0.0084
2025-05-04 17:18:35 - INFO - the acc is :1.0
2025-05-04 17:18:43 - INFO - epoch:69/90 iteration:15/38 batch loss is :0.0091
2025-05-04 17:18:43 - INFO - the acc is :1.0
2025-05-04 17:18:51 - INFO - epoch:69/90 iteration:20/38 batch loss is :0.0139
2025-05-04 17:18:51 - INFO - the acc is :1.0
2025-05-04 17:18:58 - INFO - epoch:69/90 iteration:25/38 batch loss is :0.0163
2025-05-04 17:18:58 - INFO - the acc is :1.0
2025-05-04 17:19:05 - INFO - epoch:69/90 iteration:30/38 batch loss is :0.0083
2025-05-04 17:19:05 - INFO - the acc is :1.0
2025-05-04 17:19:11 - INFO - epoch:69/90 iteration:35/38 batch loss is :0.0055
2025-05-04 17:19:11 - INFO - the acc is :1.0
2025-05-04 17:19:16 - INFO - Epoch:69/90 Loss is :0.0438
2025-05-04 17:21:33 - INFO - epoch:70/90 iteration:0/38 batch loss is :0.0166
2025-05-04 17:21:33 - INFO - the acc is :1.0
2025-05-04 17:21:46 - INFO - epoch:70/90 iteration:5/38 batch loss is :0.0131
2025-05-04 17:21:46 - INFO - the acc is :1.0
2025-05-04 17:22:00 - INFO - epoch:70/90 iteration:10/38 batch loss is :0.0126
2025-05-04 17:22:00 - INFO - the acc is :1.0
2025-05-04 17:22:11 - INFO - epoch:70/90 iteration:15/38 batch loss is :0.0414
2025-05-04 17:22:11 - INFO - the acc is :1.0
2025-05-04 17:22:19 - INFO - epoch:70/90 iteration:20/38 batch loss is :0.0114
2025-05-04 17:22:19 - INFO - the acc is :1.0
2025-05-04 17:22:26 - INFO - epoch:70/90 iteration:25/38 batch loss is :0.1101
2025-05-04 17:22:26 - INFO - the acc is :0.9375
2025-05-04 17:22:33 - INFO - epoch:70/90 iteration:30/38 batch loss is :0.0094
2025-05-04 17:22:33 - INFO - the acc is :1.0
2025-05-04 17:22:39 - INFO - epoch:70/90 iteration:35/38 batch loss is :0.0057
2025-05-04 17:22:39 - INFO - the acc is :1.0
2025-05-04 17:22:43 - INFO - Epoch:70/90 Loss is :0.0276
2025-05-04 17:25:21 - INFO - val accuarcy is : 0.5968
2025-05-04 17:25:21 - INFO - VAL loss :1.7133
2025-05-04 17:28:04 - INFO - epoch:71/90 iteration:0/38 batch loss is :0.0053
2025-05-04 17:28:04 - INFO - the acc is :1.0
2025-05-04 17:28:12 - INFO - epoch:71/90 iteration:5/38 batch loss is :0.1268
2025-05-04 17:28:12 - INFO - the acc is :0.9375
2025-05-04 17:28:20 - INFO - epoch:71/90 iteration:10/38 batch loss is :0.0039
2025-05-04 17:28:20 - INFO - the acc is :1.0
2025-05-04 17:28:28 - INFO - epoch:71/90 iteration:15/38 batch loss is :0.0186
2025-05-04 17:28:28 - INFO - the acc is :1.0
2025-05-04 17:29:07 - INFO - epoch:71/90 iteration:20/38 batch loss is :0.0176
2025-05-04 17:29:07 - INFO - the acc is :1.0
2025-05-04 17:29:14 - INFO - epoch:71/90 iteration:25/38 batch loss is :0.1455
2025-05-04 17:29:14 - INFO - the acc is :0.875
2025-05-04 17:29:21 - INFO - epoch:71/90 iteration:30/38 batch loss is :0.0097
2025-05-04 17:29:21 - INFO - the acc is :1.0
2025-05-04 17:29:43 - INFO - epoch:71/90 iteration:35/38 batch loss is :0.0146
2025-05-04 17:29:43 - INFO - the acc is :1.0
2025-05-04 17:29:47 - INFO - Epoch:71/90 Loss is :0.0310
2025-05-04 17:32:03 - INFO - epoch:72/90 iteration:0/38 batch loss is :0.0051
2025-05-04 17:32:03 - INFO - the acc is :1.0
2025-05-04 17:32:15 - INFO - epoch:72/90 iteration:5/38 batch loss is :0.0182
2025-05-04 17:32:15 - INFO - the acc is :1.0
2025-05-04 17:32:26 - INFO - epoch:72/90 iteration:10/38 batch loss is :0.0103
2025-05-04 17:32:26 - INFO - the acc is :1.0
2025-05-04 17:32:37 - INFO - epoch:72/90 iteration:15/38 batch loss is :0.0087
2025-05-04 17:32:37 - INFO - the acc is :1.0
2025-05-04 17:32:47 - INFO - epoch:72/90 iteration:20/38 batch loss is :0.0102
2025-05-04 17:32:47 - INFO - the acc is :1.0
2025-05-04 17:32:55 - INFO - epoch:72/90 iteration:25/38 batch loss is :0.0049
2025-05-04 17:32:55 - INFO - the acc is :1.0
2025-05-04 17:33:02 - INFO - epoch:72/90 iteration:30/38 batch loss is :0.0086
2025-05-04 17:33:02 - INFO - the acc is :1.0
2025-05-04 17:33:08 - INFO - epoch:72/90 iteration:35/38 batch loss is :0.0149
2025-05-04 17:33:08 - INFO - the acc is :1.0
2025-05-04 17:33:13 - INFO - Epoch:72/90 Loss is :0.0131
2025-05-04 17:35:30 - INFO - epoch:73/90 iteration:0/38 batch loss is :0.0561
2025-05-04 17:35:30 - INFO - the acc is :1.0
2025-05-04 17:35:44 - INFO - epoch:73/90 iteration:5/38 batch loss is :0.0064
2025-05-04 17:35:44 - INFO - the acc is :1.0
2025-05-04 17:35:59 - INFO - epoch:73/90 iteration:10/38 batch loss is :0.0120
2025-05-04 17:35:59 - INFO - the acc is :1.0
2025-05-04 17:36:09 - INFO - epoch:73/90 iteration:15/38 batch loss is :0.0060
2025-05-04 17:36:09 - INFO - the acc is :1.0
2025-05-04 17:36:17 - INFO - epoch:73/90 iteration:20/38 batch loss is :0.0112
2025-05-04 17:36:17 - INFO - the acc is :1.0
2025-05-04 17:36:24 - INFO - epoch:73/90 iteration:25/38 batch loss is :0.0221
2025-05-04 17:36:24 - INFO - the acc is :1.0
2025-05-04 17:36:30 - INFO - epoch:73/90 iteration:30/38 batch loss is :0.0064
2025-05-04 17:36:30 - INFO - the acc is :1.0
2025-05-04 17:36:37 - INFO - epoch:73/90 iteration:35/38 batch loss is :0.0300
2025-05-04 17:36:37 - INFO - the acc is :1.0
2025-05-04 17:36:41 - INFO - Epoch:73/90 Loss is :0.0332
2025-05-04 17:39:10 - INFO - epoch:74/90 iteration:0/38 batch loss is :0.0219
2025-05-04 17:39:10 - INFO - the acc is :1.0
2025-05-04 17:39:18 - INFO - epoch:74/90 iteration:5/38 batch loss is :0.0109
2025-05-04 17:39:18 - INFO - the acc is :1.0
2025-05-04 17:39:26 - INFO - epoch:74/90 iteration:10/38 batch loss is :0.0138
2025-05-04 17:39:26 - INFO - the acc is :1.0
2025-05-04 17:39:34 - INFO - epoch:74/90 iteration:15/38 batch loss is :0.0070
2025-05-04 17:39:34 - INFO - the acc is :1.0
2025-05-04 17:40:13 - INFO - epoch:74/90 iteration:20/38 batch loss is :0.0128
2025-05-04 17:40:13 - INFO - the acc is :1.0
2025-05-04 17:40:20 - INFO - epoch:74/90 iteration:25/38 batch loss is :0.0107
2025-05-04 17:40:20 - INFO - the acc is :1.0
2025-05-04 17:40:27 - INFO - epoch:74/90 iteration:30/38 batch loss is :0.0114
2025-05-04 17:40:27 - INFO - the acc is :1.0
2025-05-04 17:40:49 - INFO - epoch:74/90 iteration:35/38 batch loss is :0.0060
2025-05-04 17:40:49 - INFO - the acc is :1.0
2025-05-04 17:40:54 - INFO - Epoch:74/90 Loss is :0.0273
2025-05-04 17:43:10 - INFO - epoch:75/90 iteration:0/38 batch loss is :0.0044
2025-05-04 17:43:10 - INFO - the acc is :1.0
2025-05-04 17:43:37 - INFO - epoch:75/90 iteration:5/38 batch loss is :0.0081
2025-05-04 17:43:37 - INFO - the acc is :1.0
2025-05-04 17:43:48 - INFO - epoch:75/90 iteration:10/38 batch loss is :0.0491
2025-05-04 17:43:48 - INFO - the acc is :1.0
2025-05-04 17:43:57 - INFO - epoch:75/90 iteration:15/38 batch loss is :0.0338
2025-05-04 17:43:57 - INFO - the acc is :1.0
2025-05-04 17:44:14 - INFO - epoch:75/90 iteration:20/38 batch loss is :0.0139
2025-05-04 17:44:14 - INFO - the acc is :1.0
2025-05-04 17:44:21 - INFO - epoch:75/90 iteration:25/38 batch loss is :0.0052
2025-05-04 17:44:21 - INFO - the acc is :1.0
2025-05-04 17:44:28 - INFO - epoch:75/90 iteration:30/38 batch loss is :0.0062
2025-05-04 17:44:28 - INFO - the acc is :1.0
2025-05-04 17:44:34 - INFO - epoch:75/90 iteration:35/38 batch loss is :0.0204
2025-05-04 17:44:34 - INFO - the acc is :1.0
2025-05-04 17:44:39 - INFO - Epoch:75/90 Loss is :0.0191
2025-05-04 17:47:06 - INFO - val accuarcy is : 0.6233
2025-05-04 17:47:06 - INFO - VAL loss :1.3238
2025-05-04 17:49:31 - INFO - epoch:76/90 iteration:0/38 batch loss is :0.3206
2025-05-04 17:49:31 - INFO - the acc is :0.8125
2025-05-04 17:49:44 - INFO - epoch:76/90 iteration:5/38 batch loss is :0.0129
2025-05-04 17:49:44 - INFO - the acc is :1.0
2025-05-04 17:49:58 - INFO - epoch:76/90 iteration:10/38 batch loss is :0.0065
2025-05-04 17:49:58 - INFO - the acc is :1.0
2025-05-04 17:50:09 - INFO - epoch:76/90 iteration:15/38 batch loss is :0.0280
2025-05-04 17:50:09 - INFO - the acc is :1.0
2025-05-04 17:50:17 - INFO - epoch:76/90 iteration:20/38 batch loss is :0.0112
2025-05-04 17:50:17 - INFO - the acc is :1.0
2025-05-04 17:50:24 - INFO - epoch:76/90 iteration:25/38 batch loss is :0.0122
2025-05-04 17:50:24 - INFO - the acc is :1.0
2025-05-04 17:50:31 - INFO - epoch:76/90 iteration:30/38 batch loss is :0.0119
2025-05-04 17:50:31 - INFO - the acc is :1.0
2025-05-04 17:50:37 - INFO - epoch:76/90 iteration:35/38 batch loss is :0.0098
2025-05-04 17:50:37 - INFO - the acc is :1.0
2025-05-04 17:50:41 - INFO - Epoch:76/90 Loss is :0.0247
2025-05-04 17:52:58 - INFO - epoch:77/90 iteration:0/38 batch loss is :0.0021
2025-05-04 17:52:58 - INFO - the acc is :1.0
2025-05-04 17:53:11 - INFO - epoch:77/90 iteration:5/38 batch loss is :0.0150
2025-05-04 17:53:11 - INFO - the acc is :1.0
2025-05-04 17:53:26 - INFO - epoch:77/90 iteration:10/38 batch loss is :0.0079
2025-05-04 17:53:26 - INFO - the acc is :1.0
2025-05-04 17:53:34 - INFO - epoch:77/90 iteration:15/38 batch loss is :0.0096
2025-05-04 17:53:34 - INFO - the acc is :1.0
2025-05-04 17:53:46 - INFO - epoch:77/90 iteration:20/38 batch loss is :0.0062
2025-05-04 17:53:46 - INFO - the acc is :1.0
2025-05-04 17:53:53 - INFO - epoch:77/90 iteration:25/38 batch loss is :0.0080
2025-05-04 17:53:53 - INFO - the acc is :1.0
2025-05-04 17:54:00 - INFO - epoch:77/90 iteration:30/38 batch loss is :0.0153
2025-05-04 17:54:00 - INFO - the acc is :1.0
2025-05-04 17:54:21 - INFO - epoch:77/90 iteration:35/38 batch loss is :0.0044
2025-05-04 17:54:21 - INFO - the acc is :1.0
2025-05-04 17:54:25 - INFO - Epoch:77/90 Loss is :0.0152
2025-05-04 17:57:05 - INFO - epoch:78/90 iteration:0/38 batch loss is :0.0355
2025-05-04 17:57:05 - INFO - the acc is :1.0
2025-05-04 17:57:17 - INFO - epoch:78/90 iteration:5/38 batch loss is :0.0119
2025-05-04 17:57:17 - INFO - the acc is :1.0
2025-05-04 17:57:25 - INFO - epoch:78/90 iteration:10/38 batch loss is :0.0083
2025-05-04 17:57:25 - INFO - the acc is :1.0
2025-05-04 17:57:33 - INFO - epoch:78/90 iteration:15/38 batch loss is :0.0086
2025-05-04 17:57:33 - INFO - the acc is :1.0
2025-05-04 17:58:05 - INFO - epoch:78/90 iteration:20/38 batch loss is :0.0085
2025-05-04 17:58:05 - INFO - the acc is :1.0
2025-05-04 17:58:12 - INFO - epoch:78/90 iteration:25/38 batch loss is :0.0068
2025-05-04 17:58:12 - INFO - the acc is :1.0
2025-05-04 17:58:19 - INFO - epoch:78/90 iteration:30/38 batch loss is :0.0448
2025-05-04 17:58:19 - INFO - the acc is :1.0
2025-05-04 17:58:39 - INFO - epoch:78/90 iteration:35/38 batch loss is :0.1260
2025-05-04 17:58:39 - INFO - the acc is :0.9375
2025-05-04 17:58:43 - INFO - Epoch:78/90 Loss is :0.0335
2025-05-04 18:01:01 - INFO - epoch:79/90 iteration:0/38 batch loss is :0.0063
2025-05-04 18:01:01 - INFO - the acc is :1.0
2025-05-04 18:01:13 - INFO - epoch:79/90 iteration:5/38 batch loss is :0.0103
2025-05-04 18:01:13 - INFO - the acc is :1.0
2025-05-04 18:01:27 - INFO - epoch:79/90 iteration:10/38 batch loss is :0.0213
2025-05-04 18:01:27 - INFO - the acc is :1.0
2025-05-04 18:01:38 - INFO - epoch:79/90 iteration:15/38 batch loss is :0.0096
2025-05-04 18:01:38 - INFO - the acc is :1.0
2025-05-04 18:01:45 - INFO - epoch:79/90 iteration:20/38 batch loss is :0.0135
2025-05-04 18:01:45 - INFO - the acc is :1.0
2025-05-04 18:01:52 - INFO - epoch:79/90 iteration:25/38 batch loss is :0.0113
2025-05-04 18:01:52 - INFO - the acc is :1.0
2025-05-04 18:01:59 - INFO - epoch:79/90 iteration:30/38 batch loss is :0.0087
2025-05-04 18:01:59 - INFO - the acc is :1.0
2025-05-04 18:02:05 - INFO - epoch:79/90 iteration:35/38 batch loss is :0.0111
2025-05-04 18:02:05 - INFO - the acc is :1.0
2025-05-04 18:02:10 - INFO - Epoch:79/90 Loss is :0.0273
2025-05-04 18:04:24 - INFO - epoch:80/90 iteration:0/38 batch loss is :0.0087
2025-05-04 18:04:24 - INFO - the acc is :1.0
2025-05-04 18:04:37 - INFO - epoch:80/90 iteration:5/38 batch loss is :0.0381
2025-05-04 18:04:37 - INFO - the acc is :1.0
2025-05-04 18:04:52 - INFO - epoch:80/90 iteration:10/38 batch loss is :0.0234
2025-05-04 18:04:52 - INFO - the acc is :1.0
2025-05-04 18:05:03 - INFO - epoch:80/90 iteration:15/38 batch loss is :0.0525
2025-05-04 18:05:03 - INFO - the acc is :1.0
2025-05-04 18:05:10 - INFO - epoch:80/90 iteration:20/38 batch loss is :0.0048
2025-05-04 18:05:10 - INFO - the acc is :1.0
2025-05-04 18:05:17 - INFO - epoch:80/90 iteration:25/38 batch loss is :0.0378
2025-05-04 18:05:17 - INFO - the acc is :1.0
2025-05-04 18:05:24 - INFO - epoch:80/90 iteration:30/38 batch loss is :0.0070
2025-05-04 18:05:24 - INFO - the acc is :1.0
2025-05-04 18:05:30 - INFO - epoch:80/90 iteration:35/38 batch loss is :0.0082
2025-05-04 18:05:30 - INFO - the acc is :1.0
2025-05-04 18:05:35 - INFO - Epoch:80/90 Loss is :0.0185
2025-05-04 18:08:02 - INFO - val accuarcy is : 0.4443
2025-05-04 18:08:02 - INFO - VAL loss :2.0907
2025-05-04 18:10:56 - INFO - epoch:81/90 iteration:0/38 batch loss is :0.0128
2025-05-04 18:10:56 - INFO - the acc is :1.0
2025-05-04 18:11:04 - INFO - epoch:81/90 iteration:5/38 batch loss is :0.0174
2025-05-04 18:11:04 - INFO - the acc is :1.0
2025-05-04 18:11:12 - INFO - epoch:81/90 iteration:10/38 batch loss is :0.0082
2025-05-04 18:11:12 - INFO - the acc is :1.0
2025-05-04 18:11:20 - INFO - epoch:81/90 iteration:15/38 batch loss is :0.0372
2025-05-04 18:11:20 - INFO - the acc is :1.0
2025-05-04 18:11:59 - INFO - epoch:81/90 iteration:20/38 batch loss is :0.0340
2025-05-04 18:11:59 - INFO - the acc is :1.0
2025-05-04 18:12:06 - INFO - epoch:81/90 iteration:25/38 batch loss is :0.0600
2025-05-04 18:12:06 - INFO - the acc is :1.0
2025-05-04 18:12:13 - INFO - epoch:81/90 iteration:30/38 batch loss is :0.0155
2025-05-04 18:12:13 - INFO - the acc is :1.0
2025-05-04 18:12:34 - INFO - epoch:81/90 iteration:35/38 batch loss is :0.0106
2025-05-04 18:12:34 - INFO - the acc is :1.0
2025-05-04 18:12:39 - INFO - Epoch:81/90 Loss is :0.0236
2025-05-04 18:14:54 - INFO - epoch:82/90 iteration:0/38 batch loss is :0.2777
2025-05-04 18:14:54 - INFO - the acc is :0.875
2025-05-04 18:15:07 - INFO - epoch:82/90 iteration:5/38 batch loss is :0.0065
2025-05-04 18:15:07 - INFO - the acc is :1.0
2025-05-04 18:15:21 - INFO - epoch:82/90 iteration:10/38 batch loss is :0.0070
2025-05-04 18:15:21 - INFO - the acc is :1.0
2025-05-04 18:15:32 - INFO - epoch:82/90 iteration:15/38 batch loss is :0.0176
2025-05-04 18:15:32 - INFO - the acc is :1.0
2025-05-04 18:15:40 - INFO - epoch:82/90 iteration:20/38 batch loss is :0.0124
2025-05-04 18:15:40 - INFO - the acc is :1.0
2025-05-04 18:15:47 - INFO - epoch:82/90 iteration:25/38 batch loss is :0.0308
2025-05-04 18:15:47 - INFO - the acc is :1.0
2025-05-04 18:15:54 - INFO - epoch:82/90 iteration:30/38 batch loss is :0.0084
2025-05-04 18:15:54 - INFO - the acc is :1.0
2025-05-04 18:16:00 - INFO - epoch:82/90 iteration:35/38 batch loss is :0.0078
2025-05-04 18:16:00 - INFO - the acc is :1.0
2025-05-04 18:16:05 - INFO - Epoch:82/90 Loss is :0.0215
2025-05-04 18:18:22 - INFO - epoch:83/90 iteration:0/38 batch loss is :0.0046
2025-05-04 18:18:22 - INFO - the acc is :1.0
2025-05-04 18:18:33 - INFO - epoch:83/90 iteration:5/38 batch loss is :0.0083
2025-05-04 18:18:33 - INFO - the acc is :1.0
2025-05-04 18:18:47 - INFO - epoch:83/90 iteration:10/38 batch loss is :0.0079
2025-05-04 18:18:47 - INFO - the acc is :1.0
2025-05-04 18:19:00 - INFO - epoch:83/90 iteration:15/38 batch loss is :0.0084
2025-05-04 18:19:00 - INFO - the acc is :1.0
2025-05-04 18:19:07 - INFO - epoch:83/90 iteration:20/38 batch loss is :0.0083
2025-05-04 18:19:07 - INFO - the acc is :1.0
2025-05-04 18:19:15 - INFO - epoch:83/90 iteration:25/38 batch loss is :0.0171
2025-05-04 18:19:15 - INFO - the acc is :1.0
2025-05-04 18:19:22 - INFO - epoch:83/90 iteration:30/38 batch loss is :0.0151
2025-05-04 18:19:22 - INFO - the acc is :1.0
2025-05-04 18:19:28 - INFO - epoch:83/90 iteration:35/38 batch loss is :0.0133
2025-05-04 18:19:28 - INFO - the acc is :1.0
2025-05-04 18:19:32 - INFO - Epoch:83/90 Loss is :0.0307
2025-05-04 18:21:49 - INFO - epoch:84/90 iteration:0/38 batch loss is :0.0051
2025-05-04 18:21:49 - INFO - the acc is :1.0
2025-05-04 18:22:02 - INFO - epoch:84/90 iteration:5/38 batch loss is :0.0070
2025-05-04 18:22:02 - INFO - the acc is :1.0
2025-05-04 18:22:16 - INFO - epoch:84/90 iteration:10/38 batch loss is :0.0120
2025-05-04 18:22:16 - INFO - the acc is :1.0
2025-05-04 18:22:27 - INFO - epoch:84/90 iteration:15/38 batch loss is :0.0078
2025-05-04 18:22:27 - INFO - the acc is :1.0
2025-05-04 18:22:35 - INFO - epoch:84/90 iteration:20/38 batch loss is :0.0111
2025-05-04 18:22:35 - INFO - the acc is :1.0
2025-05-04 18:22:42 - INFO - epoch:84/90 iteration:25/38 batch loss is :0.0470
2025-05-04 18:22:42 - INFO - the acc is :1.0
2025-05-04 18:22:49 - INFO - epoch:84/90 iteration:30/38 batch loss is :0.0243
2025-05-04 18:22:49 - INFO - the acc is :1.0
2025-05-04 18:22:55 - INFO - epoch:84/90 iteration:35/38 batch loss is :0.0057
2025-05-04 18:22:55 - INFO - the acc is :1.0
2025-05-04 18:23:00 - INFO - Epoch:84/90 Loss is :0.0231
2025-05-04 18:25:43 - INFO - epoch:85/90 iteration:0/38 batch loss is :0.0420
2025-05-04 18:25:43 - INFO - the acc is :1.0
2025-05-04 18:25:51 - INFO - epoch:85/90 iteration:5/38 batch loss is :0.1910
2025-05-04 18:25:51 - INFO - the acc is :0.9375
2025-05-04 18:25:59 - INFO - epoch:85/90 iteration:10/38 batch loss is :0.0084
2025-05-04 18:25:59 - INFO - the acc is :1.0
2025-05-04 18:26:07 - INFO - epoch:85/90 iteration:15/38 batch loss is :0.0046
2025-05-04 18:26:07 - INFO - the acc is :1.0
2025-05-04 18:26:46 - INFO - epoch:85/90 iteration:20/38 batch loss is :0.0080
2025-05-04 18:26:46 - INFO - the acc is :1.0
2025-05-04 18:26:52 - INFO - epoch:85/90 iteration:25/38 batch loss is :0.0084
2025-05-04 18:26:52 - INFO - the acc is :1.0
2025-05-04 18:27:00 - INFO - epoch:85/90 iteration:30/38 batch loss is :0.0230
2025-05-04 18:27:00 - INFO - the acc is :1.0
2025-05-04 18:27:21 - INFO - epoch:85/90 iteration:35/38 batch loss is :0.0124
2025-05-04 18:27:21 - INFO - the acc is :1.0
2025-05-04 18:27:25 - INFO - Epoch:85/90 Loss is :0.0204
2025-05-04 18:29:53 - INFO - val accuarcy is : 0.6233
2025-05-04 18:29:53 - INFO - VAL loss :1.1772
2025-05-04 18:32:20 - INFO - epoch:86/90 iteration:0/38 batch loss is :0.0068
2025-05-04 18:32:20 - INFO - the acc is :1.0
2025-05-04 18:32:33 - INFO - epoch:86/90 iteration:5/38 batch loss is :0.0299
2025-05-04 18:32:33 - INFO - the acc is :1.0
2025-05-04 18:32:45 - INFO - epoch:86/90 iteration:10/38 batch loss is :0.0051
2025-05-04 18:32:45 - INFO - the acc is :1.0
2025-05-04 18:32:56 - INFO - epoch:86/90 iteration:15/38 batch loss is :0.0214
2025-05-04 18:32:56 - INFO - the acc is :1.0
2025-05-04 18:33:06 - INFO - epoch:86/90 iteration:20/38 batch loss is :0.0088
2025-05-04 18:33:06 - INFO - the acc is :1.0
2025-05-04 18:33:13 - INFO - epoch:86/90 iteration:25/38 batch loss is :0.0112
2025-05-04 18:33:13 - INFO - the acc is :1.0
2025-05-04 18:33:20 - INFO - epoch:86/90 iteration:30/38 batch loss is :0.0104
2025-05-04 18:33:20 - INFO - the acc is :1.0
2025-05-04 18:33:26 - INFO - epoch:86/90 iteration:35/38 batch loss is :0.3145
2025-05-04 18:33:26 - INFO - the acc is :0.875
2025-05-04 18:33:31 - INFO - Epoch:86/90 Loss is :0.0218
2025-05-04 18:35:45 - INFO - epoch:87/90 iteration:0/38 batch loss is :0.0126
2025-05-04 18:35:45 - INFO - the acc is :1.0
2025-05-04 18:35:58 - INFO - epoch:87/90 iteration:5/38 batch loss is :0.1815
2025-05-04 18:35:58 - INFO - the acc is :0.875
2025-05-04 18:36:10 - INFO - epoch:87/90 iteration:10/38 batch loss is :0.0197
2025-05-04 18:36:10 - INFO - the acc is :1.0
2025-05-04 18:36:20 - INFO - epoch:87/90 iteration:15/38 batch loss is :0.2078
2025-05-04 18:36:20 - INFO - the acc is :0.9375
2025-05-04 18:36:31 - INFO - epoch:87/90 iteration:20/38 batch loss is :0.0061
2025-05-04 18:36:31 - INFO - the acc is :1.0
2025-05-04 18:36:38 - INFO - epoch:87/90 iteration:25/38 batch loss is :0.0343
2025-05-04 18:36:38 - INFO - the acc is :1.0
2025-05-04 18:36:45 - INFO - epoch:87/90 iteration:30/38 batch loss is :0.0106
2025-05-04 18:36:45 - INFO - the acc is :1.0
2025-05-04 18:36:51 - INFO - epoch:87/90 iteration:35/38 batch loss is :0.0039
2025-05-04 18:36:51 - INFO - the acc is :1.0
2025-05-04 18:36:56 - INFO - Epoch:87/90 Loss is :0.0221
2025-05-04 18:39:24 - INFO - epoch:88/90 iteration:0/38 batch loss is :0.0164
2025-05-04 18:39:24 - INFO - the acc is :1.0
2025-05-04 18:39:32 - INFO - epoch:88/90 iteration:5/38 batch loss is :0.0087
2025-05-04 18:39:32 - INFO - the acc is :1.0
2025-05-04 18:39:40 - INFO - epoch:88/90 iteration:10/38 batch loss is :0.0161
2025-05-04 18:39:40 - INFO - the acc is :1.0
2025-05-04 18:39:48 - INFO - epoch:88/90 iteration:15/38 batch loss is :0.0151
2025-05-04 18:39:48 - INFO - the acc is :1.0
2025-05-04 18:40:26 - INFO - epoch:88/90 iteration:20/38 batch loss is :0.0202
2025-05-04 18:40:26 - INFO - the acc is :1.0
2025-05-04 18:40:33 - INFO - epoch:88/90 iteration:25/38 batch loss is :0.0098
2025-05-04 18:40:33 - INFO - the acc is :1.0
2025-05-04 18:40:40 - INFO - epoch:88/90 iteration:30/38 batch loss is :0.0311
2025-05-04 18:40:40 - INFO - the acc is :1.0
2025-05-04 18:41:01 - INFO - epoch:88/90 iteration:35/38 batch loss is :0.0134
2025-05-04 18:41:01 - INFO - the acc is :1.0
2025-05-04 18:41:06 - INFO - Epoch:88/90 Loss is :0.0312
2025-05-04 18:43:31 - INFO - epoch:89/90 iteration:0/38 batch loss is :0.0097
2025-05-04 18:43:31 - INFO - the acc is :1.0
2025-05-04 18:43:54 - INFO - epoch:89/90 iteration:5/38 batch loss is :0.0046
2025-05-04 18:43:54 - INFO - the acc is :1.0
2025-05-04 18:44:04 - INFO - epoch:89/90 iteration:10/38 batch loss is :0.0111
2025-05-04 18:44:04 - INFO - the acc is :1.0
2025-05-04 18:44:12 - INFO - epoch:89/90 iteration:15/38 batch loss is :0.0163
2025-05-04 18:44:12 - INFO - the acc is :1.0
2025-05-04 18:44:25 - INFO - epoch:89/90 iteration:20/38 batch loss is :0.0201
2025-05-04 18:44:25 - INFO - the acc is :1.0
2025-05-04 18:44:32 - INFO - epoch:89/90 iteration:25/38 batch loss is :0.0095
2025-05-04 18:44:32 - INFO - the acc is :1.0
2025-05-04 18:44:38 - INFO - epoch:89/90 iteration:30/38 batch loss is :0.0110
2025-05-04 18:44:38 - INFO - the acc is :1.0
2025-05-04 18:44:45 - INFO - epoch:89/90 iteration:35/38 batch loss is :0.0090
2025-05-04 18:44:45 - INFO - the acc is :1.0
2025-05-04 18:44:49 - INFO - Epoch:89/90 Loss is :0.0274
2025-05-04 18:47:16 - INFO - val accuarcy is : 0.6101
2025-05-04 18:47:16 - INFO - VAL loss :1.2314
2025-05-04 18:47:25 - INFO - training complete!!!
