2025-04-24 13:58:31 - INFO - ------------------------------------------------------------------------------------------------
2025-04-24 13:58:31 - INFO - starting new training !!!!
2025-04-24 13:58:31 - INFO - ------------------------------------------------------------------------------------------------
2025-04-24 13:58:31 - INFO - Namespace(batch=28, class_dict={'early': 0, 'inter': 1, 'ga': 2, 'wet': 3, 'notAMD': 4}, device=device(type='cuda'), epoch=25, excel_path='d:\\cleaning_GUI_annotated_data\\tab_data_annotated_pats.xlsx', gamma=0.1, json='jsons/train_test_val_split_without_scar_with_both_res.json', log_dir='logs/Resnet', lr=0.0001, model_ch=[32, 64, 128, 256], model_path=None, num_classes=5, save_dir='model_parameter_Resnet', save_freq=5, step_size=10, weight_matrix=tensor([0.2500, 0.2500, 0.1250, 0.1600, 1.0000]))
2025-04-24 13:58:31 - INFO - parameters are being saved at :model_parameter_Resnet\70
2025-04-24 13:58:32 - INFO - found 4 gpus!
2025-04-24 13:58:32 - INFO - DataParallel(
  (module): Resnet18_3D(
    (conv1): Sequential(
      (0): Conv3d(1, 32, kernel_size=(7, 7, 7), stride=(2, 2, 2), padding=(3, 3, 3))
      (1): SyncBatchNorm(32, eps=1e-05, momentum=0.25, affine=True, track_running_stats=True)
      (2): ReLU()
    )
    (maxpool): MaxPool3d(kernel_size=3, stride=2, padding=1, dilation=1, ceil_mode=False)
    (conv2): BasicConvBlock(
      (layers): Sequential(
        (0): Sequential(
          (0): Conv3d(32, 32, kernel_size=(3, 3, 3), stride=(1, 1, 1), padding=(1, 1, 1))
          (1): SyncBatchNorm(32, eps=1e-05, momentum=0.25, affine=True, track_running_stats=True)
          (2): ReLU()
        )
        (1): Sequential(
          (0): Conv3d(32, 32, kernel_size=(3, 3, 3), stride=(1, 1, 1), padding=(1, 1, 1))
          (1): SyncBatchNorm(32, eps=1e-05, momentum=0.25, affine=True, track_running_stats=True)
          (2): ReLU()
        )
        (2): Sequential(
          (0): Conv3d(32, 32, kernel_size=(3, 3, 3), stride=(1, 1, 1), padding=(1, 1, 1))
          (1): SyncBatchNorm(32, eps=1e-05, momentum=0.25, affine=True, track_running_stats=True)
          (2): ReLU()
        )
        (3): Sequential(
          (0): Conv3d(32, 32, kernel_size=(3, 3, 3), stride=(1, 1, 1), padding=(1, 1, 1))
          (1): SyncBatchNorm(32, eps=1e-05, momentum=0.25, affine=True, track_running_stats=True)
          (2): ReLU()
        )
      )
    )
    (conv3): BasicConvBlock(
      (conv1x1): Conv3d(32, 64, kernel_size=(1, 1, 1), stride=(2, 2, 2))
      (layers): Sequential(
        (0): Sequential(
          (0): Conv3d(32, 64, kernel_size=(3, 3, 3), stride=(2, 2, 2), padding=(1, 1, 1))
          (1): SyncBatchNorm(64, eps=1e-05, momentum=0.25, affine=True, track_running_stats=True)
          (2): ReLU()
        )
        (1): Sequential(
          (0): Conv3d(64, 64, kernel_size=(3, 3, 3), stride=(1, 1, 1), padding=(1, 1, 1))
          (1): SyncBatchNorm(64, eps=1e-05, momentum=0.25, affine=True, track_running_stats=True)
          (2): ReLU()
        )
        (2): Sequential(
          (0): Conv3d(64, 64, kernel_size=(3, 3, 3), stride=(1, 1, 1), padding=(1, 1, 1))
          (1): SyncBatchNorm(64, eps=1e-05, momentum=0.25, affine=True, track_running_stats=True)
          (2): ReLU()
        )
        (3): Sequential(
          (0): Conv3d(64, 64, kernel_size=(3, 3, 3), stride=(1, 1, 1), padding=(1, 1, 1))
          (1): SyncBatchNorm(64, eps=1e-05, momentum=0.25, affine=True, track_running_stats=True)
          (2): ReLU()
        )
      )
    )
    (conv4): BasicConvBlock(
      (conv1x1): Conv3d(64, 128, kernel_size=(1, 1, 1), stride=(2, 2, 2))
      (layers): Sequential(
        (0): Sequential(
          (0): Conv3d(64, 128, kernel_size=(3, 3, 3), stride=(2, 2, 2), padding=(1, 1, 1))
          (1): SyncBatchNorm(128, eps=1e-05, momentum=0.25, affine=True, track_running_stats=True)
          (2): ReLU()
        )
        (1): Sequential(
          (0): Conv3d(128, 128, kernel_size=(3, 3, 3), stride=(1, 1, 1), padding=(1, 1, 1))
          (1): SyncBatchNorm(128, eps=1e-05, momentum=0.25, affine=True, track_running_stats=True)
          (2): ReLU()
        )
        (2): Sequential(
          (0): Conv3d(128, 128, kernel_size=(3, 3, 3), stride=(1, 1, 1), padding=(1, 1, 1))
          (1): SyncBatchNorm(128, eps=1e-05, momentum=0.25, affine=True, track_running_stats=True)
          (2): ReLU()
        )
        (3): Sequential(
          (0): Conv3d(128, 128, kernel_size=(3, 3, 3), stride=(1, 1, 1), padding=(1, 1, 1))
          (1): SyncBatchNorm(128, eps=1e-05, momentum=0.25, affine=True, track_running_stats=True)
          (2): ReLU()
        )
      )
    )
    (conv5): BasicConvBlock(
      (conv1x1): Conv3d(128, 256, kernel_size=(1, 1, 1), stride=(2, 2, 2))
      (layers): Sequential(
        (0): Sequential(
          (0): Conv3d(128, 256, kernel_size=(3, 3, 3), stride=(2, 2, 2), padding=(1, 1, 1))
          (1): SyncBatchNorm(256, eps=1e-05, momentum=0.25, affine=True, track_running_stats=True)
          (2): ReLU()
        )
        (1): Sequential(
          (0): Conv3d(256, 256, kernel_size=(3, 3, 3), stride=(1, 1, 1), padding=(1, 1, 1))
          (1): SyncBatchNorm(256, eps=1e-05, momentum=0.25, affine=True, track_running_stats=True)
          (2): ReLU()
        )
        (2): Sequential(
          (0): Conv3d(256, 256, kernel_size=(3, 3, 3), stride=(1, 1, 1), padding=(1, 1, 1))
          (1): SyncBatchNorm(256, eps=1e-05, momentum=0.25, affine=True, track_running_stats=True)
          (2): ReLU()
        )
        (3): Sequential(
          (0): Conv3d(256, 256, kernel_size=(3, 3, 3), stride=(1, 1, 1), padding=(1, 1, 1))
          (1): SyncBatchNorm(256, eps=1e-05, momentum=0.25, affine=True, track_running_stats=True)
          (2): ReLU()
        )
      )
    )
    (avgPool): AdaptiveAvgPool3d(output_size=1)
    (linear): Linear(in_features=256, out_features=5, bias=True)
  )
)
2025-04-24 13:58:32 - INFO - fold number:0
2025-04-24 14:01:56 - INFO - epoch:0/25 iteration:0/28 batch loss is :1.5901
2025-04-24 14:01:56 - INFO - the acc is :0.0714285746216774
2025-04-24 14:02:22 - INFO - epoch:0/25 iteration:5/28 batch loss is :1.6055
2025-04-24 14:02:22 - INFO - the acc is :0.2857142984867096
2025-04-24 14:02:38 - INFO - epoch:0/25 iteration:10/28 batch loss is :1.4211
2025-04-24 14:02:38 - INFO - the acc is :0.3571428656578064
2025-04-24 14:02:52 - INFO - epoch:0/25 iteration:15/28 batch loss is :1.3384
2025-04-24 14:02:52 - INFO - the acc is :0.4285714626312256
2025-04-24 14:04:02 - INFO - epoch:0/25 iteration:20/28 batch loss is :1.4115
2025-04-24 14:04:02 - INFO - the acc is :0.3214285969734192
2025-04-24 14:04:13 - INFO - epoch:0/25 iteration:25/28 batch loss is :1.7045
2025-04-24 14:04:13 - INFO - the acc is :0.25
2025-04-24 14:04:21 - INFO - Epoch:0/25 Loss is :1.4944
2025-04-24 14:07:56 - INFO - val accuarcy is : 0.1763
2025-04-24 14:07:56 - INFO - VAL loss :5.3447
2025-04-24 14:11:48 - INFO - epoch:1/25 iteration:0/28 batch loss is :1.3394
2025-04-24 14:11:48 - INFO - the acc is :0.535714328289032
2025-04-24 14:12:10 - INFO - epoch:1/25 iteration:5/28 batch loss is :1.2398
2025-04-24 14:12:10 - INFO - the acc is :0.4642857313156128
2025-04-24 14:12:25 - INFO - epoch:1/25 iteration:10/28 batch loss is :1.4569
2025-04-24 14:12:25 - INFO - the acc is :0.4285714626312256
2025-04-24 14:12:39 - INFO - epoch:1/25 iteration:15/28 batch loss is :0.9976
2025-04-24 14:12:39 - INFO - the acc is :0.5714285969734192
2025-04-24 14:13:49 - INFO - epoch:1/25 iteration:20/28 batch loss is :1.1254
2025-04-24 14:13:49 - INFO - the acc is :0.535714328289032
2025-04-24 14:14:00 - INFO - epoch:1/25 iteration:25/28 batch loss is :1.2782
2025-04-24 14:14:00 - INFO - the acc is :0.5
2025-04-24 14:14:07 - INFO - Epoch:1/25 Loss is :1.2451
2025-04-24 14:15:47 - ERROR - Caught AttributeError in DataLoader worker process 0.
Original Traceback (most recent call last):
  File "C:\Users\AKS396\.conda\envs\amd\lib\site-packages\torch\utils\data\_utils\worker.py", line 308, in _worker_loop
    data = fetcher.fetch(index)  # type: ignore[possibly-undefined]
  File "C:\Users\AKS396\.conda\envs\amd\lib\site-packages\torch\utils\data\_utils\fetch.py", line 49, in fetch
    data = self.dataset.__getitems__(possibly_batched_index)
  File "C:\Users\AKS396\.conda\envs\amd\lib\site-packages\torch\utils\data\dataset.py", line 419, in __getitems__
    return [self.dataset[self.indices[idx]] for idx in indices]
  File "C:\Users\AKS396\.conda\envs\amd\lib\site-packages\torch\utils\data\dataset.py", line 419, in <listcomp>
    return [self.dataset[self.indices[idx]] for idx in indices]
  File "D:\AMD-data-visualisation\dataloader.py", line 97, in __getitem__
    assert any(img.shape==b_shape for b_shape in self.b_shapes),f' the shape of b scan must be [1024,512] or [1024,200] but was found to be {img.shape} the scan dir is :{scans_dir}'
AttributeError: 'OCTDataset' object has no attribute 'b_shapes'

