2025-04-15 14:28:29 - INFO - ------------------------------------------------------------------------------------------------
2025-04-15 14:28:29 - INFO - starting new training !!!!
2025-04-15 14:28:29 - INFO - ------------------------------------------------------------------------------------------------
2025-04-15 14:28:29 - INFO - Namespace(batch=16, class_dict={'early': 0, 'inter': 1, 'ga': 2, 'wet': 3, 'notAMD': 4}, device=device(type='cuda'), epoch=25, excel_path='d:\\cleaning_GUI_annotated_data\\tab_data_annotated_pats.xlsx', gamma=0.1, json='jsons/train_test_val_split_without_scar.json', log_dir='logs/Resnet', lr=0.0001, model_path=None, num_classes=5, save_dir='model_parameter_Resnet', save_freq=2, step_size=10, weight_matrix=tensor([0.2500, 0.2500, 0.1250, 0.1600, 1.0000]))
2025-04-15 14:28:29 - INFO - parameters are being saved at :model_parameter_Resnet\13
2025-04-15 14:28:29 - INFO - found 4 gpus!
2025-04-15 14:28:29 - INFO - DataParallel(
  (module): Resnet18_3D(
    (conv1): Sequential(
      (0): Conv3d(1, 64, kernel_size=(7, 7, 7), stride=(2, 2, 2), padding=(3, 3, 3))
      (1): BatchNorm3d(64, eps=1e-05, momentum=0.1, affine=True, track_running_stats=True)
      (2): ReLU()
    )
    (maxpool): MaxPool3d(kernel_size=3, stride=2, padding=1, dilation=1, ceil_mode=False)
    (conv2): BasicConvBlock(
      (layers): Sequential(
        (0): Sequential(
          (0): Conv3d(64, 64, kernel_size=(3, 3, 3), stride=(1, 1, 1), padding=(1, 1, 1))
          (1): BatchNorm3d(64, eps=1e-05, momentum=0.1, affine=True, track_running_stats=True)
          (2): ReLU()
        )
        (1): Sequential(
          (0): Conv3d(64, 64, kernel_size=(3, 3, 3), stride=(1, 1, 1), padding=(1, 1, 1))
          (1): BatchNorm3d(64, eps=1e-05, momentum=0.1, affine=True, track_running_stats=True)
          (2): ReLU()
        )
        (2): Sequential(
          (0): Conv3d(64, 64, kernel_size=(3, 3, 3), stride=(1, 1, 1), padding=(1, 1, 1))
          (1): BatchNorm3d(64, eps=1e-05, momentum=0.1, affine=True, track_running_stats=True)
          (2): ReLU()
        )
        (3): Sequential(
          (0): Conv3d(64, 64, kernel_size=(3, 3, 3), stride=(1, 1, 1), padding=(1, 1, 1))
          (1): BatchNorm3d(64, eps=1e-05, momentum=0.1, affine=True, track_running_stats=True)
          (2): ReLU()
        )
      )
    )
    (conv3): BasicConvBlock(
      (conv1x1): Conv3d(64, 128, kernel_size=(1, 1, 1), stride=(2, 2, 2))
      (layers): Sequential(
        (0): Sequential(
          (0): Conv3d(64, 128, kernel_size=(3, 3, 3), stride=(2, 2, 2), padding=(1, 1, 1))
          (1): BatchNorm3d(128, eps=1e-05, momentum=0.1, affine=True, track_running_stats=True)
          (2): ReLU()
        )
        (1): Sequential(
          (0): Conv3d(128, 128, kernel_size=(3, 3, 3), stride=(1, 1, 1), padding=(1, 1, 1))
          (1): BatchNorm3d(128, eps=1e-05, momentum=0.1, affine=True, track_running_stats=True)
          (2): ReLU()
        )
        (2): Sequential(
          (0): Conv3d(128, 128, kernel_size=(3, 3, 3), stride=(1, 1, 1), padding=(1, 1, 1))
          (1): BatchNorm3d(128, eps=1e-05, momentum=0.1, affine=True, track_running_stats=True)
          (2): ReLU()
        )
        (3): Sequential(
          (0): Conv3d(128, 128, kernel_size=(3, 3, 3), stride=(1, 1, 1), padding=(1, 1, 1))
          (1): BatchNorm3d(128, eps=1e-05, momentum=0.1, affine=True, track_running_stats=True)
          (2): ReLU()
        )
      )
    )
    (conv4): BasicConvBlock(
      (conv1x1): Conv3d(128, 256, kernel_size=(1, 1, 1), stride=(2, 2, 2))
      (layers): Sequential(
        (0): Sequential(
          (0): Conv3d(128, 256, kernel_size=(3, 3, 3), stride=(2, 2, 2), padding=(1, 1, 1))
          (1): BatchNorm3d(256, eps=1e-05, momentum=0.1, affine=True, track_running_stats=True)
          (2): ReLU()
        )
        (1): Sequential(
          (0): Conv3d(256, 256, kernel_size=(3, 3, 3), stride=(1, 1, 1), padding=(1, 1, 1))
          (1): BatchNorm3d(256, eps=1e-05, momentum=0.1, affine=True, track_running_stats=True)
          (2): ReLU()
        )
        (2): Sequential(
          (0): Conv3d(256, 256, kernel_size=(3, 3, 3), stride=(1, 1, 1), padding=(1, 1, 1))
          (1): BatchNorm3d(256, eps=1e-05, momentum=0.1, affine=True, track_running_stats=True)
          (2): ReLU()
        )
        (3): Sequential(
          (0): Conv3d(256, 256, kernel_size=(3, 3, 3), stride=(1, 1, 1), padding=(1, 1, 1))
          (1): BatchNorm3d(256, eps=1e-05, momentum=0.1, affine=True, track_running_stats=True)
          (2): ReLU()
        )
      )
    )
    (conv5): BasicConvBlock(
      (conv1x1): Conv3d(256, 512, kernel_size=(1, 1, 1), stride=(2, 2, 2))
      (layers): Sequential(
        (0): Sequential(
          (0): Conv3d(256, 512, kernel_size=(3, 3, 3), stride=(2, 2, 2), padding=(1, 1, 1))
          (1): BatchNorm3d(512, eps=1e-05, momentum=0.1, affine=True, track_running_stats=True)
          (2): ReLU()
        )
        (1): Sequential(
          (0): Conv3d(512, 512, kernel_size=(3, 3, 3), stride=(1, 1, 1), padding=(1, 1, 1))
          (1): BatchNorm3d(512, eps=1e-05, momentum=0.1, affine=True, track_running_stats=True)
          (2): ReLU()
        )
        (2): Sequential(
          (0): Conv3d(512, 512, kernel_size=(3, 3, 3), stride=(1, 1, 1), padding=(1, 1, 1))
          (1): BatchNorm3d(512, eps=1e-05, momentum=0.1, affine=True, track_running_stats=True)
          (2): ReLU()
        )
        (3): Sequential(
          (0): Conv3d(512, 512, kernel_size=(3, 3, 3), stride=(1, 1, 1), padding=(1, 1, 1))
          (1): BatchNorm3d(512, eps=1e-05, momentum=0.1, affine=True, track_running_stats=True)
          (2): ReLU()
        )
      )
    )
    (avgPool): AdaptiveAvgPool3d(output_size=1)
    (linear): Linear(in_features=512, out_features=5, bias=True)
  )
)
2025-04-15 14:28:29 - INFO - fold number:0
2025-04-15 14:29:55 - INFO - epoch:0/25 iteration:0/19 batch loss is :1.7081
2025-04-15 14:29:55 - INFO - the acc is :0.375
2025-04-15 14:30:30 - INFO - epoch:0/25 iteration:5/19 batch loss is :1.6714
2025-04-15 14:30:30 - INFO - the acc is :0.1875
2025-04-15 14:30:53 - INFO - epoch:0/25 iteration:10/19 batch loss is :1.4789
2025-04-15 14:30:53 - INFO - the acc is :0.4375
2025-04-15 14:31:15 - INFO - epoch:0/25 iteration:15/19 batch loss is :1.2445
2025-04-15 14:31:15 - INFO - the acc is :0.5625
2025-04-15 14:31:37 - INFO - epoch:0/25 iteration:20/19 batch loss is :1.4942
2025-04-15 14:31:37 - INFO - the acc is :0.3125
2025-04-15 14:31:58 - INFO - epoch:0/25 iteration:25/19 batch loss is :2.1298
2025-04-15 14:31:58 - INFO - the acc is :0.3125
2025-04-15 14:32:20 - INFO - epoch:0/25 iteration:30/19 batch loss is :1.2941
2025-04-15 14:32:20 - INFO - the acc is :0.5625
2025-04-15 14:32:41 - INFO - epoch:0/25 iteration:35/19 batch loss is :1.3095
2025-04-15 14:32:41 - INFO - the acc is :0.5625
2025-04-15 14:32:48 - INFO - Epoch:0/25 Loss is :2.9535
2025-04-15 14:34:06 - INFO - epoch:1/25 iteration:0/19 batch loss is :1.1203
2025-04-15 14:34:06 - INFO - the acc is :0.6875
2025-04-15 14:34:37 - INFO - epoch:1/25 iteration:5/19 batch loss is :1.3463
2025-04-15 14:34:37 - INFO - the acc is :0.625
2025-04-15 14:35:13 - INFO - epoch:1/25 iteration:10/19 batch loss is :1.2434
2025-04-15 14:35:13 - INFO - the acc is :0.4375
2025-04-15 14:35:35 - INFO - epoch:1/25 iteration:15/19 batch loss is :1.2137
2025-04-15 14:35:35 - INFO - the acc is :0.5625
2025-04-15 14:35:57 - INFO - epoch:1/25 iteration:20/19 batch loss is :1.1525
2025-04-15 14:35:57 - INFO - the acc is :0.4375
2025-04-15 14:36:18 - INFO - epoch:1/25 iteration:25/19 batch loss is :1.2062
2025-04-15 14:36:18 - INFO - the acc is :0.5625
2025-04-15 14:36:39 - INFO - epoch:1/25 iteration:30/19 batch loss is :1.0388
2025-04-15 14:36:39 - INFO - the acc is :0.6875
2025-04-15 14:37:01 - INFO - epoch:1/25 iteration:35/19 batch loss is :1.1825
2025-04-15 14:37:01 - INFO - the acc is :0.5625
2025-04-15 14:37:08 - INFO - Epoch:1/25 Loss is :2.5063
2025-04-15 14:38:55 - INFO - epoch:2/25 iteration:0/19 batch loss is :1.0876
2025-04-15 14:38:55 - INFO - the acc is :0.6875
2025-04-15 14:39:25 - INFO - epoch:2/25 iteration:5/19 batch loss is :1.4038
2025-04-15 14:39:25 - INFO - the acc is :0.1875
2025-04-15 14:39:56 - INFO - epoch:2/25 iteration:10/19 batch loss is :0.9215
2025-04-15 14:39:56 - INFO - the acc is :0.625
2025-04-15 14:40:18 - INFO - epoch:2/25 iteration:15/19 batch loss is :1.1314
2025-04-15 14:40:18 - INFO - the acc is :0.5
2025-04-15 14:40:40 - INFO - epoch:2/25 iteration:20/19 batch loss is :1.1649
2025-04-15 14:40:40 - INFO - the acc is :0.5625
2025-04-15 14:41:11 - INFO - epoch:2/25 iteration:25/19 batch loss is :1.2708
2025-04-15 14:41:11 - INFO - the acc is :0.5625
2025-04-15 14:41:36 - INFO - epoch:2/25 iteration:30/19 batch loss is :1.2920
2025-04-15 14:41:36 - INFO - the acc is :0.625
2025-04-15 14:41:58 - INFO - epoch:2/25 iteration:35/19 batch loss is :0.8949
2025-04-15 14:41:58 - INFO - the acc is :0.5
2025-04-15 14:42:04 - INFO - Epoch:2/25 Loss is :2.2326
2025-04-15 14:43:24 - INFO - epoch:3/25 iteration:0/19 batch loss is :0.9434
2025-04-15 14:43:24 - INFO - the acc is :0.5625
2025-04-15 14:43:55 - INFO - epoch:3/25 iteration:5/19 batch loss is :1.0847
2025-04-15 14:43:55 - INFO - the acc is :0.625
2025-04-15 14:44:18 - INFO - epoch:3/25 iteration:10/19 batch loss is :1.0665
2025-04-15 14:44:18 - INFO - the acc is :0.4375
2025-04-15 14:44:40 - INFO - epoch:3/25 iteration:15/19 batch loss is :1.3902
2025-04-15 14:44:40 - INFO - the acc is :0.4375
2025-04-15 14:45:06 - INFO - epoch:3/25 iteration:20/19 batch loss is :0.6754
2025-04-15 14:45:06 - INFO - the acc is :0.8125
2025-04-15 14:45:27 - INFO - epoch:3/25 iteration:25/19 batch loss is :1.3548
2025-04-15 14:45:27 - INFO - the acc is :0.4375
2025-04-15 14:45:49 - INFO - epoch:3/25 iteration:30/19 batch loss is :1.1867
2025-04-15 14:45:49 - INFO - the acc is :0.6875
2025-04-15 14:46:10 - INFO - epoch:3/25 iteration:35/19 batch loss is :0.6442
2025-04-15 14:46:10 - INFO - the acc is :0.6875
2025-04-15 14:46:17 - INFO - Epoch:3/25 Loss is :2.1844
2025-04-15 14:47:35 - INFO - epoch:4/25 iteration:0/19 batch loss is :1.1301
2025-04-15 14:47:35 - INFO - the acc is :0.5
2025-04-15 14:48:07 - INFO - epoch:4/25 iteration:5/19 batch loss is :1.2620
2025-04-15 14:48:07 - INFO - the acc is :0.4375
2025-04-15 14:48:29 - INFO - epoch:4/25 iteration:10/19 batch loss is :1.1474
2025-04-15 14:48:29 - INFO - the acc is :0.375
2025-04-15 14:48:52 - INFO - epoch:4/25 iteration:15/19 batch loss is :1.4402
2025-04-15 14:48:52 - INFO - the acc is :0.5625
2025-04-15 14:49:14 - INFO - epoch:4/25 iteration:20/19 batch loss is :1.0514
2025-04-15 14:49:14 - INFO - the acc is :0.375
2025-04-15 14:49:35 - INFO - epoch:4/25 iteration:25/19 batch loss is :1.0627
2025-04-15 14:49:35 - INFO - the acc is :0.5
2025-04-15 14:49:56 - INFO - epoch:4/25 iteration:30/19 batch loss is :0.6638
2025-04-15 14:49:56 - INFO - the acc is :0.6875
2025-04-15 14:50:18 - INFO - epoch:4/25 iteration:35/19 batch loss is :0.5809
2025-04-15 14:50:18 - INFO - the acc is :0.625
2025-04-15 14:50:24 - INFO - Epoch:4/25 Loss is :1.9518
2025-04-15 14:52:08 - INFO - epoch:5/25 iteration:0/19 batch loss is :1.0484
2025-04-15 14:52:08 - INFO - the acc is :0.625
2025-04-15 14:52:34 - INFO - epoch:5/25 iteration:5/19 batch loss is :0.7699
2025-04-15 14:52:34 - INFO - the acc is :0.6875
2025-04-15 14:53:04 - INFO - epoch:5/25 iteration:10/19 batch loss is :1.1490
2025-04-15 14:53:04 - INFO - the acc is :0.5
2025-04-15 14:53:35 - INFO - epoch:5/25 iteration:15/19 batch loss is :0.8054
2025-04-15 14:53:35 - INFO - the acc is :0.6875
2025-04-15 14:54:05 - INFO - epoch:5/25 iteration:20/19 batch loss is :0.9772
2025-04-15 14:54:05 - INFO - the acc is :0.375
2025-04-15 14:54:27 - INFO - epoch:5/25 iteration:25/19 batch loss is :0.5876
2025-04-15 14:54:27 - INFO - the acc is :0.5625
2025-04-15 15:10:14 - INFO - epoch:5/25 iteration:30/19 batch loss is :0.8510
2025-04-15 15:10:14 - INFO - the acc is :0.75
2025-04-15 15:10:37 - INFO - epoch:5/25 iteration:35/19 batch loss is :0.6546
2025-04-15 15:10:37 - INFO - the acc is :0.75
2025-04-15 15:10:44 - INFO - Epoch:5/25 Loss is :1.7007
2025-04-15 15:12:33 - INFO - epoch:6/25 iteration:0/19 batch loss is :0.8482
2025-04-15 15:12:33 - INFO - the acc is :0.625
2025-04-15 15:13:01 - INFO - epoch:6/25 iteration:5/19 batch loss is :0.5114
2025-04-15 15:13:01 - INFO - the acc is :0.5625
2025-04-15 15:13:25 - INFO - epoch:6/25 iteration:10/19 batch loss is :1.0683
2025-04-15 15:13:25 - INFO - the acc is :0.6875
2025-04-15 15:13:49 - INFO - epoch:6/25 iteration:15/19 batch loss is :0.7369
2025-04-15 15:13:49 - INFO - the acc is :0.75
2025-04-15 15:14:28 - INFO - epoch:6/25 iteration:20/19 batch loss is :0.5446
2025-04-15 15:14:28 - INFO - the acc is :0.75
2025-04-15 15:14:56 - INFO - epoch:6/25 iteration:25/19 batch loss is :0.4625
2025-04-15 15:14:56 - INFO - the acc is :0.6875
2025-04-15 15:15:23 - INFO - epoch:6/25 iteration:30/19 batch loss is :0.5413
2025-04-15 15:15:23 - INFO - the acc is :0.8125
2025-04-15 15:15:45 - INFO - epoch:6/25 iteration:35/19 batch loss is :0.6284
2025-04-15 15:15:45 - INFO - the acc is :0.5625
2025-04-15 15:15:52 - INFO - Epoch:6/25 Loss is :1.4566
2025-04-15 15:17:11 - INFO - epoch:7/25 iteration:0/19 batch loss is :0.4904
2025-04-15 15:17:11 - INFO - the acc is :0.875
2025-04-15 15:17:41 - INFO - epoch:7/25 iteration:5/19 batch loss is :0.4476
2025-04-15 15:17:41 - INFO - the acc is :0.75
2025-04-15 15:18:14 - INFO - epoch:7/25 iteration:10/19 batch loss is :0.6395
2025-04-15 15:18:14 - INFO - the acc is :0.75
2025-04-15 15:18:37 - INFO - epoch:7/25 iteration:15/19 batch loss is :0.4864
2025-04-15 15:18:37 - INFO - the acc is :0.8125
2025-04-15 15:19:00 - INFO - epoch:7/25 iteration:20/19 batch loss is :0.7513
2025-04-15 15:19:00 - INFO - the acc is :0.625
2025-04-15 15:19:23 - INFO - epoch:7/25 iteration:25/19 batch loss is :0.5944
2025-04-15 15:19:23 - INFO - the acc is :0.75
2025-04-15 15:19:45 - INFO - epoch:7/25 iteration:30/19 batch loss is :0.6044
2025-04-15 15:19:45 - INFO - the acc is :0.8125
2025-04-15 15:20:07 - INFO - epoch:7/25 iteration:35/19 batch loss is :0.5938
2025-04-15 15:20:07 - INFO - the acc is :0.6875
2025-04-15 15:20:14 - INFO - Epoch:7/25 Loss is :1.2698
2025-04-15 15:21:37 - INFO - epoch:8/25 iteration:0/19 batch loss is :1.2010
2025-04-15 15:21:37 - INFO - the acc is :0.5
2025-04-15 15:22:11 - INFO - epoch:8/25 iteration:5/19 batch loss is :0.3321
2025-04-15 15:22:11 - INFO - the acc is :0.9375
2025-04-15 15:22:43 - INFO - epoch:8/25 iteration:10/19 batch loss is :0.7977
2025-04-15 15:22:43 - INFO - the acc is :0.75
2025-04-15 15:23:07 - INFO - epoch:8/25 iteration:15/19 batch loss is :0.7729
2025-04-15 15:23:07 - INFO - the acc is :0.75
2025-04-15 15:23:35 - INFO - epoch:8/25 iteration:20/19 batch loss is :0.6885
2025-04-15 15:23:35 - INFO - the acc is :0.625
2025-04-15 15:23:58 - INFO - epoch:8/25 iteration:25/19 batch loss is :0.6323
2025-04-15 15:23:58 - INFO - the acc is :0.75
2025-04-15 15:24:21 - INFO - epoch:8/25 iteration:30/19 batch loss is :1.0026
2025-04-15 15:24:21 - INFO - the acc is :0.625
2025-04-15 15:24:44 - INFO - epoch:8/25 iteration:35/19 batch loss is :0.6920
2025-04-15 15:24:44 - INFO - the acc is :0.75
2025-04-15 15:24:51 - INFO - Epoch:8/25 Loss is :1.3255
2025-04-15 15:26:20 - INFO - epoch:9/25 iteration:0/19 batch loss is :0.7778
2025-04-15 15:26:20 - INFO - the acc is :0.5625
2025-04-15 15:26:55 - INFO - epoch:9/25 iteration:5/19 batch loss is :0.5631
2025-04-15 15:26:55 - INFO - the acc is :0.9375
2025-04-15 15:27:28 - INFO - epoch:9/25 iteration:10/19 batch loss is :0.4944
2025-04-15 15:27:28 - INFO - the acc is :0.6875
2025-04-15 15:27:51 - INFO - epoch:9/25 iteration:15/19 batch loss is :0.4513
2025-04-15 15:27:51 - INFO - the acc is :0.875
2025-04-15 15:28:19 - INFO - epoch:9/25 iteration:20/19 batch loss is :0.5597
2025-04-15 15:28:19 - INFO - the acc is :0.8125
2025-04-15 15:28:46 - INFO - epoch:9/25 iteration:25/19 batch loss is :0.2390
2025-04-15 15:28:46 - INFO - the acc is :0.875
2025-04-15 15:29:08 - INFO - epoch:9/25 iteration:30/19 batch loss is :0.9746
2025-04-15 15:29:08 - INFO - the acc is :0.4375
2025-04-15 15:29:30 - INFO - epoch:9/25 iteration:35/19 batch loss is :0.4735
2025-04-15 15:29:30 - INFO - the acc is :0.875
2025-04-15 15:29:37 - INFO - Epoch:9/25 Loss is :1.1023
2025-04-15 15:30:56 - INFO - epoch:10/25 iteration:0/19 batch loss is :0.5861
2025-04-15 15:30:56 - INFO - the acc is :0.75
2025-04-15 15:31:33 - INFO - epoch:10/25 iteration:5/19 batch loss is :0.8331
2025-04-15 15:31:33 - INFO - the acc is :0.8125
2025-04-15 15:32:02 - INFO - epoch:10/25 iteration:10/19 batch loss is :0.3007
2025-04-15 15:32:02 - INFO - the acc is :0.875
2025-04-15 15:32:25 - INFO - epoch:10/25 iteration:15/19 batch loss is :0.1641
2025-04-15 15:32:25 - INFO - the acc is :0.9375
2025-04-15 15:32:48 - INFO - epoch:10/25 iteration:20/19 batch loss is :0.3279
2025-04-15 15:32:48 - INFO - the acc is :1.0
2025-04-15 15:33:10 - INFO - epoch:10/25 iteration:25/19 batch loss is :0.8058
2025-04-15 15:33:10 - INFO - the acc is :0.6875
2025-04-15 15:33:33 - INFO - epoch:10/25 iteration:30/19 batch loss is :0.6496
2025-04-15 15:33:33 - INFO - the acc is :0.625
2025-04-15 15:33:55 - INFO - epoch:10/25 iteration:35/19 batch loss is :0.2828
2025-04-15 15:33:55 - INFO - the acc is :0.875
2025-04-15 15:34:02 - INFO - Epoch:10/25 Loss is :0.8765
2025-04-15 15:35:21 - INFO - epoch:11/25 iteration:0/19 batch loss is :0.1721
2025-04-15 15:35:21 - INFO - the acc is :0.9375
2025-04-15 15:35:56 - INFO - epoch:11/25 iteration:5/19 batch loss is :0.2057
2025-04-15 15:35:56 - INFO - the acc is :0.9375
2025-04-15 15:36:32 - INFO - epoch:11/25 iteration:10/19 batch loss is :0.4051
2025-04-15 15:36:32 - INFO - the acc is :0.8125
2025-04-15 15:37:04 - INFO - epoch:11/25 iteration:15/19 batch loss is :0.2320
2025-04-15 15:37:04 - INFO - the acc is :0.9375
2025-04-15 15:37:32 - INFO - epoch:11/25 iteration:20/19 batch loss is :0.4512
2025-04-15 15:37:32 - INFO - the acc is :0.75
2025-04-15 15:37:55 - INFO - epoch:11/25 iteration:25/19 batch loss is :0.3644
2025-04-15 15:37:55 - INFO - the acc is :0.9375
2025-04-15 15:38:17 - INFO - epoch:11/25 iteration:30/19 batch loss is :0.2580
2025-04-15 15:38:17 - INFO - the acc is :0.9375
2025-04-15 15:38:39 - INFO - epoch:11/25 iteration:35/19 batch loss is :0.2947
2025-04-15 15:38:39 - INFO - the acc is :0.8125
2025-04-15 15:38:46 - INFO - Epoch:11/25 Loss is :0.6739
2025-04-15 15:40:25 - INFO - epoch:12/25 iteration:0/19 batch loss is :0.4138
2025-04-15 15:40:25 - INFO - the acc is :0.75
2025-04-15 15:40:53 - INFO - epoch:12/25 iteration:5/19 batch loss is :0.2159
2025-04-15 15:40:53 - INFO - the acc is :0.9375
2025-04-15 15:41:22 - INFO - epoch:12/25 iteration:10/19 batch loss is :0.2209
2025-04-15 15:41:22 - INFO - the acc is :1.0
2025-04-15 15:41:45 - INFO - epoch:12/25 iteration:15/19 batch loss is :0.5737
2025-04-15 15:41:45 - INFO - the acc is :0.6875
2025-04-15 15:42:09 - INFO - epoch:12/25 iteration:20/19 batch loss is :0.4613
2025-04-15 15:42:09 - INFO - the acc is :0.9375
2025-04-15 15:42:37 - INFO - epoch:12/25 iteration:25/19 batch loss is :0.1892
2025-04-15 15:42:37 - INFO - the acc is :1.0
2025-04-15 15:43:04 - INFO - epoch:12/25 iteration:30/19 batch loss is :0.4356
2025-04-15 15:43:04 - INFO - the acc is :0.9375
2025-04-15 15:43:26 - INFO - epoch:12/25 iteration:35/19 batch loss is :0.2727
2025-04-15 15:43:26 - INFO - the acc is :0.9375
2025-04-15 15:43:33 - INFO - Epoch:12/25 Loss is :0.5266
2025-04-15 15:44:53 - INFO - epoch:13/25 iteration:0/19 batch loss is :0.3545
2025-04-15 15:44:53 - INFO - the acc is :0.8125
2025-04-15 15:45:27 - INFO - epoch:13/25 iteration:5/19 batch loss is :0.1787
2025-04-15 15:45:27 - INFO - the acc is :0.9375
2025-04-15 15:46:03 - INFO - epoch:13/25 iteration:10/19 batch loss is :0.2728
2025-04-15 15:46:03 - INFO - the acc is :0.9375
2025-04-15 15:46:31 - INFO - epoch:13/25 iteration:15/19 batch loss is :0.4608
2025-04-15 15:46:31 - INFO - the acc is :0.9375
2025-04-15 15:46:54 - INFO - epoch:13/25 iteration:20/19 batch loss is :0.4096
2025-04-15 15:46:54 - INFO - the acc is :0.875
2025-04-15 15:47:17 - INFO - epoch:13/25 iteration:25/19 batch loss is :0.2029
2025-04-15 15:47:17 - INFO - the acc is :0.9375
2025-04-15 15:47:39 - INFO - epoch:13/25 iteration:30/19 batch loss is :0.4135
2025-04-15 15:47:39 - INFO - the acc is :0.9375
2025-04-15 15:48:01 - INFO - epoch:13/25 iteration:35/19 batch loss is :0.2406
2025-04-15 15:48:01 - INFO - the acc is :0.9375
2025-04-15 15:48:08 - INFO - Epoch:13/25 Loss is :0.5575
2025-04-15 15:49:27 - INFO - epoch:14/25 iteration:0/19 batch loss is :0.3746
2025-04-15 15:49:27 - INFO - the acc is :0.9375
2025-04-15 15:49:56 - INFO - epoch:14/25 iteration:5/19 batch loss is :0.4109
2025-04-15 15:49:56 - INFO - the acc is :0.75
2025-04-15 15:50:25 - INFO - epoch:14/25 iteration:10/19 batch loss is :0.1882
2025-04-15 15:50:25 - INFO - the acc is :1.0
2025-04-15 15:50:57 - INFO - epoch:14/25 iteration:15/19 batch loss is :0.2917
2025-04-15 15:50:57 - INFO - the acc is :0.875
2025-04-15 15:51:24 - INFO - epoch:14/25 iteration:20/19 batch loss is :0.1334
2025-04-15 15:51:24 - INFO - the acc is :1.0
2025-04-15 15:51:47 - INFO - epoch:14/25 iteration:25/19 batch loss is :0.1110
2025-04-15 15:51:47 - INFO - the acc is :1.0
2025-04-15 15:52:09 - INFO - epoch:14/25 iteration:30/19 batch loss is :0.1936
2025-04-15 15:52:09 - INFO - the acc is :0.9375
2025-04-15 15:52:32 - INFO - epoch:14/25 iteration:35/19 batch loss is :0.5688
2025-04-15 15:52:32 - INFO - the acc is :0.75
2025-04-15 15:52:39 - INFO - Epoch:14/25 Loss is :0.5280
2025-04-15 15:54:26 - INFO - epoch:15/25 iteration:0/19 batch loss is :0.2321
2025-04-15 15:54:26 - INFO - the acc is :0.875
2025-04-15 15:54:54 - INFO - epoch:15/25 iteration:5/19 batch loss is :0.1092
2025-04-15 15:54:54 - INFO - the acc is :1.0
2025-04-15 15:55:19 - INFO - epoch:15/25 iteration:10/19 batch loss is :0.3736
2025-04-15 15:55:19 - INFO - the acc is :0.8125
2025-04-15 15:55:42 - INFO - epoch:15/25 iteration:15/19 batch loss is :0.3908
2025-04-15 15:55:42 - INFO - the acc is :0.9375
2025-04-15 15:56:12 - INFO - epoch:15/25 iteration:20/19 batch loss is :0.2259
2025-04-15 15:56:12 - INFO - the acc is :0.9375
2025-04-15 15:56:41 - INFO - epoch:15/25 iteration:25/19 batch loss is :0.3596
2025-04-15 15:56:41 - INFO - the acc is :0.875
2025-04-15 15:57:13 - INFO - epoch:15/25 iteration:30/19 batch loss is :0.2624
2025-04-15 15:57:13 - INFO - the acc is :0.9375
2025-04-15 15:57:35 - INFO - epoch:15/25 iteration:35/19 batch loss is :0.1660
2025-04-15 15:57:35 - INFO - the acc is :0.9375
2025-04-15 15:57:42 - INFO - Epoch:15/25 Loss is :0.4574
2025-04-15 15:59:00 - INFO - epoch:16/25 iteration:0/19 batch loss is :0.2108
2025-04-15 15:59:00 - INFO - the acc is :0.9375
2025-04-15 15:59:29 - INFO - epoch:16/25 iteration:5/19 batch loss is :0.2614
2025-04-15 15:59:29 - INFO - the acc is :0.9375
2025-04-15 15:59:58 - INFO - epoch:16/25 iteration:10/19 batch loss is :0.1283
2025-04-15 15:59:58 - INFO - the acc is :1.0
2025-04-15 16:00:21 - INFO - epoch:16/25 iteration:15/19 batch loss is :0.1356
2025-04-15 16:00:21 - INFO - the acc is :0.9375
2025-04-15 16:00:44 - INFO - epoch:16/25 iteration:20/19 batch loss is :0.1511
2025-04-15 16:00:44 - INFO - the acc is :1.0
2025-04-15 16:01:07 - INFO - epoch:16/25 iteration:25/19 batch loss is :0.1095
2025-04-15 16:01:07 - INFO - the acc is :1.0
2025-04-15 16:01:29 - INFO - epoch:16/25 iteration:30/19 batch loss is :0.1997
2025-04-15 16:01:29 - INFO - the acc is :0.9375
2025-04-15 16:01:52 - INFO - epoch:16/25 iteration:35/19 batch loss is :0.2671
2025-04-15 16:01:52 - INFO - the acc is :0.875
2025-04-15 16:01:58 - INFO - Epoch:16/25 Loss is :0.4147
2025-04-15 16:03:18 - INFO - epoch:17/25 iteration:0/19 batch loss is :0.1944
2025-04-15 16:03:18 - INFO - the acc is :1.0
2025-04-15 16:03:47 - INFO - epoch:17/25 iteration:5/19 batch loss is :0.0946
2025-04-15 16:03:47 - INFO - the acc is :1.0
2025-04-15 16:04:15 - INFO - epoch:17/25 iteration:10/19 batch loss is :0.0788
2025-04-15 16:04:15 - INFO - the acc is :1.0
2025-04-15 16:04:43 - INFO - epoch:17/25 iteration:15/19 batch loss is :0.2626
2025-04-15 16:04:43 - INFO - the acc is :0.9375
2025-04-15 16:05:10 - INFO - epoch:17/25 iteration:20/19 batch loss is :0.3723
2025-04-15 16:05:10 - INFO - the acc is :0.875
2025-04-15 16:05:33 - INFO - epoch:17/25 iteration:25/19 batch loss is :0.2864
2025-04-15 16:05:33 - INFO - the acc is :0.875
2025-04-15 16:05:55 - INFO - epoch:17/25 iteration:30/19 batch loss is :0.2724
2025-04-15 16:05:55 - INFO - the acc is :1.0
2025-04-15 16:06:18 - INFO - epoch:17/25 iteration:35/19 batch loss is :0.3857
2025-04-15 16:06:18 - INFO - the acc is :0.875
2025-04-15 16:06:24 - INFO - Epoch:17/25 Loss is :0.3966
2025-04-15 16:08:12 - INFO - epoch:18/25 iteration:0/19 batch loss is :0.2595
2025-04-15 16:08:12 - INFO - the acc is :0.9375
2025-04-15 16:08:45 - INFO - epoch:18/25 iteration:5/19 batch loss is :0.1294
2025-04-15 16:08:45 - INFO - the acc is :1.0
2025-04-15 16:09:22 - INFO - epoch:18/25 iteration:10/19 batch loss is :0.2219
2025-04-15 16:09:22 - INFO - the acc is :0.8125
2025-04-15 16:09:59 - INFO - epoch:18/25 iteration:15/19 batch loss is :0.1086
2025-04-15 16:09:59 - INFO - the acc is :1.0
2025-04-15 16:10:32 - INFO - epoch:18/25 iteration:20/19 batch loss is :0.0986
2025-04-15 16:10:32 - INFO - the acc is :1.0
2025-04-15 16:10:56 - INFO - epoch:18/25 iteration:25/19 batch loss is :0.1964
2025-04-15 16:10:56 - INFO - the acc is :1.0
2025-04-15 16:11:18 - INFO - epoch:18/25 iteration:30/19 batch loss is :0.1264
2025-04-15 16:11:18 - INFO - the acc is :1.0
2025-04-15 16:11:40 - INFO - epoch:18/25 iteration:35/19 batch loss is :0.2129
2025-04-15 16:11:40 - INFO - the acc is :0.9375
2025-04-15 16:11:48 - INFO - Epoch:18/25 Loss is :0.3581
2025-04-15 16:13:08 - INFO - epoch:19/25 iteration:0/19 batch loss is :0.1467
2025-04-15 16:13:08 - INFO - the acc is :0.9375
2025-04-15 16:13:37 - INFO - epoch:19/25 iteration:5/19 batch loss is :0.2439
2025-04-15 16:13:37 - INFO - the acc is :0.9375
2025-04-15 16:14:01 - INFO - epoch:19/25 iteration:10/19 batch loss is :0.2424
2025-04-15 16:14:01 - INFO - the acc is :0.9375
2025-04-15 16:14:25 - INFO - epoch:19/25 iteration:15/19 batch loss is :0.1640
2025-04-15 16:14:25 - INFO - the acc is :1.0
2025-04-15 16:14:48 - INFO - epoch:19/25 iteration:20/19 batch loss is :0.1729
2025-04-15 16:14:48 - INFO - the acc is :0.9375
2025-04-15 16:15:19 - INFO - epoch:19/25 iteration:25/19 batch loss is :0.2280
2025-04-15 16:15:19 - INFO - the acc is :0.875
2025-04-15 16:15:42 - INFO - epoch:19/25 iteration:30/19 batch loss is :0.1008
2025-04-15 16:15:42 - INFO - the acc is :1.0
2025-04-15 16:16:04 - INFO - epoch:19/25 iteration:35/19 batch loss is :0.3189
2025-04-15 16:16:04 - INFO - the acc is :0.8125
2025-04-15 16:16:11 - INFO - Epoch:19/25 Loss is :0.3455
2025-04-15 16:17:30 - INFO - epoch:20/25 iteration:0/19 batch loss is :0.1974
2025-04-15 16:17:30 - INFO - the acc is :0.9375
2025-04-15 16:18:04 - INFO - epoch:20/25 iteration:5/19 batch loss is :0.0597
2025-04-15 16:18:04 - INFO - the acc is :1.0
2025-04-15 16:18:32 - INFO - epoch:20/25 iteration:10/19 batch loss is :0.3302
2025-04-15 16:18:32 - INFO - the acc is :0.9375
2025-04-15 16:18:55 - INFO - epoch:20/25 iteration:15/19 batch loss is :0.0802
2025-04-15 16:18:55 - INFO - the acc is :1.0
2025-04-15 16:19:27 - INFO - epoch:20/25 iteration:20/19 batch loss is :0.0449
2025-04-15 16:19:27 - INFO - the acc is :1.0
2025-04-15 16:19:58 - INFO - epoch:20/25 iteration:25/19 batch loss is :0.1463
2025-04-15 16:19:58 - INFO - the acc is :0.9375
2025-04-15 16:20:20 - INFO - epoch:20/25 iteration:30/19 batch loss is :0.3307
2025-04-15 16:20:20 - INFO - the acc is :0.875
2025-04-15 16:20:43 - INFO - epoch:20/25 iteration:35/19 batch loss is :0.2295
2025-04-15 16:20:43 - INFO - the acc is :0.9375
2025-04-15 16:20:49 - INFO - Epoch:20/25 Loss is :0.3582
2025-04-15 16:22:23 - INFO - epoch:21/25 iteration:0/19 batch loss is :0.3270
2025-04-15 16:22:23 - INFO - the acc is :0.875
2025-04-15 16:22:52 - INFO - epoch:21/25 iteration:5/19 batch loss is :0.1858
2025-04-15 16:22:52 - INFO - the acc is :1.0
2025-04-15 16:23:15 - INFO - epoch:21/25 iteration:10/19 batch loss is :0.1833
2025-04-15 16:23:15 - INFO - the acc is :1.0
2025-04-15 16:23:39 - INFO - epoch:21/25 iteration:15/19 batch loss is :0.1903
2025-04-15 16:23:39 - INFO - the acc is :1.0
2025-04-15 16:24:17 - INFO - epoch:21/25 iteration:20/19 batch loss is :0.0844
2025-04-15 16:24:17 - INFO - the acc is :1.0
2025-04-15 16:24:41 - INFO - epoch:21/25 iteration:25/19 batch loss is :0.1357
2025-04-15 16:24:41 - INFO - the acc is :1.0
2025-04-15 16:25:03 - INFO - epoch:21/25 iteration:30/19 batch loss is :0.5847
2025-04-15 16:25:03 - INFO - the acc is :0.6875
2025-04-15 16:25:26 - INFO - epoch:21/25 iteration:35/19 batch loss is :0.1631
2025-04-15 16:25:26 - INFO - the acc is :0.9375
2025-04-15 16:25:33 - INFO - Epoch:21/25 Loss is :0.3684
2025-04-15 16:27:02 - INFO - epoch:22/25 iteration:0/19 batch loss is :0.0872
2025-04-15 16:27:02 - INFO - the acc is :0.9375
2025-04-15 16:27:31 - INFO - epoch:22/25 iteration:5/19 batch loss is :0.0751
2025-04-15 16:27:31 - INFO - the acc is :1.0
2025-04-15 16:28:05 - INFO - epoch:22/25 iteration:10/19 batch loss is :0.2124
2025-04-15 16:28:05 - INFO - the acc is :0.9375
2025-04-15 16:28:37 - INFO - epoch:22/25 iteration:15/19 batch loss is :0.1248
2025-04-15 16:28:37 - INFO - the acc is :1.0
2025-04-15 16:29:04 - INFO - epoch:22/25 iteration:20/19 batch loss is :0.1462
2025-04-15 16:29:04 - INFO - the acc is :1.0
2025-04-15 16:29:27 - INFO - epoch:22/25 iteration:25/19 batch loss is :0.1056
2025-04-15 16:29:27 - INFO - the acc is :1.0
2025-04-15 16:29:53 - INFO - epoch:22/25 iteration:30/19 batch loss is :0.1081
2025-04-15 16:29:53 - INFO - the acc is :1.0
2025-04-15 16:30:16 - INFO - epoch:22/25 iteration:35/19 batch loss is :0.0952
2025-04-15 16:30:16 - INFO - the acc is :1.0
2025-04-15 16:30:22 - INFO - Epoch:22/25 Loss is :0.3287
2025-04-15 16:31:42 - INFO - epoch:23/25 iteration:0/19 batch loss is :0.0737
2025-04-15 16:31:42 - INFO - the acc is :1.0
2025-04-15 16:32:16 - INFO - epoch:23/25 iteration:5/19 batch loss is :0.0851
2025-04-15 16:32:16 - INFO - the acc is :1.0
2025-04-15 16:32:48 - INFO - epoch:23/25 iteration:10/19 batch loss is :0.0790
2025-04-15 16:32:48 - INFO - the acc is :1.0
2025-04-15 16:33:21 - INFO - epoch:23/25 iteration:15/19 batch loss is :0.1130
2025-04-15 16:33:21 - INFO - the acc is :0.9375
2025-04-15 16:33:48 - INFO - epoch:23/25 iteration:20/19 batch loss is :0.1710
2025-04-15 16:33:48 - INFO - the acc is :0.9375
2025-04-15 16:34:10 - INFO - epoch:23/25 iteration:25/19 batch loss is :0.1796
2025-04-15 16:34:10 - INFO - the acc is :1.0
2025-04-15 16:34:33 - INFO - epoch:23/25 iteration:30/19 batch loss is :0.2553
2025-04-15 16:34:33 - INFO - the acc is :1.0
2025-04-15 16:34:55 - INFO - epoch:23/25 iteration:35/19 batch loss is :0.0997
2025-04-15 16:34:55 - INFO - the acc is :1.0
2025-04-15 16:35:02 - INFO - Epoch:23/25 Loss is :0.3511
2025-04-15 16:36:22 - INFO - epoch:24/25 iteration:0/19 batch loss is :0.1062
2025-04-15 16:36:22 - INFO - the acc is :1.0
2025-04-15 16:36:56 - INFO - epoch:24/25 iteration:5/19 batch loss is :0.1301
2025-04-15 16:36:56 - INFO - the acc is :1.0
2025-04-15 16:37:33 - INFO - epoch:24/25 iteration:10/19 batch loss is :0.1200
2025-04-15 16:37:33 - INFO - the acc is :0.9375
2025-04-15 16:38:05 - INFO - epoch:24/25 iteration:15/19 batch loss is :0.1239
2025-04-15 16:38:05 - INFO - the acc is :1.0
2025-04-15 16:38:38 - INFO - epoch:24/25 iteration:20/19 batch loss is :0.4487
2025-04-15 16:38:38 - INFO - the acc is :0.8125
2025-04-15 16:39:09 - INFO - epoch:24/25 iteration:25/19 batch loss is :0.1335
2025-04-15 16:39:09 - INFO - the acc is :1.0
2025-04-15 16:39:32 - INFO - epoch:24/25 iteration:30/19 batch loss is :0.0839
2025-04-15 16:39:32 - INFO - the acc is :1.0
2025-04-15 16:39:58 - INFO - epoch:24/25 iteration:35/19 batch loss is :0.1046
2025-04-15 16:39:58 - INFO - the acc is :1.0
2025-04-15 16:40:06 - INFO - Epoch:24/25 Loss is :0.2727
