2025-04-15 12:50:12 - INFO - ------------------------------------------------------------------------------------------------
2025-04-15 12:50:12 - INFO - starting new training !!!!
2025-04-15 12:50:12 - INFO - ------------------------------------------------------------------------------------------------
2025-04-15 12:50:12 - INFO - Namespace(batch=16, class_dict={'early': 0, 'inter': 1, 'ga': 2, 'wet': 3, 'notAMD': 4}, device=device(type='cuda'), epoch=25, excel_path='d:\\cleaning_GUI_annotated_data\\tab_data_annotated_pats.xlsx', gamma=0.1, json='jsons/train_test_val_split_without_scar.json', log_dir='logs/Resnet', lr=0.0001, model_path=None, num_classes=5, save_dir='model_parameter_Resnet', save_freq=5000, step_size=10, weight_matrix=tensor([0.2500, 0.2500, 0.1250, 0.1600, 1.0000]))
2025-04-15 12:50:12 - INFO - parameters are being saved at :model_parameter_Resnet\12
2025-04-15 12:50:13 - INFO - found 4 gpus!
2025-04-15 12:50:13 - INFO - DataParallel(
  (module): Resnet18_3D(
    (conv1): Sequential(
      (0): Conv3d(1, 64, kernel_size=(7, 7, 7), stride=(2, 2, 2), padding=(3, 3, 3))
      (1): BatchNorm3d(64, eps=1e-05, momentum=0.1, affine=True, track_running_stats=True)
      (2): ReLU()
    )
    (maxpool): MaxPool3d(kernel_size=3, stride=2, padding=1, dilation=1, ceil_mode=False)
    (conv2): BasicConvBlock(
      (layers): Sequential(
        (0): Sequential(
          (0): Conv3d(64, 64, kernel_size=(3, 3, 3), stride=(1, 1, 1), padding=(1, 1, 1))
          (1): BatchNorm3d(64, eps=1e-05, momentum=0.1, affine=True, track_running_stats=True)
          (2): ReLU()
        )
        (1): Sequential(
          (0): Conv3d(64, 64, kernel_size=(3, 3, 3), stride=(1, 1, 1), padding=(1, 1, 1))
          (1): BatchNorm3d(64, eps=1e-05, momentum=0.1, affine=True, track_running_stats=True)
          (2): ReLU()
        )
        (2): Sequential(
          (0): Conv3d(64, 64, kernel_size=(3, 3, 3), stride=(1, 1, 1), padding=(1, 1, 1))
          (1): BatchNorm3d(64, eps=1e-05, momentum=0.1, affine=True, track_running_stats=True)
          (2): ReLU()
        )
        (3): Sequential(
          (0): Conv3d(64, 64, kernel_size=(3, 3, 3), stride=(1, 1, 1), padding=(1, 1, 1))
          (1): BatchNorm3d(64, eps=1e-05, momentum=0.1, affine=True, track_running_stats=True)
          (2): ReLU()
        )
      )
    )
    (conv3): BasicConvBlock(
      (conv1x1): Conv3d(64, 128, kernel_size=(1, 1, 1), stride=(2, 2, 2))
      (layers): Sequential(
        (0): Sequential(
          (0): Conv3d(64, 128, kernel_size=(3, 3, 3), stride=(2, 2, 2), padding=(1, 1, 1))
          (1): BatchNorm3d(128, eps=1e-05, momentum=0.1, affine=True, track_running_stats=True)
          (2): ReLU()
        )
        (1): Sequential(
          (0): Conv3d(128, 128, kernel_size=(3, 3, 3), stride=(1, 1, 1), padding=(1, 1, 1))
          (1): BatchNorm3d(128, eps=1e-05, momentum=0.1, affine=True, track_running_stats=True)
          (2): ReLU()
        )
        (2): Sequential(
          (0): Conv3d(128, 128, kernel_size=(3, 3, 3), stride=(1, 1, 1), padding=(1, 1, 1))
          (1): BatchNorm3d(128, eps=1e-05, momentum=0.1, affine=True, track_running_stats=True)
          (2): ReLU()
        )
        (3): Sequential(
          (0): Conv3d(128, 128, kernel_size=(3, 3, 3), stride=(1, 1, 1), padding=(1, 1, 1))
          (1): BatchNorm3d(128, eps=1e-05, momentum=0.1, affine=True, track_running_stats=True)
          (2): ReLU()
        )
      )
    )
    (conv4): BasicConvBlock(
      (conv1x1): Conv3d(128, 256, kernel_size=(1, 1, 1), stride=(2, 2, 2))
      (layers): Sequential(
        (0): Sequential(
          (0): Conv3d(128, 256, kernel_size=(3, 3, 3), stride=(2, 2, 2), padding=(1, 1, 1))
          (1): BatchNorm3d(256, eps=1e-05, momentum=0.1, affine=True, track_running_stats=True)
          (2): ReLU()
        )
        (1): Sequential(
          (0): Conv3d(256, 256, kernel_size=(3, 3, 3), stride=(1, 1, 1), padding=(1, 1, 1))
          (1): BatchNorm3d(256, eps=1e-05, momentum=0.1, affine=True, track_running_stats=True)
          (2): ReLU()
        )
        (2): Sequential(
          (0): Conv3d(256, 256, kernel_size=(3, 3, 3), stride=(1, 1, 1), padding=(1, 1, 1))
          (1): BatchNorm3d(256, eps=1e-05, momentum=0.1, affine=True, track_running_stats=True)
          (2): ReLU()
        )
        (3): Sequential(
          (0): Conv3d(256, 256, kernel_size=(3, 3, 3), stride=(1, 1, 1), padding=(1, 1, 1))
          (1): BatchNorm3d(256, eps=1e-05, momentum=0.1, affine=True, track_running_stats=True)
          (2): ReLU()
        )
      )
    )
    (conv5): BasicConvBlock(
      (conv1x1): Conv3d(256, 512, kernel_size=(1, 1, 1), stride=(2, 2, 2))
      (layers): Sequential(
        (0): Sequential(
          (0): Conv3d(256, 512, kernel_size=(3, 3, 3), stride=(2, 2, 2), padding=(1, 1, 1))
          (1): BatchNorm3d(512, eps=1e-05, momentum=0.1, affine=True, track_running_stats=True)
          (2): ReLU()
        )
        (1): Sequential(
          (0): Conv3d(512, 512, kernel_size=(3, 3, 3), stride=(1, 1, 1), padding=(1, 1, 1))
          (1): BatchNorm3d(512, eps=1e-05, momentum=0.1, affine=True, track_running_stats=True)
          (2): ReLU()
        )
        (2): Sequential(
          (0): Conv3d(512, 512, kernel_size=(3, 3, 3), stride=(1, 1, 1), padding=(1, 1, 1))
          (1): BatchNorm3d(512, eps=1e-05, momentum=0.1, affine=True, track_running_stats=True)
          (2): ReLU()
        )
        (3): Sequential(
          (0): Conv3d(512, 512, kernel_size=(3, 3, 3), stride=(1, 1, 1), padding=(1, 1, 1))
          (1): BatchNorm3d(512, eps=1e-05, momentum=0.1, affine=True, track_running_stats=True)
          (2): ReLU()
        )
      )
    )
    (avgPool): AdaptiveAvgPool3d(output_size=1)
    (linear): Linear(in_features=512, out_features=5, bias=True)
  )
)
2025-04-15 12:50:13 - INFO - fold number:0
2025-04-15 12:52:31 - INFO - epoch:0/25 iteration:0/19 batch loss is :1.6370
2025-04-15 12:52:31 - INFO - the acc is :0.1875
2025-04-15 12:53:24 - INFO - epoch:0/25 iteration:5/19 batch loss is :1.5926
2025-04-15 12:53:24 - INFO - the acc is :0.375
2025-04-15 12:54:10 - INFO - epoch:0/25 iteration:10/19 batch loss is :1.6365
2025-04-15 12:54:10 - INFO - the acc is :0.5
2025-04-15 12:55:00 - INFO - epoch:0/25 iteration:15/19 batch loss is :1.5179
2025-04-15 12:55:00 - INFO - the acc is :0.25
2025-04-15 12:55:47 - INFO - epoch:0/25 iteration:20/19 batch loss is :1.5715
2025-04-15 12:55:47 - INFO - the acc is :0.375
2025-04-15 12:56:36 - INFO - epoch:0/25 iteration:25/19 batch loss is :1.5453
2025-04-15 12:56:36 - INFO - the acc is :0.25
2025-04-15 12:57:20 - INFO - epoch:0/25 iteration:30/19 batch loss is :1.7121
2025-04-15 12:57:20 - INFO - the acc is :0.125
2025-04-15 12:58:04 - INFO - epoch:0/25 iteration:35/19 batch loss is :1.4361
2025-04-15 12:58:04 - INFO - the acc is :0.375
2025-04-15 12:58:15 - INFO - Epoch:0/25 Loss is :2.9706
2025-04-15 12:59:59 - INFO - epoch:1/25 iteration:0/19 batch loss is :1.4627
2025-04-15 12:59:59 - INFO - the acc is :0.3125
2025-04-15 13:00:55 - INFO - epoch:1/25 iteration:5/19 batch loss is :1.6681
2025-04-15 13:00:55 - INFO - the acc is :0.375
2025-04-15 13:01:40 - INFO - epoch:1/25 iteration:10/19 batch loss is :1.1809
2025-04-15 13:01:40 - INFO - the acc is :0.5
2025-04-15 13:02:26 - INFO - epoch:1/25 iteration:15/19 batch loss is :1.2371
2025-04-15 13:02:26 - INFO - the acc is :0.4375
2025-04-15 13:03:11 - INFO - epoch:1/25 iteration:20/19 batch loss is :1.0195
2025-04-15 13:03:11 - INFO - the acc is :0.625
2025-04-15 13:03:56 - INFO - epoch:1/25 iteration:25/19 batch loss is :1.1925
2025-04-15 13:03:56 - INFO - the acc is :0.5625
2025-04-15 13:04:41 - INFO - epoch:1/25 iteration:30/19 batch loss is :1.6865
2025-04-15 13:04:41 - INFO - the acc is :0.25
2025-04-15 13:05:26 - INFO - epoch:1/25 iteration:35/19 batch loss is :1.4276
2025-04-15 13:05:26 - INFO - the acc is :0.3125
2025-04-15 13:05:36 - INFO - Epoch:1/25 Loss is :2.5531
2025-04-15 13:07:17 - INFO - epoch:2/25 iteration:0/19 batch loss is :0.8710
2025-04-15 13:07:17 - INFO - the acc is :0.6875
2025-04-15 13:08:15 - INFO - epoch:2/25 iteration:5/19 batch loss is :0.9527
2025-04-15 13:08:15 - INFO - the acc is :0.625
2025-04-15 13:09:10 - INFO - epoch:2/25 iteration:10/19 batch loss is :1.5525
2025-04-15 13:09:10 - INFO - the acc is :0.4375
2025-04-15 13:10:05 - INFO - epoch:2/25 iteration:15/19 batch loss is :1.4286
2025-04-15 13:10:05 - INFO - the acc is :0.3125
2025-04-15 13:11:00 - INFO - epoch:2/25 iteration:20/19 batch loss is :1.0097
2025-04-15 13:11:00 - INFO - the acc is :0.5
2025-04-15 13:11:45 - INFO - epoch:2/25 iteration:25/19 batch loss is :1.3570
2025-04-15 13:11:45 - INFO - the acc is :0.5
2025-04-15 13:12:34 - INFO - epoch:2/25 iteration:30/19 batch loss is :1.3826
2025-04-15 13:12:34 - INFO - the acc is :0.375
2025-04-15 13:13:24 - INFO - epoch:2/25 iteration:35/19 batch loss is :1.4460
2025-04-15 13:13:24 - INFO - the acc is :0.375
2025-04-15 13:13:39 - INFO - Epoch:2/25 Loss is :2.4160
2025-04-15 13:15:20 - INFO - epoch:3/25 iteration:0/19 batch loss is :1.1557
2025-04-15 13:15:20 - INFO - the acc is :0.5625
2025-04-15 13:16:17 - INFO - epoch:3/25 iteration:5/19 batch loss is :0.9697
2025-04-15 13:16:17 - INFO - the acc is :0.5625
2025-04-15 13:17:03 - INFO - epoch:3/25 iteration:10/19 batch loss is :1.0320
2025-04-15 13:17:03 - INFO - the acc is :0.75
2025-04-15 13:17:53 - INFO - epoch:3/25 iteration:15/19 batch loss is :1.0271
2025-04-15 13:17:53 - INFO - the acc is :0.625
2025-04-15 13:18:35 - INFO - epoch:3/25 iteration:20/19 batch loss is :1.1805
2025-04-15 13:18:35 - INFO - the acc is :0.4375
2025-04-15 13:19:24 - INFO - epoch:3/25 iteration:25/19 batch loss is :0.9073
2025-04-15 13:19:24 - INFO - the acc is :0.5625
2025-04-15 13:19:51 - INFO - epoch:3/25 iteration:30/19 batch loss is :1.1751
2025-04-15 13:19:51 - INFO - the acc is :0.5625
2025-04-15 13:20:13 - INFO - epoch:3/25 iteration:35/19 batch loss is :0.9360
2025-04-15 13:20:13 - INFO - the acc is :0.5
2025-04-15 13:20:20 - INFO - Epoch:3/25 Loss is :2.1758
2025-04-15 13:22:09 - INFO - epoch:4/25 iteration:0/19 batch loss is :1.6334
2025-04-15 13:22:09 - INFO - the acc is :0.375
2025-04-15 13:22:42 - INFO - epoch:4/25 iteration:5/19 batch loss is :1.2327
2025-04-15 13:22:42 - INFO - the acc is :0.5
2025-04-15 13:23:15 - INFO - epoch:4/25 iteration:10/19 batch loss is :0.8767
2025-04-15 13:23:15 - INFO - the acc is :0.6875
2025-04-15 13:23:38 - INFO - epoch:4/25 iteration:15/19 batch loss is :1.0706
2025-04-15 13:23:38 - INFO - the acc is :0.5625
2025-04-15 13:24:15 - INFO - epoch:4/25 iteration:20/19 batch loss is :1.0937
2025-04-15 13:24:15 - INFO - the acc is :0.6875
2025-04-15 13:24:38 - INFO - epoch:4/25 iteration:25/19 batch loss is :0.9924
2025-04-15 13:24:38 - INFO - the acc is :0.5
2025-04-15 13:25:00 - INFO - epoch:4/25 iteration:30/19 batch loss is :1.2716
2025-04-15 13:25:00 - INFO - the acc is :0.5625
2025-04-15 13:25:23 - INFO - epoch:4/25 iteration:35/19 batch loss is :1.1890
2025-04-15 13:25:23 - INFO - the acc is :0.6875
2025-04-15 13:25:30 - INFO - Epoch:4/25 Loss is :1.9919
2025-04-15 13:26:51 - INFO - epoch:5/25 iteration:0/19 batch loss is :1.1536
2025-04-15 13:26:51 - INFO - the acc is :0.4375
2025-04-15 13:27:20 - INFO - epoch:5/25 iteration:5/19 batch loss is :0.7790
2025-04-15 13:27:20 - INFO - the acc is :0.625
2025-04-15 13:27:53 - INFO - epoch:5/25 iteration:10/19 batch loss is :0.5275
2025-04-15 13:27:53 - INFO - the acc is :0.8125
2025-04-15 13:28:16 - INFO - epoch:5/25 iteration:15/19 batch loss is :0.6953
2025-04-15 13:28:16 - INFO - the acc is :0.8125
2025-04-15 13:28:48 - INFO - epoch:5/25 iteration:20/19 batch loss is :1.2851
2025-04-15 13:28:48 - INFO - the acc is :0.4375
2025-04-15 13:29:15 - INFO - epoch:5/25 iteration:25/19 batch loss is :0.9251
2025-04-15 13:29:15 - INFO - the acc is :0.5625
2025-04-15 13:29:37 - INFO - epoch:5/25 iteration:30/19 batch loss is :0.7271
2025-04-15 13:29:37 - INFO - the acc is :0.6875
2025-04-15 13:29:59 - INFO - epoch:5/25 iteration:35/19 batch loss is :0.8448
2025-04-15 13:29:59 - INFO - the acc is :0.5
2025-04-15 13:30:05 - INFO - Epoch:5/25 Loss is :1.8085
2025-04-15 13:31:25 - INFO - epoch:6/25 iteration:0/19 batch loss is :0.6697
2025-04-15 13:31:25 - INFO - the acc is :0.875
2025-04-15 13:32:03 - INFO - epoch:6/25 iteration:5/19 batch loss is :1.0513
2025-04-15 13:32:03 - INFO - the acc is :0.625
2025-04-15 13:32:31 - INFO - epoch:6/25 iteration:10/19 batch loss is :0.6229
2025-04-15 13:32:31 - INFO - the acc is :0.75
2025-04-15 13:32:54 - INFO - epoch:6/25 iteration:15/19 batch loss is :0.7808
2025-04-15 13:32:54 - INFO - the acc is :0.5625
2025-04-15 13:33:17 - INFO - epoch:6/25 iteration:20/19 batch loss is :0.9032
2025-04-15 13:33:17 - INFO - the acc is :0.625
2025-04-15 13:33:39 - INFO - epoch:6/25 iteration:25/19 batch loss is :0.6202
2025-04-15 13:33:39 - INFO - the acc is :0.8125
2025-04-15 13:34:01 - INFO - epoch:6/25 iteration:30/19 batch loss is :0.6730
2025-04-15 13:34:01 - INFO - the acc is :0.625
2025-04-15 13:34:24 - INFO - epoch:6/25 iteration:35/19 batch loss is :1.0987
2025-04-15 13:34:24 - INFO - the acc is :0.6875
2025-04-15 13:34:30 - INFO - Epoch:6/25 Loss is :1.6169
2025-04-15 13:35:50 - INFO - epoch:7/25 iteration:0/19 batch loss is :0.9363
2025-04-15 13:35:50 - INFO - the acc is :0.625
2025-04-15 13:36:22 - INFO - epoch:7/25 iteration:5/19 batch loss is :0.7782
2025-04-15 13:36:22 - INFO - the acc is :0.8125
2025-04-15 13:36:59 - INFO - epoch:7/25 iteration:10/19 batch loss is :1.0972
2025-04-15 13:36:59 - INFO - the acc is :0.5625
2025-04-15 13:37:32 - INFO - epoch:7/25 iteration:15/19 batch loss is :0.5124
2025-04-15 13:37:32 - INFO - the acc is :0.75
2025-04-15 13:37:55 - INFO - epoch:7/25 iteration:20/19 batch loss is :0.6189
2025-04-15 13:37:55 - INFO - the acc is :0.75
2025-04-15 13:38:27 - INFO - epoch:7/25 iteration:25/19 batch loss is :0.7692
2025-04-15 13:38:27 - INFO - the acc is :0.6875
2025-04-15 13:38:58 - INFO - epoch:7/25 iteration:30/19 batch loss is :0.8522
2025-04-15 13:38:58 - INFO - the acc is :0.625
2025-04-15 13:39:24 - INFO - epoch:7/25 iteration:35/19 batch loss is :0.5948
2025-04-15 13:39:24 - INFO - the acc is :0.625
2025-04-15 13:39:32 - INFO - Epoch:7/25 Loss is :1.4854
2025-04-15 13:41:07 - INFO - epoch:8/25 iteration:0/19 batch loss is :0.5223
2025-04-15 13:41:07 - INFO - the acc is :0.8125
2025-04-15 13:41:39 - INFO - epoch:8/25 iteration:5/19 batch loss is :0.9996
2025-04-15 13:41:39 - INFO - the acc is :0.625
2025-04-15 13:42:03 - INFO - epoch:8/25 iteration:10/19 batch loss is :0.3794
2025-04-15 13:42:03 - INFO - the acc is :0.875
2025-04-15 13:42:27 - INFO - epoch:8/25 iteration:15/19 batch loss is :0.6990
2025-04-15 13:42:27 - INFO - the acc is :0.625
2025-04-15 13:42:50 - INFO - epoch:8/25 iteration:20/19 batch loss is :0.3287
2025-04-15 13:42:50 - INFO - the acc is :0.9375
2025-04-15 13:43:13 - INFO - epoch:8/25 iteration:25/19 batch loss is :0.5467
2025-04-15 13:43:13 - INFO - the acc is :0.6875
2025-04-15 13:43:35 - INFO - epoch:8/25 iteration:30/19 batch loss is :0.5636
2025-04-15 13:43:35 - INFO - the acc is :0.75
2025-04-15 13:43:57 - INFO - epoch:8/25 iteration:35/19 batch loss is :0.5436
2025-04-15 13:43:57 - INFO - the acc is :0.75
2025-04-15 13:44:03 - INFO - Epoch:8/25 Loss is :1.1335
2025-04-15 13:45:24 - INFO - epoch:9/25 iteration:0/19 batch loss is :0.7648
2025-04-15 13:45:24 - INFO - the acc is :0.6875
2025-04-15 13:45:58 - INFO - epoch:9/25 iteration:5/19 batch loss is :0.5817
2025-04-15 13:45:58 - INFO - the acc is :0.75
2025-04-15 13:46:25 - INFO - epoch:9/25 iteration:10/19 batch loss is :0.6068
2025-04-15 13:46:25 - INFO - the acc is :0.8125
2025-04-15 13:46:48 - INFO - epoch:9/25 iteration:15/19 batch loss is :0.3585
2025-04-15 13:46:48 - INFO - the acc is :0.875
2025-04-15 13:47:16 - INFO - epoch:9/25 iteration:20/19 batch loss is :0.7640
2025-04-15 13:47:16 - INFO - the acc is :0.75
2025-04-15 13:47:46 - INFO - epoch:9/25 iteration:25/19 batch loss is :0.6959
2025-04-15 13:47:46 - INFO - the acc is :0.8125
2025-04-15 13:48:08 - INFO - epoch:9/25 iteration:30/19 batch loss is :0.4244
2025-04-15 13:48:08 - INFO - the acc is :0.6875
2025-04-15 13:48:31 - INFO - epoch:9/25 iteration:35/19 batch loss is :0.3897
2025-04-15 13:48:31 - INFO - the acc is :0.875
2025-04-15 13:48:37 - INFO - Epoch:9/25 Loss is :1.0242
2025-04-15 13:49:58 - INFO - epoch:10/25 iteration:0/19 batch loss is :0.3991
2025-04-15 13:49:58 - INFO - the acc is :0.9375
2025-04-15 13:50:31 - INFO - epoch:10/25 iteration:5/19 batch loss is :0.3144
2025-04-15 13:50:31 - INFO - the acc is :0.8125
2025-04-15 13:51:02 - INFO - epoch:10/25 iteration:10/19 batch loss is :0.4531
2025-04-15 13:51:02 - INFO - the acc is :0.8125
2025-04-15 13:51:25 - INFO - epoch:10/25 iteration:15/19 batch loss is :0.4044
2025-04-15 13:51:25 - INFO - the acc is :0.875
2025-04-15 13:51:49 - INFO - epoch:10/25 iteration:20/19 batch loss is :0.2599
2025-04-15 13:51:49 - INFO - the acc is :0.9375
2025-04-15 13:52:12 - INFO - epoch:10/25 iteration:25/19 batch loss is :0.4196
2025-04-15 13:52:12 - INFO - the acc is :0.6875
2025-04-15 13:52:34 - INFO - epoch:10/25 iteration:30/19 batch loss is :0.1420
2025-04-15 13:52:34 - INFO - the acc is :1.0
2025-04-15 13:52:56 - INFO - epoch:10/25 iteration:35/19 batch loss is :0.5467
2025-04-15 13:52:56 - INFO - the acc is :0.875
2025-04-15 13:53:03 - INFO - Epoch:10/25 Loss is :0.7244
2025-04-15 13:54:39 - INFO - epoch:11/25 iteration:0/19 batch loss is :0.6467
2025-04-15 13:54:39 - INFO - the acc is :0.5625
2025-04-15 13:55:07 - INFO - epoch:11/25 iteration:5/19 batch loss is :0.4206
2025-04-15 13:55:07 - INFO - the acc is :0.875
2025-04-15 13:55:35 - INFO - epoch:11/25 iteration:10/19 batch loss is :0.2495
2025-04-15 13:55:35 - INFO - the acc is :0.875
2025-04-15 13:55:58 - INFO - epoch:11/25 iteration:15/19 batch loss is :0.1479
2025-04-15 13:55:58 - INFO - the acc is :1.0
2025-04-15 13:56:30 - INFO - epoch:11/25 iteration:20/19 batch loss is :0.5065
2025-04-15 13:56:30 - INFO - the acc is :0.8125
2025-04-15 13:56:54 - INFO - epoch:11/25 iteration:25/19 batch loss is :0.4963
2025-04-15 13:56:54 - INFO - the acc is :0.8125
2025-04-15 13:57:16 - INFO - epoch:11/25 iteration:30/19 batch loss is :0.5454
2025-04-15 13:57:16 - INFO - the acc is :0.625
2025-04-15 13:57:38 - INFO - epoch:11/25 iteration:35/19 batch loss is :0.1751
2025-04-15 13:57:38 - INFO - the acc is :0.9375
2025-04-15 13:57:45 - INFO - Epoch:11/25 Loss is :0.5748
2025-04-15 13:59:04 - INFO - epoch:12/25 iteration:0/19 batch loss is :0.2602
2025-04-15 13:59:04 - INFO - the acc is :0.9375
2025-04-15 13:59:33 - INFO - epoch:12/25 iteration:5/19 batch loss is :0.0866
2025-04-15 13:59:33 - INFO - the acc is :1.0
2025-04-15 13:59:57 - INFO - epoch:12/25 iteration:10/19 batch loss is :0.2786
2025-04-15 13:59:57 - INFO - the acc is :0.875
2025-04-15 14:00:20 - INFO - epoch:12/25 iteration:15/19 batch loss is :0.3997
2025-04-15 14:00:20 - INFO - the acc is :0.875
2025-04-15 14:00:43 - INFO - epoch:12/25 iteration:20/19 batch loss is :0.4020
2025-04-15 14:00:43 - INFO - the acc is :0.8125
2025-04-15 14:01:06 - INFO - epoch:12/25 iteration:25/19 batch loss is :0.2844
2025-04-15 14:01:06 - INFO - the acc is :0.875
2025-04-15 14:01:32 - INFO - epoch:12/25 iteration:30/19 batch loss is :0.1254
2025-04-15 14:01:32 - INFO - the acc is :1.0
2025-04-15 14:01:54 - INFO - epoch:12/25 iteration:35/19 batch loss is :0.3462
2025-04-15 14:01:54 - INFO - the acc is :0.8125
2025-04-15 14:02:01 - INFO - Epoch:12/25 Loss is :0.5313
2025-04-15 14:03:20 - INFO - epoch:13/25 iteration:0/19 batch loss is :0.2743
2025-04-15 14:03:20 - INFO - the acc is :0.9375
2025-04-15 14:03:53 - INFO - epoch:13/25 iteration:5/19 batch loss is :0.3402
2025-04-15 14:03:53 - INFO - the acc is :0.8125
2025-04-15 14:04:21 - INFO - epoch:13/25 iteration:10/19 batch loss is :0.3238
2025-04-15 14:04:21 - INFO - the acc is :0.875
2025-04-15 14:04:44 - INFO - epoch:13/25 iteration:15/19 batch loss is :0.1721
2025-04-15 14:04:44 - INFO - the acc is :0.9375
2025-04-15 14:05:07 - INFO - epoch:13/25 iteration:20/19 batch loss is :0.2988
2025-04-15 14:05:07 - INFO - the acc is :0.9375
2025-04-15 14:05:29 - INFO - epoch:13/25 iteration:25/19 batch loss is :0.2876
2025-04-15 14:05:29 - INFO - the acc is :0.9375
2025-04-15 14:05:52 - INFO - epoch:13/25 iteration:30/19 batch loss is :0.3648
2025-04-15 14:05:52 - INFO - the acc is :0.9375
2025-04-15 14:06:14 - INFO - epoch:13/25 iteration:35/19 batch loss is :0.1997
2025-04-15 14:06:14 - INFO - the acc is :0.9375
2025-04-15 14:06:21 - INFO - Epoch:13/25 Loss is :0.5322
2025-04-15 14:08:08 - INFO - epoch:14/25 iteration:0/19 batch loss is :0.5181
2025-04-15 14:08:08 - INFO - the acc is :0.875
2025-04-15 14:08:41 - INFO - epoch:14/25 iteration:5/19 batch loss is :0.1956
2025-04-15 14:08:41 - INFO - the acc is :0.875
2025-04-15 14:09:08 - INFO - epoch:14/25 iteration:10/19 batch loss is :0.3989
2025-04-15 14:09:08 - INFO - the acc is :0.75
2025-04-15 14:09:41 - INFO - epoch:14/25 iteration:15/19 batch loss is :0.2995
2025-04-15 14:09:41 - INFO - the acc is :0.875
2025-04-15 14:10:18 - INFO - epoch:14/25 iteration:20/19 batch loss is :0.2436
2025-04-15 14:10:18 - INFO - the acc is :1.0
2025-04-15 14:10:46 - INFO - epoch:14/25 iteration:25/19 batch loss is :0.0721
2025-04-15 14:10:46 - INFO - the acc is :1.0
2025-04-15 14:11:08 - INFO - epoch:14/25 iteration:30/19 batch loss is :0.1016
2025-04-15 14:11:08 - INFO - the acc is :1.0
2025-04-15 14:11:30 - INFO - epoch:14/25 iteration:35/19 batch loss is :0.3803
2025-04-15 14:11:30 - INFO - the acc is :0.9375
2025-04-15 14:11:37 - INFO - Epoch:14/25 Loss is :0.4354
2025-04-15 14:12:56 - INFO - epoch:15/25 iteration:0/19 batch loss is :0.1398
2025-04-15 14:12:56 - INFO - the acc is :1.0
2025-04-15 14:13:25 - INFO - epoch:15/25 iteration:5/19 batch loss is :0.2663
2025-04-15 14:13:25 - INFO - the acc is :0.9375
2025-04-15 14:13:49 - INFO - epoch:15/25 iteration:10/19 batch loss is :0.1823
2025-04-15 14:13:49 - INFO - the acc is :1.0
2025-04-15 14:14:12 - INFO - epoch:15/25 iteration:15/19 batch loss is :0.0613
2025-04-15 14:14:12 - INFO - the acc is :1.0
2025-04-15 14:14:35 - INFO - epoch:15/25 iteration:20/19 batch loss is :0.2484
2025-04-15 14:14:35 - INFO - the acc is :0.875
2025-04-15 14:14:57 - INFO - epoch:15/25 iteration:25/19 batch loss is :0.0845
2025-04-15 14:14:57 - INFO - the acc is :1.0
2025-04-15 14:15:19 - INFO - epoch:15/25 iteration:30/19 batch loss is :0.1579
2025-04-15 14:15:19 - INFO - the acc is :0.9375
2025-04-15 14:15:42 - INFO - epoch:15/25 iteration:35/19 batch loss is :0.0818
2025-04-15 14:15:42 - INFO - the acc is :1.0
2025-04-15 14:15:48 - INFO - Epoch:15/25 Loss is :0.3379
2025-04-15 14:17:06 - INFO - epoch:16/25 iteration:0/19 batch loss is :0.1665
2025-04-15 14:17:06 - INFO - the acc is :0.9375
2025-04-15 14:17:35 - INFO - epoch:16/25 iteration:5/19 batch loss is :0.0910
2025-04-15 14:17:35 - INFO - the acc is :1.0
2025-04-15 14:17:59 - INFO - epoch:16/25 iteration:10/19 batch loss is :0.2203
2025-04-15 14:17:59 - INFO - the acc is :1.0
2025-04-15 14:18:27 - INFO - epoch:16/25 iteration:15/19 batch loss is :0.1245
2025-04-15 14:18:27 - INFO - the acc is :1.0
2025-04-15 14:18:50 - INFO - epoch:16/25 iteration:20/19 batch loss is :0.2056
2025-04-15 14:18:50 - INFO - the acc is :0.875
2025-04-15 14:19:20 - INFO - epoch:16/25 iteration:25/19 batch loss is :0.1279
2025-04-15 14:19:20 - INFO - the acc is :1.0
2025-04-15 14:19:43 - INFO - epoch:16/25 iteration:30/19 batch loss is :0.1464
2025-04-15 14:19:43 - INFO - the acc is :1.0
2025-04-15 14:20:05 - INFO - epoch:16/25 iteration:35/19 batch loss is :0.2341
2025-04-15 14:20:05 - INFO - the acc is :0.9375
2025-04-15 14:20:11 - INFO - Epoch:16/25 Loss is :0.3914
2025-04-15 14:21:48 - INFO - epoch:17/25 iteration:0/19 batch loss is :0.1419
2025-04-15 14:21:48 - INFO - the acc is :1.0
2025-04-15 14:22:16 - INFO - epoch:17/25 iteration:5/19 batch loss is :0.4258
2025-04-15 14:22:16 - INFO - the acc is :0.875
2025-04-15 14:22:40 - INFO - epoch:17/25 iteration:10/19 batch loss is :0.1953
2025-04-15 14:22:40 - INFO - the acc is :1.0
2025-04-15 14:23:03 - INFO - epoch:17/25 iteration:15/19 batch loss is :0.1965
2025-04-15 14:23:03 - INFO - the acc is :0.9375
2025-04-15 14:23:37 - INFO - epoch:17/25 iteration:20/19 batch loss is :0.2414
2025-04-15 14:23:37 - INFO - the acc is :0.9375
2025-04-15 14:24:09 - INFO - epoch:17/25 iteration:25/19 batch loss is :0.1747
2025-04-15 14:24:09 - INFO - the acc is :1.0
2025-04-15 14:24:36 - INFO - epoch:17/25 iteration:30/19 batch loss is :0.1166
2025-04-15 14:24:36 - INFO - the acc is :1.0
2025-04-15 14:24:58 - INFO - epoch:17/25 iteration:35/19 batch loss is :0.1453
2025-04-15 14:24:58 - INFO - the acc is :1.0
2025-04-15 14:25:05 - INFO - Epoch:17/25 Loss is :0.4306
