2025-03-25 14:44:47 - INFO - ------------------------------------------------------------------------------------------------
2025-03-25 14:44:47 - INFO - starting new training !!!!
2025-03-25 14:44:47 - INFO - ------------------------------------------------------------------------------------------------
2025-03-25 14:44:47 - INFO - Namespace(batch=16, device=device(type='cuda'), epoch=50, excel_path='d:\\cleaning_GUI_annotated_data\\tab_data_annotated_pats.xlsx', gamma=0.1, json='jsons/train_test_val_split.json', log_dir='logs', lr=0.0001, model_path='model_parameter_Resnet3D\\9\\epoch10_val_2.12439227104187_train_0.9048067331314087', save_dir='model_parameter_Resnet3D', save_freq=5, step_size=10)
2025-03-25 14:44:47 - INFO - parameters are being saved at :model_parameter_Resnet3D\11
2025-03-25 14:44:48 - INFO - found 4 gpus!
2025-03-25 14:44:48 - INFO - DataParallel(
  (module): Resnet18_3D(
    (conv1): Sequential(
      (0): Conv3d(1, 64, kernel_size=(7, 7, 7), stride=(2, 2, 2), padding=(3, 3, 3))
      (1): BatchNorm3d(64, eps=1e-05, momentum=0.1, affine=True, track_running_stats=True)
      (2): ReLU()
    )
    (maxpool): MaxPool3d(kernel_size=3, stride=2, padding=1, dilation=1, ceil_mode=False)
    (conv2): BasicConvBlock(
      (layers): Sequential(
        (0): Sequential(
          (0): Conv3d(64, 64, kernel_size=(3, 3, 3), stride=(1, 1, 1), padding=(1, 1, 1))
          (1): BatchNorm3d(64, eps=1e-05, momentum=0.1, affine=True, track_running_stats=True)
          (2): ReLU()
        )
        (1): Sequential(
          (0): Conv3d(64, 64, kernel_size=(3, 3, 3), stride=(1, 1, 1), padding=(1, 1, 1))
          (1): BatchNorm3d(64, eps=1e-05, momentum=0.1, affine=True, track_running_stats=True)
          (2): ReLU()
        )
        (2): Sequential(
          (0): Conv3d(64, 64, kernel_size=(3, 3, 3), stride=(1, 1, 1), padding=(1, 1, 1))
          (1): BatchNorm3d(64, eps=1e-05, momentum=0.1, affine=True, track_running_stats=True)
          (2): ReLU()
        )
        (3): Sequential(
          (0): Conv3d(64, 64, kernel_size=(3, 3, 3), stride=(1, 1, 1), padding=(1, 1, 1))
          (1): BatchNorm3d(64, eps=1e-05, momentum=0.1, affine=True, track_running_stats=True)
          (2): ReLU()
        )
      )
    )
    (conv3): BasicConvBlock(
      (conv1x1): Conv3d(64, 128, kernel_size=(1, 1, 1), stride=(2, 2, 2))
      (layers): Sequential(
        (0): Sequential(
          (0): Conv3d(64, 128, kernel_size=(3, 3, 3), stride=(2, 2, 2), padding=(1, 1, 1))
          (1): BatchNorm3d(128, eps=1e-05, momentum=0.1, affine=True, track_running_stats=True)
          (2): ReLU()
        )
        (1): Sequential(
          (0): Conv3d(128, 128, kernel_size=(3, 3, 3), stride=(1, 1, 1), padding=(1, 1, 1))
          (1): BatchNorm3d(128, eps=1e-05, momentum=0.1, affine=True, track_running_stats=True)
          (2): ReLU()
        )
        (2): Sequential(
          (0): Conv3d(128, 128, kernel_size=(3, 3, 3), stride=(1, 1, 1), padding=(1, 1, 1))
          (1): BatchNorm3d(128, eps=1e-05, momentum=0.1, affine=True, track_running_stats=True)
          (2): ReLU()
        )
        (3): Sequential(
          (0): Conv3d(128, 128, kernel_size=(3, 3, 3), stride=(1, 1, 1), padding=(1, 1, 1))
          (1): BatchNorm3d(128, eps=1e-05, momentum=0.1, affine=True, track_running_stats=True)
          (2): ReLU()
        )
      )
    )
    (conv4): BasicConvBlock(
      (conv1x1): Conv3d(128, 256, kernel_size=(1, 1, 1), stride=(2, 2, 2))
      (layers): Sequential(
        (0): Sequential(
          (0): Conv3d(128, 256, kernel_size=(3, 3, 3), stride=(2, 2, 2), padding=(1, 1, 1))
          (1): BatchNorm3d(256, eps=1e-05, momentum=0.1, affine=True, track_running_stats=True)
          (2): ReLU()
        )
        (1): Sequential(
          (0): Conv3d(256, 256, kernel_size=(3, 3, 3), stride=(1, 1, 1), padding=(1, 1, 1))
          (1): BatchNorm3d(256, eps=1e-05, momentum=0.1, affine=True, track_running_stats=True)
          (2): ReLU()
        )
        (2): Sequential(
          (0): Conv3d(256, 256, kernel_size=(3, 3, 3), stride=(1, 1, 1), padding=(1, 1, 1))
          (1): BatchNorm3d(256, eps=1e-05, momentum=0.1, affine=True, track_running_stats=True)
          (2): ReLU()
        )
        (3): Sequential(
          (0): Conv3d(256, 256, kernel_size=(3, 3, 3), stride=(1, 1, 1), padding=(1, 1, 1))
          (1): BatchNorm3d(256, eps=1e-05, momentum=0.1, affine=True, track_running_stats=True)
          (2): ReLU()
        )
      )
    )
    (conv5): BasicConvBlock(
      (conv1x1): Conv3d(256, 512, kernel_size=(1, 1, 1), stride=(2, 2, 2))
      (layers): Sequential(
        (0): Sequential(
          (0): Conv3d(256, 512, kernel_size=(3, 3, 3), stride=(2, 2, 2), padding=(1, 1, 1))
          (1): BatchNorm3d(512, eps=1e-05, momentum=0.1, affine=True, track_running_stats=True)
          (2): ReLU()
        )
        (1): Sequential(
          (0): Conv3d(512, 512, kernel_size=(3, 3, 3), stride=(1, 1, 1), padding=(1, 1, 1))
          (1): BatchNorm3d(512, eps=1e-05, momentum=0.1, affine=True, track_running_stats=True)
          (2): ReLU()
        )
        (2): Sequential(
          (0): Conv3d(512, 512, kernel_size=(3, 3, 3), stride=(1, 1, 1), padding=(1, 1, 1))
          (1): BatchNorm3d(512, eps=1e-05, momentum=0.1, affine=True, track_running_stats=True)
          (2): ReLU()
        )
        (3): Sequential(
          (0): Conv3d(512, 512, kernel_size=(3, 3, 3), stride=(1, 1, 1), padding=(1, 1, 1))
          (1): BatchNorm3d(512, eps=1e-05, momentum=0.1, affine=True, track_running_stats=True)
          (2): ReLU()
        )
      )
    )
    (avgPool): AdaptiveAvgPool3d(output_size=1)
    (linear): Linear(in_features=512, out_features=6, bias=True)
  )
)
2025-03-25 14:44:49 - INFO - loaded model parameters from model_parameter_Resnet3D\9\epoch10_val_2.12439227104187_train_0.9048067331314087
2025-03-25 14:44:49 - INFO - fold number:0
2025-03-25 14:46:05 - INFO - epoch:11/50 iteration:0/38 batch loss is :0.5417
2025-03-25 14:47:41 - INFO - epoch:11/50 iteration:5/38 batch loss is :0.7293
2025-03-25 14:49:14 - INFO - epoch:11/50 iteration:10/38 batch loss is :1.0731
2025-03-25 14:50:48 - INFO - epoch:11/50 iteration:15/38 batch loss is :0.9608
2025-03-25 14:52:59 - INFO - epoch:11/50 iteration:20/38 batch loss is :0.7154
2025-03-25 14:55:27 - INFO - epoch:11/50 iteration:25/38 batch loss is :0.8459
2025-03-25 14:58:08 - INFO - epoch:11/50 iteration:30/38 batch loss is :0.8399
2025-03-25 15:00:48 - INFO - epoch:11/50 iteration:35/38 batch loss is :0.9716
2025-03-25 15:01:41 - INFO - Epoch:11/50 Loss is :0.9614
2025-03-25 15:02:02 - INFO - epoch:12/50 iteration:0/38 batch loss is :0.9114
2025-03-25 15:03:57 - INFO - epoch:12/50 iteration:5/38 batch loss is :0.6102
2025-03-25 15:05:47 - INFO - epoch:12/50 iteration:10/38 batch loss is :1.1176
2025-03-25 15:07:52 - INFO - epoch:12/50 iteration:15/38 batch loss is :0.8099
2025-03-25 15:10:15 - INFO - epoch:12/50 iteration:20/38 batch loss is :0.4555
2025-03-25 15:12:41 - INFO - epoch:12/50 iteration:25/38 batch loss is :0.7929
2025-03-25 15:15:11 - INFO - epoch:12/50 iteration:30/38 batch loss is :0.4537
2025-03-25 15:17:39 - INFO - epoch:12/50 iteration:35/38 batch loss is :0.7205
2025-03-25 15:18:30 - INFO - Epoch:12/50 Loss is :0.9240
2025-03-25 15:18:51 - INFO - epoch:13/50 iteration:0/38 batch loss is :0.5655
2025-03-25 15:20:29 - INFO - epoch:13/50 iteration:5/38 batch loss is :0.7496
2025-03-25 15:22:10 - INFO - epoch:13/50 iteration:10/38 batch loss is :1.1146
2025-03-25 15:23:45 - INFO - epoch:13/50 iteration:15/38 batch loss is :0.8600
2025-03-25 15:25:20 - INFO - epoch:13/50 iteration:20/38 batch loss is :0.7709
2025-03-25 15:26:56 - INFO - epoch:13/50 iteration:25/38 batch loss is :0.7190
2025-03-25 15:28:38 - INFO - epoch:13/50 iteration:30/38 batch loss is :0.8944
2025-03-25 15:30:18 - INFO - epoch:13/50 iteration:35/38 batch loss is :0.8897
2025-03-25 15:30:50 - INFO - Epoch:13/50 Loss is :0.8498
2025-03-25 15:31:05 - INFO - epoch:14/50 iteration:0/38 batch loss is :0.6752
2025-03-25 15:32:17 - INFO - epoch:14/50 iteration:5/38 batch loss is :0.6217
2025-03-25 15:33:28 - INFO - epoch:14/50 iteration:10/38 batch loss is :0.6476
2025-03-25 15:34:42 - INFO - epoch:14/50 iteration:15/38 batch loss is :0.5300
2025-03-25 15:35:54 - INFO - epoch:14/50 iteration:20/38 batch loss is :0.6941
2025-03-25 15:37:37 - INFO - epoch:14/50 iteration:25/38 batch loss is :0.8281
2025-03-25 15:39:57 - INFO - epoch:14/50 iteration:30/38 batch loss is :0.8237
2025-03-25 15:42:19 - INFO - epoch:14/50 iteration:35/38 batch loss is :0.7832
2025-03-25 15:43:08 - INFO - Epoch:14/50 Loss is :0.7126
2025-03-25 15:43:43 - INFO - epoch:15/50 iteration:0/38 batch loss is :0.3807
2025-03-25 15:45:46 - INFO - epoch:15/50 iteration:5/38 batch loss is :0.8245
2025-03-25 15:47:53 - INFO - epoch:15/50 iteration:10/38 batch loss is :0.9409
2025-03-25 15:50:14 - INFO - epoch:15/50 iteration:15/38 batch loss is :0.9501
2025-03-25 15:52:21 - INFO - epoch:15/50 iteration:20/38 batch loss is :1.0942
2025-03-25 15:54:27 - INFO - epoch:15/50 iteration:25/38 batch loss is :1.0209
2025-03-25 15:56:33 - INFO - epoch:15/50 iteration:30/38 batch loss is :0.5606
2025-03-25 15:58:52 - INFO - epoch:15/50 iteration:35/38 batch loss is :0.6048
2025-03-25 15:59:41 - INFO - Epoch:15/50 Loss is :0.9010
2025-03-25 16:04:43 - INFO - val accuarcy is : 0.3249
2025-03-25 16:04:43 - INFO - VAL loss :1.8321
2025-03-25 16:04:59 - INFO - epoch:16/50 iteration:0/38 batch loss is :0.9285
2025-03-25 16:06:16 - INFO - epoch:16/50 iteration:5/38 batch loss is :0.8704
2025-03-25 16:07:30 - INFO - epoch:16/50 iteration:10/38 batch loss is :0.6484
2025-03-25 16:08:44 - INFO - epoch:16/50 iteration:15/38 batch loss is :0.9482
2025-03-25 16:09:58 - INFO - epoch:16/50 iteration:20/38 batch loss is :0.3414
2025-03-25 16:11:09 - INFO - epoch:16/50 iteration:25/38 batch loss is :0.5977
2025-03-25 16:12:21 - INFO - epoch:16/50 iteration:30/38 batch loss is :0.8290
2025-03-25 16:13:34 - INFO - epoch:16/50 iteration:35/38 batch loss is :0.5277
2025-03-25 16:14:00 - INFO - Epoch:16/50 Loss is :0.6334
2025-03-25 16:14:15 - INFO - epoch:17/50 iteration:0/38 batch loss is :0.8515
2025-03-25 16:15:27 - INFO - epoch:17/50 iteration:5/38 batch loss is :0.5529
2025-03-25 16:16:59 - INFO - epoch:17/50 iteration:10/38 batch loss is :0.8676
2025-03-25 16:18:17 - INFO - epoch:17/50 iteration:15/38 batch loss is :0.3714
2025-03-25 16:19:29 - INFO - epoch:17/50 iteration:20/38 batch loss is :0.6896
2025-03-25 16:20:42 - INFO - epoch:17/50 iteration:25/38 batch loss is :0.6105
2025-03-25 16:22:04 - INFO - epoch:17/50 iteration:30/38 batch loss is :0.5810
2025-03-25 16:24:32 - INFO - epoch:17/50 iteration:35/38 batch loss is :0.9081
2025-03-25 16:25:23 - INFO - Epoch:17/50 Loss is :0.6531
2025-03-25 16:25:47 - INFO - epoch:18/50 iteration:0/38 batch loss is :0.4966
2025-03-25 16:28:02 - INFO - epoch:18/50 iteration:5/38 batch loss is :1.0284
2025-03-25 16:30:14 - INFO - epoch:18/50 iteration:10/38 batch loss is :0.4147
2025-03-25 16:32:27 - INFO - epoch:18/50 iteration:15/38 batch loss is :0.5423
2025-03-25 16:34:54 - INFO - epoch:18/50 iteration:20/38 batch loss is :0.3560
2025-03-25 16:37:11 - INFO - epoch:18/50 iteration:25/38 batch loss is :0.4695
2025-03-25 16:39:42 - INFO - epoch:18/50 iteration:30/38 batch loss is :0.6200
2025-03-25 16:42:13 - INFO - epoch:18/50 iteration:35/38 batch loss is :0.5604
2025-03-25 16:43:05 - INFO - Epoch:18/50 Loss is :0.6167
2025-03-25 16:43:29 - INFO - epoch:19/50 iteration:0/38 batch loss is :0.4259
2025-03-25 16:45:42 - INFO - epoch:19/50 iteration:5/38 batch loss is :0.3859
2025-03-25 16:47:44 - INFO - epoch:19/50 iteration:10/38 batch loss is :0.4783
2025-03-25 16:49:47 - INFO - epoch:19/50 iteration:15/38 batch loss is :0.8026
2025-03-25 16:51:52 - INFO - epoch:19/50 iteration:20/38 batch loss is :0.8134
2025-03-25 16:54:15 - INFO - epoch:19/50 iteration:25/38 batch loss is :0.5557
2025-03-25 16:56:36 - INFO - epoch:19/50 iteration:30/38 batch loss is :0.5020
2025-03-25 16:58:57 - INFO - epoch:19/50 iteration:35/38 batch loss is :0.3778
2025-03-25 16:59:48 - INFO - Epoch:19/50 Loss is :0.5095
2025-03-25 17:00:11 - INFO - epoch:20/50 iteration:0/38 batch loss is :0.3931
2025-03-25 17:02:06 - INFO - epoch:20/50 iteration:5/38 batch loss is :0.4590
2025-03-25 17:04:01 - INFO - epoch:20/50 iteration:10/38 batch loss is :0.5647
2025-03-25 17:05:50 - INFO - epoch:20/50 iteration:15/38 batch loss is :0.2079
2025-03-25 17:07:50 - INFO - epoch:20/50 iteration:20/38 batch loss is :0.4305
2025-03-25 17:10:15 - INFO - epoch:20/50 iteration:25/38 batch loss is :0.5025
2025-03-25 17:12:34 - INFO - epoch:20/50 iteration:30/38 batch loss is :0.4695
2025-03-25 17:14:59 - INFO - epoch:20/50 iteration:35/38 batch loss is :0.2398
2025-03-25 17:15:49 - INFO - Epoch:20/50 Loss is :0.4835
2025-03-25 17:20:25 - INFO - val accuarcy is : 0.3912
2025-03-25 17:20:25 - INFO - VAL loss :1.7673
2025-03-25 17:20:47 - INFO - epoch:21/50 iteration:0/38 batch loss is :0.2407
2025-03-25 17:22:42 - INFO - epoch:21/50 iteration:5/38 batch loss is :0.3776
2025-03-25 17:25:06 - INFO - epoch:21/50 iteration:10/38 batch loss is :0.3122
2025-03-25 17:27:30 - INFO - epoch:21/50 iteration:15/38 batch loss is :0.3193
2025-03-25 17:29:50 - INFO - epoch:21/50 iteration:20/38 batch loss is :0.5264
2025-03-25 17:32:09 - INFO - epoch:21/50 iteration:25/38 batch loss is :0.3762
2025-03-25 17:34:28 - INFO - epoch:21/50 iteration:30/38 batch loss is :0.4235
2025-03-25 17:36:47 - INFO - epoch:21/50 iteration:35/38 batch loss is :0.1957
2025-03-25 17:37:35 - INFO - Epoch:21/50 Loss is :0.3406
2025-03-25 17:38:04 - INFO - epoch:22/50 iteration:0/38 batch loss is :0.3333
2025-03-25 17:40:23 - INFO - epoch:22/50 iteration:5/38 batch loss is :0.2849
2025-03-25 17:42:40 - INFO - epoch:22/50 iteration:10/38 batch loss is :0.3071
2025-03-25 17:44:59 - INFO - epoch:22/50 iteration:15/38 batch loss is :0.3025
2025-03-25 17:47:19 - INFO - epoch:22/50 iteration:20/38 batch loss is :0.2065
2025-03-25 17:49:39 - INFO - epoch:22/50 iteration:25/38 batch loss is :0.1946
2025-03-25 17:51:57 - INFO - epoch:22/50 iteration:30/38 batch loss is :0.1801
2025-03-25 17:54:15 - INFO - epoch:22/50 iteration:35/38 batch loss is :0.3366
2025-03-25 17:55:02 - INFO - Epoch:22/50 Loss is :0.2838
2025-03-25 17:55:26 - INFO - epoch:23/50 iteration:0/38 batch loss is :0.4125
2025-03-25 17:57:33 - INFO - epoch:23/50 iteration:5/38 batch loss is :0.1386
2025-03-25 17:59:45 - INFO - epoch:23/50 iteration:10/38 batch loss is :0.3848
2025-03-25 18:01:51 - INFO - epoch:23/50 iteration:15/38 batch loss is :0.2014
2025-03-25 18:04:04 - INFO - epoch:23/50 iteration:20/38 batch loss is :0.2892
2025-03-25 18:06:10 - INFO - epoch:23/50 iteration:25/38 batch loss is :0.2691
2025-03-25 18:08:27 - INFO - epoch:23/50 iteration:30/38 batch loss is :0.1733
2025-03-25 18:10:46 - INFO - epoch:23/50 iteration:35/38 batch loss is :0.1598
2025-03-25 18:11:33 - INFO - Epoch:23/50 Loss is :0.2567
2025-03-25 18:11:57 - INFO - epoch:24/50 iteration:0/38 batch loss is :0.1483
2025-03-25 18:13:55 - INFO - epoch:24/50 iteration:5/38 batch loss is :0.2181
2025-03-25 18:15:55 - INFO - epoch:24/50 iteration:10/38 batch loss is :0.0834
2025-03-25 18:17:58 - INFO - epoch:24/50 iteration:15/38 batch loss is :0.1696
2025-03-25 18:20:04 - INFO - epoch:24/50 iteration:20/38 batch loss is :0.2215
2025-03-25 18:22:08 - INFO - epoch:24/50 iteration:25/38 batch loss is :0.1469
2025-03-25 18:24:23 - INFO - epoch:24/50 iteration:30/38 batch loss is :0.2186
2025-03-25 18:26:41 - INFO - epoch:24/50 iteration:35/38 batch loss is :0.1858
2025-03-25 18:27:29 - INFO - Epoch:24/50 Loss is :0.2647
2025-03-25 18:27:53 - INFO - epoch:25/50 iteration:0/38 batch loss is :0.2440
2025-03-25 18:29:56 - INFO - epoch:25/50 iteration:5/38 batch loss is :0.1237
2025-03-25 18:31:52 - INFO - epoch:25/50 iteration:10/38 batch loss is :0.2379
2025-03-25 18:33:50 - INFO - epoch:25/50 iteration:15/38 batch loss is :0.1139
2025-03-25 18:35:53 - INFO - epoch:25/50 iteration:20/38 batch loss is :0.1845
2025-03-25 18:37:50 - INFO - epoch:25/50 iteration:25/38 batch loss is :0.1555
2025-03-25 18:39:48 - INFO - epoch:25/50 iteration:30/38 batch loss is :0.2289
2025-03-25 18:41:49 - INFO - epoch:25/50 iteration:35/38 batch loss is :0.1539
2025-03-25 18:42:32 - INFO - Epoch:25/50 Loss is :0.2392
2025-03-25 18:46:57 - INFO - val accuarcy is : 0.4443
2025-03-25 18:46:57 - INFO - VAL loss :2.1256
2025-03-25 18:47:12 - INFO - epoch:26/50 iteration:0/38 batch loss is :0.3781
2025-03-25 18:48:23 - INFO - epoch:26/50 iteration:5/38 batch loss is :0.2203
2025-03-25 18:49:34 - INFO - epoch:26/50 iteration:10/38 batch loss is :0.1610
2025-03-25 18:50:45 - INFO - epoch:26/50 iteration:15/38 batch loss is :0.4258
2025-03-25 18:51:56 - INFO - epoch:26/50 iteration:20/38 batch loss is :0.1797
2025-03-25 18:53:32 - INFO - epoch:26/50 iteration:25/38 batch loss is :0.2491
2025-03-25 18:55:50 - INFO - epoch:26/50 iteration:30/38 batch loss is :0.3255
2025-03-25 18:58:09 - INFO - epoch:26/50 iteration:35/38 batch loss is :0.1619
2025-03-25 18:58:57 - INFO - Epoch:26/50 Loss is :0.2031
2025-03-25 18:59:19 - INFO - epoch:27/50 iteration:0/38 batch loss is :0.0963
2025-03-25 19:01:15 - INFO - epoch:27/50 iteration:5/38 batch loss is :0.2412
2025-03-25 19:03:07 - INFO - epoch:27/50 iteration:10/38 batch loss is :0.1532
2025-03-25 19:05:09 - INFO - epoch:27/50 iteration:15/38 batch loss is :0.1472
2025-03-25 19:07:04 - INFO - epoch:27/50 iteration:20/38 batch loss is :0.2387
2025-03-25 19:09:16 - INFO - epoch:27/50 iteration:25/38 batch loss is :0.1377
2025-03-25 19:11:33 - INFO - epoch:27/50 iteration:30/38 batch loss is :0.2920
2025-03-25 19:13:50 - INFO - epoch:27/50 iteration:35/38 batch loss is :0.2165
2025-03-25 19:14:39 - INFO - Epoch:27/50 Loss is :0.1953
2025-03-25 19:15:03 - INFO - epoch:28/50 iteration:0/38 batch loss is :0.0680
2025-03-25 19:16:56 - INFO - epoch:28/50 iteration:5/38 batch loss is :0.1138
2025-03-25 19:18:44 - INFO - epoch:28/50 iteration:10/38 batch loss is :0.3440
2025-03-25 19:20:40 - INFO - epoch:28/50 iteration:15/38 batch loss is :0.3871
2025-03-25 19:22:29 - INFO - epoch:28/50 iteration:20/38 batch loss is :0.2368
2025-03-25 19:24:46 - INFO - epoch:28/50 iteration:25/38 batch loss is :0.2351
2025-03-25 19:27:04 - INFO - epoch:28/50 iteration:30/38 batch loss is :0.1482
2025-03-25 19:29:25 - INFO - epoch:28/50 iteration:35/38 batch loss is :0.1796
2025-03-25 19:30:12 - INFO - Epoch:28/50 Loss is :0.1963
2025-03-25 19:30:38 - INFO - epoch:29/50 iteration:0/38 batch loss is :0.1136
2025-03-25 19:32:27 - INFO - epoch:29/50 iteration:5/38 batch loss is :0.1954
2025-03-25 19:34:20 - INFO - epoch:29/50 iteration:10/38 batch loss is :0.0874
2025-03-25 19:36:07 - INFO - epoch:29/50 iteration:15/38 batch loss is :0.1775
2025-03-25 19:38:08 - INFO - epoch:29/50 iteration:20/38 batch loss is :0.1987
2025-03-25 19:40:36 - INFO - epoch:29/50 iteration:25/38 batch loss is :0.1191
2025-03-25 19:42:55 - INFO - epoch:29/50 iteration:30/38 batch loss is :0.1478
2025-03-25 19:45:17 - INFO - epoch:29/50 iteration:35/38 batch loss is :0.1101
2025-03-25 19:46:05 - INFO - Epoch:29/50 Loss is :0.1727
2025-03-25 19:46:27 - INFO - epoch:30/50 iteration:0/38 batch loss is :0.4826
2025-03-25 19:48:16 - INFO - epoch:30/50 iteration:5/38 batch loss is :0.1279
2025-03-25 19:50:05 - INFO - epoch:30/50 iteration:10/38 batch loss is :0.3404
2025-03-25 19:52:03 - INFO - epoch:30/50 iteration:15/38 batch loss is :0.1917
2025-03-25 19:54:04 - INFO - epoch:30/50 iteration:20/38 batch loss is :0.3003
2025-03-25 19:56:20 - INFO - epoch:30/50 iteration:25/38 batch loss is :0.1143
2025-03-25 19:58:36 - INFO - epoch:30/50 iteration:30/38 batch loss is :0.0540
2025-03-25 20:00:52 - INFO - epoch:30/50 iteration:35/38 batch loss is :0.0828
2025-03-25 20:01:38 - INFO - Epoch:30/50 Loss is :0.1864
2025-03-25 20:05:56 - INFO - val accuarcy is : 0.4443
2025-03-25 20:05:56 - INFO - VAL loss :2.0387
2025-03-25 20:06:20 - INFO - epoch:31/50 iteration:0/38 batch loss is :0.1227
2025-03-25 20:08:00 - INFO - epoch:31/50 iteration:5/38 batch loss is :0.0730
2025-03-25 20:10:13 - INFO - epoch:31/50 iteration:10/38 batch loss is :0.2553
2025-03-25 20:12:28 - INFO - epoch:31/50 iteration:15/38 batch loss is :0.1568
2025-03-25 20:14:44 - INFO - epoch:31/50 iteration:20/38 batch loss is :0.0612
2025-03-25 20:16:59 - INFO - epoch:31/50 iteration:25/38 batch loss is :0.1471
2025-03-25 20:19:15 - INFO - epoch:31/50 iteration:30/38 batch loss is :0.0813
2025-03-25 20:21:30 - INFO - epoch:31/50 iteration:35/38 batch loss is :0.1079
2025-03-25 20:22:16 - INFO - Epoch:31/50 Loss is :0.1693
2025-03-25 20:22:33 - INFO - epoch:32/50 iteration:0/38 batch loss is :0.1293
