2025-03-26 08:56:16 - INFO - ------------------------------------------------------------------------------------------------
2025-03-26 08:56:16 - INFO - starting new training !!!!
2025-03-26 08:56:16 - INFO - ------------------------------------------------------------------------------------------------
2025-03-26 08:56:16 - INFO - Namespace(batch=16, device=device(type='cuda'), epoch=50, excel_path='d:\\cleaning_GUI_annotated_data\\tab_data_annotated_pats.xlsx', gamma=0.1, json='jsons/train_test_val_split.json', log_dir='logs', lr=0.0001, model_path='model_parameter_Resnet3D//14//fold0_epoch49_val_2.9850_train_0.1494', save_dir='model_parameter_Resnet3D', save_freq=5, step_size=10)
2025-03-26 08:56:16 - INFO - parameters are being saved at :model_parameter_Resnet3D\15
2025-03-26 08:56:16 - INFO - found 4 gpus!
2025-03-26 08:56:16 - INFO - DataParallel(
  (module): Resnet18_3D(
    (conv1): Sequential(
      (0): Conv3d(1, 64, kernel_size=(7, 7, 7), stride=(2, 2, 2), padding=(3, 3, 3))
      (1): BatchNorm3d(64, eps=1e-05, momentum=0.1, affine=True, track_running_stats=True)
      (2): ReLU()
    )
    (maxpool): MaxPool3d(kernel_size=3, stride=2, padding=1, dilation=1, ceil_mode=False)
    (conv2): BasicConvBlock(
      (layers): Sequential(
        (0): Sequential(
          (0): Conv3d(64, 64, kernel_size=(3, 3, 3), stride=(1, 1, 1), padding=(1, 1, 1))
          (1): BatchNorm3d(64, eps=1e-05, momentum=0.1, affine=True, track_running_stats=True)
          (2): ReLU()
        )
        (1): Sequential(
          (0): Conv3d(64, 64, kernel_size=(3, 3, 3), stride=(1, 1, 1), padding=(1, 1, 1))
          (1): BatchNorm3d(64, eps=1e-05, momentum=0.1, affine=True, track_running_stats=True)
          (2): ReLU()
        )
        (2): Sequential(
          (0): Conv3d(64, 64, kernel_size=(3, 3, 3), stride=(1, 1, 1), padding=(1, 1, 1))
          (1): BatchNorm3d(64, eps=1e-05, momentum=0.1, affine=True, track_running_stats=True)
          (2): ReLU()
        )
        (3): Sequential(
          (0): Conv3d(64, 64, kernel_size=(3, 3, 3), stride=(1, 1, 1), padding=(1, 1, 1))
          (1): BatchNorm3d(64, eps=1e-05, momentum=0.1, affine=True, track_running_stats=True)
          (2): ReLU()
        )
      )
    )
    (conv3): BasicConvBlock(
      (conv1x1): Conv3d(64, 128, kernel_size=(1, 1, 1), stride=(2, 2, 2))
      (layers): Sequential(
        (0): Sequential(
          (0): Conv3d(64, 128, kernel_size=(3, 3, 3), stride=(2, 2, 2), padding=(1, 1, 1))
          (1): BatchNorm3d(128, eps=1e-05, momentum=0.1, affine=True, track_running_stats=True)
          (2): ReLU()
        )
        (1): Sequential(
          (0): Conv3d(128, 128, kernel_size=(3, 3, 3), stride=(1, 1, 1), padding=(1, 1, 1))
          (1): BatchNorm3d(128, eps=1e-05, momentum=0.1, affine=True, track_running_stats=True)
          (2): ReLU()
        )
        (2): Sequential(
          (0): Conv3d(128, 128, kernel_size=(3, 3, 3), stride=(1, 1, 1), padding=(1, 1, 1))
          (1): BatchNorm3d(128, eps=1e-05, momentum=0.1, affine=True, track_running_stats=True)
          (2): ReLU()
        )
        (3): Sequential(
          (0): Conv3d(128, 128, kernel_size=(3, 3, 3), stride=(1, 1, 1), padding=(1, 1, 1))
          (1): BatchNorm3d(128, eps=1e-05, momentum=0.1, affine=True, track_running_stats=True)
          (2): ReLU()
        )
      )
    )
    (conv4): BasicConvBlock(
      (conv1x1): Conv3d(128, 256, kernel_size=(1, 1, 1), stride=(2, 2, 2))
      (layers): Sequential(
        (0): Sequential(
          (0): Conv3d(128, 256, kernel_size=(3, 3, 3), stride=(2, 2, 2), padding=(1, 1, 1))
          (1): BatchNorm3d(256, eps=1e-05, momentum=0.1, affine=True, track_running_stats=True)
          (2): ReLU()
        )
        (1): Sequential(
          (0): Conv3d(256, 256, kernel_size=(3, 3, 3), stride=(1, 1, 1), padding=(1, 1, 1))
          (1): BatchNorm3d(256, eps=1e-05, momentum=0.1, affine=True, track_running_stats=True)
          (2): ReLU()
        )
        (2): Sequential(
          (0): Conv3d(256, 256, kernel_size=(3, 3, 3), stride=(1, 1, 1), padding=(1, 1, 1))
          (1): BatchNorm3d(256, eps=1e-05, momentum=0.1, affine=True, track_running_stats=True)
          (2): ReLU()
        )
        (3): Sequential(
          (0): Conv3d(256, 256, kernel_size=(3, 3, 3), stride=(1, 1, 1), padding=(1, 1, 1))
          (1): BatchNorm3d(256, eps=1e-05, momentum=0.1, affine=True, track_running_stats=True)
          (2): ReLU()
        )
      )
    )
    (conv5): BasicConvBlock(
      (conv1x1): Conv3d(256, 512, kernel_size=(1, 1, 1), stride=(2, 2, 2))
      (layers): Sequential(
        (0): Sequential(
          (0): Conv3d(256, 512, kernel_size=(3, 3, 3), stride=(2, 2, 2), padding=(1, 1, 1))
          (1): BatchNorm3d(512, eps=1e-05, momentum=0.1, affine=True, track_running_stats=True)
          (2): ReLU()
        )
        (1): Sequential(
          (0): Conv3d(512, 512, kernel_size=(3, 3, 3), stride=(1, 1, 1), padding=(1, 1, 1))
          (1): BatchNorm3d(512, eps=1e-05, momentum=0.1, affine=True, track_running_stats=True)
          (2): ReLU()
        )
        (2): Sequential(
          (0): Conv3d(512, 512, kernel_size=(3, 3, 3), stride=(1, 1, 1), padding=(1, 1, 1))
          (1): BatchNorm3d(512, eps=1e-05, momentum=0.1, affine=True, track_running_stats=True)
          (2): ReLU()
        )
        (3): Sequential(
          (0): Conv3d(512, 512, kernel_size=(3, 3, 3), stride=(1, 1, 1), padding=(1, 1, 1))
          (1): BatchNorm3d(512, eps=1e-05, momentum=0.1, affine=True, track_running_stats=True)
          (2): ReLU()
        )
      )
    )
    (avgPool): AdaptiveAvgPool3d(output_size=1)
    (linear): Linear(in_features=512, out_features=6, bias=True)
  )
)
2025-03-26 08:56:16 - INFO - loaded model parameters from model_parameter_Resnet3D//14//fold0_epoch49_val_2.9850_train_0.1494
2025-03-26 08:56:17 - INFO - fold number:0
2025-03-26 08:56:17 - INFO - fold number:1
2025-03-26 08:57:40 - INFO - epoch:0/50 iteration:0/38 batch loss is :0.3099
2025-03-26 08:57:46 - INFO - epoch:0/50 iteration:5/38 batch loss is :1.3402
2025-03-26 08:58:12 - INFO - epoch:0/50 iteration:10/38 batch loss is :0.6503
2025-03-26 08:58:17 - INFO - epoch:0/50 iteration:15/38 batch loss is :0.1760
2025-03-26 08:58:46 - INFO - epoch:0/50 iteration:20/38 batch loss is :0.2283
2025-03-26 08:59:15 - INFO - epoch:0/50 iteration:25/38 batch loss is :0.2142
2025-03-26 08:59:21 - INFO - epoch:0/50 iteration:30/38 batch loss is :0.4830
2025-03-26 08:59:41 - INFO - epoch:0/50 iteration:35/38 batch loss is :0.6173
2025-03-26 08:59:44 - INFO - Epoch:0/50 Loss is :0.5170
2025-03-26 09:01:48 - INFO - val accuarcy is : 0.3183
2025-03-26 09:01:48 - INFO - VAL loss :2.2735
2025-03-26 09:03:01 - INFO - epoch:1/50 iteration:0/38 batch loss is :0.1078
2025-03-26 09:03:08 - INFO - epoch:1/50 iteration:5/38 batch loss is :0.2915
2025-03-26 09:03:28 - INFO - epoch:1/50 iteration:10/38 batch loss is :0.2351
2025-03-26 09:03:35 - INFO - epoch:1/50 iteration:15/38 batch loss is :0.0709
2025-03-26 09:03:55 - INFO - epoch:1/50 iteration:20/38 batch loss is :0.0807
2025-03-26 09:04:16 - INFO - epoch:1/50 iteration:25/38 batch loss is :0.2427
2025-03-26 09:04:22 - INFO - epoch:1/50 iteration:30/38 batch loss is :0.1924
2025-03-26 09:04:38 - INFO - epoch:1/50 iteration:35/38 batch loss is :0.1863
2025-03-26 09:04:41 - INFO - Epoch:1/50 Loss is :0.2280
2025-03-26 09:05:53 - INFO - epoch:2/50 iteration:0/38 batch loss is :0.1920
2025-03-26 09:05:59 - INFO - epoch:2/50 iteration:5/38 batch loss is :0.1284
2025-03-26 09:06:19 - INFO - epoch:2/50 iteration:10/38 batch loss is :0.6181
2025-03-26 09:06:25 - INFO - epoch:2/50 iteration:15/38 batch loss is :0.0856
2025-03-26 09:06:45 - INFO - epoch:2/50 iteration:20/38 batch loss is :0.1080
2025-03-26 09:07:04 - INFO - epoch:2/50 iteration:25/38 batch loss is :0.0526
2025-03-26 09:07:11 - INFO - epoch:2/50 iteration:30/38 batch loss is :0.2607
2025-03-26 09:07:27 - INFO - epoch:2/50 iteration:35/38 batch loss is :0.2939
2025-03-26 09:07:30 - INFO - Epoch:2/50 Loss is :0.1754
2025-03-26 09:08:41 - INFO - epoch:3/50 iteration:0/38 batch loss is :0.0897
2025-03-26 09:08:48 - INFO - epoch:3/50 iteration:5/38 batch loss is :0.1982
2025-03-26 09:09:08 - INFO - epoch:3/50 iteration:10/38 batch loss is :0.0747
2025-03-26 09:09:14 - INFO - epoch:3/50 iteration:15/38 batch loss is :0.1556
2025-03-26 09:09:34 - INFO - epoch:3/50 iteration:20/38 batch loss is :0.1420
2025-03-26 09:09:54 - INFO - epoch:3/50 iteration:25/38 batch loss is :0.0263
2025-03-26 09:10:00 - INFO - epoch:3/50 iteration:30/38 batch loss is :0.1061
2025-03-26 09:10:16 - INFO - epoch:3/50 iteration:35/38 batch loss is :0.2052
2025-03-26 09:10:19 - INFO - Epoch:3/50 Loss is :0.1232
2025-03-26 09:11:30 - INFO - epoch:4/50 iteration:0/38 batch loss is :0.0214
2025-03-26 09:11:37 - INFO - epoch:4/50 iteration:5/38 batch loss is :0.1106
2025-03-26 09:11:57 - INFO - epoch:4/50 iteration:10/38 batch loss is :0.0523
2025-03-26 09:12:03 - INFO - epoch:4/50 iteration:15/38 batch loss is :0.1538
2025-03-26 09:12:23 - INFO - epoch:4/50 iteration:20/38 batch loss is :0.4250
2025-03-26 09:12:42 - INFO - epoch:4/50 iteration:25/38 batch loss is :0.1736
2025-03-26 09:12:48 - INFO - epoch:4/50 iteration:30/38 batch loss is :0.2040
2025-03-26 09:13:05 - INFO - epoch:4/50 iteration:35/38 batch loss is :0.0484
2025-03-26 09:13:07 - INFO - Epoch:4/50 Loss is :0.1584
2025-03-26 09:14:20 - INFO - epoch:5/50 iteration:0/38 batch loss is :0.0824
2025-03-26 09:14:27 - INFO - epoch:5/50 iteration:5/38 batch loss is :0.1220
2025-03-26 09:14:47 - INFO - epoch:5/50 iteration:10/38 batch loss is :0.0579
2025-03-26 09:14:53 - INFO - epoch:5/50 iteration:15/38 batch loss is :0.0783
2025-03-26 09:15:13 - INFO - epoch:5/50 iteration:20/38 batch loss is :0.0593
2025-03-26 09:15:32 - INFO - epoch:5/50 iteration:25/38 batch loss is :0.0234
2025-03-26 09:15:38 - INFO - epoch:5/50 iteration:30/38 batch loss is :0.2142
2025-03-26 09:15:54 - INFO - epoch:5/50 iteration:35/38 batch loss is :0.1411
2025-03-26 09:15:57 - INFO - Epoch:5/50 Loss is :0.0964
2025-03-26 09:17:24 - INFO - val accuarcy is : 0.5438
2025-03-26 09:17:24 - INFO - VAL loss :1.5876
2025-03-26 09:18:35 - INFO - epoch:6/50 iteration:0/38 batch loss is :0.4314
2025-03-26 09:18:42 - INFO - epoch:6/50 iteration:5/38 batch loss is :0.0726
2025-03-26 09:19:03 - INFO - epoch:6/50 iteration:10/38 batch loss is :0.2568
2025-03-26 09:19:09 - INFO - epoch:6/50 iteration:15/38 batch loss is :0.0397
2025-03-26 09:19:30 - INFO - epoch:6/50 iteration:20/38 batch loss is :0.0510
2025-03-26 09:19:50 - INFO - epoch:6/50 iteration:25/38 batch loss is :0.0163
2025-03-26 09:19:56 - INFO - epoch:6/50 iteration:30/38 batch loss is :0.0195
2025-03-26 09:20:24 - INFO - epoch:6/50 iteration:35/38 batch loss is :0.0703
2025-03-26 09:20:27 - INFO - Epoch:6/50 Loss is :0.0930
2025-03-26 09:22:02 - INFO - epoch:7/50 iteration:0/38 batch loss is :0.1055
2025-03-26 09:22:09 - INFO - epoch:7/50 iteration:5/38 batch loss is :0.0326
2025-03-26 09:22:45 - INFO - epoch:7/50 iteration:10/38 batch loss is :0.1202
2025-03-26 09:22:52 - INFO - epoch:7/50 iteration:15/38 batch loss is :0.0600
2025-03-26 09:23:27 - INFO - epoch:7/50 iteration:20/38 batch loss is :0.0385
2025-03-26 09:24:04 - INFO - epoch:7/50 iteration:25/38 batch loss is :0.0339
2025-03-26 09:24:10 - INFO - epoch:7/50 iteration:30/38 batch loss is :0.0329
2025-03-26 09:24:42 - INFO - epoch:7/50 iteration:35/38 batch loss is :0.0244
2025-03-26 09:24:45 - INFO - Epoch:7/50 Loss is :0.1404
2025-03-26 09:25:57 - INFO - epoch:8/50 iteration:0/38 batch loss is :0.0559
2025-03-26 09:26:03 - INFO - epoch:8/50 iteration:5/38 batch loss is :0.0655
2025-03-26 09:26:23 - INFO - epoch:8/50 iteration:10/38 batch loss is :0.2543
2025-03-26 09:26:30 - INFO - epoch:8/50 iteration:15/38 batch loss is :0.2481
2025-03-26 09:26:49 - INFO - epoch:8/50 iteration:20/38 batch loss is :0.0664
2025-03-26 09:27:09 - INFO - epoch:8/50 iteration:25/38 batch loss is :0.1664
2025-03-26 09:27:15 - INFO - epoch:8/50 iteration:30/38 batch loss is :0.0124
2025-03-26 09:27:31 - INFO - epoch:8/50 iteration:35/38 batch loss is :0.0579
2025-03-26 09:27:34 - INFO - Epoch:8/50 Loss is :0.1042
2025-03-26 09:28:47 - INFO - epoch:9/50 iteration:0/38 batch loss is :0.0184
2025-03-26 09:28:53 - INFO - epoch:9/50 iteration:5/38 batch loss is :0.0362
2025-03-26 09:29:14 - INFO - epoch:9/50 iteration:10/38 batch loss is :0.0925
2025-03-26 09:29:20 - INFO - epoch:9/50 iteration:15/38 batch loss is :0.0171
2025-03-26 09:29:41 - INFO - epoch:9/50 iteration:20/38 batch loss is :0.0272
2025-03-26 09:30:00 - INFO - epoch:9/50 iteration:25/38 batch loss is :0.0444
2025-03-26 09:30:06 - INFO - epoch:9/50 iteration:30/38 batch loss is :0.1291
2025-03-26 09:30:23 - INFO - epoch:9/50 iteration:35/38 batch loss is :0.5131
2025-03-26 09:30:25 - INFO - Epoch:9/50 Loss is :0.1161
2025-03-26 09:31:38 - INFO - epoch:10/50 iteration:0/38 batch loss is :0.0575
2025-03-26 09:31:44 - INFO - epoch:10/50 iteration:5/38 batch loss is :0.0543
2025-03-26 09:32:04 - INFO - epoch:10/50 iteration:10/38 batch loss is :0.0281
2025-03-26 09:32:11 - INFO - epoch:10/50 iteration:15/38 batch loss is :0.0230
2025-03-26 09:32:31 - INFO - epoch:10/50 iteration:20/38 batch loss is :0.0538
2025-03-26 09:32:51 - INFO - epoch:10/50 iteration:25/38 batch loss is :0.0795
2025-03-26 09:32:57 - INFO - epoch:10/50 iteration:30/38 batch loss is :0.0596
2025-03-26 09:33:13 - INFO - epoch:10/50 iteration:35/38 batch loss is :0.0223
2025-03-26 09:33:16 - INFO - Epoch:10/50 Loss is :0.0786
2025-03-26 09:35:17 - INFO - val accuarcy is : 0.8753
2025-03-26 09:35:17 - INFO - VAL loss :0.3396
2025-03-26 09:36:56 - INFO - epoch:11/50 iteration:0/38 batch loss is :0.0144
2025-03-26 09:37:02 - INFO - epoch:11/50 iteration:5/38 batch loss is :0.1350
2025-03-26 09:37:39 - INFO - epoch:11/50 iteration:10/38 batch loss is :0.0190
2025-03-26 09:37:45 - INFO - epoch:11/50 iteration:15/38 batch loss is :0.0187
2025-03-26 09:38:22 - INFO - epoch:11/50 iteration:20/38 batch loss is :0.1611
2025-03-26 09:39:00 - INFO - epoch:11/50 iteration:25/38 batch loss is :0.0169
2025-03-26 09:39:06 - INFO - epoch:11/50 iteration:30/38 batch loss is :0.1977
2025-03-26 09:39:40 - INFO - epoch:11/50 iteration:35/38 batch loss is :0.0524
2025-03-26 09:39:43 - INFO - Epoch:11/50 Loss is :0.0774
2025-03-26 09:40:55 - INFO - epoch:12/50 iteration:0/38 batch loss is :0.0298
2025-03-26 09:41:02 - INFO - epoch:12/50 iteration:5/38 batch loss is :0.0482
2025-03-26 09:41:22 - INFO - epoch:12/50 iteration:10/38 batch loss is :0.0325
2025-03-26 09:41:29 - INFO - epoch:12/50 iteration:15/38 batch loss is :0.1178
2025-03-26 09:41:49 - INFO - epoch:12/50 iteration:20/38 batch loss is :0.0110
2025-03-26 09:42:08 - INFO - epoch:12/50 iteration:25/38 batch loss is :0.0638
2025-03-26 09:42:15 - INFO - epoch:12/50 iteration:30/38 batch loss is :0.0147
2025-03-26 09:42:31 - INFO - epoch:12/50 iteration:35/38 batch loss is :0.0169
2025-03-26 09:42:34 - INFO - Epoch:12/50 Loss is :0.0351
2025-03-26 09:43:46 - INFO - epoch:13/50 iteration:0/38 batch loss is :0.0366
2025-03-26 09:43:52 - INFO - epoch:13/50 iteration:5/38 batch loss is :0.0156
2025-03-26 09:44:13 - INFO - epoch:13/50 iteration:10/38 batch loss is :0.0278
2025-03-26 09:44:19 - INFO - epoch:13/50 iteration:15/38 batch loss is :0.0376
2025-03-26 09:44:39 - INFO - epoch:13/50 iteration:20/38 batch loss is :0.0122
2025-03-26 09:44:59 - INFO - epoch:13/50 iteration:25/38 batch loss is :0.0135
2025-03-26 09:45:05 - INFO - epoch:13/50 iteration:30/38 batch loss is :0.0211
2025-03-26 09:45:21 - INFO - epoch:13/50 iteration:35/38 batch loss is :0.0144
2025-03-26 09:45:24 - INFO - Epoch:13/50 Loss is :0.0323
2025-03-26 09:46:36 - INFO - epoch:14/50 iteration:0/38 batch loss is :0.0444
2025-03-26 09:46:42 - INFO - epoch:14/50 iteration:5/38 batch loss is :0.0120
2025-03-26 09:47:02 - INFO - epoch:14/50 iteration:10/38 batch loss is :0.0167
2025-03-26 09:47:08 - INFO - epoch:14/50 iteration:15/38 batch loss is :0.0189
2025-03-26 09:47:28 - INFO - epoch:14/50 iteration:20/38 batch loss is :0.0125
2025-03-26 09:47:48 - INFO - epoch:14/50 iteration:25/38 batch loss is :0.0316
2025-03-26 09:47:54 - INFO - epoch:14/50 iteration:30/38 batch loss is :0.0511
2025-03-26 09:48:10 - INFO - epoch:14/50 iteration:35/38 batch loss is :0.0325
2025-03-26 09:48:13 - INFO - Epoch:14/50 Loss is :0.0450
2025-03-26 09:49:25 - INFO - epoch:15/50 iteration:0/38 batch loss is :0.0161
2025-03-26 09:49:31 - INFO - epoch:15/50 iteration:5/38 batch loss is :0.0398
2025-03-26 09:49:51 - INFO - epoch:15/50 iteration:10/38 batch loss is :0.0187
2025-03-26 09:49:57 - INFO - epoch:15/50 iteration:15/38 batch loss is :0.0194
2025-03-26 09:50:21 - INFO - epoch:15/50 iteration:20/38 batch loss is :0.0113
2025-03-26 09:50:58 - INFO - epoch:15/50 iteration:25/38 batch loss is :0.0494
2025-03-26 09:51:04 - INFO - epoch:15/50 iteration:30/38 batch loss is :0.0882
2025-03-26 09:51:38 - INFO - epoch:15/50 iteration:35/38 batch loss is :0.0382
2025-03-26 09:51:41 - INFO - Epoch:15/50 Loss is :0.0299
