2025-03-26 08:14:22 - INFO - ------------------------------------------------------------------------------------------------
2025-03-26 08:14:22 - INFO - starting new training !!!!
2025-03-26 08:14:22 - INFO - ------------------------------------------------------------------------------------------------
2025-03-26 08:14:22 - INFO - Namespace(batch=16, device=device(type='cuda'), epoch=50, excel_path='d:\\cleaning_GUI_annotated_data\\tab_data_annotated_pats.xlsx', gamma=0.1, json='jsons/train_test_val_split.json', log_dir='logs', lr=0.0001, model_path='model_parameter_Resnet3D\\12\\fold0_epoch40_val_3.3396_train_0.1495', save_dir='model_parameter_Resnet3D', save_freq=5, step_size=10)
2025-03-26 08:14:22 - INFO - parameters are being saved at :model_parameter_Resnet3D\14
2025-03-26 08:14:23 - INFO - found 4 gpus!
2025-03-26 08:14:23 - INFO - DataParallel(
  (module): Resnet18_3D(
    (conv1): Sequential(
      (0): Conv3d(1, 64, kernel_size=(7, 7, 7), stride=(2, 2, 2), padding=(3, 3, 3))
      (1): BatchNorm3d(64, eps=1e-05, momentum=0.1, affine=True, track_running_stats=True)
      (2): ReLU()
    )
    (maxpool): MaxPool3d(kernel_size=3, stride=2, padding=1, dilation=1, ceil_mode=False)
    (conv2): BasicConvBlock(
      (layers): Sequential(
        (0): Sequential(
          (0): Conv3d(64, 64, kernel_size=(3, 3, 3), stride=(1, 1, 1), padding=(1, 1, 1))
          (1): BatchNorm3d(64, eps=1e-05, momentum=0.1, affine=True, track_running_stats=True)
          (2): ReLU()
        )
        (1): Sequential(
          (0): Conv3d(64, 64, kernel_size=(3, 3, 3), stride=(1, 1, 1), padding=(1, 1, 1))
          (1): BatchNorm3d(64, eps=1e-05, momentum=0.1, affine=True, track_running_stats=True)
          (2): ReLU()
        )
        (2): Sequential(
          (0): Conv3d(64, 64, kernel_size=(3, 3, 3), stride=(1, 1, 1), padding=(1, 1, 1))
          (1): BatchNorm3d(64, eps=1e-05, momentum=0.1, affine=True, track_running_stats=True)
          (2): ReLU()
        )
        (3): Sequential(
          (0): Conv3d(64, 64, kernel_size=(3, 3, 3), stride=(1, 1, 1), padding=(1, 1, 1))
          (1): BatchNorm3d(64, eps=1e-05, momentum=0.1, affine=True, track_running_stats=True)
          (2): ReLU()
        )
      )
    )
    (conv3): BasicConvBlock(
      (conv1x1): Conv3d(64, 128, kernel_size=(1, 1, 1), stride=(2, 2, 2))
      (layers): Sequential(
        (0): Sequential(
          (0): Conv3d(64, 128, kernel_size=(3, 3, 3), stride=(2, 2, 2), padding=(1, 1, 1))
          (1): BatchNorm3d(128, eps=1e-05, momentum=0.1, affine=True, track_running_stats=True)
          (2): ReLU()
        )
        (1): Sequential(
          (0): Conv3d(128, 128, kernel_size=(3, 3, 3), stride=(1, 1, 1), padding=(1, 1, 1))
          (1): BatchNorm3d(128, eps=1e-05, momentum=0.1, affine=True, track_running_stats=True)
          (2): ReLU()
        )
        (2): Sequential(
          (0): Conv3d(128, 128, kernel_size=(3, 3, 3), stride=(1, 1, 1), padding=(1, 1, 1))
          (1): BatchNorm3d(128, eps=1e-05, momentum=0.1, affine=True, track_running_stats=True)
          (2): ReLU()
        )
        (3): Sequential(
          (0): Conv3d(128, 128, kernel_size=(3, 3, 3), stride=(1, 1, 1), padding=(1, 1, 1))
          (1): BatchNorm3d(128, eps=1e-05, momentum=0.1, affine=True, track_running_stats=True)
          (2): ReLU()
        )
      )
    )
    (conv4): BasicConvBlock(
      (conv1x1): Conv3d(128, 256, kernel_size=(1, 1, 1), stride=(2, 2, 2))
      (layers): Sequential(
        (0): Sequential(
          (0): Conv3d(128, 256, kernel_size=(3, 3, 3), stride=(2, 2, 2), padding=(1, 1, 1))
          (1): BatchNorm3d(256, eps=1e-05, momentum=0.1, affine=True, track_running_stats=True)
          (2): ReLU()
        )
        (1): Sequential(
          (0): Conv3d(256, 256, kernel_size=(3, 3, 3), stride=(1, 1, 1), padding=(1, 1, 1))
          (1): BatchNorm3d(256, eps=1e-05, momentum=0.1, affine=True, track_running_stats=True)
          (2): ReLU()
        )
        (2): Sequential(
          (0): Conv3d(256, 256, kernel_size=(3, 3, 3), stride=(1, 1, 1), padding=(1, 1, 1))
          (1): BatchNorm3d(256, eps=1e-05, momentum=0.1, affine=True, track_running_stats=True)
          (2): ReLU()
        )
        (3): Sequential(
          (0): Conv3d(256, 256, kernel_size=(3, 3, 3), stride=(1, 1, 1), padding=(1, 1, 1))
          (1): BatchNorm3d(256, eps=1e-05, momentum=0.1, affine=True, track_running_stats=True)
          (2): ReLU()
        )
      )
    )
    (conv5): BasicConvBlock(
      (conv1x1): Conv3d(256, 512, kernel_size=(1, 1, 1), stride=(2, 2, 2))
      (layers): Sequential(
        (0): Sequential(
          (0): Conv3d(256, 512, kernel_size=(3, 3, 3), stride=(2, 2, 2), padding=(1, 1, 1))
          (1): BatchNorm3d(512, eps=1e-05, momentum=0.1, affine=True, track_running_stats=True)
          (2): ReLU()
        )
        (1): Sequential(
          (0): Conv3d(512, 512, kernel_size=(3, 3, 3), stride=(1, 1, 1), padding=(1, 1, 1))
          (1): BatchNorm3d(512, eps=1e-05, momentum=0.1, affine=True, track_running_stats=True)
          (2): ReLU()
        )
        (2): Sequential(
          (0): Conv3d(512, 512, kernel_size=(3, 3, 3), stride=(1, 1, 1), padding=(1, 1, 1))
          (1): BatchNorm3d(512, eps=1e-05, momentum=0.1, affine=True, track_running_stats=True)
          (2): ReLU()
        )
        (3): Sequential(
          (0): Conv3d(512, 512, kernel_size=(3, 3, 3), stride=(1, 1, 1), padding=(1, 1, 1))
          (1): BatchNorm3d(512, eps=1e-05, momentum=0.1, affine=True, track_running_stats=True)
          (2): ReLU()
        )
      )
    )
    (avgPool): AdaptiveAvgPool3d(output_size=1)
    (linear): Linear(in_features=512, out_features=6, bias=True)
  )
)
2025-03-26 08:14:23 - INFO - loaded model parameters from model_parameter_Resnet3D\12\fold0_epoch40_val_3.3396_train_0.1495
2025-03-26 08:14:23 - INFO - fold number:0
2025-03-26 08:15:36 - INFO - epoch:40/50 iteration:0/38 batch loss is :0.1716
2025-03-26 08:15:42 - INFO - epoch:40/50 iteration:5/38 batch loss is :0.1106
2025-03-26 08:16:00 - INFO - epoch:40/50 iteration:10/38 batch loss is :0.2273
2025-03-26 08:16:05 - INFO - epoch:40/50 iteration:15/38 batch loss is :0.4954
2025-03-26 08:16:25 - INFO - epoch:40/50 iteration:20/38 batch loss is :0.0732
2025-03-26 08:16:45 - INFO - epoch:40/50 iteration:25/38 batch loss is :0.1970
2025-03-26 08:16:50 - INFO - epoch:40/50 iteration:30/38 batch loss is :0.1186
2025-03-26 08:17:06 - INFO - epoch:40/50 iteration:35/38 batch loss is :0.1494
2025-03-26 08:17:09 - INFO - Epoch:40/50 Loss is :0.2009
2025-03-26 08:19:09 - INFO - val accuarcy is : 0.6366
2025-03-26 08:19:09 - INFO - VAL loss :1.4809
2025-03-26 08:20:47 - INFO - epoch:41/50 iteration:0/38 batch loss is :0.0358
2025-03-26 08:20:53 - INFO - epoch:41/50 iteration:5/38 batch loss is :0.0568
2025-03-26 08:21:31 - INFO - epoch:41/50 iteration:10/38 batch loss is :0.1347
2025-03-26 08:21:37 - INFO - epoch:41/50 iteration:15/38 batch loss is :0.1020
2025-03-26 08:22:14 - INFO - epoch:41/50 iteration:20/38 batch loss is :0.1202
2025-03-26 08:22:51 - INFO - epoch:41/50 iteration:25/38 batch loss is :0.0415
2025-03-26 08:22:57 - INFO - epoch:41/50 iteration:30/38 batch loss is :0.4372
2025-03-26 08:23:30 - INFO - epoch:41/50 iteration:35/38 batch loss is :0.3623
2025-03-26 08:23:33 - INFO - Epoch:41/50 Loss is :0.2074
2025-03-26 08:24:45 - INFO - epoch:42/50 iteration:0/38 batch loss is :0.2126
2025-03-26 08:24:51 - INFO - epoch:42/50 iteration:5/38 batch loss is :0.2220
2025-03-26 08:25:11 - INFO - epoch:42/50 iteration:10/38 batch loss is :0.1484
2025-03-26 08:25:17 - INFO - epoch:42/50 iteration:15/38 batch loss is :0.1329
2025-03-26 08:25:37 - INFO - epoch:42/50 iteration:20/38 batch loss is :0.0808
2025-03-26 08:25:57 - INFO - epoch:42/50 iteration:25/38 batch loss is :0.0997
2025-03-26 08:26:02 - INFO - epoch:42/50 iteration:30/38 batch loss is :0.0730
2025-03-26 08:26:19 - INFO - epoch:42/50 iteration:35/38 batch loss is :0.1877
2025-03-26 08:26:21 - INFO - Epoch:42/50 Loss is :0.1334
2025-03-26 08:27:33 - INFO - epoch:43/50 iteration:0/38 batch loss is :0.1283
2025-03-26 08:27:38 - INFO - epoch:43/50 iteration:5/38 batch loss is :0.2436
2025-03-26 08:27:58 - INFO - epoch:43/50 iteration:10/38 batch loss is :0.0842
2025-03-26 08:28:04 - INFO - epoch:43/50 iteration:15/38 batch loss is :0.0232
2025-03-26 08:28:24 - INFO - epoch:43/50 iteration:20/38 batch loss is :0.0469
2025-03-26 08:28:44 - INFO - epoch:43/50 iteration:25/38 batch loss is :0.0458
2025-03-26 08:28:50 - INFO - epoch:43/50 iteration:30/38 batch loss is :0.1571
2025-03-26 08:29:06 - INFO - epoch:43/50 iteration:35/38 batch loss is :0.1348
2025-03-26 08:29:09 - INFO - Epoch:43/50 Loss is :0.1802
2025-03-26 08:30:20 - INFO - epoch:44/50 iteration:0/38 batch loss is :0.0515
2025-03-26 08:30:26 - INFO - epoch:44/50 iteration:5/38 batch loss is :0.5376
2025-03-26 08:30:46 - INFO - epoch:44/50 iteration:10/38 batch loss is :0.0478
2025-03-26 08:30:52 - INFO - epoch:44/50 iteration:15/38 batch loss is :0.1084
2025-03-26 08:31:11 - INFO - epoch:44/50 iteration:20/38 batch loss is :0.0567
2025-03-26 08:31:32 - INFO - epoch:44/50 iteration:25/38 batch loss is :0.1219
2025-03-26 08:31:37 - INFO - epoch:44/50 iteration:30/38 batch loss is :0.2939
2025-03-26 08:31:54 - INFO - epoch:44/50 iteration:35/38 batch loss is :0.1502
2025-03-26 08:31:56 - INFO - Epoch:44/50 Loss is :0.1614
2025-03-26 08:33:08 - INFO - epoch:45/50 iteration:0/38 batch loss is :0.3324
2025-03-26 08:33:13 - INFO - epoch:45/50 iteration:5/38 batch loss is :0.1544
2025-03-26 08:33:33 - INFO - epoch:45/50 iteration:10/38 batch loss is :0.3693
2025-03-26 08:33:39 - INFO - epoch:45/50 iteration:15/38 batch loss is :0.0458
2025-03-26 08:33:59 - INFO - epoch:45/50 iteration:20/38 batch loss is :0.2455
2025-03-26 08:34:19 - INFO - epoch:45/50 iteration:25/38 batch loss is :0.0472
2025-03-26 08:34:25 - INFO - epoch:45/50 iteration:30/38 batch loss is :0.1202
2025-03-26 08:34:41 - INFO - epoch:45/50 iteration:35/38 batch loss is :0.0418
2025-03-26 08:34:44 - INFO - Epoch:45/50 Loss is :0.1284
2025-03-26 08:36:53 - INFO - val accuarcy is : 0.5504
2025-03-26 08:36:53 - INFO - VAL loss :1.7607
2025-03-26 08:38:22 - INFO - epoch:46/50 iteration:0/38 batch loss is :0.0775
2025-03-26 08:38:27 - INFO - epoch:46/50 iteration:5/38 batch loss is :0.0508
2025-03-26 08:39:06 - INFO - epoch:46/50 iteration:10/38 batch loss is :0.0553
2025-03-26 08:39:11 - INFO - epoch:46/50 iteration:15/38 batch loss is :0.0087
2025-03-26 08:39:49 - INFO - epoch:46/50 iteration:20/38 batch loss is :0.0767
2025-03-26 08:40:26 - INFO - epoch:46/50 iteration:25/38 batch loss is :0.0727
2025-03-26 08:40:31 - INFO - epoch:46/50 iteration:30/38 batch loss is :0.2348
2025-03-26 08:41:05 - INFO - epoch:46/50 iteration:35/38 batch loss is :0.0534
2025-03-26 08:41:08 - INFO - Epoch:46/50 Loss is :0.1085
2025-03-26 08:42:21 - INFO - epoch:47/50 iteration:0/38 batch loss is :0.3515
2025-03-26 08:42:26 - INFO - epoch:47/50 iteration:5/38 batch loss is :0.0472
2025-03-26 08:42:47 - INFO - epoch:47/50 iteration:10/38 batch loss is :0.0805
2025-03-26 08:42:53 - INFO - epoch:47/50 iteration:15/38 batch loss is :0.0311
2025-03-26 08:43:12 - INFO - epoch:47/50 iteration:20/38 batch loss is :0.1154
2025-03-26 08:43:32 - INFO - epoch:47/50 iteration:25/38 batch loss is :0.0510
2025-03-26 08:43:38 - INFO - epoch:47/50 iteration:30/38 batch loss is :0.0752
2025-03-26 08:43:54 - INFO - epoch:47/50 iteration:35/38 batch loss is :0.0529
2025-03-26 08:43:57 - INFO - Epoch:47/50 Loss is :0.1316
2025-03-26 08:45:08 - INFO - epoch:48/50 iteration:0/38 batch loss is :0.0625
2025-03-26 08:45:14 - INFO - epoch:48/50 iteration:5/38 batch loss is :0.1198
2025-03-26 08:45:34 - INFO - epoch:48/50 iteration:10/38 batch loss is :0.2023
2025-03-26 08:45:40 - INFO - epoch:48/50 iteration:15/38 batch loss is :0.1351
2025-03-26 08:46:00 - INFO - epoch:48/50 iteration:20/38 batch loss is :0.0230
2025-03-26 08:46:19 - INFO - epoch:48/50 iteration:25/38 batch loss is :0.1450
2025-03-26 08:46:25 - INFO - epoch:48/50 iteration:30/38 batch loss is :0.0492
2025-03-26 08:46:41 - INFO - epoch:48/50 iteration:35/38 batch loss is :0.1658
2025-03-26 08:46:44 - INFO - Epoch:48/50 Loss is :0.1329
2025-03-26 08:47:55 - INFO - epoch:49/50 iteration:0/38 batch loss is :0.1778
2025-03-26 08:48:01 - INFO - epoch:49/50 iteration:5/38 batch loss is :0.0595
2025-03-26 08:48:20 - INFO - epoch:49/50 iteration:10/38 batch loss is :0.0855
2025-03-26 08:48:26 - INFO - epoch:49/50 iteration:15/38 batch loss is :0.0492
2025-03-26 08:48:46 - INFO - epoch:49/50 iteration:20/38 batch loss is :0.3421
2025-03-26 08:49:06 - INFO - epoch:49/50 iteration:25/38 batch loss is :0.1482
2025-03-26 08:49:11 - INFO - epoch:49/50 iteration:30/38 batch loss is :0.1598
2025-03-26 08:49:28 - INFO - epoch:49/50 iteration:35/38 batch loss is :0.0858
2025-03-26 08:49:31 - INFO - Epoch:49/50 Loss is :0.1494
2025-03-26 08:51:39 - INFO - val accuarcy is : 0.5504
2025-03-26 08:51:39 - INFO - VAL loss :2.9850
2025-03-26 08:51:40 - INFO - fold number:1
2025-03-26 08:53:08 - INFO - epoch:40/50 iteration:0/38 batch loss is :0.0770
2025-03-26 08:53:13 - INFO - epoch:40/50 iteration:5/38 batch loss is :0.6354
2025-03-26 08:53:48 - INFO - epoch:40/50 iteration:10/38 batch loss is :0.0396
2025-03-26 08:53:53 - INFO - epoch:40/50 iteration:15/38 batch loss is :0.1475
