2025-03-26 02:45:43 - INFO - ------------------------------------------------------------------------------------------------
2025-03-26 02:45:43 - INFO - starting new training !!!!
2025-03-26 02:45:43 - INFO - ------------------------------------------------------------------------------------------------
2025-03-26 02:45:43 - INFO - Namespace(batch=16, device=device(type='cuda'), epoch=50, excel_path='d:\\cleaning_GUI_annotated_data\\tab_data_annotated_pats.xlsx', gamma=0.1, json='jsons/train_test_val_split.json', log_dir='logs', lr=0.0001, model_path='model_parameter_Resnet3D\\11\\epoch30_val_2.0387_train_0.1864', save_dir='model_parameter_Resnet3D', save_freq=5, step_size=10)
2025-03-26 02:45:43 - INFO - parameters are being saved at :model_parameter_Resnet3D\12
2025-03-26 02:45:44 - INFO - found 4 gpus!
2025-03-26 02:45:44 - INFO - DataParallel(
  (module): Resnet18_3D(
    (conv1): Sequential(
      (0): Conv3d(1, 64, kernel_size=(7, 7, 7), stride=(2, 2, 2), padding=(3, 3, 3))
      (1): BatchNorm3d(64, eps=1e-05, momentum=0.1, affine=True, track_running_stats=True)
      (2): ReLU()
    )
    (maxpool): MaxPool3d(kernel_size=3, stride=2, padding=1, dilation=1, ceil_mode=False)
    (conv2): BasicConvBlock(
      (layers): Sequential(
        (0): Sequential(
          (0): Conv3d(64, 64, kernel_size=(3, 3, 3), stride=(1, 1, 1), padding=(1, 1, 1))
          (1): BatchNorm3d(64, eps=1e-05, momentum=0.1, affine=True, track_running_stats=True)
          (2): ReLU()
        )
        (1): Sequential(
          (0): Conv3d(64, 64, kernel_size=(3, 3, 3), stride=(1, 1, 1), padding=(1, 1, 1))
          (1): BatchNorm3d(64, eps=1e-05, momentum=0.1, affine=True, track_running_stats=True)
          (2): ReLU()
        )
        (2): Sequential(
          (0): Conv3d(64, 64, kernel_size=(3, 3, 3), stride=(1, 1, 1), padding=(1, 1, 1))
          (1): BatchNorm3d(64, eps=1e-05, momentum=0.1, affine=True, track_running_stats=True)
          (2): ReLU()
        )
        (3): Sequential(
          (0): Conv3d(64, 64, kernel_size=(3, 3, 3), stride=(1, 1, 1), padding=(1, 1, 1))
          (1): BatchNorm3d(64, eps=1e-05, momentum=0.1, affine=True, track_running_stats=True)
          (2): ReLU()
        )
      )
    )
    (conv3): BasicConvBlock(
      (conv1x1): Conv3d(64, 128, kernel_size=(1, 1, 1), stride=(2, 2, 2))
      (layers): Sequential(
        (0): Sequential(
          (0): Conv3d(64, 128, kernel_size=(3, 3, 3), stride=(2, 2, 2), padding=(1, 1, 1))
          (1): BatchNorm3d(128, eps=1e-05, momentum=0.1, affine=True, track_running_stats=True)
          (2): ReLU()
        )
        (1): Sequential(
          (0): Conv3d(128, 128, kernel_size=(3, 3, 3), stride=(1, 1, 1), padding=(1, 1, 1))
          (1): BatchNorm3d(128, eps=1e-05, momentum=0.1, affine=True, track_running_stats=True)
          (2): ReLU()
        )
        (2): Sequential(
          (0): Conv3d(128, 128, kernel_size=(3, 3, 3), stride=(1, 1, 1), padding=(1, 1, 1))
          (1): BatchNorm3d(128, eps=1e-05, momentum=0.1, affine=True, track_running_stats=True)
          (2): ReLU()
        )
        (3): Sequential(
          (0): Conv3d(128, 128, kernel_size=(3, 3, 3), stride=(1, 1, 1), padding=(1, 1, 1))
          (1): BatchNorm3d(128, eps=1e-05, momentum=0.1, affine=True, track_running_stats=True)
          (2): ReLU()
        )
      )
    )
    (conv4): BasicConvBlock(
      (conv1x1): Conv3d(128, 256, kernel_size=(1, 1, 1), stride=(2, 2, 2))
      (layers): Sequential(
        (0): Sequential(
          (0): Conv3d(128, 256, kernel_size=(3, 3, 3), stride=(2, 2, 2), padding=(1, 1, 1))
          (1): BatchNorm3d(256, eps=1e-05, momentum=0.1, affine=True, track_running_stats=True)
          (2): ReLU()
        )
        (1): Sequential(
          (0): Conv3d(256, 256, kernel_size=(3, 3, 3), stride=(1, 1, 1), padding=(1, 1, 1))
          (1): BatchNorm3d(256, eps=1e-05, momentum=0.1, affine=True, track_running_stats=True)
          (2): ReLU()
        )
        (2): Sequential(
          (0): Conv3d(256, 256, kernel_size=(3, 3, 3), stride=(1, 1, 1), padding=(1, 1, 1))
          (1): BatchNorm3d(256, eps=1e-05, momentum=0.1, affine=True, track_running_stats=True)
          (2): ReLU()
        )
        (3): Sequential(
          (0): Conv3d(256, 256, kernel_size=(3, 3, 3), stride=(1, 1, 1), padding=(1, 1, 1))
          (1): BatchNorm3d(256, eps=1e-05, momentum=0.1, affine=True, track_running_stats=True)
          (2): ReLU()
        )
      )
    )
    (conv5): BasicConvBlock(
      (conv1x1): Conv3d(256, 512, kernel_size=(1, 1, 1), stride=(2, 2, 2))
      (layers): Sequential(
        (0): Sequential(
          (0): Conv3d(256, 512, kernel_size=(3, 3, 3), stride=(2, 2, 2), padding=(1, 1, 1))
          (1): BatchNorm3d(512, eps=1e-05, momentum=0.1, affine=True, track_running_stats=True)
          (2): ReLU()
        )
        (1): Sequential(
          (0): Conv3d(512, 512, kernel_size=(3, 3, 3), stride=(1, 1, 1), padding=(1, 1, 1))
          (1): BatchNorm3d(512, eps=1e-05, momentum=0.1, affine=True, track_running_stats=True)
          (2): ReLU()
        )
        (2): Sequential(
          (0): Conv3d(512, 512, kernel_size=(3, 3, 3), stride=(1, 1, 1), padding=(1, 1, 1))
          (1): BatchNorm3d(512, eps=1e-05, momentum=0.1, affine=True, track_running_stats=True)
          (2): ReLU()
        )
        (3): Sequential(
          (0): Conv3d(512, 512, kernel_size=(3, 3, 3), stride=(1, 1, 1), padding=(1, 1, 1))
          (1): BatchNorm3d(512, eps=1e-05, momentum=0.1, affine=True, track_running_stats=True)
          (2): ReLU()
        )
      )
    )
    (avgPool): AdaptiveAvgPool3d(output_size=1)
    (linear): Linear(in_features=512, out_features=6, bias=True)
  )
)
2025-03-26 02:45:44 - INFO - loaded model parameters from model_parameter_Resnet3D\11\epoch30_val_2.0387_train_0.1864
2025-03-26 02:45:44 - INFO - fold number:0
2025-03-26 02:46:19 - INFO - epoch:31/50 iteration:0/38 batch loss is :0.4107
2025-03-26 02:49:10 - INFO - epoch:31/50 iteration:5/38 batch loss is :0.6284
2025-03-26 02:52:06 - INFO - epoch:31/50 iteration:10/38 batch loss is :0.2771
2025-03-26 02:54:45 - INFO - epoch:31/50 iteration:15/38 batch loss is :0.2725
2025-03-26 02:57:27 - INFO - epoch:31/50 iteration:20/38 batch loss is :0.3918
2025-03-26 03:00:31 - INFO - epoch:31/50 iteration:25/38 batch loss is :0.2421
2025-03-26 03:04:03 - INFO - epoch:31/50 iteration:30/38 batch loss is :0.5219
2025-03-26 03:07:17 - INFO - epoch:31/50 iteration:35/38 batch loss is :0.2809
2025-03-26 03:08:09 - INFO - Epoch:31/50 Loss is :0.3815
2025-03-26 03:08:35 - INFO - epoch:32/50 iteration:0/38 batch loss is :0.2021
2025-03-26 03:10:42 - INFO - epoch:32/50 iteration:5/38 batch loss is :0.9561
2025-03-26 03:12:48 - INFO - epoch:32/50 iteration:10/38 batch loss is :0.4314
2025-03-26 03:14:52 - INFO - epoch:32/50 iteration:15/38 batch loss is :0.3266
2025-03-26 03:17:10 - INFO - epoch:32/50 iteration:20/38 batch loss is :0.3128
2025-03-26 03:19:29 - INFO - epoch:32/50 iteration:25/38 batch loss is :0.2850
2025-03-26 03:21:55 - INFO - epoch:32/50 iteration:30/38 batch loss is :0.1041
2025-03-26 03:24:23 - INFO - epoch:32/50 iteration:35/38 batch loss is :0.2831
2025-03-26 03:25:12 - INFO - Epoch:32/50 Loss is :0.3743
2025-03-26 03:25:33 - INFO - epoch:33/50 iteration:0/38 batch loss is :0.6242
2025-03-26 03:27:27 - INFO - epoch:33/50 iteration:5/38 batch loss is :0.9367
2025-03-26 03:29:26 - INFO - epoch:33/50 iteration:10/38 batch loss is :0.3709
2025-03-26 03:31:20 - INFO - epoch:33/50 iteration:15/38 batch loss is :0.4262
2025-03-26 03:33:21 - INFO - epoch:33/50 iteration:20/38 batch loss is :0.4865
2025-03-26 03:35:24 - INFO - epoch:33/50 iteration:25/38 batch loss is :0.1492
2025-03-26 03:37:14 - INFO - epoch:33/50 iteration:30/38 batch loss is :0.7460
2025-03-26 03:39:02 - INFO - epoch:33/50 iteration:35/38 batch loss is :0.1594
2025-03-26 03:39:46 - INFO - Epoch:33/50 Loss is :0.4007
2025-03-26 03:40:00 - INFO - epoch:34/50 iteration:0/38 batch loss is :0.0964
2025-03-26 03:41:11 - INFO - epoch:34/50 iteration:5/38 batch loss is :0.7239
2025-03-26 03:42:23 - INFO - epoch:34/50 iteration:10/38 batch loss is :0.2906
2025-03-26 03:43:33 - INFO - epoch:34/50 iteration:15/38 batch loss is :0.5293
2025-03-26 03:44:46 - INFO - epoch:34/50 iteration:20/38 batch loss is :0.4567
2025-03-26 03:45:58 - INFO - epoch:34/50 iteration:25/38 batch loss is :0.1306
2025-03-26 03:47:09 - INFO - epoch:34/50 iteration:30/38 batch loss is :0.7933
2025-03-26 03:48:37 - INFO - epoch:34/50 iteration:35/38 batch loss is :0.0837
2025-03-26 03:49:27 - INFO - Epoch:34/50 Loss is :0.2747
2025-03-26 03:49:55 - INFO - epoch:35/50 iteration:0/38 batch loss is :0.2053
2025-03-26 03:52:14 - INFO - epoch:35/50 iteration:5/38 batch loss is :0.2037
2025-03-26 03:54:36 - INFO - epoch:35/50 iteration:10/38 batch loss is :0.1339
2025-03-26 03:56:55 - INFO - epoch:35/50 iteration:15/38 batch loss is :0.0870
2025-03-26 03:59:16 - INFO - epoch:35/50 iteration:20/38 batch loss is :0.7140
2025-03-26 04:01:45 - INFO - epoch:35/50 iteration:25/38 batch loss is :0.1402
2025-03-26 04:04:10 - INFO - epoch:35/50 iteration:30/38 batch loss is :0.3954
2025-03-26 04:06:37 - INFO - epoch:35/50 iteration:35/38 batch loss is :0.1170
2025-03-26 04:07:27 - INFO - Epoch:35/50 Loss is :0.2523
2025-03-26 04:12:45 - INFO - val accuarcy is : 0.3448
2025-03-26 04:12:45 - INFO - VAL loss :5.0379
2025-03-26 04:13:10 - INFO - epoch:36/50 iteration:0/38 batch loss is :0.0717
2025-03-26 04:15:24 - INFO - epoch:36/50 iteration:5/38 batch loss is :0.1749
2025-03-26 04:17:39 - INFO - epoch:36/50 iteration:10/38 batch loss is :0.3426
2025-03-26 04:19:44 - INFO - epoch:36/50 iteration:15/38 batch loss is :0.1671
2025-03-26 04:21:56 - INFO - epoch:36/50 iteration:20/38 batch loss is :0.3058
2025-03-26 04:24:06 - INFO - epoch:36/50 iteration:25/38 batch loss is :0.1458
2025-03-26 04:26:13 - INFO - epoch:36/50 iteration:30/38 batch loss is :0.1266
2025-03-26 04:28:25 - INFO - epoch:36/50 iteration:35/38 batch loss is :0.3945
2025-03-26 04:29:16 - INFO - Epoch:36/50 Loss is :0.2093
2025-03-26 04:29:31 - INFO - epoch:37/50 iteration:0/38 batch loss is :0.0946
2025-03-26 04:30:45 - INFO - epoch:37/50 iteration:5/38 batch loss is :0.1051
2025-03-26 04:31:58 - INFO - epoch:37/50 iteration:10/38 batch loss is :0.1459
2025-03-26 04:33:08 - INFO - epoch:37/50 iteration:15/38 batch loss is :0.1099
2025-03-26 04:35:22 - INFO - epoch:37/50 iteration:20/38 batch loss is :0.1436
2025-03-26 04:37:49 - INFO - epoch:37/50 iteration:25/38 batch loss is :0.6572
2025-03-26 04:40:17 - INFO - epoch:37/50 iteration:30/38 batch loss is :0.1098
2025-03-26 04:42:44 - INFO - epoch:37/50 iteration:35/38 batch loss is :0.1821
2025-03-26 04:43:34 - INFO - Epoch:37/50 Loss is :0.1948
2025-03-26 04:43:57 - INFO - epoch:38/50 iteration:0/38 batch loss is :0.1594
2025-03-26 04:45:42 - INFO - epoch:38/50 iteration:5/38 batch loss is :0.0958
2025-03-26 04:47:35 - INFO - epoch:38/50 iteration:10/38 batch loss is :0.0844
2025-03-26 04:49:48 - INFO - epoch:38/50 iteration:15/38 batch loss is :0.2931
2025-03-26 04:52:14 - INFO - epoch:38/50 iteration:20/38 batch loss is :0.2459
2025-03-26 04:54:36 - INFO - epoch:38/50 iteration:25/38 batch loss is :0.1438
2025-03-26 04:56:57 - INFO - epoch:38/50 iteration:30/38 batch loss is :0.5086
2025-03-26 04:59:20 - INFO - epoch:38/50 iteration:35/38 batch loss is :0.2783
2025-03-26 05:00:07 - INFO - Epoch:38/50 Loss is :0.1907
2025-03-26 05:00:30 - INFO - epoch:39/50 iteration:0/38 batch loss is :0.3225
2025-03-26 05:02:03 - INFO - epoch:39/50 iteration:5/38 batch loss is :0.3165
2025-03-26 05:03:41 - INFO - epoch:39/50 iteration:10/38 batch loss is :0.5433
2025-03-26 05:06:05 - INFO - epoch:39/50 iteration:15/38 batch loss is :0.1641
2025-03-26 05:08:25 - INFO - epoch:39/50 iteration:20/38 batch loss is :0.3791
2025-03-26 05:10:47 - INFO - epoch:39/50 iteration:25/38 batch loss is :0.1894
2025-03-26 05:13:11 - INFO - epoch:39/50 iteration:30/38 batch loss is :0.2785
2025-03-26 05:15:34 - INFO - epoch:39/50 iteration:35/38 batch loss is :0.1743
2025-03-26 05:16:22 - INFO - Epoch:39/50 Loss is :0.2178
2025-03-26 05:16:40 - INFO - epoch:40/50 iteration:0/38 batch loss is :0.0895
2025-03-26 05:18:10 - INFO - epoch:40/50 iteration:5/38 batch loss is :0.1926
2025-03-26 05:19:40 - INFO - epoch:40/50 iteration:10/38 batch loss is :0.0706
2025-03-26 05:21:15 - INFO - epoch:40/50 iteration:15/38 batch loss is :0.1645
2025-03-26 05:22:46 - INFO - epoch:40/50 iteration:20/38 batch loss is :0.1082
2025-03-26 05:24:16 - INFO - epoch:40/50 iteration:25/38 batch loss is :0.1951
2025-03-26 05:25:47 - INFO - epoch:40/50 iteration:30/38 batch loss is :0.1633
2025-03-26 05:27:15 - INFO - epoch:40/50 iteration:35/38 batch loss is :0.1930
2025-03-26 05:27:50 - INFO - Epoch:40/50 Loss is :0.1495
2025-03-26 05:32:24 - INFO - val accuarcy is : 0.3515
2025-03-26 05:32:24 - INFO - VAL loss :3.3396
2025-03-26 05:32:39 - INFO - epoch:41/50 iteration:0/38 batch loss is :0.0606
2025-03-26 05:33:50 - INFO - epoch:41/50 iteration:5/38 batch loss is :0.0476
2025-03-26 05:35:01 - INFO - epoch:41/50 iteration:10/38 batch loss is :0.0619
2025-03-26 05:36:13 - INFO - epoch:41/50 iteration:15/38 batch loss is :0.0853
2025-03-26 05:37:23 - INFO - epoch:41/50 iteration:20/38 batch loss is :0.0378
2025-03-26 05:38:34 - INFO - epoch:41/50 iteration:25/38 batch loss is :0.0294
2025-03-26 05:39:45 - INFO - epoch:41/50 iteration:30/38 batch loss is :0.0914
2025-03-26 05:40:55 - INFO - epoch:41/50 iteration:35/38 batch loss is :0.0528
2025-03-26 05:41:21 - INFO - Epoch:41/50 Loss is :0.1401
2025-03-26 05:41:35 - INFO - epoch:42/50 iteration:0/38 batch loss is :0.1124
2025-03-26 05:42:46 - INFO - epoch:42/50 iteration:5/38 batch loss is :0.0725
2025-03-26 05:43:58 - INFO - epoch:42/50 iteration:10/38 batch loss is :0.0548
2025-03-26 05:45:09 - INFO - epoch:42/50 iteration:15/38 batch loss is :0.0502
2025-03-26 05:46:20 - INFO - epoch:42/50 iteration:20/38 batch loss is :0.0532
2025-03-26 05:47:30 - INFO - epoch:42/50 iteration:25/38 batch loss is :0.0416
2025-03-26 05:48:40 - INFO - epoch:42/50 iteration:30/38 batch loss is :0.0643
2025-03-26 05:51:02 - INFO - epoch:42/50 iteration:35/38 batch loss is :0.1111
2025-03-26 05:51:51 - INFO - Epoch:42/50 Loss is :0.1264
2025-03-26 05:52:19 - INFO - epoch:43/50 iteration:0/38 batch loss is :0.0863
2025-03-26 05:54:43 - INFO - epoch:43/50 iteration:5/38 batch loss is :0.1997
2025-03-26 05:57:01 - INFO - epoch:43/50 iteration:10/38 batch loss is :0.0330
2025-03-26 05:59:21 - INFO - epoch:43/50 iteration:15/38 batch loss is :0.2332
2025-03-26 06:01:42 - INFO - epoch:43/50 iteration:20/38 batch loss is :0.0551
2025-03-26 06:03:57 - INFO - epoch:43/50 iteration:25/38 batch loss is :0.0975
2025-03-26 06:06:16 - INFO - epoch:43/50 iteration:30/38 batch loss is :0.0613
2025-03-26 06:08:33 - INFO - epoch:43/50 iteration:35/38 batch loss is :0.0910
2025-03-26 06:09:21 - INFO - Epoch:43/50 Loss is :0.1196
2025-03-26 06:09:35 - INFO - epoch:44/50 iteration:0/38 batch loss is :0.0648
2025-03-26 06:10:46 - INFO - epoch:44/50 iteration:5/38 batch loss is :0.1067
2025-03-26 06:11:58 - INFO - epoch:44/50 iteration:10/38 batch loss is :0.0551
2025-03-26 06:13:08 - INFO - epoch:44/50 iteration:15/38 batch loss is :0.0602
