2025-06-09 01:15:00 - INFO - ------------------------------------------------------------------------------------------------
2025-06-09 01:15:00 - INFO - starting new training !!!!
2025-06-09 01:15:00 - INFO - ------------------------------------------------------------------------------------------------
2025-06-09 01:15:00 - INFO - Namespace(batch=32, class_dict={'early': 0, 'inter': 1, 'ga': 2, 'wet': 3, 'notAMD': 4}, device=device(type='cuda'), epoch=15, excel_path='d:\\cleaning_GUI_annotated_data\\tab_data_annotated_pats.xlsx', gamma=0.1, json='jsons/train_test_val_split_without_scar_with_both_res.json', lambda_percep=0.8, log_dir='logs/Resnet_medicalnet', log_freq=5, lr=0.001, model_ch=[16, 32, 64, 128], model_path='pretrained/resnet_10_23dataset.pth', save_bscans=tensor([36, 48, 60, 72]), save_dir='model_parameter_Resnet_medicalnet', save_freq=5, save_recons=True, step_size=10)
2025-06-09 01:15:00 - INFO - parameters are being saved at :model_parameter_Resnet_medicalnet\9
2025-06-09 01:15:01 - INFO - found 4 gpus!
2025-06-09 01:15:01 - INFO - DataParallel(
  (module): AutoEncoder(
    (conv1): Sequential(
      (0): Conv3d(1, 16, kernel_size=(7, 7, 7), stride=(2, 2, 2), padding=(3, 3, 3))
      (1): BatchNorm3d(16, eps=1e-05, momentum=0.1, affine=True, track_running_stats=True)
      (2): ReLU()
    )
    (maxpool): MaxPool3d(kernel_size=3, stride=2, padding=1, dilation=1, ceil_mode=False)
    (conv2): BasicConvBlock(
      (layers): Sequential(
        (0): Sequential(
          (0): Conv3d(16, 16, kernel_size=(3, 3, 3), stride=(1, 1, 1), padding=(1, 1, 1))
          (1): BatchNorm3d(16, eps=1e-05, momentum=0.1, affine=True, track_running_stats=True)
          (2): ReLU()
        )
        (1): Sequential(
          (0): Conv3d(16, 16, kernel_size=(3, 3, 3), stride=(1, 1, 1), padding=(1, 1, 1))
          (1): BatchNorm3d(16, eps=1e-05, momentum=0.1, affine=True, track_running_stats=True)
          (2): ReLU()
        )
        (2): Sequential(
          (0): Conv3d(16, 16, kernel_size=(3, 3, 3), stride=(1, 1, 1), padding=(1, 1, 1))
          (1): BatchNorm3d(16, eps=1e-05, momentum=0.1, affine=True, track_running_stats=True)
          (2): ReLU()
        )
        (3): Sequential(
          (0): Conv3d(16, 16, kernel_size=(3, 3, 3), stride=(1, 1, 1), padding=(1, 1, 1))
          (1): BatchNorm3d(16, eps=1e-05, momentum=0.1, affine=True, track_running_stats=True)
          (2): ReLU()
        )
      )
    )
    (conv3): BasicConvBlock(
      (conv1x1): Conv3d(16, 32, kernel_size=(1, 1, 1), stride=(2, 2, 2))
      (layers): Sequential(
        (0): Sequential(
          (0): Conv3d(16, 32, kernel_size=(3, 3, 3), stride=(2, 2, 2), padding=(1, 1, 1))
          (1): BatchNorm3d(32, eps=1e-05, momentum=0.1, affine=True, track_running_stats=True)
          (2): ReLU()
        )
        (1): Sequential(
          (0): Conv3d(32, 32, kernel_size=(3, 3, 3), stride=(1, 1, 1), padding=(1, 1, 1))
          (1): BatchNorm3d(32, eps=1e-05, momentum=0.1, affine=True, track_running_stats=True)
          (2): ReLU()
        )
        (2): Sequential(
          (0): Conv3d(32, 32, kernel_size=(3, 3, 3), stride=(1, 1, 1), padding=(1, 1, 1))
          (1): BatchNorm3d(32, eps=1e-05, momentum=0.1, affine=True, track_running_stats=True)
          (2): ReLU()
        )
        (3): Sequential(
          (0): Conv3d(32, 32, kernel_size=(3, 3, 3), stride=(1, 1, 1), padding=(1, 1, 1))
          (1): BatchNorm3d(32, eps=1e-05, momentum=0.1, affine=True, track_running_stats=True)
          (2): ReLU()
        )
      )
    )
    (conv4): BasicConvBlock(
      (conv1x1): Conv3d(32, 64, kernel_size=(1, 1, 1), stride=(2, 2, 2))
      (layers): Sequential(
        (0): Sequential(
          (0): Conv3d(32, 64, kernel_size=(3, 3, 3), stride=(2, 2, 2), padding=(1, 1, 1))
          (1): BatchNorm3d(64, eps=1e-05, momentum=0.1, affine=True, track_running_stats=True)
          (2): ReLU()
        )
        (1): Sequential(
          (0): Conv3d(64, 64, kernel_size=(3, 3, 3), stride=(1, 1, 1), padding=(1, 1, 1))
          (1): BatchNorm3d(64, eps=1e-05, momentum=0.1, affine=True, track_running_stats=True)
          (2): ReLU()
        )
        (2): Sequential(
          (0): Conv3d(64, 64, kernel_size=(3, 3, 3), stride=(1, 1, 1), padding=(1, 1, 1))
          (1): BatchNorm3d(64, eps=1e-05, momentum=0.1, affine=True, track_running_stats=True)
          (2): ReLU()
        )
        (3): Sequential(
          (0): Conv3d(64, 64, kernel_size=(3, 3, 3), stride=(1, 1, 1), padding=(1, 1, 1))
          (1): BatchNorm3d(64, eps=1e-05, momentum=0.1, affine=True, track_running_stats=True)
          (2): ReLU()
        )
      )
    )
    (conv5): BasicConvBlock(
      (conv1x1): Conv3d(64, 128, kernel_size=(1, 1, 1), stride=(2, 2, 2))
      (layers): Sequential(
        (0): Sequential(
          (0): Conv3d(64, 128, kernel_size=(3, 3, 3), stride=(2, 2, 2), padding=(1, 1, 1))
          (1): BatchNorm3d(128, eps=1e-05, momentum=0.1, affine=True, track_running_stats=True)
          (2): ReLU()
        )
        (1): Sequential(
          (0): Conv3d(128, 128, kernel_size=(3, 3, 3), stride=(1, 1, 1), padding=(1, 1, 1))
          (1): BatchNorm3d(128, eps=1e-05, momentum=0.1, affine=True, track_running_stats=True)
          (2): ReLU()
        )
        (2): Sequential(
          (0): Conv3d(128, 128, kernel_size=(3, 3, 3), stride=(1, 1, 1), padding=(1, 1, 1))
          (1): BatchNorm3d(128, eps=1e-05, momentum=0.1, affine=True, track_running_stats=True)
          (2): ReLU()
        )
        (3): Sequential(
          (0): Conv3d(128, 128, kernel_size=(3, 3, 3), stride=(1, 1, 1), padding=(1, 1, 1))
          (1): BatchNorm3d(128, eps=1e-05, momentum=0.1, affine=True, track_running_stats=True)
          (2): ReLU()
        )
      )
    )
    (encoder): Sequential(
      (0): Sequential(
        (0): Conv3d(1, 16, kernel_size=(7, 7, 7), stride=(2, 2, 2), padding=(3, 3, 3))
        (1): BatchNorm3d(16, eps=1e-05, momentum=0.1, affine=True, track_running_stats=True)
        (2): ReLU()
      )
      (1): MaxPool3d(kernel_size=3, stride=2, padding=1, dilation=1, ceil_mode=False)
      (2): BasicConvBlock(
        (layers): Sequential(
          (0): Sequential(
            (0): Conv3d(16, 16, kernel_size=(3, 3, 3), stride=(1, 1, 1), padding=(1, 1, 1))
            (1): BatchNorm3d(16, eps=1e-05, momentum=0.1, affine=True, track_running_stats=True)
            (2): ReLU()
          )
          (1): Sequential(
            (0): Conv3d(16, 16, kernel_size=(3, 3, 3), stride=(1, 1, 1), padding=(1, 1, 1))
            (1): BatchNorm3d(16, eps=1e-05, momentum=0.1, affine=True, track_running_stats=True)
            (2): ReLU()
          )
          (2): Sequential(
            (0): Conv3d(16, 16, kernel_size=(3, 3, 3), stride=(1, 1, 1), padding=(1, 1, 1))
            (1): BatchNorm3d(16, eps=1e-05, momentum=0.1, affine=True, track_running_stats=True)
            (2): ReLU()
          )
          (3): Sequential(
            (0): Conv3d(16, 16, kernel_size=(3, 3, 3), stride=(1, 1, 1), padding=(1, 1, 1))
            (1): BatchNorm3d(16, eps=1e-05, momentum=0.1, affine=True, track_running_stats=True)
            (2): ReLU()
          )
        )
      )
      (3): BasicConvBlock(
        (conv1x1): Conv3d(16, 32, kernel_size=(1, 1, 1), stride=(2, 2, 2))
        (layers): Sequential(
          (0): Sequential(
            (0): Conv3d(16, 32, kernel_size=(3, 3, 3), stride=(2, 2, 2), padding=(1, 1, 1))
            (1): BatchNorm3d(32, eps=1e-05, momentum=0.1, affine=True, track_running_stats=True)
            (2): ReLU()
          )
          (1): Sequential(
            (0): Conv3d(32, 32, kernel_size=(3, 3, 3), stride=(1, 1, 1), padding=(1, 1, 1))
            (1): BatchNorm3d(32, eps=1e-05, momentum=0.1, affine=True, track_running_stats=True)
            (2): ReLU()
          )
          (2): Sequential(
            (0): Conv3d(32, 32, kernel_size=(3, 3, 3), stride=(1, 1, 1), padding=(1, 1, 1))
            (1): BatchNorm3d(32, eps=1e-05, momentum=0.1, affine=True, track_running_stats=True)
            (2): ReLU()
          )
          (3): Sequential(
            (0): Conv3d(32, 32, kernel_size=(3, 3, 3), stride=(1, 1, 1), padding=(1, 1, 1))
            (1): BatchNorm3d(32, eps=1e-05, momentum=0.1, affine=True, track_running_stats=True)
            (2): ReLU()
          )
        )
      )
      (4): BasicConvBlock(
        (conv1x1): Conv3d(32, 64, kernel_size=(1, 1, 1), stride=(2, 2, 2))
        (layers): Sequential(
          (0): Sequential(
            (0): Conv3d(32, 64, kernel_size=(3, 3, 3), stride=(2, 2, 2), padding=(1, 1, 1))
            (1): BatchNorm3d(64, eps=1e-05, momentum=0.1, affine=True, track_running_stats=True)
            (2): ReLU()
          )
          (1): Sequential(
            (0): Conv3d(64, 64, kernel_size=(3, 3, 3), stride=(1, 1, 1), padding=(1, 1, 1))
            (1): BatchNorm3d(64, eps=1e-05, momentum=0.1, affine=True, track_running_stats=True)
            (2): ReLU()
          )
          (2): Sequential(
            (0): Conv3d(64, 64, kernel_size=(3, 3, 3), stride=(1, 1, 1), padding=(1, 1, 1))
            (1): BatchNorm3d(64, eps=1e-05, momentum=0.1, affine=True, track_running_stats=True)
            (2): ReLU()
          )
          (3): Sequential(
            (0): Conv3d(64, 64, kernel_size=(3, 3, 3), stride=(1, 1, 1), padding=(1, 1, 1))
            (1): BatchNorm3d(64, eps=1e-05, momentum=0.1, affine=True, track_running_stats=True)
            (2): ReLU()
          )
        )
      )
      (5): BasicConvBlock(
        (conv1x1): Conv3d(64, 128, kernel_size=(1, 1, 1), stride=(2, 2, 2))
        (layers): Sequential(
          (0): Sequential(
            (0): Conv3d(64, 128, kernel_size=(3, 3, 3), stride=(2, 2, 2), padding=(1, 1, 1))
            (1): BatchNorm3d(128, eps=1e-05, momentum=0.1, affine=True, track_running_stats=True)
            (2): ReLU()
          )
          (1): Sequential(
            (0): Conv3d(128, 128, kernel_size=(3, 3, 3), stride=(1, 1, 1), padding=(1, 1, 1))
            (1): BatchNorm3d(128, eps=1e-05, momentum=0.1, affine=True, track_running_stats=True)
            (2): ReLU()
          )
          (2): Sequential(
            (0): Conv3d(128, 128, kernel_size=(3, 3, 3), stride=(1, 1, 1), padding=(1, 1, 1))
            (1): BatchNorm3d(128, eps=1e-05, momentum=0.1, affine=True, track_running_stats=True)
            (2): ReLU()
          )
          (3): Sequential(
            (0): Conv3d(128, 128, kernel_size=(3, 3, 3), stride=(1, 1, 1), padding=(1, 1, 1))
            (1): BatchNorm3d(128, eps=1e-05, momentum=0.1, affine=True, track_running_stats=True)
            (2): ReLU()
          )
        )
      )
    )
    (decode2): BasicUpsampleBlock(
      (upsample): ConvTranspose3d(16, 16, kernel_size=(3, 3, 3), stride=(2, 2, 2), padding=(1, 1, 1), output_padding=(1, 1, 1))
      (norm): BatchNorm3d(16, eps=1e-05, momentum=0.1, affine=True, track_running_stats=True)
      (relu): ReLU()
      (resize_conv): ConvTranspose3d(16, 16, kernel_size=(2, 2, 2), stride=(2, 2, 2))
    )
    (decode3): BasicUpsampleBlock(
      (upsample): ConvTranspose3d(32, 16, kernel_size=(3, 3, 3), stride=(2, 2, 2), padding=(1, 1, 1), output_padding=(1, 1, 1))
      (norm): BatchNorm3d(16, eps=1e-05, momentum=0.1, affine=True, track_running_stats=True)
      (relu): ReLU()
      (resize_conv): ConvTranspose3d(32, 16, kernel_size=(2, 2, 2), stride=(2, 2, 2))
    )
    (decode4): BasicUpsampleBlock(
      (upsample): ConvTranspose3d(64, 32, kernel_size=(3, 3, 3), stride=(2, 2, 2), padding=(1, 1, 1), output_padding=(1, 1, 1))
      (norm): BatchNorm3d(32, eps=1e-05, momentum=0.1, affine=True, track_running_stats=True)
      (relu): ReLU()
      (resize_conv): ConvTranspose3d(64, 32, kernel_size=(2, 2, 2), stride=(2, 2, 2))
    )
    (decode5): BasicUpsampleBlock(
      (upsample): ConvTranspose3d(128, 64, kernel_size=(3, 3, 3), stride=(2, 2, 2), padding=(1, 1, 1), output_padding=(1, 1, 1))
      (norm): BatchNorm3d(64, eps=1e-05, momentum=0.1, affine=True, track_running_stats=True)
      (relu): ReLU()
      (resize_conv): ConvTranspose3d(128, 64, kernel_size=(2, 2, 2), stride=(2, 2, 2))
    )
    (final_decoder): Conv3d(16, 1, kernel_size=(7, 7, 7), stride=(1, 1, 1), padding=(3, 3, 3))
    (decoder): Sequential(
      (0): BasicUpsampleBlock(
        (upsample): ConvTranspose3d(128, 64, kernel_size=(3, 3, 3), stride=(2, 2, 2), padding=(1, 1, 1), output_padding=(1, 1, 1))
        (norm): BatchNorm3d(64, eps=1e-05, momentum=0.1, affine=True, track_running_stats=True)
        (relu): ReLU()
        (resize_conv): ConvTranspose3d(128, 64, kernel_size=(2, 2, 2), stride=(2, 2, 2))
      )
      (1): BasicUpsampleBlock(
        (upsample): ConvTranspose3d(64, 32, kernel_size=(3, 3, 3), stride=(2, 2, 2), padding=(1, 1, 1), output_padding=(1, 1, 1))
        (norm): BatchNorm3d(32, eps=1e-05, momentum=0.1, affine=True, track_running_stats=True)
        (relu): ReLU()
        (resize_conv): ConvTranspose3d(64, 32, kernel_size=(2, 2, 2), stride=(2, 2, 2))
      )
      (2): BasicUpsampleBlock(
        (upsample): ConvTranspose3d(32, 16, kernel_size=(3, 3, 3), stride=(2, 2, 2), padding=(1, 1, 1), output_padding=(1, 1, 1))
        (norm): BatchNorm3d(16, eps=1e-05, momentum=0.1, affine=True, track_running_stats=True)
        (relu): ReLU()
        (resize_conv): ConvTranspose3d(32, 16, kernel_size=(2, 2, 2), stride=(2, 2, 2))
      )
      (3): BasicUpsampleBlock(
        (upsample): ConvTranspose3d(16, 16, kernel_size=(3, 3, 3), stride=(2, 2, 2), padding=(1, 1, 1), output_padding=(1, 1, 1))
        (norm): BatchNorm3d(16, eps=1e-05, momentum=0.1, affine=True, track_running_stats=True)
        (relu): ReLU()
        (resize_conv): ConvTranspose3d(16, 16, kernel_size=(2, 2, 2), stride=(2, 2, 2))
      )
      (4): Interpolate()
      (5): Conv3d(16, 1, kernel_size=(7, 7, 7), stride=(1, 1, 1), padding=(3, 3, 3))
    )
  )
)
2025-06-09 01:15:02 - INFO - the missing keys are : 
['module.conv1.0.weight', 'module.conv1.0.bias', 'module.conv1.1.weight', 'module.conv1.1.bias', 'module.conv1.1.running_mean', 'module.conv1.1.running_var', 'module.conv2.layers.0.0.weight', 'module.conv2.layers.0.0.bias', 'module.conv2.layers.0.1.weight', 'module.conv2.layers.0.1.bias', 'module.conv2.layers.0.1.running_mean', 'module.conv2.layers.0.1.running_var', 'module.conv2.layers.1.0.weight', 'module.conv2.layers.1.0.bias', 'module.conv2.layers.1.1.weight', 'module.conv2.layers.1.1.bias', 'module.conv2.layers.1.1.running_mean', 'module.conv2.layers.1.1.running_var', 'module.conv2.layers.2.0.weight', 'module.conv2.layers.2.0.bias', 'module.conv2.layers.2.1.weight', 'module.conv2.layers.2.1.bias', 'module.conv2.layers.2.1.running_mean', 'module.conv2.layers.2.1.running_var', 'module.conv2.layers.3.0.weight', 'module.conv2.layers.3.0.bias', 'module.conv2.layers.3.1.weight', 'module.conv2.layers.3.1.bias', 'module.conv2.layers.3.1.running_mean', 'module.conv2.layers.3.1.running_var', 'module.conv3.conv1x1.weight', 'module.conv3.conv1x1.bias', 'module.conv3.layers.0.0.weight', 'module.conv3.layers.0.0.bias', 'module.conv3.layers.0.1.weight', 'module.conv3.layers.0.1.bias', 'module.conv3.layers.0.1.running_mean', 'module.conv3.layers.0.1.running_var', 'module.conv3.layers.1.0.weight', 'module.conv3.layers.1.0.bias', 'module.conv3.layers.1.1.weight', 'module.conv3.layers.1.1.bias', 'module.conv3.layers.1.1.running_mean', 'module.conv3.layers.1.1.running_var', 'module.conv3.layers.2.0.weight', 'module.conv3.layers.2.0.bias', 'module.conv3.layers.2.1.weight', 'module.conv3.layers.2.1.bias', 'module.conv3.layers.2.1.running_mean', 'module.conv3.layers.2.1.running_var', 'module.conv3.layers.3.0.weight', 'module.conv3.layers.3.0.bias', 'module.conv3.layers.3.1.weight', 'module.conv3.layers.3.1.bias', 'module.conv3.layers.3.1.running_mean', 'module.conv3.layers.3.1.running_var', 'module.conv4.conv1x1.weight', 'module.conv4.conv1x1.bias', 'module.conv4.layers.0.0.weight', 'module.conv4.layers.0.0.bias', 'module.conv4.layers.0.1.weight', 'module.conv4.layers.0.1.bias', 'module.conv4.layers.0.1.running_mean', 'module.conv4.layers.0.1.running_var', 'module.conv4.layers.1.0.weight', 'module.conv4.layers.1.0.bias', 'module.conv4.layers.1.1.weight', 'module.conv4.layers.1.1.bias', 'module.conv4.layers.1.1.running_mean', 'module.conv4.layers.1.1.running_var', 'module.conv4.layers.2.0.weight', 'module.conv4.layers.2.0.bias', 'module.conv4.layers.2.1.weight', 'module.conv4.layers.2.1.bias', 'module.conv4.layers.2.1.running_mean', 'module.conv4.layers.2.1.running_var', 'module.conv4.layers.3.0.weight', 'module.conv4.layers.3.0.bias', 'module.conv4.layers.3.1.weight', 'module.conv4.layers.3.1.bias', 'module.conv4.layers.3.1.running_mean', 'module.conv4.layers.3.1.running_var', 'module.conv5.conv1x1.weight', 'module.conv5.conv1x1.bias', 'module.conv5.layers.0.0.weight', 'module.conv5.layers.0.0.bias', 'module.conv5.layers.0.1.weight', 'module.conv5.layers.0.1.bias', 'module.conv5.layers.0.1.running_mean', 'module.conv5.layers.0.1.running_var', 'module.conv5.layers.1.0.weight', 'module.conv5.layers.1.0.bias', 'module.conv5.layers.1.1.weight', 'module.conv5.layers.1.1.bias', 'module.conv5.layers.1.1.running_mean', 'module.conv5.layers.1.1.running_var', 'module.conv5.layers.2.0.weight', 'module.conv5.layers.2.0.bias', 'module.conv5.layers.2.1.weight', 'module.conv5.layers.2.1.bias', 'module.conv5.layers.2.1.running_mean', 'module.conv5.layers.2.1.running_var', 'module.conv5.layers.3.0.weight', 'module.conv5.layers.3.0.bias', 'module.conv5.layers.3.1.weight', 'module.conv5.layers.3.1.bias', 'module.conv5.layers.3.1.running_mean', 'module.conv5.layers.3.1.running_var', 'module.encoder.0.0.weight', 'module.encoder.0.0.bias', 'module.encoder.0.1.weight', 'module.encoder.0.1.bias', 'module.encoder.0.1.running_mean', 'module.encoder.0.1.running_var', 'module.encoder.2.layers.0.0.weight', 'module.encoder.2.layers.0.0.bias', 'module.encoder.2.layers.0.1.weight', 'module.encoder.2.layers.0.1.bias', 'module.encoder.2.layers.0.1.running_mean', 'module.encoder.2.layers.0.1.running_var', 'module.encoder.2.layers.1.0.weight', 'module.encoder.2.layers.1.0.bias', 'module.encoder.2.layers.1.1.weight', 'module.encoder.2.layers.1.1.bias', 'module.encoder.2.layers.1.1.running_mean', 'module.encoder.2.layers.1.1.running_var', 'module.encoder.2.layers.2.0.weight', 'module.encoder.2.layers.2.0.bias', 'module.encoder.2.layers.2.1.weight', 'module.encoder.2.layers.2.1.bias', 'module.encoder.2.layers.2.1.running_mean', 'module.encoder.2.layers.2.1.running_var', 'module.encoder.2.layers.3.0.weight', 'module.encoder.2.layers.3.0.bias', 'module.encoder.2.layers.3.1.weight', 'module.encoder.2.layers.3.1.bias', 'module.encoder.2.layers.3.1.running_mean', 'module.encoder.2.layers.3.1.running_var', 'module.encoder.3.conv1x1.weight', 'module.encoder.3.conv1x1.bias', 'module.encoder.3.layers.0.0.weight', 'module.encoder.3.layers.0.0.bias', 'module.encoder.3.layers.0.1.weight', 'module.encoder.3.layers.0.1.bias', 'module.encoder.3.layers.0.1.running_mean', 'module.encoder.3.layers.0.1.running_var', 'module.encoder.3.layers.1.0.weight', 'module.encoder.3.layers.1.0.bias', 'module.encoder.3.layers.1.1.weight', 'module.encoder.3.layers.1.1.bias', 'module.encoder.3.layers.1.1.running_mean', 'module.encoder.3.layers.1.1.running_var', 'module.encoder.3.layers.2.0.weight', 'module.encoder.3.layers.2.0.bias', 'module.encoder.3.layers.2.1.weight', 'module.encoder.3.layers.2.1.bias', 'module.encoder.3.layers.2.1.running_mean', 'module.encoder.3.layers.2.1.running_var', 'module.encoder.3.layers.3.0.weight', 'module.encoder.3.layers.3.0.bias', 'module.encoder.3.layers.3.1.weight', 'module.encoder.3.layers.3.1.bias', 'module.encoder.3.layers.3.1.running_mean', 'module.encoder.3.layers.3.1.running_var', 'module.encoder.4.conv1x1.weight', 'module.encoder.4.conv1x1.bias', 'module.encoder.4.layers.0.0.weight', 'module.encoder.4.layers.0.0.bias', 'module.encoder.4.layers.0.1.weight', 'module.encoder.4.layers.0.1.bias', 'module.encoder.4.layers.0.1.running_mean', 'module.encoder.4.layers.0.1.running_var', 'module.encoder.4.layers.1.0.weight', 'module.encoder.4.layers.1.0.bias', 'module.encoder.4.layers.1.1.weight', 'module.encoder.4.layers.1.1.bias', 'module.encoder.4.layers.1.1.running_mean', 'module.encoder.4.layers.1.1.running_var', 'module.encoder.4.layers.2.0.weight', 'module.encoder.4.layers.2.0.bias', 'module.encoder.4.layers.2.1.weight', 'module.encoder.4.layers.2.1.bias', 'module.encoder.4.layers.2.1.running_mean', 'module.encoder.4.layers.2.1.running_var', 'module.encoder.4.layers.3.0.weight', 'module.encoder.4.layers.3.0.bias', 'module.encoder.4.layers.3.1.weight', 'module.encoder.4.layers.3.1.bias', 'module.encoder.4.layers.3.1.running_mean', 'module.encoder.4.layers.3.1.running_var', 'module.encoder.5.conv1x1.weight', 'module.encoder.5.conv1x1.bias', 'module.encoder.5.layers.0.0.weight', 'module.encoder.5.layers.0.0.bias', 'module.encoder.5.layers.0.1.weight', 'module.encoder.5.layers.0.1.bias', 'module.encoder.5.layers.0.1.running_mean', 'module.encoder.5.layers.0.1.running_var', 'module.encoder.5.layers.1.0.weight', 'module.encoder.5.layers.1.0.bias', 'module.encoder.5.layers.1.1.weight', 'module.encoder.5.layers.1.1.bias', 'module.encoder.5.layers.1.1.running_mean', 'module.encoder.5.layers.1.1.running_var', 'module.encoder.5.layers.2.0.weight', 'module.encoder.5.layers.2.0.bias', 'module.encoder.5.layers.2.1.weight', 'module.encoder.5.layers.2.1.bias', 'module.encoder.5.layers.2.1.running_mean', 'module.encoder.5.layers.2.1.running_var', 'module.encoder.5.layers.3.0.weight', 'module.encoder.5.layers.3.0.bias', 'module.encoder.5.layers.3.1.weight', 'module.encoder.5.layers.3.1.bias', 'module.encoder.5.layers.3.1.running_mean', 'module.encoder.5.layers.3.1.running_var', 'module.decode2.upsample.weight', 'module.decode2.upsample.bias', 'module.decode2.norm.weight', 'module.decode2.norm.bias', 'module.decode2.norm.running_mean', 'module.decode2.norm.running_var', 'module.decode2.resize_conv.weight', 'module.decode2.resize_conv.bias', 'module.decode3.upsample.weight', 'module.decode3.upsample.bias', 'module.decode3.norm.weight', 'module.decode3.norm.bias', 'module.decode3.norm.running_mean', 'module.decode3.norm.running_var', 'module.decode3.resize_conv.weight', 'module.decode3.resize_conv.bias', 'module.decode4.upsample.weight', 'module.decode4.upsample.bias', 'module.decode4.norm.weight', 'module.decode4.norm.bias', 'module.decode4.norm.running_mean', 'module.decode4.norm.running_var', 'module.decode4.resize_conv.weight', 'module.decode4.resize_conv.bias', 'module.decode5.upsample.weight', 'module.decode5.upsample.bias', 'module.decode5.norm.weight', 'module.decode5.norm.bias', 'module.decode5.norm.running_mean', 'module.decode5.norm.running_var', 'module.decode5.resize_conv.weight', 'module.decode5.resize_conv.bias', 'module.final_decoder.weight', 'module.final_decoder.bias', 'module.decoder.0.upsample.weight', 'module.decoder.0.upsample.bias', 'module.decoder.0.norm.weight', 'module.decoder.0.norm.bias', 'module.decoder.0.norm.running_mean', 'module.decoder.0.norm.running_var', 'module.decoder.0.resize_conv.weight', 'module.decoder.0.resize_conv.bias', 'module.decoder.1.upsample.weight', 'module.decoder.1.upsample.bias', 'module.decoder.1.norm.weight', 'module.decoder.1.norm.bias', 'module.decoder.1.norm.running_mean', 'module.decoder.1.norm.running_var', 'module.decoder.1.resize_conv.weight', 'module.decoder.1.resize_conv.bias', 'module.decoder.2.upsample.weight', 'module.decoder.2.upsample.bias', 'module.decoder.2.norm.weight', 'module.decoder.2.norm.bias', 'module.decoder.2.norm.running_mean', 'module.decoder.2.norm.running_var', 'module.decoder.2.resize_conv.weight', 'module.decoder.2.resize_conv.bias', 'module.decoder.3.upsample.weight', 'module.decoder.3.upsample.bias', 'module.decoder.3.norm.weight', 'module.decoder.3.norm.bias', 'module.decoder.3.norm.running_mean', 'module.decoder.3.norm.running_var', 'module.decoder.3.resize_conv.weight', 'module.decoder.3.resize_conv.bias', 'module.decoder.5.weight', 'module.decoder.5.bias']
2025-06-09 01:15:02 - INFO - the unexpected keys are :
['module.bn1.weight', 'module.bn1.bias', 'module.bn1.running_mean', 'module.bn1.running_var', 'module.bn1.num_batches_tracked', 'module.layer1.0.conv1.weight', 'module.layer1.0.bn1.weight', 'module.layer1.0.bn1.bias', 'module.layer1.0.bn1.running_mean', 'module.layer1.0.bn1.running_var', 'module.layer1.0.bn1.num_batches_tracked', 'module.layer1.0.conv2.weight', 'module.layer1.0.bn2.weight', 'module.layer1.0.bn2.bias', 'module.layer1.0.bn2.running_mean', 'module.layer1.0.bn2.running_var', 'module.layer1.0.bn2.num_batches_tracked', 'module.layer2.0.conv1.weight', 'module.layer2.0.bn1.weight', 'module.layer2.0.bn1.bias', 'module.layer2.0.bn1.running_mean', 'module.layer2.0.bn1.running_var', 'module.layer2.0.bn1.num_batches_tracked', 'module.layer2.0.conv2.weight', 'module.layer2.0.bn2.weight', 'module.layer2.0.bn2.bias', 'module.layer2.0.bn2.running_mean', 'module.layer2.0.bn2.running_var', 'module.layer2.0.bn2.num_batches_tracked', 'module.layer2.0.downsample.0.weight', 'module.layer2.0.downsample.1.weight', 'module.layer2.0.downsample.1.bias', 'module.layer2.0.downsample.1.running_mean', 'module.layer2.0.downsample.1.running_var', 'module.layer2.0.downsample.1.num_batches_tracked', 'module.layer3.0.conv1.weight', 'module.layer3.0.bn1.weight', 'module.layer3.0.bn1.bias', 'module.layer3.0.bn1.running_mean', 'module.layer3.0.bn1.running_var', 'module.layer3.0.bn1.num_batches_tracked', 'module.layer3.0.conv2.weight', 'module.layer3.0.bn2.weight', 'module.layer3.0.bn2.bias', 'module.layer3.0.bn2.running_mean', 'module.layer3.0.bn2.running_var', 'module.layer3.0.bn2.num_batches_tracked', 'module.layer3.0.downsample.0.weight', 'module.layer3.0.downsample.1.weight', 'module.layer3.0.downsample.1.bias', 'module.layer3.0.downsample.1.running_mean', 'module.layer3.0.downsample.1.running_var', 'module.layer3.0.downsample.1.num_batches_tracked', 'module.layer4.0.conv1.weight', 'module.layer4.0.bn1.weight', 'module.layer4.0.bn1.bias', 'module.layer4.0.bn1.running_mean', 'module.layer4.0.bn1.running_var', 'module.layer4.0.bn1.num_batches_tracked', 'module.layer4.0.conv2.weight', 'module.layer4.0.bn2.weight', 'module.layer4.0.bn2.bias', 'module.layer4.0.bn2.running_mean', 'module.layer4.0.bn2.running_var', 'module.layer4.0.bn2.num_batches_tracked', 'module.layer4.0.downsample.0.weight', 'module.layer4.0.downsample.1.weight', 'module.layer4.0.downsample.1.bias', 'module.layer4.0.downsample.1.running_mean', 'module.layer4.0.downsample.1.running_var', 'module.layer4.0.downsample.1.num_batches_tracked', 'module.conv1.weight']
2025-06-09 01:15:02 - INFO - loaded model parameters from pretrained/resnet_10_23dataset.pth
