2025-06-16 02:43:29 - INFO - ------------------------------------------------------------------------------------------------
2025-06-16 02:43:29 - INFO - starting new training !!!!
2025-06-16 02:43:29 - INFO - ------------------------------------------------------------------------------------------------
2025-06-16 02:43:29 - INFO - Namespace(batch=32, class_dict={'early': 0, 'inter': 1, 'ga': 2, 'wet': 3, 'notAMD': 4}, device=device(type='cuda'), epoch=15, excel_path='d:\\cleaning_GUI_annotated_data\\tab_data_annotated_pats.xlsx', gamma=0.1, json='jsons/train_test_val_split_without_scar_with_both_res.json', log_dir='logs/Resnet_medicalnet', lr=0.001, model_path='pretrained/resnet_10_23dataset.pth', num_classes=5, save_dir='model_parameter_Resnet_medicalnet', save_freq=5, step_size=10, weight_matrix=tensor([0.9100, 0.1110, 0.1110, 0.1250, 1.0000]))
2025-06-16 02:43:29 - INFO - parameters are being saved at :model_parameter_Resnet_medicalnet\5
2025-06-16 02:43:30 - INFO - found 4 gpus!
2025-06-16 02:43:30 - INFO - DataParallel(
  (module): ResNet(
    (conv1): Conv3d(1, 64, kernel_size=(7, 7, 7), stride=(2, 2, 2), padding=(3, 3, 3), bias=False)
    (bn1): BatchNorm3d(64, eps=1e-05, momentum=0.1, affine=True, track_running_stats=True)
    (relu): ReLU(inplace=True)
    (maxpool): MaxPool3d(kernel_size=(3, 3, 3), stride=2, padding=1, dilation=1, ceil_mode=False)
    (layer1): Sequential(
      (0): BasicBlock(
        (conv1): Conv3d(64, 64, kernel_size=(3, 3, 3), stride=(1, 1, 1), padding=(1, 1, 1), bias=False)
        (bn1): BatchNorm3d(64, eps=1e-05, momentum=0.1, affine=True, track_running_stats=True)
        (relu): ReLU(inplace=True)
        (conv2): Conv3d(64, 64, kernel_size=(3, 3, 3), stride=(1, 1, 1), padding=(1, 1, 1), bias=False)
        (bn2): BatchNorm3d(64, eps=1e-05, momentum=0.1, affine=True, track_running_stats=True)
      )
    )
    (layer2): Sequential(
      (0): BasicBlock(
        (conv1): Conv3d(64, 128, kernel_size=(3, 3, 3), stride=(2, 2, 2), padding=(1, 1, 1), bias=False)
        (bn1): BatchNorm3d(128, eps=1e-05, momentum=0.1, affine=True, track_running_stats=True)
        (relu): ReLU(inplace=True)
        (conv2): Conv3d(128, 128, kernel_size=(3, 3, 3), stride=(1, 1, 1), padding=(1, 1, 1), bias=False)
        (bn2): BatchNorm3d(128, eps=1e-05, momentum=0.1, affine=True, track_running_stats=True)
        (downsample): Sequential(
          (0): Conv3d(64, 128, kernel_size=(1, 1, 1), stride=(2, 2, 2), bias=False)
          (1): BatchNorm3d(128, eps=1e-05, momentum=0.1, affine=True, track_running_stats=True)
        )
      )
    )
    (layer3): Sequential(
      (0): BasicBlock(
        (conv1): Conv3d(128, 256, kernel_size=(3, 3, 3), stride=(1, 1, 1), padding=(2, 2, 2), dilation=(2, 2, 2), bias=False)
        (bn1): BatchNorm3d(256, eps=1e-05, momentum=0.1, affine=True, track_running_stats=True)
        (relu): ReLU(inplace=True)
        (conv2): Conv3d(256, 256, kernel_size=(3, 3, 3), stride=(1, 1, 1), padding=(2, 2, 2), dilation=(2, 2, 2), bias=False)
        (bn2): BatchNorm3d(256, eps=1e-05, momentum=0.1, affine=True, track_running_stats=True)
        (downsample): Sequential(
          (0): Conv3d(128, 256, kernel_size=(1, 1, 1), stride=(1, 1, 1), bias=False)
          (1): BatchNorm3d(256, eps=1e-05, momentum=0.1, affine=True, track_running_stats=True)
        )
      )
    )
    (layer4): Sequential(
      (0): BasicBlock(
        (conv1): Conv3d(256, 512, kernel_size=(3, 3, 3), stride=(1, 1, 1), padding=(4, 4, 4), dilation=(4, 4, 4), bias=False)
        (bn1): BatchNorm3d(512, eps=1e-05, momentum=0.1, affine=True, track_running_stats=True)
        (relu): ReLU(inplace=True)
        (conv2): Conv3d(512, 512, kernel_size=(3, 3, 3), stride=(1, 1, 1), padding=(4, 4, 4), dilation=(4, 4, 4), bias=False)
        (bn2): BatchNorm3d(512, eps=1e-05, momentum=0.1, affine=True, track_running_stats=True)
        (downsample): Sequential(
          (0): Conv3d(256, 512, kernel_size=(1, 1, 1), stride=(1, 1, 1), bias=False)
          (1): BatchNorm3d(512, eps=1e-05, momentum=0.1, affine=True, track_running_stats=True)
        )
      )
    )
    (GAP): AdaptiveAvgPool3d(output_size=(2, 2, 2))
    (linear): Linear(in_features=4096, out_features=5, bias=True)
  )
)
2025-06-16 02:43:30 - INFO - the missing keys are : 
['module.linear.weight', 'module.linear.bias']
2025-06-16 02:43:30 - INFO - the unexpected keys are :
[]
2025-06-16 02:43:30 - INFO - loaded model parameters from pretrained/resnet_10_23dataset.pth
2025-06-16 02:43:30 - INFO - fold number:0
2025-06-16 02:46:59 - INFO - epoch:0/15 iteration:0/25 batch loss is :1.9506
2025-06-16 02:46:59 - INFO - the acc is :0.0625
2025-06-16 02:47:19 - INFO - epoch:0/15 iteration:5/25 batch loss is :1.7127
2025-06-16 02:47:19 - INFO - the acc is :0.09375
2025-06-16 02:47:39 - INFO - epoch:0/15 iteration:10/25 batch loss is :1.8486
2025-06-16 02:47:39 - INFO - the acc is :0.1875
2025-06-16 02:47:59 - INFO - epoch:0/15 iteration:15/25 batch loss is :1.1479
2025-06-16 02:47:59 - INFO - the acc is :0.25
2025-06-16 02:48:17 - INFO - epoch:0/15 iteration:20/25 batch loss is :1.2374
2025-06-16 02:48:17 - INFO - the acc is :0.1875
2025-06-16 02:48:32 - INFO - Epoch:0/15 Loss is :1.4985
2025-06-16 02:52:08 - INFO - val accuarcy is : 0.1763
2025-06-16 02:52:08 - INFO - VAL loss :2.0217
2025-06-16 02:55:52 - INFO - epoch:1/15 iteration:0/25 batch loss is :1.2426
2025-06-16 02:55:52 - INFO - the acc is :0.1875
2025-06-16 03:06:21 - INFO - epoch:1/15 iteration:5/25 batch loss is :1.7129
2025-06-16 03:06:21 - INFO - the acc is :0.28125
2025-06-16 03:06:39 - INFO - epoch:1/15 iteration:10/25 batch loss is :1.3593
2025-06-16 03:06:39 - INFO - the acc is :0.21875
2025-06-16 03:06:56 - INFO - epoch:1/15 iteration:15/25 batch loss is :1.2178
2025-06-16 03:06:56 - INFO - the acc is :0.34375
2025-06-16 03:07:14 - INFO - epoch:1/15 iteration:20/25 batch loss is :1.1675
2025-06-16 03:07:14 - INFO - the acc is :0.28125
2025-06-16 03:07:29 - INFO - Epoch:1/15 Loss is :1.2667
2025-06-16 03:11:27 - INFO - epoch:2/15 iteration:0/25 batch loss is :0.9588
2025-06-16 03:11:27 - INFO - the acc is :0.25
2025-06-16 03:11:45 - INFO - epoch:2/15 iteration:5/25 batch loss is :1.3061
2025-06-16 03:11:45 - INFO - the acc is :0.28125
2025-06-16 03:12:05 - INFO - epoch:2/15 iteration:10/25 batch loss is :0.8918
2025-06-16 03:12:05 - INFO - the acc is :0.59375
2025-06-16 03:12:44 - INFO - epoch:2/15 iteration:15/25 batch loss is :1.1749
2025-06-16 03:12:44 - INFO - the acc is :0.34375
2025-06-16 03:13:02 - INFO - epoch:2/15 iteration:20/25 batch loss is :1.0152
2025-06-16 03:13:02 - INFO - the acc is :0.28125
2025-06-16 03:13:17 - INFO - Epoch:2/15 Loss is :1.1541
2025-06-16 03:16:28 - INFO - epoch:3/15 iteration:0/25 batch loss is :0.8882
2025-06-16 03:16:28 - INFO - the acc is :0.34375
2025-06-16 03:16:47 - INFO - epoch:3/15 iteration:5/25 batch loss is :1.6321
2025-06-16 03:16:47 - INFO - the acc is :0.28125
2025-06-16 03:17:07 - INFO - epoch:3/15 iteration:10/25 batch loss is :1.3062
2025-06-16 03:17:07 - INFO - the acc is :0.3125
2025-06-16 03:17:26 - INFO - epoch:3/15 iteration:15/25 batch loss is :0.9934
2025-06-16 03:17:26 - INFO - the acc is :0.40625
2025-06-16 03:17:44 - INFO - epoch:3/15 iteration:20/25 batch loss is :1.3398
2025-06-16 03:17:44 - INFO - the acc is :0.21875
2025-06-16 03:17:58 - INFO - Epoch:3/15 Loss is :1.0854
2025-06-16 03:21:55 - INFO - epoch:4/15 iteration:0/25 batch loss is :1.0492
2025-06-16 03:21:55 - INFO - the acc is :0.375
2025-06-16 03:22:14 - INFO - epoch:4/15 iteration:5/25 batch loss is :0.7856
2025-06-16 03:22:14 - INFO - the acc is :0.375
2025-06-16 03:22:33 - INFO - epoch:4/15 iteration:10/25 batch loss is :0.7911
2025-06-16 03:22:33 - INFO - the acc is :0.5
2025-06-16 03:23:14 - INFO - epoch:4/15 iteration:15/25 batch loss is :1.4933
2025-06-16 03:23:14 - INFO - the acc is :0.28125
2025-06-16 03:23:32 - INFO - epoch:4/15 iteration:20/25 batch loss is :0.8060
2025-06-16 03:23:32 - INFO - the acc is :0.46875
2025-06-16 03:23:46 - INFO - Epoch:4/15 Loss is :0.9613
2025-06-16 03:26:59 - INFO - epoch:5/15 iteration:0/25 batch loss is :0.8908
2025-06-16 03:26:59 - INFO - the acc is :0.4375
2025-06-16 03:27:18 - INFO - epoch:5/15 iteration:5/25 batch loss is :0.5723
2025-06-16 03:27:18 - INFO - the acc is :0.5625
2025-06-16 03:27:39 - INFO - epoch:5/15 iteration:10/25 batch loss is :0.4818
2025-06-16 03:27:39 - INFO - the acc is :0.5625
2025-06-16 03:27:57 - INFO - epoch:5/15 iteration:15/25 batch loss is :0.8978
2025-06-16 03:27:57 - INFO - the acc is :0.40625
2025-06-16 03:28:15 - INFO - epoch:5/15 iteration:20/25 batch loss is :1.0322
2025-06-16 03:28:15 - INFO - the acc is :0.375
2025-06-16 03:28:29 - INFO - Epoch:5/15 Loss is :0.8403
2025-06-16 03:31:55 - INFO - val accuarcy is : 0.3371
2025-06-16 03:31:55 - INFO - VAL loss :1.5651
2025-06-16 03:35:17 - INFO - epoch:6/15 iteration:0/25 batch loss is :0.8533
2025-06-16 03:35:17 - INFO - the acc is :0.4375
2025-06-16 03:35:35 - INFO - epoch:6/15 iteration:5/25 batch loss is :0.9781
2025-06-16 03:35:35 - INFO - the acc is :0.53125
2025-06-16 03:35:55 - INFO - epoch:6/15 iteration:10/25 batch loss is :0.4562
2025-06-16 03:35:55 - INFO - the acc is :0.625
2025-06-16 03:36:35 - INFO - epoch:6/15 iteration:15/25 batch loss is :1.2168
2025-06-16 03:36:35 - INFO - the acc is :0.5
2025-06-16 03:36:53 - INFO - epoch:6/15 iteration:20/25 batch loss is :0.5098
2025-06-16 03:36:53 - INFO - the acc is :0.5625
2025-06-16 03:37:08 - INFO - Epoch:6/15 Loss is :0.9648
2025-06-16 03:40:47 - INFO - epoch:7/15 iteration:0/25 batch loss is :0.6611
2025-06-16 03:40:47 - INFO - the acc is :0.625
2025-06-16 03:41:06 - INFO - epoch:7/15 iteration:5/25 batch loss is :0.6963
2025-06-16 03:41:06 - INFO - the acc is :0.5
2025-06-16 03:41:26 - INFO - epoch:7/15 iteration:10/25 batch loss is :0.5825
2025-06-16 03:41:26 - INFO - the acc is :0.59375
2025-06-16 03:41:45 - INFO - epoch:7/15 iteration:15/25 batch loss is :0.6768
2025-06-16 03:41:45 - INFO - the acc is :0.4375
2025-06-16 03:42:03 - INFO - epoch:7/15 iteration:20/25 batch loss is :0.6103
2025-06-16 03:42:03 - INFO - the acc is :0.65625
2025-06-16 03:42:18 - INFO - Epoch:7/15 Loss is :0.7913
2025-06-16 03:45:30 - INFO - epoch:8/15 iteration:0/25 batch loss is :0.5861
2025-06-16 03:45:30 - INFO - the acc is :0.53125
2025-06-16 03:45:49 - INFO - epoch:8/15 iteration:5/25 batch loss is :1.0276
2025-06-16 03:45:49 - INFO - the acc is :0.375
2025-06-16 03:46:10 - INFO - epoch:8/15 iteration:10/25 batch loss is :0.6601
2025-06-16 03:46:10 - INFO - the acc is :0.5
2025-06-16 03:46:27 - INFO - epoch:8/15 iteration:15/25 batch loss is :0.5449
2025-06-16 03:46:27 - INFO - the acc is :0.5
2025-06-16 03:46:45 - INFO - epoch:8/15 iteration:20/25 batch loss is :0.6180
2025-06-16 03:46:45 - INFO - the acc is :0.5
2025-06-16 03:47:00 - INFO - Epoch:8/15 Loss is :0.7281
2025-06-16 03:50:10 - INFO - epoch:9/15 iteration:0/25 batch loss is :0.4839
2025-06-16 03:50:10 - INFO - the acc is :0.625
2025-06-16 03:50:30 - INFO - epoch:9/15 iteration:5/25 batch loss is :0.5076
2025-06-16 03:50:30 - INFO - the acc is :0.53125
2025-06-16 03:50:50 - INFO - epoch:9/15 iteration:10/25 batch loss is :1.0900
2025-06-16 03:50:50 - INFO - the acc is :0.34375
2025-06-16 03:51:08 - INFO - epoch:9/15 iteration:15/25 batch loss is :0.7471
2025-06-16 03:51:08 - INFO - the acc is :0.5625
2025-06-16 03:51:26 - INFO - epoch:9/15 iteration:20/25 batch loss is :0.3265
2025-06-16 03:51:26 - INFO - the acc is :0.75
2025-06-16 03:51:41 - INFO - Epoch:9/15 Loss is :0.6914
2025-06-16 03:54:48 - INFO - epoch:10/15 iteration:0/25 batch loss is :0.4615
2025-06-16 03:54:48 - INFO - the acc is :0.625
2025-06-16 03:55:07 - INFO - epoch:10/15 iteration:5/25 batch loss is :0.5918
2025-06-16 03:55:07 - INFO - the acc is :0.4375
2025-06-16 03:55:28 - INFO - epoch:10/15 iteration:10/25 batch loss is :0.6184
2025-06-16 03:55:28 - INFO - the acc is :0.59375
2025-06-16 03:55:46 - INFO - epoch:10/15 iteration:15/25 batch loss is :0.5109
2025-06-16 03:55:46 - INFO - the acc is :0.59375
2025-06-16 03:56:04 - INFO - epoch:10/15 iteration:20/25 batch loss is :0.4241
2025-06-16 03:56:04 - INFO - the acc is :0.71875
2025-06-16 03:56:19 - INFO - Epoch:10/15 Loss is :0.5028
2025-06-16 03:59:43 - INFO - val accuarcy is : 0.5083
2025-06-16 03:59:43 - INFO - VAL loss :1.1811
2025-06-16 04:02:50 - INFO - epoch:11/15 iteration:0/25 batch loss is :0.3936
2025-06-16 04:02:50 - INFO - the acc is :0.65625
2025-06-16 04:03:09 - INFO - epoch:11/15 iteration:5/25 batch loss is :0.4837
2025-06-16 04:03:09 - INFO - the acc is :0.65625
2025-06-16 04:03:30 - INFO - epoch:11/15 iteration:10/25 batch loss is :0.8593
2025-06-16 04:03:30 - INFO - the acc is :0.53125
2025-06-16 04:03:48 - INFO - epoch:11/15 iteration:15/25 batch loss is :0.6695
2025-06-16 04:03:48 - INFO - the acc is :0.5625
2025-06-16 04:04:06 - INFO - epoch:11/15 iteration:20/25 batch loss is :0.8433
2025-06-16 04:04:06 - INFO - the acc is :0.5
2025-06-16 04:04:21 - INFO - Epoch:11/15 Loss is :0.5163
2025-06-16 04:08:16 - INFO - epoch:12/15 iteration:0/25 batch loss is :0.5425
2025-06-16 04:08:16 - INFO - the acc is :0.59375
2025-06-16 04:08:35 - INFO - epoch:12/15 iteration:5/25 batch loss is :0.5761
2025-06-16 04:08:35 - INFO - the acc is :0.625
2025-06-16 04:08:54 - INFO - epoch:12/15 iteration:10/25 batch loss is :0.7284
2025-06-16 04:08:54 - INFO - the acc is :0.5625
2025-06-16 04:09:36 - INFO - epoch:12/15 iteration:15/25 batch loss is :0.2916
2025-06-16 04:09:36 - INFO - the acc is :0.71875
2025-06-16 04:09:54 - INFO - epoch:12/15 iteration:20/25 batch loss is :0.3523
2025-06-16 04:09:54 - INFO - the acc is :0.6875
2025-06-16 04:10:08 - INFO - Epoch:12/15 Loss is :0.4811
2025-06-16 04:13:19 - INFO - epoch:13/15 iteration:0/25 batch loss is :0.3469
2025-06-16 04:13:19 - INFO - the acc is :0.625
2025-06-16 04:13:38 - INFO - epoch:13/15 iteration:5/25 batch loss is :0.6446
2025-06-16 04:13:38 - INFO - the acc is :0.53125
2025-06-16 04:13:59 - INFO - epoch:13/15 iteration:10/25 batch loss is :0.4746
2025-06-16 04:13:59 - INFO - the acc is :0.625
2025-06-16 04:14:17 - INFO - epoch:13/15 iteration:15/25 batch loss is :0.5124
2025-06-16 04:14:17 - INFO - the acc is :0.6875
2025-06-16 04:14:35 - INFO - epoch:13/15 iteration:20/25 batch loss is :0.4730
2025-06-16 04:14:35 - INFO - the acc is :0.625
2025-06-16 04:14:50 - INFO - Epoch:13/15 Loss is :0.5346
2025-06-16 04:17:58 - INFO - epoch:14/15 iteration:0/25 batch loss is :0.3854
2025-06-16 04:17:58 - INFO - the acc is :0.6875
2025-06-16 04:18:17 - INFO - epoch:14/15 iteration:5/25 batch loss is :0.4771
2025-06-16 04:18:17 - INFO - the acc is :0.59375
2025-06-16 04:18:38 - INFO - epoch:14/15 iteration:10/25 batch loss is :0.5736
2025-06-16 04:18:38 - INFO - the acc is :0.59375
2025-06-16 04:18:56 - INFO - epoch:14/15 iteration:15/25 batch loss is :0.4073
2025-06-16 04:18:56 - INFO - the acc is :0.71875
2025-06-16 04:19:14 - INFO - epoch:14/15 iteration:20/25 batch loss is :0.4079
2025-06-16 04:19:14 - INFO - the acc is :0.625
2025-06-16 04:19:29 - INFO - Epoch:14/15 Loss is :0.4538
2025-06-16 04:23:17 - INFO - val accuarcy is : 0.5290
2025-06-16 04:23:17 - INFO - VAL loss :0.9974
2025-06-16 04:23:18 - INFO - fold number:1
2025-06-16 04:26:54 - INFO - epoch:0/15 iteration:0/25 batch loss is :0.3633
2025-06-16 04:26:54 - INFO - the acc is :0.59375
2025-06-16 04:27:13 - INFO - epoch:0/15 iteration:5/25 batch loss is :0.5895
2025-06-16 04:27:13 - INFO - the acc is :0.59375
2025-06-16 04:27:32 - INFO - epoch:0/15 iteration:10/25 batch loss is :0.2908
2025-06-16 04:27:32 - INFO - the acc is :0.75
2025-06-16 04:28:10 - INFO - epoch:0/15 iteration:15/25 batch loss is :0.4980
2025-06-16 04:28:10 - INFO - the acc is :0.65625
2025-06-16 04:28:28 - INFO - epoch:0/15 iteration:20/25 batch loss is :0.4536
2025-06-16 04:28:28 - INFO - the acc is :0.625
2025-06-16 04:28:43 - INFO - Epoch:0/15 Loss is :0.5614
2025-06-16 04:32:07 - INFO - val accuarcy is : 0.6224
2025-06-16 04:32:07 - INFO - VAL loss :0.6158
2025-06-16 04:35:16 - INFO - epoch:1/15 iteration:0/25 batch loss is :0.3941
2025-06-16 04:35:16 - INFO - the acc is :0.71875
2025-06-16 04:35:42 - INFO - epoch:1/15 iteration:5/25 batch loss is :0.5999
2025-06-16 04:35:42 - INFO - the acc is :0.53125
2025-06-16 04:36:01 - INFO - epoch:1/15 iteration:10/25 batch loss is :0.4051
2025-06-16 04:36:01 - INFO - the acc is :0.75
2025-06-16 04:36:39 - INFO - epoch:1/15 iteration:15/25 batch loss is :0.4638
2025-06-16 04:36:39 - INFO - the acc is :0.6875
2025-06-16 04:36:58 - INFO - epoch:1/15 iteration:20/25 batch loss is :0.5461
2025-06-16 04:36:58 - INFO - the acc is :0.625
2025-06-16 04:37:12 - INFO - Epoch:1/15 Loss is :0.4896
2025-06-16 04:40:46 - INFO - epoch:2/15 iteration:0/25 batch loss is :0.7842
2025-06-16 04:40:46 - INFO - the acc is :0.53125
2025-06-16 04:41:12 - INFO - epoch:2/15 iteration:5/25 batch loss is :0.2549
2025-06-16 04:41:12 - INFO - the acc is :0.78125
2025-06-16 04:41:32 - INFO - epoch:2/15 iteration:10/25 batch loss is :0.5893
2025-06-16 04:41:32 - INFO - the acc is :0.59375
2025-06-16 04:41:54 - INFO - epoch:2/15 iteration:15/25 batch loss is :0.3955
2025-06-16 04:41:54 - INFO - the acc is :0.71875
2025-06-16 04:42:13 - INFO - epoch:2/15 iteration:20/25 batch loss is :0.8926
2025-06-16 04:42:13 - INFO - the acc is :0.59375
2025-06-16 04:42:28 - INFO - Epoch:2/15 Loss is :0.4808
2025-06-16 04:45:38 - INFO - epoch:3/15 iteration:0/25 batch loss is :0.4943
2025-06-16 04:45:38 - INFO - the acc is :0.59375
2025-06-16 04:45:58 - INFO - epoch:3/15 iteration:5/25 batch loss is :0.6214
2025-06-16 04:45:58 - INFO - the acc is :0.5625
2025-06-16 04:46:19 - INFO - epoch:3/15 iteration:10/25 batch loss is :0.3668
2025-06-16 04:46:19 - INFO - the acc is :0.71875
2025-06-16 04:46:37 - INFO - epoch:3/15 iteration:15/25 batch loss is :0.3168
2025-06-16 04:46:37 - INFO - the acc is :0.6875
2025-06-16 04:46:55 - INFO - epoch:3/15 iteration:20/25 batch loss is :0.2980
2025-06-16 04:46:55 - INFO - the acc is :0.6875
2025-06-16 04:47:09 - INFO - Epoch:3/15 Loss is :0.4455
2025-06-16 04:50:25 - INFO - epoch:4/15 iteration:0/25 batch loss is :0.4576
2025-06-16 04:50:25 - INFO - the acc is :0.78125
2025-06-16 04:50:44 - INFO - epoch:4/15 iteration:5/25 batch loss is :0.4224
2025-06-16 04:50:44 - INFO - the acc is :0.75
2025-06-16 04:51:03 - INFO - epoch:4/15 iteration:10/25 batch loss is :0.4858
2025-06-16 04:51:03 - INFO - the acc is :0.6875
2025-06-16 04:51:42 - INFO - epoch:4/15 iteration:15/25 batch loss is :0.3133
2025-06-16 04:51:42 - INFO - the acc is :0.875
2025-06-16 04:52:00 - INFO - epoch:4/15 iteration:20/25 batch loss is :0.3542
2025-06-16 04:52:00 - INFO - the acc is :0.625
2025-06-16 04:52:15 - INFO - Epoch:4/15 Loss is :0.4564
2025-06-16 04:55:58 - INFO - epoch:5/15 iteration:0/25 batch loss is :0.6028
2025-06-16 04:55:58 - INFO - the acc is :0.59375
2025-06-16 04:56:18 - INFO - epoch:5/15 iteration:5/25 batch loss is :0.5950
2025-06-16 04:56:18 - INFO - the acc is :0.5625
2025-06-16 04:56:38 - INFO - epoch:5/15 iteration:10/25 batch loss is :0.9847
2025-06-16 04:56:38 - INFO - the acc is :0.625
2025-06-16 04:56:57 - INFO - epoch:5/15 iteration:15/25 batch loss is :0.4509
2025-06-16 04:56:57 - INFO - the acc is :0.71875
2025-06-16 04:57:19 - INFO - epoch:5/15 iteration:20/25 batch loss is :0.5023
2025-06-16 04:57:19 - INFO - the acc is :0.625
2025-06-16 04:57:33 - INFO - Epoch:5/15 Loss is :0.4358
2025-06-16 05:00:59 - INFO - val accuarcy is : 0.6328
2025-06-16 05:00:59 - INFO - VAL loss :0.5653
2025-06-16 05:04:10 - INFO - epoch:6/15 iteration:0/25 batch loss is :0.2853
2025-06-16 05:04:10 - INFO - the acc is :0.6875
2025-06-16 05:04:30 - INFO - epoch:6/15 iteration:5/25 batch loss is :0.2956
2025-06-16 05:04:30 - INFO - the acc is :0.75
2025-06-16 05:04:50 - INFO - epoch:6/15 iteration:10/25 batch loss is :0.6541
2025-06-16 05:04:50 - INFO - the acc is :0.65625
2025-06-16 05:05:08 - INFO - epoch:6/15 iteration:15/25 batch loss is :0.2418
2025-06-16 05:05:08 - INFO - the acc is :0.75
2025-06-16 05:05:26 - INFO - epoch:6/15 iteration:20/25 batch loss is :0.5458
2025-06-16 05:05:26 - INFO - the acc is :0.65625
2025-06-16 05:05:41 - INFO - Epoch:6/15 Loss is :0.4885
2025-06-16 05:08:49 - INFO - epoch:7/15 iteration:0/25 batch loss is :0.5270
2025-06-16 05:08:49 - INFO - the acc is :0.6875
2025-06-16 05:09:08 - INFO - epoch:7/15 iteration:5/25 batch loss is :0.4239
2025-06-16 05:09:08 - INFO - the acc is :0.6875
2025-06-16 05:09:30 - INFO - epoch:7/15 iteration:10/25 batch loss is :0.3292
2025-06-16 05:09:30 - INFO - the acc is :0.6875
2025-06-16 05:09:48 - INFO - epoch:7/15 iteration:15/25 batch loss is :0.4736
2025-06-16 05:09:48 - INFO - the acc is :0.53125
2025-06-16 05:10:06 - INFO - epoch:7/15 iteration:20/25 batch loss is :0.4564
2025-06-16 05:10:06 - INFO - the acc is :0.75
2025-06-16 05:10:20 - INFO - Epoch:7/15 Loss is :0.4410
2025-06-16 05:13:31 - INFO - epoch:8/15 iteration:0/25 batch loss is :0.3958
2025-06-16 05:13:31 - INFO - the acc is :0.6875
2025-06-16 05:13:50 - INFO - epoch:8/15 iteration:5/25 batch loss is :0.3409
2025-06-16 05:13:50 - INFO - the acc is :0.6875
2025-06-16 05:14:11 - INFO - epoch:8/15 iteration:10/25 batch loss is :0.5363
2025-06-16 05:14:11 - INFO - the acc is :0.625
2025-06-16 05:14:29 - INFO - epoch:8/15 iteration:15/25 batch loss is :0.4843
2025-06-16 05:14:29 - INFO - the acc is :0.59375
2025-06-16 05:14:47 - INFO - epoch:8/15 iteration:20/25 batch loss is :0.4161
2025-06-16 05:14:47 - INFO - the acc is :0.625
2025-06-16 05:15:01 - INFO - Epoch:8/15 Loss is :0.4402
2025-06-16 05:18:13 - INFO - epoch:9/15 iteration:0/25 batch loss is :0.4108
2025-06-16 05:18:13 - INFO - the acc is :0.6875
2025-06-16 05:18:32 - INFO - epoch:9/15 iteration:5/25 batch loss is :0.2367
2025-06-16 05:18:32 - INFO - the acc is :0.8125
2025-06-16 05:18:53 - INFO - epoch:9/15 iteration:10/25 batch loss is :0.2779
2025-06-16 05:18:53 - INFO - the acc is :0.8125
2025-06-16 05:19:10 - INFO - epoch:9/15 iteration:15/25 batch loss is :0.5177
2025-06-16 05:19:10 - INFO - the acc is :0.5
2025-06-16 05:19:28 - INFO - epoch:9/15 iteration:20/25 batch loss is :0.5313
2025-06-16 05:19:28 - INFO - the acc is :0.59375
2025-06-16 05:19:43 - INFO - Epoch:9/15 Loss is :0.4284
2025-06-16 05:23:39 - INFO - epoch:10/15 iteration:0/25 batch loss is :0.4245
2025-06-16 05:23:39 - INFO - the acc is :0.71875
2025-06-16 05:23:57 - INFO - epoch:10/15 iteration:5/25 batch loss is :0.3975
2025-06-16 05:23:57 - INFO - the acc is :0.65625
2025-06-16 05:24:17 - INFO - epoch:10/15 iteration:10/25 batch loss is :0.2577
2025-06-16 05:24:17 - INFO - the acc is :0.8125
2025-06-16 05:24:58 - INFO - epoch:10/15 iteration:15/25 batch loss is :0.6507
2025-06-16 05:24:58 - INFO - the acc is :0.625
2025-06-16 05:25:15 - INFO - epoch:10/15 iteration:20/25 batch loss is :0.6294
2025-06-16 05:25:15 - INFO - the acc is :0.625
2025-06-16 05:25:30 - INFO - Epoch:10/15 Loss is :0.4469
2025-06-16 05:28:54 - INFO - val accuarcy is : 0.6432
2025-06-16 05:28:54 - INFO - VAL loss :0.5584
2025-06-16 05:32:07 - INFO - epoch:11/15 iteration:0/25 batch loss is :0.3726
2025-06-16 05:32:07 - INFO - the acc is :0.6875
2025-06-16 05:32:26 - INFO - epoch:11/15 iteration:5/25 batch loss is :0.3057
2025-06-16 05:32:26 - INFO - the acc is :0.75
2025-06-16 05:32:46 - INFO - epoch:11/15 iteration:10/25 batch loss is :0.4811
2025-06-16 05:32:46 - INFO - the acc is :0.5625
2025-06-16 05:33:04 - INFO - epoch:11/15 iteration:15/25 batch loss is :0.2621
2025-06-16 05:33:04 - INFO - the acc is :0.78125
2025-06-16 05:33:22 - INFO - epoch:11/15 iteration:20/25 batch loss is :0.5092
2025-06-16 05:33:22 - INFO - the acc is :0.6875
2025-06-16 05:33:37 - INFO - Epoch:11/15 Loss is :0.4416
2025-06-16 05:37:35 - INFO - epoch:12/15 iteration:0/25 batch loss is :0.3154
2025-06-16 05:37:35 - INFO - the acc is :0.6875
2025-06-16 05:37:53 - INFO - epoch:12/15 iteration:5/25 batch loss is :0.7260
2025-06-16 05:37:53 - INFO - the acc is :0.4375
2025-06-16 05:38:13 - INFO - epoch:12/15 iteration:10/25 batch loss is :0.2138
2025-06-16 05:38:13 - INFO - the acc is :0.90625
2025-06-16 05:38:52 - INFO - epoch:12/15 iteration:15/25 batch loss is :0.2682
2025-06-16 05:38:52 - INFO - the acc is :0.75
2025-06-16 05:39:09 - INFO - epoch:12/15 iteration:20/25 batch loss is :0.5372
2025-06-16 05:39:09 - INFO - the acc is :0.59375
2025-06-16 05:39:24 - INFO - Epoch:12/15 Loss is :0.4186
2025-06-16 05:42:37 - INFO - epoch:13/15 iteration:0/25 batch loss is :0.3734
2025-06-16 05:42:37 - INFO - the acc is :0.78125
2025-06-16 05:42:56 - INFO - epoch:13/15 iteration:5/25 batch loss is :0.2887
2025-06-16 05:42:56 - INFO - the acc is :0.8125
2025-06-16 05:43:17 - INFO - epoch:13/15 iteration:10/25 batch loss is :0.4216
2025-06-16 05:43:17 - INFO - the acc is :0.625
2025-06-16 05:43:35 - INFO - epoch:13/15 iteration:15/25 batch loss is :0.2806
2025-06-16 05:43:35 - INFO - the acc is :0.75
2025-06-16 05:43:53 - INFO - epoch:13/15 iteration:20/25 batch loss is :0.3141
2025-06-16 05:43:53 - INFO - the acc is :0.75
2025-06-16 05:44:08 - INFO - Epoch:13/15 Loss is :0.4302
2025-06-16 05:47:21 - INFO - epoch:14/15 iteration:0/25 batch loss is :0.3319
2025-06-16 05:47:21 - INFO - the acc is :0.6875
2025-06-16 05:47:40 - INFO - epoch:14/15 iteration:5/25 batch loss is :0.4567
2025-06-16 05:47:40 - INFO - the acc is :0.625
2025-06-16 05:48:01 - INFO - epoch:14/15 iteration:10/25 batch loss is :0.5909
2025-06-16 05:48:01 - INFO - the acc is :0.65625
2025-06-16 05:48:18 - INFO - epoch:14/15 iteration:15/25 batch loss is :0.3389
2025-06-16 05:48:18 - INFO - the acc is :0.65625
2025-06-16 05:48:36 - INFO - epoch:14/15 iteration:20/25 batch loss is :0.2946
2025-06-16 05:48:36 - INFO - the acc is :0.75
2025-06-16 05:48:51 - INFO - Epoch:14/15 Loss is :0.4111
2025-06-16 05:52:25 - INFO - val accuarcy is : 0.6535
2025-06-16 05:52:25 - INFO - VAL loss :0.5443
2025-06-16 05:52:26 - INFO - fold number:2
2025-06-16 05:56:03 - INFO - epoch:0/15 iteration:0/25 batch loss is :0.4327
2025-06-16 05:56:03 - INFO - the acc is :0.71875
2025-06-16 05:56:22 - INFO - epoch:0/15 iteration:5/25 batch loss is :0.5858
2025-06-16 05:56:22 - INFO - the acc is :0.6875
2025-06-16 05:56:41 - INFO - epoch:0/15 iteration:10/25 batch loss is :0.3247
2025-06-16 05:56:41 - INFO - the acc is :0.6875
2025-06-16 05:57:15 - INFO - epoch:0/15 iteration:15/25 batch loss is :0.3348
2025-06-16 05:57:15 - INFO - the acc is :0.625
2025-06-16 05:57:33 - INFO - epoch:0/15 iteration:20/25 batch loss is :0.4669
2025-06-16 05:57:33 - INFO - the acc is :0.625
2025-06-16 05:57:48 - INFO - Epoch:0/15 Loss is :0.4450
2025-06-16 06:01:14 - INFO - val accuarcy is : 0.6017
2025-06-16 06:01:14 - INFO - VAL loss :0.8274
2025-06-16 06:04:26 - INFO - epoch:1/15 iteration:0/25 batch loss is :0.3800
2025-06-16 06:04:26 - INFO - the acc is :0.625
2025-06-16 06:04:45 - INFO - epoch:1/15 iteration:5/25 batch loss is :0.3469
2025-06-16 06:04:45 - INFO - the acc is :0.65625
2025-06-16 06:05:06 - INFO - epoch:1/15 iteration:10/25 batch loss is :0.2998
2025-06-16 06:05:06 - INFO - the acc is :0.6875
2025-06-16 06:05:24 - INFO - epoch:1/15 iteration:15/25 batch loss is :0.4045
2025-06-16 06:05:24 - INFO - the acc is :0.59375
2025-06-16 06:05:42 - INFO - epoch:1/15 iteration:20/25 batch loss is :0.6142
2025-06-16 06:05:42 - INFO - the acc is :0.5
2025-06-16 06:05:57 - INFO - Epoch:1/15 Loss is :0.4560
2025-06-16 06:09:52 - INFO - epoch:2/15 iteration:0/25 batch loss is :0.4177
2025-06-16 06:09:52 - INFO - the acc is :0.59375
2025-06-16 06:10:10 - INFO - epoch:2/15 iteration:5/25 batch loss is :0.4784
2025-06-16 06:10:10 - INFO - the acc is :0.65625
2025-06-16 06:10:29 - INFO - epoch:2/15 iteration:10/25 batch loss is :0.4656
2025-06-16 06:10:29 - INFO - the acc is :0.5625
2025-06-16 06:11:11 - INFO - epoch:2/15 iteration:15/25 batch loss is :0.4849
2025-06-16 06:11:11 - INFO - the acc is :0.5625
2025-06-16 06:11:29 - INFO - epoch:2/15 iteration:20/25 batch loss is :0.5482
2025-06-16 06:11:29 - INFO - the acc is :0.625
2025-06-16 06:11:43 - INFO - Epoch:2/15 Loss is :0.4291
2025-06-16 06:14:52 - INFO - epoch:3/15 iteration:0/25 batch loss is :0.6722
2025-06-16 06:14:52 - INFO - the acc is :0.625
2025-06-16 06:15:11 - INFO - epoch:3/15 iteration:5/25 batch loss is :0.6128
2025-06-16 06:15:11 - INFO - the acc is :0.5625
2025-06-16 06:15:32 - INFO - epoch:3/15 iteration:10/25 batch loss is :0.4604
2025-06-16 06:15:32 - INFO - the acc is :0.625
2025-06-16 06:15:50 - INFO - epoch:3/15 iteration:15/25 batch loss is :0.4093
2025-06-16 06:15:50 - INFO - the acc is :0.65625
2025-06-16 06:16:08 - INFO - epoch:3/15 iteration:20/25 batch loss is :1.0844
2025-06-16 06:16:08 - INFO - the acc is :0.375
2025-06-16 06:16:23 - INFO - Epoch:3/15 Loss is :0.4770
2025-06-16 06:19:33 - INFO - epoch:4/15 iteration:0/25 batch loss is :0.4137
2025-06-16 06:19:33 - INFO - the acc is :0.6875
2025-06-16 06:19:53 - INFO - epoch:4/15 iteration:5/25 batch loss is :0.4413
2025-06-16 06:19:53 - INFO - the acc is :0.78125
2025-06-16 06:20:13 - INFO - epoch:4/15 iteration:10/25 batch loss is :0.3103
2025-06-16 06:20:13 - INFO - the acc is :0.75
2025-06-16 06:20:31 - INFO - epoch:4/15 iteration:15/25 batch loss is :0.4345
2025-06-16 06:20:31 - INFO - the acc is :0.71875
2025-06-16 06:20:49 - INFO - epoch:4/15 iteration:20/25 batch loss is :0.2826
2025-06-16 06:20:49 - INFO - the acc is :0.75
2025-06-16 06:21:04 - INFO - Epoch:4/15 Loss is :0.4531
2025-06-16 06:25:01 - INFO - epoch:5/15 iteration:0/25 batch loss is :0.3124
2025-06-16 06:25:01 - INFO - the acc is :0.78125
2025-06-16 06:25:19 - INFO - epoch:5/15 iteration:5/25 batch loss is :0.5494
2025-06-16 06:25:19 - INFO - the acc is :0.6875
2025-06-16 06:25:39 - INFO - epoch:5/15 iteration:10/25 batch loss is :0.6920
2025-06-16 06:25:39 - INFO - the acc is :0.59375
2025-06-16 06:26:19 - INFO - epoch:5/15 iteration:15/25 batch loss is :0.2198
2025-06-16 06:26:19 - INFO - the acc is :0.90625
2025-06-16 06:26:36 - INFO - epoch:5/15 iteration:20/25 batch loss is :0.4774
2025-06-16 06:26:36 - INFO - the acc is :0.59375
2025-06-16 06:26:51 - INFO - Epoch:5/15 Loss is :0.4514
2025-06-16 06:30:17 - INFO - val accuarcy is : 0.7573
2025-06-16 06:30:17 - INFO - VAL loss :0.4941
2025-06-16 06:33:28 - INFO - epoch:6/15 iteration:0/25 batch loss is :0.5708
2025-06-16 06:33:28 - INFO - the acc is :0.65625
2025-06-16 06:33:47 - INFO - epoch:6/15 iteration:5/25 batch loss is :0.3840
2025-06-16 06:33:47 - INFO - the acc is :0.71875
2025-06-16 06:34:08 - INFO - epoch:6/15 iteration:10/25 batch loss is :0.2950
2025-06-16 06:34:08 - INFO - the acc is :0.65625
2025-06-16 06:34:26 - INFO - epoch:6/15 iteration:15/25 batch loss is :0.5888
2025-06-16 06:34:26 - INFO - the acc is :0.625
2025-06-16 06:34:44 - INFO - epoch:6/15 iteration:20/25 batch loss is :0.3905
2025-06-16 06:34:44 - INFO - the acc is :0.71875
2025-06-16 06:34:59 - INFO - Epoch:6/15 Loss is :0.4665
2025-06-16 06:38:50 - INFO - epoch:7/15 iteration:0/25 batch loss is :0.4111
2025-06-16 06:38:50 - INFO - the acc is :0.65625
2025-06-16 06:39:09 - INFO - epoch:7/15 iteration:5/25 batch loss is :0.8118
2025-06-16 06:39:09 - INFO - the acc is :0.5
2025-06-16 06:39:28 - INFO - epoch:7/15 iteration:10/25 batch loss is :0.3991
2025-06-16 06:39:28 - INFO - the acc is :0.65625
2025-06-16 06:40:10 - INFO - epoch:7/15 iteration:15/25 batch loss is :0.7767
2025-06-16 06:40:10 - INFO - the acc is :0.625
2025-06-16 06:40:28 - INFO - epoch:7/15 iteration:20/25 batch loss is :0.5687
2025-06-16 06:40:28 - INFO - the acc is :0.6875
2025-06-16 06:40:42 - INFO - Epoch:7/15 Loss is :0.4461
2025-06-16 06:43:53 - INFO - epoch:8/15 iteration:0/25 batch loss is :0.6877
2025-06-16 06:43:53 - INFO - the acc is :0.53125
2025-06-16 06:44:12 - INFO - epoch:8/15 iteration:5/25 batch loss is :0.5731
2025-06-16 06:44:12 - INFO - the acc is :0.625
2025-06-16 06:44:33 - INFO - epoch:8/15 iteration:10/25 batch loss is :0.3595
2025-06-16 06:44:33 - INFO - the acc is :0.65625
2025-06-16 06:44:51 - INFO - epoch:8/15 iteration:15/25 batch loss is :0.3438
2025-06-16 06:44:51 - INFO - the acc is :0.65625
2025-06-16 06:45:09 - INFO - epoch:8/15 iteration:20/25 batch loss is :0.5503
2025-06-16 06:45:09 - INFO - the acc is :0.6875
2025-06-16 06:45:24 - INFO - Epoch:8/15 Loss is :0.4512
2025-06-16 06:48:34 - INFO - epoch:9/15 iteration:0/25 batch loss is :0.3745
2025-06-16 06:48:34 - INFO - the acc is :0.59375
2025-06-16 06:48:53 - INFO - epoch:9/15 iteration:5/25 batch loss is :0.5125
2025-06-16 06:48:53 - INFO - the acc is :0.625
2025-06-16 06:49:14 - INFO - epoch:9/15 iteration:10/25 batch loss is :0.5507
2025-06-16 06:49:14 - INFO - the acc is :0.6875
2025-06-16 06:49:31 - INFO - epoch:9/15 iteration:15/25 batch loss is :0.5103
2025-06-16 06:49:31 - INFO - the acc is :0.625
2025-06-16 06:49:49 - INFO - epoch:9/15 iteration:20/25 batch loss is :0.3231
2025-06-16 06:49:49 - INFO - the acc is :0.71875
2025-06-16 06:50:04 - INFO - Epoch:9/15 Loss is :0.4444
2025-06-16 06:53:59 - INFO - epoch:10/15 iteration:0/25 batch loss is :0.3816
2025-06-16 06:53:59 - INFO - the acc is :0.625
2025-06-16 06:54:17 - INFO - epoch:10/15 iteration:5/25 batch loss is :0.5962
2025-06-16 06:54:17 - INFO - the acc is :0.78125
2025-06-16 06:54:37 - INFO - epoch:10/15 iteration:10/25 batch loss is :0.4182
2025-06-16 06:54:37 - INFO - the acc is :0.8125
2025-06-16 06:55:17 - INFO - epoch:10/15 iteration:15/25 batch loss is :0.4150
2025-06-16 06:55:17 - INFO - the acc is :0.6875
2025-06-16 06:55:35 - INFO - epoch:10/15 iteration:20/25 batch loss is :0.2850
2025-06-16 06:55:35 - INFO - the acc is :0.6875
2025-06-16 06:55:49 - INFO - Epoch:10/15 Loss is :0.4228
2025-06-16 06:59:14 - INFO - val accuarcy is : 0.7624
2025-06-16 06:59:14 - INFO - VAL loss :0.5348
2025-06-16 07:02:24 - INFO - epoch:11/15 iteration:0/25 batch loss is :0.2231
2025-06-16 07:02:24 - INFO - the acc is :0.84375
2025-06-16 07:02:44 - INFO - epoch:11/15 iteration:5/25 batch loss is :0.2756
2025-06-16 07:02:44 - INFO - the acc is :0.65625
2025-06-16 07:03:04 - INFO - epoch:11/15 iteration:10/25 batch loss is :0.4012
2025-06-16 07:03:04 - INFO - the acc is :0.65625
2025-06-16 07:03:22 - INFO - epoch:11/15 iteration:15/25 batch loss is :0.6751
2025-06-16 07:03:22 - INFO - the acc is :0.5625
2025-06-16 07:03:40 - INFO - epoch:11/15 iteration:20/25 batch loss is :0.6948
2025-06-16 07:03:40 - INFO - the acc is :0.5625
2025-06-16 07:03:55 - INFO - Epoch:11/15 Loss is :0.4578
2025-06-16 07:07:47 - INFO - epoch:12/15 iteration:0/25 batch loss is :0.4398
2025-06-16 07:07:47 - INFO - the acc is :0.6875
2025-06-16 07:08:05 - INFO - epoch:12/15 iteration:5/25 batch loss is :0.6469
2025-06-16 07:08:05 - INFO - the acc is :0.53125
2025-06-16 07:08:24 - INFO - epoch:12/15 iteration:10/25 batch loss is :0.3416
2025-06-16 07:08:24 - INFO - the acc is :0.71875
2025-06-16 07:09:06 - INFO - epoch:12/15 iteration:15/25 batch loss is :0.3556
2025-06-16 07:09:06 - INFO - the acc is :0.65625
2025-06-16 07:09:23 - INFO - epoch:12/15 iteration:20/25 batch loss is :0.3539
2025-06-16 07:09:23 - INFO - the acc is :0.71875
2025-06-16 07:09:38 - INFO - Epoch:12/15 Loss is :0.5075
2025-06-16 07:12:48 - INFO - epoch:13/15 iteration:0/25 batch loss is :0.3013
2025-06-16 07:12:48 - INFO - the acc is :0.6875
2025-06-16 07:13:07 - INFO - epoch:13/15 iteration:5/25 batch loss is :0.3167
2025-06-16 07:13:07 - INFO - the acc is :0.8125
2025-06-16 07:13:28 - INFO - epoch:13/15 iteration:10/25 batch loss is :0.5830
2025-06-16 07:13:28 - INFO - the acc is :0.65625
2025-06-16 07:13:46 - INFO - epoch:13/15 iteration:15/25 batch loss is :0.4009
2025-06-16 07:13:46 - INFO - the acc is :0.59375
2025-06-16 07:14:04 - INFO - epoch:13/15 iteration:20/25 batch loss is :0.2274
2025-06-16 07:14:04 - INFO - the acc is :0.8125
2025-06-16 07:14:19 - INFO - Epoch:13/15 Loss is :0.4917
2025-06-16 07:17:27 - INFO - epoch:14/15 iteration:0/25 batch loss is :0.4083
2025-06-16 07:17:27 - INFO - the acc is :0.625
2025-06-16 07:17:47 - INFO - epoch:14/15 iteration:5/25 batch loss is :0.1766
2025-06-16 07:17:47 - INFO - the acc is :0.8125
2025-06-16 07:18:07 - INFO - epoch:14/15 iteration:10/25 batch loss is :0.4696
2025-06-16 07:18:07 - INFO - the acc is :0.65625
2025-06-16 07:18:25 - INFO - epoch:14/15 iteration:15/25 batch loss is :0.4557
2025-06-16 07:18:25 - INFO - the acc is :0.53125
2025-06-16 07:18:43 - INFO - epoch:14/15 iteration:20/25 batch loss is :0.3042
2025-06-16 07:18:43 - INFO - the acc is :0.78125
2025-06-16 07:18:58 - INFO - Epoch:14/15 Loss is :0.4684
2025-06-16 07:22:32 - INFO - val accuarcy is : 0.7521
2025-06-16 07:22:32 - INFO - VAL loss :0.4901
2025-06-16 07:22:32 - INFO - fold number:3
2025-06-16 07:26:02 - INFO - epoch:0/15 iteration:0/25 batch loss is :0.3548
2025-06-16 07:26:02 - INFO - the acc is :0.625
2025-06-16 07:26:25 - INFO - epoch:0/15 iteration:5/25 batch loss is :0.4906
2025-06-16 07:26:25 - INFO - the acc is :0.59375
2025-06-16 07:26:45 - INFO - epoch:0/15 iteration:10/25 batch loss is :0.3373
2025-06-16 07:26:45 - INFO - the acc is :0.625
2025-06-16 07:27:18 - INFO - epoch:0/15 iteration:15/25 batch loss is :0.4201
2025-06-16 07:27:18 - INFO - the acc is :0.59375
2025-06-16 07:27:36 - INFO - epoch:0/15 iteration:20/25 batch loss is :0.2642
2025-06-16 07:27:36 - INFO - the acc is :0.65625
2025-06-16 07:27:51 - INFO - Epoch:0/15 Loss is :0.4247
2025-06-16 07:31:15 - INFO - val accuarcy is : 0.7054
2025-06-16 07:31:15 - INFO - VAL loss :0.3255
2025-06-16 07:34:21 - INFO - epoch:1/15 iteration:0/25 batch loss is :0.6157
2025-06-16 07:34:21 - INFO - the acc is :0.6875
2025-06-16 07:34:40 - INFO - epoch:1/15 iteration:5/25 batch loss is :0.4208
2025-06-16 07:34:40 - INFO - the acc is :0.6875
2025-06-16 07:35:01 - INFO - epoch:1/15 iteration:10/25 batch loss is :0.5651
2025-06-16 07:35:01 - INFO - the acc is :0.6875
2025-06-16 07:35:19 - INFO - epoch:1/15 iteration:15/25 batch loss is :0.3660
2025-06-16 07:35:19 - INFO - the acc is :0.71875
2025-06-16 07:35:37 - INFO - epoch:1/15 iteration:20/25 batch loss is :0.3639
2025-06-16 07:35:37 - INFO - the acc is :0.65625
2025-06-16 07:35:52 - INFO - Epoch:1/15 Loss is :0.4225
2025-06-16 07:39:49 - INFO - epoch:2/15 iteration:0/25 batch loss is :0.4058
2025-06-16 07:39:49 - INFO - the acc is :0.65625
2025-06-16 07:40:07 - INFO - epoch:2/15 iteration:5/25 batch loss is :0.3196
2025-06-16 07:40:07 - INFO - the acc is :0.625
2025-06-16 07:40:27 - INFO - epoch:2/15 iteration:10/25 batch loss is :0.5439
2025-06-16 07:40:27 - INFO - the acc is :0.625
2025-06-16 07:41:04 - INFO - epoch:2/15 iteration:15/25 batch loss is :0.2880
2025-06-16 07:41:04 - INFO - the acc is :0.78125
2025-06-16 07:41:22 - INFO - epoch:2/15 iteration:20/25 batch loss is :0.4141
2025-06-16 07:41:22 - INFO - the acc is :0.5625
2025-06-16 07:41:37 - INFO - Epoch:2/15 Loss is :0.4683
2025-06-16 07:44:48 - INFO - epoch:3/15 iteration:0/25 batch loss is :0.2521
2025-06-16 07:44:48 - INFO - the acc is :0.78125
2025-06-16 07:45:07 - INFO - epoch:3/15 iteration:5/25 batch loss is :0.5866
2025-06-16 07:45:07 - INFO - the acc is :0.5625
2025-06-16 07:45:27 - INFO - epoch:3/15 iteration:10/25 batch loss is :0.2958
2025-06-16 07:45:27 - INFO - the acc is :0.75
2025-06-16 07:45:45 - INFO - epoch:3/15 iteration:15/25 batch loss is :0.3915
2025-06-16 07:45:45 - INFO - the acc is :0.625
2025-06-16 07:46:03 - INFO - epoch:3/15 iteration:20/25 batch loss is :0.5333
2025-06-16 07:46:03 - INFO - the acc is :0.65625
2025-06-16 07:46:18 - INFO - Epoch:3/15 Loss is :0.4329
2025-06-16 07:49:29 - INFO - epoch:4/15 iteration:0/25 batch loss is :0.7015
2025-06-16 07:49:29 - INFO - the acc is :0.625
2025-06-16 07:49:48 - INFO - epoch:4/15 iteration:5/25 batch loss is :0.3654
2025-06-16 07:49:48 - INFO - the acc is :0.78125
2025-06-16 07:50:08 - INFO - epoch:4/15 iteration:10/25 batch loss is :0.6489
2025-06-16 07:50:08 - INFO - the acc is :0.65625
2025-06-16 07:50:26 - INFO - epoch:4/15 iteration:15/25 batch loss is :0.3707
2025-06-16 07:50:26 - INFO - the acc is :0.75
2025-06-16 07:50:44 - INFO - epoch:4/15 iteration:20/25 batch loss is :0.3554
2025-06-16 07:50:44 - INFO - the acc is :0.6875
2025-06-16 07:50:59 - INFO - Epoch:4/15 Loss is :0.4262
2025-06-16 07:54:52 - INFO - epoch:5/15 iteration:0/25 batch loss is :0.3193
2025-06-16 07:54:52 - INFO - the acc is :0.75
2025-06-16 07:55:11 - INFO - epoch:5/15 iteration:5/25 batch loss is :0.3230
2025-06-16 07:55:11 - INFO - the acc is :0.71875
2025-06-16 07:55:31 - INFO - epoch:5/15 iteration:10/25 batch loss is :0.4843
2025-06-16 07:55:31 - INFO - the acc is :0.59375
2025-06-16 07:56:12 - INFO - epoch:5/15 iteration:15/25 batch loss is :0.5520
2025-06-16 07:56:12 - INFO - the acc is :0.53125
2025-06-16 07:56:30 - INFO - epoch:5/15 iteration:20/25 batch loss is :0.3612
2025-06-16 07:56:30 - INFO - the acc is :0.6875
2025-06-16 07:56:45 - INFO - Epoch:5/15 Loss is :0.4198
2025-06-16 08:00:10 - INFO - val accuarcy is : 0.7158
2025-06-16 08:00:10 - INFO - VAL loss :0.3206
2025-06-16 08:03:18 - INFO - epoch:6/15 iteration:0/25 batch loss is :0.4345
2025-06-16 08:03:18 - INFO - the acc is :0.6875
2025-06-16 08:03:37 - INFO - epoch:6/15 iteration:5/25 batch loss is :0.4978
2025-06-16 08:03:37 - INFO - the acc is :0.65625
2025-06-16 08:03:57 - INFO - epoch:6/15 iteration:10/25 batch loss is :0.6434
2025-06-16 08:03:57 - INFO - the acc is :0.5
2025-06-16 08:04:16 - INFO - epoch:6/15 iteration:15/25 batch loss is :0.3853
2025-06-16 08:04:16 - INFO - the acc is :0.71875
2025-06-16 08:04:34 - INFO - epoch:6/15 iteration:20/25 batch loss is :0.4792
2025-06-16 08:04:34 - INFO - the acc is :0.625
2025-06-16 08:04:48 - INFO - Epoch:6/15 Loss is :0.4064
2025-06-16 08:08:45 - INFO - epoch:7/15 iteration:0/25 batch loss is :0.5539
2025-06-16 08:08:45 - INFO - the acc is :0.625
2025-06-16 08:09:03 - INFO - epoch:7/15 iteration:5/25 batch loss is :0.4161
2025-06-16 08:09:03 - INFO - the acc is :0.65625
2025-06-16 08:09:22 - INFO - epoch:7/15 iteration:10/25 batch loss is :0.5380
2025-06-16 08:09:22 - INFO - the acc is :0.625
2025-06-16 08:10:02 - INFO - epoch:7/15 iteration:15/25 batch loss is :0.4236
2025-06-16 08:10:02 - INFO - the acc is :0.6875
2025-06-16 08:10:19 - INFO - epoch:7/15 iteration:20/25 batch loss is :0.4535
2025-06-16 08:10:19 - INFO - the acc is :0.59375
2025-06-16 08:10:34 - INFO - Epoch:7/15 Loss is :0.4533
2025-06-16 08:13:42 - INFO - epoch:8/15 iteration:0/25 batch loss is :0.3266
2025-06-16 08:13:42 - INFO - the acc is :0.71875
2025-06-16 08:14:02 - INFO - epoch:8/15 iteration:5/25 batch loss is :0.2263
2025-06-16 08:14:02 - INFO - the acc is :0.96875
2025-06-16 08:14:23 - INFO - epoch:8/15 iteration:10/25 batch loss is :0.7078
2025-06-16 08:14:23 - INFO - the acc is :0.5625
2025-06-16 08:14:41 - INFO - epoch:8/15 iteration:15/25 batch loss is :0.5810
2025-06-16 08:14:41 - INFO - the acc is :0.5
2025-06-16 08:14:59 - INFO - epoch:8/15 iteration:20/25 batch loss is :0.3787
2025-06-16 08:14:59 - INFO - the acc is :0.75
2025-06-16 08:15:13 - INFO - Epoch:8/15 Loss is :0.4846
2025-06-16 08:18:25 - INFO - epoch:9/15 iteration:0/25 batch loss is :0.4296
2025-06-16 08:18:25 - INFO - the acc is :0.65625
2025-06-16 08:18:45 - INFO - epoch:9/15 iteration:5/25 batch loss is :0.4381
2025-06-16 08:18:45 - INFO - the acc is :0.59375
2025-06-16 08:19:05 - INFO - epoch:9/15 iteration:10/25 batch loss is :0.5096
2025-06-16 08:19:05 - INFO - the acc is :0.65625
2025-06-16 08:19:23 - INFO - epoch:9/15 iteration:15/25 batch loss is :0.3824
2025-06-16 08:19:23 - INFO - the acc is :0.8125
2025-06-16 08:19:41 - INFO - epoch:9/15 iteration:20/25 batch loss is :0.4478
2025-06-16 08:19:41 - INFO - the acc is :0.71875
2025-06-16 08:19:56 - INFO - Epoch:9/15 Loss is :0.4453
2025-06-16 08:23:53 - INFO - epoch:10/15 iteration:0/25 batch loss is :0.4942
2025-06-16 08:23:53 - INFO - the acc is :0.6875
2025-06-16 08:24:12 - INFO - epoch:10/15 iteration:5/25 batch loss is :0.4978
2025-06-16 08:24:12 - INFO - the acc is :0.6875
2025-06-16 08:24:31 - INFO - epoch:10/15 iteration:10/25 batch loss is :0.4560
2025-06-16 08:24:31 - INFO - the acc is :0.65625
2025-06-16 08:25:12 - INFO - epoch:10/15 iteration:15/25 batch loss is :0.3713
2025-06-16 08:25:12 - INFO - the acc is :0.78125
2025-06-16 08:25:30 - INFO - epoch:10/15 iteration:20/25 batch loss is :0.3508
2025-06-16 08:25:30 - INFO - the acc is :0.65625
2025-06-16 08:25:45 - INFO - Epoch:10/15 Loss is :0.4693
2025-06-16 08:29:09 - INFO - val accuarcy is : 0.6743
2025-06-16 08:29:09 - INFO - VAL loss :0.3541
2025-06-16 08:32:20 - INFO - epoch:11/15 iteration:0/25 batch loss is :0.3295
2025-06-16 08:32:20 - INFO - the acc is :0.71875
2025-06-16 08:32:39 - INFO - epoch:11/15 iteration:5/25 batch loss is :0.5309
2025-06-16 08:32:39 - INFO - the acc is :0.59375
2025-06-16 08:33:00 - INFO - epoch:11/15 iteration:10/25 batch loss is :0.4621
2025-06-16 08:33:00 - INFO - the acc is :0.625
2025-06-16 08:33:19 - INFO - epoch:11/15 iteration:15/25 batch loss is :0.2289
2025-06-16 08:33:19 - INFO - the acc is :0.84375
2025-06-16 08:33:36 - INFO - epoch:11/15 iteration:20/25 batch loss is :0.6578
2025-06-16 08:33:36 - INFO - the acc is :0.5625
2025-06-16 08:33:51 - INFO - Epoch:11/15 Loss is :0.4825
2025-06-16 08:37:25 - INFO - epoch:12/15 iteration:0/25 batch loss is :0.4010
2025-06-16 08:37:25 - INFO - the acc is :0.5625
2025-06-16 08:37:43 - INFO - epoch:12/15 iteration:5/25 batch loss is :0.6091
2025-06-16 08:37:43 - INFO - the acc is :0.625
2025-06-16 08:38:02 - INFO - epoch:12/15 iteration:10/25 batch loss is :0.3373
2025-06-16 08:38:02 - INFO - the acc is :0.78125
2025-06-16 08:38:42 - INFO - epoch:12/15 iteration:15/25 batch loss is :0.4714
2025-06-16 08:38:42 - INFO - the acc is :0.5625
2025-06-16 08:38:59 - INFO - epoch:12/15 iteration:20/25 batch loss is :0.5227
2025-06-16 08:38:59 - INFO - the acc is :0.6875
2025-06-16 08:39:14 - INFO - Epoch:12/15 Loss is :0.4281
2025-06-16 08:42:39 - INFO - epoch:13/15 iteration:0/25 batch loss is :0.2232
2025-06-16 08:42:39 - INFO - the acc is :0.75
2025-06-16 08:43:03 - INFO - epoch:13/15 iteration:5/25 batch loss is :0.6235
2025-06-16 08:43:03 - INFO - the acc is :0.59375
2025-06-16 08:43:23 - INFO - epoch:13/15 iteration:10/25 batch loss is :0.6474
2025-06-16 08:43:23 - INFO - the acc is :0.53125
2025-06-16 08:43:41 - INFO - epoch:13/15 iteration:15/25 batch loss is :0.5038
2025-06-16 08:43:41 - INFO - the acc is :0.6875
2025-06-16 08:43:59 - INFO - epoch:13/15 iteration:20/25 batch loss is :0.5513
2025-06-16 08:43:59 - INFO - the acc is :0.75
2025-06-16 08:44:14 - INFO - Epoch:13/15 Loss is :0.4231
2025-06-16 08:47:23 - INFO - epoch:14/15 iteration:0/25 batch loss is :0.4623
2025-06-16 08:47:23 - INFO - the acc is :0.59375
2025-06-16 08:47:42 - INFO - epoch:14/15 iteration:5/25 batch loss is :0.3936
2025-06-16 08:47:42 - INFO - the acc is :0.6875
2025-06-16 08:48:03 - INFO - epoch:14/15 iteration:10/25 batch loss is :0.2632
2025-06-16 08:48:03 - INFO - the acc is :0.78125
2025-06-16 08:48:21 - INFO - epoch:14/15 iteration:15/25 batch loss is :0.5480
2025-06-16 08:48:21 - INFO - the acc is :0.625
2025-06-16 08:48:39 - INFO - epoch:14/15 iteration:20/25 batch loss is :0.4134
2025-06-16 08:48:39 - INFO - the acc is :0.75
2025-06-16 08:48:53 - INFO - Epoch:14/15 Loss is :0.4182
2025-06-16 08:52:18 - INFO - val accuarcy is : 0.7158
2025-06-16 08:52:18 - INFO - VAL loss :0.3263
2025-06-16 08:52:18 - INFO - fold number:4
2025-06-16 08:55:29 - INFO - epoch:0/15 iteration:0/25 batch loss is :0.4128
2025-06-16 08:55:29 - INFO - the acc is :0.71875
2025-06-16 08:55:49 - INFO - epoch:0/15 iteration:5/25 batch loss is :0.3030
2025-06-16 08:55:49 - INFO - the acc is :0.75
2025-06-16 08:56:10 - INFO - epoch:0/15 iteration:10/25 batch loss is :0.4535
2025-06-16 08:56:10 - INFO - the acc is :0.65625
2025-06-16 08:56:27 - INFO - epoch:0/15 iteration:15/25 batch loss is :0.5463
2025-06-16 08:56:27 - INFO - the acc is :0.6875
2025-06-16 08:56:45 - INFO - epoch:0/15 iteration:20/25 batch loss is :0.3502
2025-06-16 08:56:45 - INFO - the acc is :0.78125
2025-06-16 08:57:00 - INFO - Epoch:0/15 Loss is :0.4642
2025-06-16 08:59:50 - INFO - val accuarcy is : 0.7261
2025-06-16 08:59:50 - INFO - VAL loss :0.3486
2025-06-16 09:02:59 - INFO - epoch:1/15 iteration:0/25 batch loss is :0.2051
2025-06-16 09:02:59 - INFO - the acc is :0.875
2025-06-16 09:03:19 - INFO - epoch:1/15 iteration:5/25 batch loss is :0.3308
2025-06-16 09:03:19 - INFO - the acc is :0.65625
2025-06-16 09:03:39 - INFO - epoch:1/15 iteration:10/25 batch loss is :0.4160
2025-06-16 09:03:39 - INFO - the acc is :0.6875
2025-06-16 09:03:57 - INFO - epoch:1/15 iteration:15/25 batch loss is :0.3859
2025-06-16 09:03:57 - INFO - the acc is :0.6875
2025-06-16 09:04:15 - INFO - epoch:1/15 iteration:20/25 batch loss is :0.5514
2025-06-16 09:04:15 - INFO - the acc is :0.53125
2025-06-16 09:04:30 - INFO - Epoch:1/15 Loss is :0.4548
2025-06-16 09:08:26 - INFO - epoch:2/15 iteration:0/25 batch loss is :0.5204
2025-06-16 09:08:26 - INFO - the acc is :0.6875
2025-06-16 09:08:45 - INFO - epoch:2/15 iteration:5/25 batch loss is :0.2912
2025-06-16 09:08:45 - INFO - the acc is :0.71875
2025-06-16 09:09:04 - INFO - epoch:2/15 iteration:10/25 batch loss is :0.2910
2025-06-16 09:09:04 - INFO - the acc is :0.78125
2025-06-16 09:09:47 - INFO - epoch:2/15 iteration:15/25 batch loss is :0.2590
2025-06-16 09:09:47 - INFO - the acc is :0.78125
2025-06-16 09:10:04 - INFO - epoch:2/15 iteration:20/25 batch loss is :0.3720
2025-06-16 09:10:04 - INFO - the acc is :0.78125
2025-06-16 09:10:19 - INFO - Epoch:2/15 Loss is :0.4358
2025-06-16 09:13:37 - INFO - epoch:3/15 iteration:0/25 batch loss is :0.2451
2025-06-16 09:13:37 - INFO - the acc is :0.78125
2025-06-16 09:13:57 - INFO - epoch:3/15 iteration:5/25 batch loss is :0.4218
2025-06-16 09:13:57 - INFO - the acc is :0.71875
2025-06-16 09:14:17 - INFO - epoch:3/15 iteration:10/25 batch loss is :0.9415
2025-06-16 09:14:17 - INFO - the acc is :0.53125
2025-06-16 09:14:35 - INFO - epoch:3/15 iteration:15/25 batch loss is :0.4834
2025-06-16 09:14:35 - INFO - the acc is :0.625
2025-06-16 09:14:53 - INFO - epoch:3/15 iteration:20/25 batch loss is :0.2561
2025-06-16 09:14:53 - INFO - the acc is :0.8125
2025-06-16 09:15:08 - INFO - Epoch:3/15 Loss is :0.4372
2025-06-16 09:18:18 - INFO - epoch:4/15 iteration:0/25 batch loss is :0.2650
2025-06-16 09:18:18 - INFO - the acc is :0.78125
2025-06-16 09:18:38 - INFO - epoch:4/15 iteration:5/25 batch loss is :0.3267
2025-06-16 09:18:38 - INFO - the acc is :0.78125
2025-06-16 09:18:58 - INFO - epoch:4/15 iteration:10/25 batch loss is :0.4724
2025-06-16 09:18:58 - INFO - the acc is :0.625
2025-06-16 09:19:16 - INFO - epoch:4/15 iteration:15/25 batch loss is :0.3684
2025-06-16 09:19:16 - INFO - the acc is :0.71875
2025-06-16 09:19:34 - INFO - epoch:4/15 iteration:20/25 batch loss is :0.3795
2025-06-16 09:19:34 - INFO - the acc is :0.65625
2025-06-16 09:19:49 - INFO - Epoch:4/15 Loss is :0.4374
2025-06-16 09:23:41 - INFO - epoch:5/15 iteration:0/25 batch loss is :0.3163
2025-06-16 09:23:41 - INFO - the acc is :0.65625
2025-06-16 09:23:59 - INFO - epoch:5/15 iteration:5/25 batch loss is :0.4279
2025-06-16 09:23:59 - INFO - the acc is :0.6875
2025-06-16 09:24:19 - INFO - epoch:5/15 iteration:10/25 batch loss is :0.4349
2025-06-16 09:24:19 - INFO - the acc is :0.6875
2025-06-16 09:25:02 - INFO - epoch:5/15 iteration:15/25 batch loss is :0.4717
2025-06-16 09:25:02 - INFO - the acc is :0.59375
2025-06-16 09:25:19 - INFO - epoch:5/15 iteration:20/25 batch loss is :0.3523
2025-06-16 09:25:19 - INFO - the acc is :0.59375
2025-06-16 09:25:34 - INFO - Epoch:5/15 Loss is :0.4496
2025-06-16 09:28:58 - INFO - val accuarcy is : 0.7158
2025-06-16 09:28:58 - INFO - VAL loss :0.3578
2025-06-16 09:32:11 - INFO - epoch:6/15 iteration:0/25 batch loss is :0.2713
2025-06-16 09:32:11 - INFO - the acc is :0.8125
2025-06-16 09:32:30 - INFO - epoch:6/15 iteration:5/25 batch loss is :0.3072
2025-06-16 09:32:30 - INFO - the acc is :0.6875
2025-06-16 09:32:50 - INFO - epoch:6/15 iteration:10/25 batch loss is :0.4658
2025-06-16 09:32:50 - INFO - the acc is :0.78125
2025-06-16 09:33:08 - INFO - epoch:6/15 iteration:15/25 batch loss is :0.5788
2025-06-16 09:33:08 - INFO - the acc is :0.65625
2025-06-16 09:33:26 - INFO - epoch:6/15 iteration:20/25 batch loss is :0.4405
2025-06-16 09:33:26 - INFO - the acc is :0.59375
2025-06-16 09:33:41 - INFO - Epoch:6/15 Loss is :0.4313
2025-06-16 09:36:57 - INFO - epoch:7/15 iteration:0/25 batch loss is :0.4017
2025-06-16 09:36:57 - INFO - the acc is :0.625
2025-06-16 09:37:16 - INFO - epoch:7/15 iteration:5/25 batch loss is :0.3060
2025-06-16 09:37:16 - INFO - the acc is :0.71875
2025-06-16 09:37:35 - INFO - epoch:7/15 iteration:10/25 batch loss is :0.4057
2025-06-16 09:37:35 - INFO - the acc is :0.78125
2025-06-16 09:38:16 - INFO - epoch:7/15 iteration:15/25 batch loss is :0.5617
2025-06-16 09:38:16 - INFO - the acc is :0.625
2025-06-16 09:38:34 - INFO - epoch:7/15 iteration:20/25 batch loss is :0.2965
2025-06-16 09:38:34 - INFO - the acc is :0.8125
2025-06-16 09:38:49 - INFO - Epoch:7/15 Loss is :0.4446
2025-06-16 09:42:44 - INFO - epoch:8/15 iteration:0/25 batch loss is :0.4973
2025-06-16 09:42:44 - INFO - the acc is :0.5625
2025-06-16 09:43:03 - INFO - epoch:8/15 iteration:5/25 batch loss is :0.4617
2025-06-16 09:43:03 - INFO - the acc is :0.59375
2025-06-16 09:43:23 - INFO - epoch:8/15 iteration:10/25 batch loss is :0.5496
2025-06-16 09:43:23 - INFO - the acc is :0.65625
2025-06-16 09:43:41 - INFO - epoch:8/15 iteration:15/25 batch loss is :0.4920
2025-06-16 09:43:41 - INFO - the acc is :0.6875
2025-06-16 09:43:59 - INFO - epoch:8/15 iteration:20/25 batch loss is :0.4113
2025-06-16 09:43:59 - INFO - the acc is :0.59375
2025-06-16 09:44:14 - INFO - Epoch:8/15 Loss is :0.4106
2025-06-16 09:47:28 - INFO - epoch:9/15 iteration:0/25 batch loss is :0.2707
2025-06-16 09:47:28 - INFO - the acc is :0.6875
2025-06-16 09:47:47 - INFO - epoch:9/15 iteration:5/25 batch loss is :0.4068
2025-06-16 09:47:47 - INFO - the acc is :0.71875
2025-06-16 09:48:08 - INFO - epoch:9/15 iteration:10/25 batch loss is :0.4471
2025-06-16 09:48:08 - INFO - the acc is :0.71875
2025-06-16 09:48:26 - INFO - epoch:9/15 iteration:15/25 batch loss is :0.4274
2025-06-16 09:48:26 - INFO - the acc is :0.65625
2025-06-16 09:48:44 - INFO - epoch:9/15 iteration:20/25 batch loss is :0.4582
2025-06-16 09:48:44 - INFO - the acc is :0.71875
2025-06-16 09:48:59 - INFO - Epoch:9/15 Loss is :0.4294
2025-06-16 09:52:18 - INFO - epoch:10/15 iteration:0/25 batch loss is :0.5271
2025-06-16 09:52:18 - INFO - the acc is :0.625
2025-06-16 09:52:36 - INFO - epoch:10/15 iteration:5/25 batch loss is :0.2665
2025-06-16 09:52:36 - INFO - the acc is :0.75
2025-06-16 09:52:55 - INFO - epoch:10/15 iteration:10/25 batch loss is :0.7360
2025-06-16 09:52:55 - INFO - the acc is :0.59375
2025-06-16 09:53:36 - INFO - epoch:10/15 iteration:15/25 batch loss is :0.3557
2025-06-16 09:53:36 - INFO - the acc is :0.6875
2025-06-16 09:53:54 - INFO - epoch:10/15 iteration:20/25 batch loss is :0.6276
2025-06-16 09:53:54 - INFO - the acc is :0.6875
2025-06-16 09:54:09 - INFO - Epoch:10/15 Loss is :0.4763
2025-06-16 09:57:44 - INFO - val accuarcy is : 0.7158
2025-06-16 09:57:44 - INFO - VAL loss :0.3549
2025-06-16 10:01:20 - INFO - epoch:11/15 iteration:0/25 batch loss is :0.5695
2025-06-16 10:01:20 - INFO - the acc is :0.53125
2025-06-16 10:01:39 - INFO - epoch:11/15 iteration:5/25 batch loss is :0.3172
2025-06-16 10:01:39 - INFO - the acc is :0.71875
2025-06-16 10:01:59 - INFO - epoch:11/15 iteration:10/25 batch loss is :0.2848
2025-06-16 10:01:59 - INFO - the acc is :0.71875
2025-06-16 10:02:24 - INFO - epoch:11/15 iteration:15/25 batch loss is :0.5479
2025-06-16 10:02:24 - INFO - the acc is :0.78125
2025-06-16 10:02:42 - INFO - epoch:11/15 iteration:20/25 batch loss is :0.3972
2025-06-16 10:02:42 - INFO - the acc is :0.6875
2025-06-16 10:02:57 - INFO - Epoch:11/15 Loss is :0.4161
2025-06-16 10:06:11 - INFO - epoch:12/15 iteration:0/25 batch loss is :0.6055
2025-06-16 10:06:11 - INFO - the acc is :0.6875
2025-06-16 10:06:31 - INFO - epoch:12/15 iteration:5/25 batch loss is :0.2891
2025-06-16 10:06:31 - INFO - the acc is :0.75
2025-06-16 10:06:51 - INFO - epoch:12/15 iteration:10/25 batch loss is :0.3223
2025-06-16 10:06:51 - INFO - the acc is :0.8125
2025-06-16 10:07:09 - INFO - epoch:12/15 iteration:15/25 batch loss is :0.4445
2025-06-16 10:07:09 - INFO - the acc is :0.6875
2025-06-16 10:07:27 - INFO - epoch:12/15 iteration:20/25 batch loss is :0.2409
2025-06-16 10:07:27 - INFO - the acc is :0.75
2025-06-16 10:07:42 - INFO - Epoch:12/15 Loss is :0.4252
2025-06-16 10:11:39 - INFO - epoch:13/15 iteration:0/25 batch loss is :0.6485
2025-06-16 10:11:39 - INFO - the acc is :0.53125
2025-06-16 10:11:57 - INFO - epoch:13/15 iteration:5/25 batch loss is :0.6127
2025-06-16 10:11:57 - INFO - the acc is :0.6875
2025-06-16 10:12:17 - INFO - epoch:13/15 iteration:10/25 batch loss is :0.3155
2025-06-16 10:12:17 - INFO - the acc is :0.65625
2025-06-16 10:12:57 - INFO - epoch:13/15 iteration:15/25 batch loss is :0.3269
2025-06-16 10:12:57 - INFO - the acc is :0.78125
2025-06-16 10:13:14 - INFO - epoch:13/15 iteration:20/25 batch loss is :0.5783
2025-06-16 10:13:14 - INFO - the acc is :0.53125
2025-06-16 10:13:29 - INFO - Epoch:13/15 Loss is :0.4469
2025-06-16 10:16:41 - INFO - epoch:14/15 iteration:0/25 batch loss is :0.3922
2025-06-16 10:16:41 - INFO - the acc is :0.6875
2025-06-16 10:17:00 - INFO - epoch:14/15 iteration:5/25 batch loss is :0.3785
2025-06-16 10:17:00 - INFO - the acc is :0.75
2025-06-16 10:17:21 - INFO - epoch:14/15 iteration:10/25 batch loss is :0.4323
2025-06-16 10:17:21 - INFO - the acc is :0.65625
2025-06-16 10:17:39 - INFO - epoch:14/15 iteration:15/25 batch loss is :0.2696
2025-06-16 10:17:39 - INFO - the acc is :0.8125
2025-06-16 10:17:57 - INFO - epoch:14/15 iteration:20/25 batch loss is :0.3132
2025-06-16 10:17:57 - INFO - the acc is :0.71875
2025-06-16 10:18:12 - INFO - Epoch:14/15 Loss is :0.4009
2025-06-16 10:21:34 - INFO - val accuarcy is : 0.7261
2025-06-16 10:21:34 - INFO - VAL loss :0.3481
2025-06-16 10:21:34 - INFO - training complete!!!
