2025-06-17 07:56:29 - INFO - ------------------------------------------------------------------------------------------------
2025-06-17 07:56:29 - INFO - starting new training !!!!
2025-06-17 07:56:29 - INFO - ------------------------------------------------------------------------------------------------
2025-06-17 07:56:29 - INFO - Namespace(batch=12, class_dict={'EarlyAMD': 0, 'Int AMD': 1, 'GA': 2, 'Wet': 3, 'Scar': 4, 'Not AMD': 5}, device=device(type='cuda'), epoch=25, excel_path='d:\\cleaning_GUI_annotated_Data\\06_03_2025\\vol_annotations_06_03_2025.xlsx', gamma=0.1, json='D:\\AMD-data-visualisation\\jsons\\patient_level\\train_val_split_new_dataset.json', log_dir='logs/Resnet_medicalnet', lr=0.001, model_path='pretrained/resnet_10_23dataset.pth', num_classes=6, save_dir='model_parameter_Resnet_medicalnet', save_freq=5, step_size=10, weight_matrix=tensor([0.2700, 0.2080, 0.0740, 0.0380, 0.1360, 1.0000]))
2025-06-17 07:56:29 - INFO - parameters are being saved at :model_parameter_Resnet_medicalnet\20
2025-06-17 07:56:31 - INFO - the wandb run name is : ancient-sponge-21
2025-06-17 07:56:31 - INFO - found 4 gpus!
2025-06-17 07:56:31 - INFO - DataParallel(
  (module): ResNet(
    (conv1): Conv3d(1, 64, kernel_size=(7, 7, 7), stride=(2, 2, 2), padding=(3, 3, 3), bias=False)
    (bn1): BatchNorm3d(64, eps=1e-05, momentum=0.1, affine=True, track_running_stats=True)
    (relu): ReLU(inplace=True)
    (maxpool): MaxPool3d(kernel_size=(3, 3, 3), stride=2, padding=1, dilation=1, ceil_mode=False)
    (layer1): Sequential(
      (0): BasicBlock(
        (conv1): Conv3d(64, 64, kernel_size=(3, 3, 3), stride=(1, 1, 1), padding=(1, 1, 1), bias=False)
        (bn1): BatchNorm3d(64, eps=1e-05, momentum=0.1, affine=True, track_running_stats=True)
        (relu): ReLU(inplace=True)
        (conv2): Conv3d(64, 64, kernel_size=(3, 3, 3), stride=(1, 1, 1), padding=(1, 1, 1), bias=False)
        (bn2): BatchNorm3d(64, eps=1e-05, momentum=0.1, affine=True, track_running_stats=True)
      )
      (1): BasicBlock(
        (conv1): Conv3d(64, 64, kernel_size=(3, 3, 3), stride=(1, 1, 1), padding=(1, 1, 1), bias=False)
        (bn1): BatchNorm3d(64, eps=1e-05, momentum=0.1, affine=True, track_running_stats=True)
        (relu): ReLU(inplace=True)
        (conv2): Conv3d(64, 64, kernel_size=(3, 3, 3), stride=(1, 1, 1), padding=(1, 1, 1), bias=False)
        (bn2): BatchNorm3d(64, eps=1e-05, momentum=0.1, affine=True, track_running_stats=True)
      )
      (2): BasicBlock(
        (conv1): Conv3d(64, 64, kernel_size=(3, 3, 3), stride=(1, 1, 1), padding=(1, 1, 1), bias=False)
        (bn1): BatchNorm3d(64, eps=1e-05, momentum=0.1, affine=True, track_running_stats=True)
        (relu): ReLU(inplace=True)
        (conv2): Conv3d(64, 64, kernel_size=(3, 3, 3), stride=(1, 1, 1), padding=(1, 1, 1), bias=False)
        (bn2): BatchNorm3d(64, eps=1e-05, momentum=0.1, affine=True, track_running_stats=True)
      )
    )
    (layer2): Sequential(
      (0): BasicBlock(
        (conv1): Conv3d(64, 128, kernel_size=(3, 3, 3), stride=(2, 2, 2), padding=(1, 1, 1), bias=False)
        (bn1): BatchNorm3d(128, eps=1e-05, momentum=0.1, affine=True, track_running_stats=True)
        (relu): ReLU(inplace=True)
        (conv2): Conv3d(128, 128, kernel_size=(3, 3, 3), stride=(1, 1, 1), padding=(1, 1, 1), bias=False)
        (bn2): BatchNorm3d(128, eps=1e-05, momentum=0.1, affine=True, track_running_stats=True)
        (downsample): Sequential(
          (0): Conv3d(64, 128, kernel_size=(1, 1, 1), stride=(2, 2, 2), bias=False)
          (1): BatchNorm3d(128, eps=1e-05, momentum=0.1, affine=True, track_running_stats=True)
        )
      )
      (1): BasicBlock(
        (conv1): Conv3d(128, 128, kernel_size=(3, 3, 3), stride=(1, 1, 1), padding=(1, 1, 1), bias=False)
        (bn1): BatchNorm3d(128, eps=1e-05, momentum=0.1, affine=True, track_running_stats=True)
        (relu): ReLU(inplace=True)
        (conv2): Conv3d(128, 128, kernel_size=(3, 3, 3), stride=(1, 1, 1), padding=(1, 1, 1), bias=False)
        (bn2): BatchNorm3d(128, eps=1e-05, momentum=0.1, affine=True, track_running_stats=True)
      )
      (2): BasicBlock(
        (conv1): Conv3d(128, 128, kernel_size=(3, 3, 3), stride=(1, 1, 1), padding=(1, 1, 1), bias=False)
        (bn1): BatchNorm3d(128, eps=1e-05, momentum=0.1, affine=True, track_running_stats=True)
        (relu): ReLU(inplace=True)
        (conv2): Conv3d(128, 128, kernel_size=(3, 3, 3), stride=(1, 1, 1), padding=(1, 1, 1), bias=False)
        (bn2): BatchNorm3d(128, eps=1e-05, momentum=0.1, affine=True, track_running_stats=True)
      )
      (3): BasicBlock(
        (conv1): Conv3d(128, 128, kernel_size=(3, 3, 3), stride=(1, 1, 1), padding=(1, 1, 1), bias=False)
        (bn1): BatchNorm3d(128, eps=1e-05, momentum=0.1, affine=True, track_running_stats=True)
        (relu): ReLU(inplace=True)
        (conv2): Conv3d(128, 128, kernel_size=(3, 3, 3), stride=(1, 1, 1), padding=(1, 1, 1), bias=False)
        (bn2): BatchNorm3d(128, eps=1e-05, momentum=0.1, affine=True, track_running_stats=True)
      )
    )
    (layer3): Sequential(
      (0): BasicBlock(
        (conv1): Conv3d(128, 256, kernel_size=(3, 3, 3), stride=(1, 1, 1), padding=(2, 2, 2), dilation=(2, 2, 2), bias=False)
        (bn1): BatchNorm3d(256, eps=1e-05, momentum=0.1, affine=True, track_running_stats=True)
        (relu): ReLU(inplace=True)
        (conv2): Conv3d(256, 256, kernel_size=(3, 3, 3), stride=(1, 1, 1), padding=(2, 2, 2), dilation=(2, 2, 2), bias=False)
        (bn2): BatchNorm3d(256, eps=1e-05, momentum=0.1, affine=True, track_running_stats=True)
        (downsample): Sequential(
          (0): Conv3d(128, 256, kernel_size=(1, 1, 1), stride=(1, 1, 1), bias=False)
          (1): BatchNorm3d(256, eps=1e-05, momentum=0.1, affine=True, track_running_stats=True)
        )
      )
      (1): BasicBlock(
        (conv1): Conv3d(256, 256, kernel_size=(3, 3, 3), stride=(1, 1, 1), padding=(2, 2, 2), dilation=(2, 2, 2), bias=False)
        (bn1): BatchNorm3d(256, eps=1e-05, momentum=0.1, affine=True, track_running_stats=True)
        (relu): ReLU(inplace=True)
        (conv2): Conv3d(256, 256, kernel_size=(3, 3, 3), stride=(1, 1, 1), padding=(2, 2, 2), dilation=(2, 2, 2), bias=False)
        (bn2): BatchNorm3d(256, eps=1e-05, momentum=0.1, affine=True, track_running_stats=True)
      )
      (2): BasicBlock(
        (conv1): Conv3d(256, 256, kernel_size=(3, 3, 3), stride=(1, 1, 1), padding=(2, 2, 2), dilation=(2, 2, 2), bias=False)
        (bn1): BatchNorm3d(256, eps=1e-05, momentum=0.1, affine=True, track_running_stats=True)
        (relu): ReLU(inplace=True)
        (conv2): Conv3d(256, 256, kernel_size=(3, 3, 3), stride=(1, 1, 1), padding=(2, 2, 2), dilation=(2, 2, 2), bias=False)
        (bn2): BatchNorm3d(256, eps=1e-05, momentum=0.1, affine=True, track_running_stats=True)
      )
      (3): BasicBlock(
        (conv1): Conv3d(256, 256, kernel_size=(3, 3, 3), stride=(1, 1, 1), padding=(2, 2, 2), dilation=(2, 2, 2), bias=False)
        (bn1): BatchNorm3d(256, eps=1e-05, momentum=0.1, affine=True, track_running_stats=True)
        (relu): ReLU(inplace=True)
        (conv2): Conv3d(256, 256, kernel_size=(3, 3, 3), stride=(1, 1, 1), padding=(2, 2, 2), dilation=(2, 2, 2), bias=False)
        (bn2): BatchNorm3d(256, eps=1e-05, momentum=0.1, affine=True, track_running_stats=True)
      )
      (4): BasicBlock(
        (conv1): Conv3d(256, 256, kernel_size=(3, 3, 3), stride=(1, 1, 1), padding=(2, 2, 2), dilation=(2, 2, 2), bias=False)
        (bn1): BatchNorm3d(256, eps=1e-05, momentum=0.1, affine=True, track_running_stats=True)
        (relu): ReLU(inplace=True)
        (conv2): Conv3d(256, 256, kernel_size=(3, 3, 3), stride=(1, 1, 1), padding=(2, 2, 2), dilation=(2, 2, 2), bias=False)
        (bn2): BatchNorm3d(256, eps=1e-05, momentum=0.1, affine=True, track_running_stats=True)
      )
      (5): BasicBlock(
        (conv1): Conv3d(256, 256, kernel_size=(3, 3, 3), stride=(1, 1, 1), padding=(2, 2, 2), dilation=(2, 2, 2), bias=False)
        (bn1): BatchNorm3d(256, eps=1e-05, momentum=0.1, affine=True, track_running_stats=True)
        (relu): ReLU(inplace=True)
        (conv2): Conv3d(256, 256, kernel_size=(3, 3, 3), stride=(1, 1, 1), padding=(2, 2, 2), dilation=(2, 2, 2), bias=False)
        (bn2): BatchNorm3d(256, eps=1e-05, momentum=0.1, affine=True, track_running_stats=True)
      )
    )
    (layer4): Sequential(
      (0): BasicBlock(
        (conv1): Conv3d(256, 512, kernel_size=(3, 3, 3), stride=(1, 1, 1), padding=(4, 4, 4), dilation=(4, 4, 4), bias=False)
        (bn1): BatchNorm3d(512, eps=1e-05, momentum=0.1, affine=True, track_running_stats=True)
        (relu): ReLU(inplace=True)
        (conv2): Conv3d(512, 512, kernel_size=(3, 3, 3), stride=(1, 1, 1), padding=(4, 4, 4), dilation=(4, 4, 4), bias=False)
        (bn2): BatchNorm3d(512, eps=1e-05, momentum=0.1, affine=True, track_running_stats=True)
        (downsample): Sequential(
          (0): Conv3d(256, 512, kernel_size=(1, 1, 1), stride=(1, 1, 1), bias=False)
          (1): BatchNorm3d(512, eps=1e-05, momentum=0.1, affine=True, track_running_stats=True)
        )
      )
      (1): BasicBlock(
        (conv1): Conv3d(512, 512, kernel_size=(3, 3, 3), stride=(1, 1, 1), padding=(4, 4, 4), dilation=(4, 4, 4), bias=False)
        (bn1): BatchNorm3d(512, eps=1e-05, momentum=0.1, affine=True, track_running_stats=True)
        (relu): ReLU(inplace=True)
        (conv2): Conv3d(512, 512, kernel_size=(3, 3, 3), stride=(1, 1, 1), padding=(4, 4, 4), dilation=(4, 4, 4), bias=False)
        (bn2): BatchNorm3d(512, eps=1e-05, momentum=0.1, affine=True, track_running_stats=True)
      )
      (2): BasicBlock(
        (conv1): Conv3d(512, 512, kernel_size=(3, 3, 3), stride=(1, 1, 1), padding=(4, 4, 4), dilation=(4, 4, 4), bias=False)
        (bn1): BatchNorm3d(512, eps=1e-05, momentum=0.1, affine=True, track_running_stats=True)
        (relu): ReLU(inplace=True)
        (conv2): Conv3d(512, 512, kernel_size=(3, 3, 3), stride=(1, 1, 1), padding=(4, 4, 4), dilation=(4, 4, 4), bias=False)
        (bn2): BatchNorm3d(512, eps=1e-05, momentum=0.1, affine=True, track_running_stats=True)
      )
    )
    (GAP): AdaptiveAvgPool3d(output_size=(2, 2, 2))
    (linear): Linear(in_features=4096, out_features=6, bias=True)
  )
)
2025-06-17 07:56:31 - INFO - the missing keys are : 
['module.layer1.1.conv1.weight', 'module.layer1.1.bn1.weight', 'module.layer1.1.bn1.bias', 'module.layer1.1.bn1.running_mean', 'module.layer1.1.bn1.running_var', 'module.layer1.1.conv2.weight', 'module.layer1.1.bn2.weight', 'module.layer1.1.bn2.bias', 'module.layer1.1.bn2.running_mean', 'module.layer1.1.bn2.running_var', 'module.layer1.2.conv1.weight', 'module.layer1.2.bn1.weight', 'module.layer1.2.bn1.bias', 'module.layer1.2.bn1.running_mean', 'module.layer1.2.bn1.running_var', 'module.layer1.2.conv2.weight', 'module.layer1.2.bn2.weight', 'module.layer1.2.bn2.bias', 'module.layer1.2.bn2.running_mean', 'module.layer1.2.bn2.running_var', 'module.layer2.1.conv1.weight', 'module.layer2.1.bn1.weight', 'module.layer2.1.bn1.bias', 'module.layer2.1.bn1.running_mean', 'module.layer2.1.bn1.running_var', 'module.layer2.1.conv2.weight', 'module.layer2.1.bn2.weight', 'module.layer2.1.bn2.bias', 'module.layer2.1.bn2.running_mean', 'module.layer2.1.bn2.running_var', 'module.layer2.2.conv1.weight', 'module.layer2.2.bn1.weight', 'module.layer2.2.bn1.bias', 'module.layer2.2.bn1.running_mean', 'module.layer2.2.bn1.running_var', 'module.layer2.2.conv2.weight', 'module.layer2.2.bn2.weight', 'module.layer2.2.bn2.bias', 'module.layer2.2.bn2.running_mean', 'module.layer2.2.bn2.running_var', 'module.layer2.3.conv1.weight', 'module.layer2.3.bn1.weight', 'module.layer2.3.bn1.bias', 'module.layer2.3.bn1.running_mean', 'module.layer2.3.bn1.running_var', 'module.layer2.3.conv2.weight', 'module.layer2.3.bn2.weight', 'module.layer2.3.bn2.bias', 'module.layer2.3.bn2.running_mean', 'module.layer2.3.bn2.running_var', 'module.layer3.1.conv1.weight', 'module.layer3.1.bn1.weight', 'module.layer3.1.bn1.bias', 'module.layer3.1.bn1.running_mean', 'module.layer3.1.bn1.running_var', 'module.layer3.1.conv2.weight', 'module.layer3.1.bn2.weight', 'module.layer3.1.bn2.bias', 'module.layer3.1.bn2.running_mean', 'module.layer3.1.bn2.running_var', 'module.layer3.2.conv1.weight', 'module.layer3.2.bn1.weight', 'module.layer3.2.bn1.bias', 'module.layer3.2.bn1.running_mean', 'module.layer3.2.bn1.running_var', 'module.layer3.2.conv2.weight', 'module.layer3.2.bn2.weight', 'module.layer3.2.bn2.bias', 'module.layer3.2.bn2.running_mean', 'module.layer3.2.bn2.running_var', 'module.layer3.3.conv1.weight', 'module.layer3.3.bn1.weight', 'module.layer3.3.bn1.bias', 'module.layer3.3.bn1.running_mean', 'module.layer3.3.bn1.running_var', 'module.layer3.3.conv2.weight', 'module.layer3.3.bn2.weight', 'module.layer3.3.bn2.bias', 'module.layer3.3.bn2.running_mean', 'module.layer3.3.bn2.running_var', 'module.layer3.4.conv1.weight', 'module.layer3.4.bn1.weight', 'module.layer3.4.bn1.bias', 'module.layer3.4.bn1.running_mean', 'module.layer3.4.bn1.running_var', 'module.layer3.4.conv2.weight', 'module.layer3.4.bn2.weight', 'module.layer3.4.bn2.bias', 'module.layer3.4.bn2.running_mean', 'module.layer3.4.bn2.running_var', 'module.layer3.5.conv1.weight', 'module.layer3.5.bn1.weight', 'module.layer3.5.bn1.bias', 'module.layer3.5.bn1.running_mean', 'module.layer3.5.bn1.running_var', 'module.layer3.5.conv2.weight', 'module.layer3.5.bn2.weight', 'module.layer3.5.bn2.bias', 'module.layer3.5.bn2.running_mean', 'module.layer3.5.bn2.running_var', 'module.layer4.1.conv1.weight', 'module.layer4.1.bn1.weight', 'module.layer4.1.bn1.bias', 'module.layer4.1.bn1.running_mean', 'module.layer4.1.bn1.running_var', 'module.layer4.1.conv2.weight', 'module.layer4.1.bn2.weight', 'module.layer4.1.bn2.bias', 'module.layer4.1.bn2.running_mean', 'module.layer4.1.bn2.running_var', 'module.layer4.2.conv1.weight', 'module.layer4.2.bn1.weight', 'module.layer4.2.bn1.bias', 'module.layer4.2.bn1.running_mean', 'module.layer4.2.bn1.running_var', 'module.layer4.2.conv2.weight', 'module.layer4.2.bn2.weight', 'module.layer4.2.bn2.bias', 'module.layer4.2.bn2.running_mean', 'module.layer4.2.bn2.running_var', 'module.linear.weight', 'module.linear.bias']
2025-06-17 07:56:31 - INFO - the unexpected keys are :
[]
2025-06-17 07:56:31 - INFO - loaded model parameters from pretrained/resnet_10_23dataset.pth
2025-06-17 07:56:32 - INFO - fold number:0
2025-06-17 08:00:09 - INFO - epoch:0/25 iteration:0/459 batch loss is :0.5260
2025-06-17 08:00:28 - INFO - epoch:0/25 iteration:5/459 batch loss is :0.1108
2025-06-17 08:00:47 - INFO - epoch:0/25 iteration:10/459 batch loss is :0.1429
2025-06-17 08:00:57 - ERROR - Caught FileNotFoundError in DataLoader worker process 14.
Original Traceback (most recent call last):
  File "C:\Users\AKS396\.conda\envs\amd\lib\site-packages\torch\utils\data\_utils\worker.py", line 308, in _worker_loop
    data = fetcher.fetch(index)  # type: ignore[possibly-undefined]
  File "C:\Users\AKS396\.conda\envs\amd\lib\site-packages\torch\utils\data\_utils\fetch.py", line 49, in fetch
    data = self.dataset.__getitems__(possibly_batched_index)
  File "C:\Users\AKS396\.conda\envs\amd\lib\site-packages\torch\utils\data\dataset.py", line 419, in __getitems__
    return [self.dataset[self.indices[idx]] for idx in indices]
  File "C:\Users\AKS396\.conda\envs\amd\lib\site-packages\torch\utils\data\dataset.py", line 419, in <listcomp>
    return [self.dataset[self.indices[idx]] for idx in indices]
  File "D:\AMD-data-visualisation\dataloader.py", line 169, in __getitem__
    scan_list=sorted(os.listdir(scans_dir),key=lambda x:int(x.split("_")[-1].split(".")[0]))
FileNotFoundError: [WinError 3] The system cannot find the path specified: 'D:\\cleaning_GUI_annotated_Data\\06_03_2025\\Data\\40000002\\L\\20090806\\80108\\OPT\\Carl_Zeiss_Meditec\\200X1024X200\\Original\\B-Scans'

