2025-07-09 05:45:25 - INFO - ------------------------------------------------------------------------------------------------
2025-07-09 05:45:25 - INFO - starting new training !!!!
2025-07-09 05:45:25 - INFO - ------------------------------------------------------------------------------------------------
2025-07-09 05:45:25 - INFO - Namespace(batch=12, class_dict={'Early AMD': 0, 'Int AMD': 1, 'GA': 2, 'Wet': 3, 'Scar': 4, 'Not AMD': 5}, device=device(type='cuda'), epoch=10, eval_freq=10, excel_path='excel/vol_annotations_06_03_2025.xlsx', gamma=0.1, json='D:\\AMD-data-visualisation\\jsons\\patient_level\\train_val_split_new_dataset.json', lambda_bce=1.0, lambda_ce=1.0, lambda_hy=4, log_dir='logs/Resnet_medicalnet', lr=2.5e-05, model_path='pretrained\\resnet_34_23dataset.pth', num_classes=3, num_samples_per_epoch=1000, sampling_prob={0: 0.25, 1: 0.05, 2: 0.5}, save_dir='model_parameter_Resnet_medicalnet', save_freq=5, step_size=10, targets_path='targets.npy', weight_bce=tensor([3.9600, 4.9500, 0.5900]), weight_broad=tensor([0.5000, 0.4000, 0.4000, 0.3300, 1.2500, 1.0000]), weight_ce=tensor([0.2000, 0.2000, 1.0000]))
2025-07-09 05:45:25 - INFO - parameters are being saved at :model_parameter_Resnet_medicalnet\78
2025-07-09 05:45:26 - INFO - the wandb run name is : ancient-firebrand-99
2025-07-09 05:45:26 - INFO - found 4 gpus!
2025-07-09 05:45:26 - INFO - DataParallel(
  (module): ResNet(
    (conv1): Conv3d(1, 64, kernel_size=(7, 7, 7), stride=(2, 2, 2), padding=(3, 3, 3), bias=False)
    (bn1): BatchNorm3d(64, eps=1e-05, momentum=0.1, affine=True, track_running_stats=True)
    (relu): ReLU(inplace=True)
    (maxpool): MaxPool3d(kernel_size=(3, 3, 3), stride=2, padding=1, dilation=1, ceil_mode=False)
    (layer1): Sequential(
      (0): BasicBlock(
        (conv1): Conv3d(64, 64, kernel_size=(3, 3, 3), stride=(1, 1, 1), padding=(1, 1, 1), bias=False)
        (bn1): BatchNorm3d(64, eps=1e-05, momentum=0.1, affine=True, track_running_stats=True)
        (relu): ReLU(inplace=True)
        (conv2): Conv3d(64, 64, kernel_size=(3, 3, 3), stride=(1, 1, 1), padding=(1, 1, 1), bias=False)
        (bn2): BatchNorm3d(64, eps=1e-05, momentum=0.1, affine=True, track_running_stats=True)
      )
      (1): BasicBlock(
        (conv1): Conv3d(64, 64, kernel_size=(3, 3, 3), stride=(1, 1, 1), padding=(1, 1, 1), bias=False)
        (bn1): BatchNorm3d(64, eps=1e-05, momentum=0.1, affine=True, track_running_stats=True)
        (relu): ReLU(inplace=True)
        (conv2): Conv3d(64, 64, kernel_size=(3, 3, 3), stride=(1, 1, 1), padding=(1, 1, 1), bias=False)
        (bn2): BatchNorm3d(64, eps=1e-05, momentum=0.1, affine=True, track_running_stats=True)
      )
      (2): BasicBlock(
        (conv1): Conv3d(64, 64, kernel_size=(3, 3, 3), stride=(1, 1, 1), padding=(1, 1, 1), bias=False)
        (bn1): BatchNorm3d(64, eps=1e-05, momentum=0.1, affine=True, track_running_stats=True)
        (relu): ReLU(inplace=True)
        (conv2): Conv3d(64, 64, kernel_size=(3, 3, 3), stride=(1, 1, 1), padding=(1, 1, 1), bias=False)
        (bn2): BatchNorm3d(64, eps=1e-05, momentum=0.1, affine=True, track_running_stats=True)
      )
    )
    (layer2): Sequential(
      (0): BasicBlock(
        (conv1): Conv3d(64, 128, kernel_size=(3, 3, 3), stride=(2, 2, 2), padding=(1, 1, 1), bias=False)
        (bn1): BatchNorm3d(128, eps=1e-05, momentum=0.1, affine=True, track_running_stats=True)
        (relu): ReLU(inplace=True)
        (conv2): Conv3d(128, 128, kernel_size=(3, 3, 3), stride=(1, 1, 1), padding=(1, 1, 1), bias=False)
        (bn2): BatchNorm3d(128, eps=1e-05, momentum=0.1, affine=True, track_running_stats=True)
      )
      (1): BasicBlock(
        (conv1): Conv3d(128, 128, kernel_size=(3, 3, 3), stride=(1, 1, 1), padding=(1, 1, 1), bias=False)
        (bn1): BatchNorm3d(128, eps=1e-05, momentum=0.1, affine=True, track_running_stats=True)
        (relu): ReLU(inplace=True)
        (conv2): Conv3d(128, 128, kernel_size=(3, 3, 3), stride=(1, 1, 1), padding=(1, 1, 1), bias=False)
        (bn2): BatchNorm3d(128, eps=1e-05, momentum=0.1, affine=True, track_running_stats=True)
      )
      (2): BasicBlock(
        (conv1): Conv3d(128, 128, kernel_size=(3, 3, 3), stride=(1, 1, 1), padding=(1, 1, 1), bias=False)
        (bn1): BatchNorm3d(128, eps=1e-05, momentum=0.1, affine=True, track_running_stats=True)
        (relu): ReLU(inplace=True)
        (conv2): Conv3d(128, 128, kernel_size=(3, 3, 3), stride=(1, 1, 1), padding=(1, 1, 1), bias=False)
        (bn2): BatchNorm3d(128, eps=1e-05, momentum=0.1, affine=True, track_running_stats=True)
      )
      (3): BasicBlock(
        (conv1): Conv3d(128, 128, kernel_size=(3, 3, 3), stride=(1, 1, 1), padding=(1, 1, 1), bias=False)
        (bn1): BatchNorm3d(128, eps=1e-05, momentum=0.1, affine=True, track_running_stats=True)
        (relu): ReLU(inplace=True)
        (conv2): Conv3d(128, 128, kernel_size=(3, 3, 3), stride=(1, 1, 1), padding=(1, 1, 1), bias=False)
        (bn2): BatchNorm3d(128, eps=1e-05, momentum=0.1, affine=True, track_running_stats=True)
      )
    )
    (layer3): Sequential(
      (0): BasicBlock(
        (conv1): Conv3d(128, 256, kernel_size=(3, 3, 3), stride=(1, 1, 1), padding=(2, 2, 2), dilation=(2, 2, 2), bias=False)
        (bn1): BatchNorm3d(256, eps=1e-05, momentum=0.1, affine=True, track_running_stats=True)
        (relu): ReLU(inplace=True)
        (conv2): Conv3d(256, 256, kernel_size=(3, 3, 3), stride=(1, 1, 1), padding=(2, 2, 2), dilation=(2, 2, 2), bias=False)
        (bn2): BatchNorm3d(256, eps=1e-05, momentum=0.1, affine=True, track_running_stats=True)
      )
      (1): BasicBlock(
        (conv1): Conv3d(256, 256, kernel_size=(3, 3, 3), stride=(1, 1, 1), padding=(2, 2, 2), dilation=(2, 2, 2), bias=False)
        (bn1): BatchNorm3d(256, eps=1e-05, momentum=0.1, affine=True, track_running_stats=True)
        (relu): ReLU(inplace=True)
        (conv2): Conv3d(256, 256, kernel_size=(3, 3, 3), stride=(1, 1, 1), padding=(2, 2, 2), dilation=(2, 2, 2), bias=False)
        (bn2): BatchNorm3d(256, eps=1e-05, momentum=0.1, affine=True, track_running_stats=True)
      )
      (2): BasicBlock(
        (conv1): Conv3d(256, 256, kernel_size=(3, 3, 3), stride=(1, 1, 1), padding=(2, 2, 2), dilation=(2, 2, 2), bias=False)
        (bn1): BatchNorm3d(256, eps=1e-05, momentum=0.1, affine=True, track_running_stats=True)
        (relu): ReLU(inplace=True)
        (conv2): Conv3d(256, 256, kernel_size=(3, 3, 3), stride=(1, 1, 1), padding=(2, 2, 2), dilation=(2, 2, 2), bias=False)
        (bn2): BatchNorm3d(256, eps=1e-05, momentum=0.1, affine=True, track_running_stats=True)
      )
      (3): BasicBlock(
        (conv1): Conv3d(256, 256, kernel_size=(3, 3, 3), stride=(1, 1, 1), padding=(2, 2, 2), dilation=(2, 2, 2), bias=False)
        (bn1): BatchNorm3d(256, eps=1e-05, momentum=0.1, affine=True, track_running_stats=True)
        (relu): ReLU(inplace=True)
        (conv2): Conv3d(256, 256, kernel_size=(3, 3, 3), stride=(1, 1, 1), padding=(2, 2, 2), dilation=(2, 2, 2), bias=False)
        (bn2): BatchNorm3d(256, eps=1e-05, momentum=0.1, affine=True, track_running_stats=True)
      )
      (4): BasicBlock(
        (conv1): Conv3d(256, 256, kernel_size=(3, 3, 3), stride=(1, 1, 1), padding=(2, 2, 2), dilation=(2, 2, 2), bias=False)
        (bn1): BatchNorm3d(256, eps=1e-05, momentum=0.1, affine=True, track_running_stats=True)
        (relu): ReLU(inplace=True)
        (conv2): Conv3d(256, 256, kernel_size=(3, 3, 3), stride=(1, 1, 1), padding=(2, 2, 2), dilation=(2, 2, 2), bias=False)
        (bn2): BatchNorm3d(256, eps=1e-05, momentum=0.1, affine=True, track_running_stats=True)
      )
      (5): BasicBlock(
        (conv1): Conv3d(256, 256, kernel_size=(3, 3, 3), stride=(1, 1, 1), padding=(2, 2, 2), dilation=(2, 2, 2), bias=False)
        (bn1): BatchNorm3d(256, eps=1e-05, momentum=0.1, affine=True, track_running_stats=True)
        (relu): ReLU(inplace=True)
        (conv2): Conv3d(256, 256, kernel_size=(3, 3, 3), stride=(1, 1, 1), padding=(2, 2, 2), dilation=(2, 2, 2), bias=False)
        (bn2): BatchNorm3d(256, eps=1e-05, momentum=0.1, affine=True, track_running_stats=True)
      )
    )
    (layer4): Sequential(
      (0): BasicBlock(
        (conv1): Conv3d(256, 512, kernel_size=(3, 3, 3), stride=(1, 1, 1), padding=(4, 4, 4), dilation=(4, 4, 4), bias=False)
        (bn1): BatchNorm3d(512, eps=1e-05, momentum=0.1, affine=True, track_running_stats=True)
        (relu): ReLU(inplace=True)
        (conv2): Conv3d(512, 512, kernel_size=(3, 3, 3), stride=(1, 1, 1), padding=(4, 4, 4), dilation=(4, 4, 4), bias=False)
        (bn2): BatchNorm3d(512, eps=1e-05, momentum=0.1, affine=True, track_running_stats=True)
      )
      (1): BasicBlock(
        (conv1): Conv3d(512, 512, kernel_size=(3, 3, 3), stride=(1, 1, 1), padding=(4, 4, 4), dilation=(4, 4, 4), bias=False)
        (bn1): BatchNorm3d(512, eps=1e-05, momentum=0.1, affine=True, track_running_stats=True)
        (relu): ReLU(inplace=True)
        (conv2): Conv3d(512, 512, kernel_size=(3, 3, 3), stride=(1, 1, 1), padding=(4, 4, 4), dilation=(4, 4, 4), bias=False)
        (bn2): BatchNorm3d(512, eps=1e-05, momentum=0.1, affine=True, track_running_stats=True)
      )
      (2): BasicBlock(
        (conv1): Conv3d(512, 512, kernel_size=(3, 3, 3), stride=(1, 1, 1), padding=(4, 4, 4), dilation=(4, 4, 4), bias=False)
        (bn1): BatchNorm3d(512, eps=1e-05, momentum=0.1, affine=True, track_running_stats=True)
        (relu): ReLU(inplace=True)
        (conv2): Conv3d(512, 512, kernel_size=(3, 3, 3), stride=(1, 1, 1), padding=(4, 4, 4), dilation=(4, 4, 4), bias=False)
        (bn2): BatchNorm3d(512, eps=1e-05, momentum=0.1, affine=True, track_running_stats=True)
      )
    )
    (GAP): AdaptiveAvgPool3d(output_size=(2, 2, 2))
    (linear): Linear(in_features=4096, out_features=3, bias=True)
  )
)
2025-07-09 05:45:27 - INFO - the missing keys are : 
['module.linear.weight', 'module.linear.bias']
2025-07-09 05:45:27 - INFO - the unexpected keys are :
[]
2025-07-09 05:45:27 - INFO - loaded model parameters from pretrained\resnet_34_23dataset.pth
2025-07-09 05:45:29 - INFO - fold number:0
2025-07-09 05:48:29 - INFO - epoch:0/10 iteration:0/459 batch loss is :2.0554
2025-07-09 05:48:49 - INFO - epoch:0/10 iteration:5/459 batch loss is :1.0256
2025-07-09 05:49:09 - INFO - epoch:0/10 iteration:10/459 batch loss is :1.0566
2025-07-09 05:49:28 - INFO - epoch:0/10 iteration:15/459 batch loss is :0.9425
2025-07-09 05:49:48 - INFO - epoch:0/10 iteration:20/459 batch loss is :1.0784
2025-07-09 05:50:08 - INFO - epoch:0/10 iteration:25/459 batch loss is :1.2330
2025-07-09 05:50:29 - INFO - epoch:0/10 iteration:30/459 batch loss is :1.0309
2025-07-09 05:50:49 - INFO - epoch:0/10 iteration:35/459 batch loss is :1.2814
2025-07-09 05:51:09 - INFO - epoch:0/10 iteration:40/459 batch loss is :0.6681
2025-07-09 05:51:29 - INFO - epoch:0/10 iteration:45/459 batch loss is :0.9175
2025-07-09 05:51:49 - INFO - epoch:0/10 iteration:50/459 batch loss is :0.8408
2025-07-09 05:52:08 - INFO - epoch:0/10 iteration:55/459 batch loss is :0.7395
2025-07-09 05:52:26 - INFO - epoch:0/10 iteration:60/459 batch loss is :1.0402
2025-07-09 05:52:44 - INFO - epoch:0/10 iteration:65/459 batch loss is :0.9614
2025-07-09 05:53:02 - INFO - epoch:0/10 iteration:70/459 batch loss is :0.9227
2025-07-09 05:53:20 - INFO - epoch:0/10 iteration:75/459 batch loss is :0.7197
2025-07-09 05:53:38 - INFO - epoch:0/10 iteration:80/459 batch loss is :0.8645
2025-07-09 05:53:48 - INFO - Epoch:0/10 Loss is :0.1909
2025-07-09 06:03:23 - INFO - VAL loss :0.6357
2025-07-09 06:04:06 - INFO - epoch:1/10 iteration:0/459 batch loss is :1.9537
2025-07-09 06:04:28 - INFO - epoch:1/10 iteration:5/459 batch loss is :1.4820
2025-07-09 06:04:49 - INFO - epoch:1/10 iteration:10/459 batch loss is :0.7377
2025-07-09 06:05:11 - INFO - epoch:1/10 iteration:15/459 batch loss is :0.8470
2025-07-09 06:05:33 - INFO - epoch:1/10 iteration:20/459 batch loss is :0.8821
2025-07-09 06:05:54 - INFO - epoch:1/10 iteration:25/459 batch loss is :0.7920
2025-07-09 06:06:16 - INFO - epoch:1/10 iteration:30/459 batch loss is :0.8771
2025-07-09 06:06:37 - INFO - epoch:1/10 iteration:35/459 batch loss is :0.8546
2025-07-09 06:06:57 - INFO - epoch:1/10 iteration:40/459 batch loss is :0.7892
2025-07-09 06:07:17 - INFO - epoch:1/10 iteration:45/459 batch loss is :0.7787
2025-07-09 06:07:37 - INFO - epoch:1/10 iteration:50/459 batch loss is :0.8441
2025-07-09 06:07:57 - INFO - epoch:1/10 iteration:55/459 batch loss is :0.9115
2025-07-09 06:08:15 - INFO - epoch:1/10 iteration:60/459 batch loss is :0.7755
2025-07-09 06:08:33 - INFO - epoch:1/10 iteration:65/459 batch loss is :0.8622
2025-07-09 06:08:51 - INFO - epoch:1/10 iteration:70/459 batch loss is :0.5601
2025-07-09 06:09:09 - INFO - epoch:1/10 iteration:75/459 batch loss is :0.9323
2025-07-09 06:09:27 - INFO - epoch:1/10 iteration:80/459 batch loss is :0.7879
2025-07-09 06:09:38 - INFO - Epoch:1/10 Loss is :0.1776
2025-07-09 06:10:22 - INFO - epoch:2/10 iteration:0/459 batch loss is :1.3839
2025-07-09 06:10:44 - INFO - epoch:2/10 iteration:5/459 batch loss is :0.9365
2025-07-09 06:11:04 - INFO - epoch:2/10 iteration:10/459 batch loss is :0.7969
2025-07-09 06:11:26 - INFO - epoch:2/10 iteration:15/459 batch loss is :0.9070
2025-07-09 06:11:46 - INFO - epoch:2/10 iteration:20/459 batch loss is :0.6323
2025-07-09 06:12:07 - INFO - epoch:2/10 iteration:25/459 batch loss is :0.8125
2025-07-09 06:12:26 - INFO - epoch:2/10 iteration:30/459 batch loss is :1.3345
2025-07-09 06:12:46 - INFO - epoch:2/10 iteration:35/459 batch loss is :0.5419
2025-07-09 06:13:05 - INFO - epoch:2/10 iteration:40/459 batch loss is :0.7410
2025-07-09 06:13:25 - INFO - epoch:2/10 iteration:45/459 batch loss is :1.2886
2025-07-09 06:13:44 - INFO - epoch:2/10 iteration:50/459 batch loss is :0.7473
2025-07-09 06:14:04 - INFO - epoch:2/10 iteration:55/459 batch loss is :0.7657
2025-07-09 06:14:22 - INFO - epoch:2/10 iteration:60/459 batch loss is :0.7029
2025-07-09 06:14:40 - INFO - epoch:2/10 iteration:65/459 batch loss is :0.7462
2025-07-09 06:14:58 - INFO - epoch:2/10 iteration:70/459 batch loss is :0.5974
2025-07-09 06:15:16 - INFO - epoch:2/10 iteration:75/459 batch loss is :0.7957
2025-07-09 06:15:34 - INFO - epoch:2/10 iteration:80/459 batch loss is :0.8982
2025-07-09 06:15:45 - INFO - Epoch:2/10 Loss is :0.1490
2025-07-09 06:16:21 - INFO - epoch:3/10 iteration:0/459 batch loss is :0.7737
2025-07-09 06:16:43 - INFO - epoch:3/10 iteration:5/459 batch loss is :0.5172
2025-07-09 06:17:05 - INFO - epoch:3/10 iteration:10/459 batch loss is :0.9986
2025-07-09 06:17:26 - INFO - epoch:3/10 iteration:15/459 batch loss is :0.9039
2025-07-09 06:17:48 - INFO - epoch:3/10 iteration:20/459 batch loss is :1.3893
2025-07-09 06:18:09 - INFO - epoch:3/10 iteration:25/459 batch loss is :0.7706
2025-07-09 06:18:30 - INFO - epoch:3/10 iteration:30/459 batch loss is :0.9642
2025-07-09 06:18:51 - INFO - epoch:3/10 iteration:35/459 batch loss is :0.9429
2025-07-09 06:19:11 - INFO - epoch:3/10 iteration:40/459 batch loss is :1.2732
2025-07-09 06:19:31 - INFO - epoch:3/10 iteration:45/459 batch loss is :1.2913
2025-07-09 06:19:50 - INFO - epoch:3/10 iteration:50/459 batch loss is :0.8635
2025-07-09 06:20:10 - INFO - epoch:3/10 iteration:55/459 batch loss is :0.6586
2025-07-09 06:20:29 - INFO - epoch:3/10 iteration:60/459 batch loss is :1.1736
2025-07-09 06:20:47 - INFO - epoch:3/10 iteration:65/459 batch loss is :0.6827
2025-07-09 06:21:05 - INFO - epoch:3/10 iteration:70/459 batch loss is :1.6163
2025-07-09 06:21:23 - INFO - epoch:3/10 iteration:75/459 batch loss is :0.8725
2025-07-09 06:21:41 - INFO - epoch:3/10 iteration:80/459 batch loss is :0.7296
2025-07-09 06:21:51 - INFO - Epoch:3/10 Loss is :0.1444
2025-07-09 06:22:40 - INFO - epoch:4/10 iteration:0/459 batch loss is :0.8984
2025-07-09 06:23:02 - INFO - epoch:4/10 iteration:5/459 batch loss is :0.6466
2025-07-09 06:23:23 - INFO - epoch:4/10 iteration:10/459 batch loss is :0.8703
2025-07-09 06:23:44 - INFO - epoch:4/10 iteration:15/459 batch loss is :0.7518
2025-07-09 06:24:04 - INFO - epoch:4/10 iteration:20/459 batch loss is :0.7387
2025-07-09 06:24:25 - INFO - epoch:4/10 iteration:25/459 batch loss is :0.7678
2025-07-09 06:24:44 - INFO - epoch:4/10 iteration:30/459 batch loss is :0.5467
2025-07-09 06:25:04 - INFO - epoch:4/10 iteration:35/459 batch loss is :0.4887
2025-07-09 06:25:23 - INFO - epoch:4/10 iteration:40/459 batch loss is :0.8567
2025-07-09 06:25:43 - INFO - epoch:4/10 iteration:45/459 batch loss is :0.4887
2025-07-09 06:26:02 - INFO - epoch:4/10 iteration:50/459 batch loss is :0.5929
2025-07-09 06:26:21 - INFO - epoch:4/10 iteration:55/459 batch loss is :0.5982
2025-07-09 06:26:39 - INFO - epoch:4/10 iteration:60/459 batch loss is :1.4616
2025-07-09 06:26:58 - INFO - epoch:4/10 iteration:65/459 batch loss is :0.6837
2025-07-09 06:27:15 - INFO - epoch:4/10 iteration:70/459 batch loss is :0.5931
2025-07-09 06:27:34 - INFO - epoch:4/10 iteration:75/459 batch loss is :0.6732
2025-07-09 06:27:52 - INFO - epoch:4/10 iteration:80/459 batch loss is :0.3792
2025-07-09 06:28:02 - INFO - Epoch:4/10 Loss is :0.1367
2025-07-09 06:28:32 - INFO - epoch:5/10 iteration:0/459 batch loss is :0.5193
2025-07-09 06:29:01 - INFO - epoch:5/10 iteration:5/459 batch loss is :0.9953
2025-07-09 06:29:23 - INFO - epoch:5/10 iteration:10/459 batch loss is :0.5266
2025-07-09 06:29:45 - INFO - epoch:5/10 iteration:15/459 batch loss is :1.0345
2025-07-09 06:30:07 - INFO - epoch:5/10 iteration:20/459 batch loss is :1.8731
2025-07-09 06:30:27 - INFO - epoch:5/10 iteration:25/459 batch loss is :0.5381
2025-07-09 06:30:47 - INFO - epoch:5/10 iteration:30/459 batch loss is :0.8423
2025-07-09 06:31:06 - INFO - epoch:5/10 iteration:35/459 batch loss is :0.4706
2025-07-09 06:31:26 - INFO - epoch:5/10 iteration:40/459 batch loss is :0.9905
2025-07-09 06:31:45 - INFO - epoch:5/10 iteration:45/459 batch loss is :1.0962
2025-07-09 06:32:05 - INFO - epoch:5/10 iteration:50/459 batch loss is :0.5292
2025-07-09 06:32:24 - INFO - epoch:5/10 iteration:55/459 batch loss is :1.1310
2025-07-09 06:32:42 - INFO - epoch:5/10 iteration:60/459 batch loss is :1.2034
2025-07-09 06:33:00 - INFO - epoch:5/10 iteration:65/459 batch loss is :0.4088
2025-07-09 06:33:18 - INFO - epoch:5/10 iteration:70/459 batch loss is :0.5004
2025-07-09 06:33:36 - INFO - epoch:5/10 iteration:75/459 batch loss is :0.3736
2025-07-09 06:33:54 - INFO - epoch:5/10 iteration:80/459 batch loss is :0.4837
2025-07-09 06:34:05 - INFO - Epoch:5/10 Loss is :0.1184
2025-07-09 06:34:37 - INFO - epoch:6/10 iteration:0/459 batch loss is :1.6111
2025-07-09 06:35:00 - INFO - epoch:6/10 iteration:5/459 batch loss is :0.7511
2025-07-09 06:35:23 - INFO - epoch:6/10 iteration:10/459 batch loss is :0.5731
2025-07-09 06:35:45 - INFO - epoch:6/10 iteration:15/459 batch loss is :0.3975
2025-07-09 06:36:06 - INFO - epoch:6/10 iteration:20/459 batch loss is :0.6060
2025-07-09 06:36:25 - INFO - epoch:6/10 iteration:25/459 batch loss is :0.4266
2025-07-09 06:36:45 - INFO - epoch:6/10 iteration:30/459 batch loss is :0.3581
2025-07-09 06:37:05 - INFO - epoch:6/10 iteration:35/459 batch loss is :0.3772
2025-07-09 06:37:24 - INFO - epoch:6/10 iteration:40/459 batch loss is :0.5176
2025-07-09 06:37:44 - INFO - epoch:6/10 iteration:45/459 batch loss is :0.7955
2025-07-09 06:38:03 - INFO - epoch:6/10 iteration:50/459 batch loss is :0.3712
2025-07-09 06:38:22 - INFO - epoch:6/10 iteration:55/459 batch loss is :1.6121
2025-07-09 06:38:41 - INFO - epoch:6/10 iteration:60/459 batch loss is :0.6857
2025-07-09 06:38:59 - INFO - epoch:6/10 iteration:65/459 batch loss is :0.4860
2025-07-09 06:39:17 - INFO - epoch:6/10 iteration:70/459 batch loss is :0.8251
2025-07-09 06:39:35 - INFO - epoch:6/10 iteration:75/459 batch loss is :0.7020
2025-07-09 06:39:53 - INFO - epoch:6/10 iteration:80/459 batch loss is :0.6161
2025-07-09 06:40:03 - INFO - Epoch:6/10 Loss is :0.1180
2025-07-09 06:40:40 - INFO - epoch:7/10 iteration:0/459 batch loss is :0.4905
2025-07-09 06:41:03 - INFO - epoch:7/10 iteration:5/459 batch loss is :0.5921
2025-07-09 06:41:24 - INFO - epoch:7/10 iteration:10/459 batch loss is :0.4927
2025-07-09 06:41:46 - INFO - epoch:7/10 iteration:15/459 batch loss is :0.6037
2025-07-09 06:42:06 - INFO - epoch:7/10 iteration:20/459 batch loss is :0.6382
2025-07-09 06:42:26 - INFO - epoch:7/10 iteration:25/459 batch loss is :0.4806
2025-07-09 06:42:45 - INFO - epoch:7/10 iteration:30/459 batch loss is :0.5719
2025-07-09 06:43:04 - INFO - epoch:7/10 iteration:35/459 batch loss is :0.4457
2025-07-09 06:43:23 - INFO - epoch:7/10 iteration:40/459 batch loss is :0.9118
2025-07-09 06:43:43 - INFO - epoch:7/10 iteration:45/459 batch loss is :0.3505
2025-07-09 06:44:02 - INFO - epoch:7/10 iteration:50/459 batch loss is :0.4925
2025-07-09 06:44:22 - INFO - epoch:7/10 iteration:55/459 batch loss is :1.1996
2025-07-09 06:44:39 - INFO - epoch:7/10 iteration:60/459 batch loss is :0.2521
2025-07-09 06:44:57 - INFO - epoch:7/10 iteration:65/459 batch loss is :0.4260
2025-07-09 06:45:16 - INFO - epoch:7/10 iteration:70/459 batch loss is :0.9812
2025-07-09 06:45:34 - INFO - epoch:7/10 iteration:75/459 batch loss is :1.0642
2025-07-09 06:45:52 - INFO - epoch:7/10 iteration:80/459 batch loss is :0.5254
2025-07-09 06:46:02 - INFO - Epoch:7/10 Loss is :0.1040
2025-07-09 06:46:31 - INFO - epoch:8/10 iteration:0/459 batch loss is :0.5034
2025-07-09 06:47:03 - INFO - epoch:8/10 iteration:5/459 batch loss is :0.7164
2025-07-09 06:47:24 - INFO - epoch:8/10 iteration:10/459 batch loss is :0.5111
2025-07-09 06:47:46 - INFO - epoch:8/10 iteration:15/459 batch loss is :0.8241
2025-07-09 06:48:07 - INFO - epoch:8/10 iteration:20/459 batch loss is :0.4998
2025-07-09 06:48:28 - INFO - epoch:8/10 iteration:25/459 batch loss is :0.8767
2025-07-09 06:48:50 - INFO - epoch:8/10 iteration:30/459 batch loss is :0.6104
2025-07-09 06:49:10 - INFO - epoch:8/10 iteration:35/459 batch loss is :0.5058
2025-07-09 06:49:30 - INFO - epoch:8/10 iteration:40/459 batch loss is :0.9448
2025-07-09 06:49:50 - INFO - epoch:8/10 iteration:45/459 batch loss is :0.5141
2025-07-09 06:50:10 - INFO - epoch:8/10 iteration:50/459 batch loss is :0.5106
2025-07-09 06:50:29 - INFO - epoch:8/10 iteration:55/459 batch loss is :0.4509
2025-07-09 06:50:47 - INFO - epoch:8/10 iteration:60/459 batch loss is :0.4530
2025-07-09 06:51:05 - INFO - epoch:8/10 iteration:65/459 batch loss is :0.4711
2025-07-09 06:51:23 - INFO - epoch:8/10 iteration:70/459 batch loss is :0.3769
2025-07-09 06:51:41 - INFO - epoch:8/10 iteration:75/459 batch loss is :0.2146
2025-07-09 06:51:59 - INFO - epoch:8/10 iteration:80/459 batch loss is :0.3104
2025-07-09 06:52:09 - INFO - Epoch:8/10 Loss is :0.0982
2025-07-09 06:52:53 - INFO - epoch:9/10 iteration:0/459 batch loss is :0.2720
2025-07-09 06:53:16 - INFO - epoch:9/10 iteration:5/459 batch loss is :0.5543
2025-07-09 06:53:37 - INFO - epoch:9/10 iteration:10/459 batch loss is :0.3848
2025-07-09 06:53:58 - INFO - epoch:9/10 iteration:15/459 batch loss is :0.3897
2025-07-09 06:54:19 - INFO - epoch:9/10 iteration:20/459 batch loss is :0.2802
2025-07-09 06:54:39 - INFO - epoch:9/10 iteration:25/459 batch loss is :1.1078
2025-07-09 06:54:59 - INFO - epoch:9/10 iteration:30/459 batch loss is :0.4443
2025-07-09 06:55:19 - INFO - epoch:9/10 iteration:35/459 batch loss is :0.3853
2025-07-09 06:55:38 - INFO - epoch:9/10 iteration:40/459 batch loss is :0.4809
2025-07-09 06:55:58 - INFO - epoch:9/10 iteration:45/459 batch loss is :0.3518
2025-07-09 06:56:17 - INFO - epoch:9/10 iteration:50/459 batch loss is :0.3648
2025-07-09 06:56:37 - INFO - epoch:9/10 iteration:55/459 batch loss is :0.6553
2025-07-09 06:56:55 - INFO - epoch:9/10 iteration:60/459 batch loss is :0.3698
2025-07-09 06:57:13 - INFO - epoch:9/10 iteration:65/459 batch loss is :0.4879
2025-07-09 06:57:31 - INFO - epoch:9/10 iteration:70/459 batch loss is :0.3723
2025-07-09 06:57:49 - INFO - epoch:9/10 iteration:75/459 batch loss is :0.8679
2025-07-09 06:58:06 - INFO - epoch:9/10 iteration:80/459 batch loss is :0.3478
2025-07-09 06:58:17 - INFO - Epoch:9/10 Loss is :0.1043
2025-07-09 07:06:03 - INFO - VAL loss :0.6223
2025-07-09 07:06:04 - INFO - fold number:1
2025-07-09 07:09:02 - INFO - epoch:0/10 iteration:0/459 batch loss is :0.8616
2025-07-09 07:09:24 - INFO - epoch:0/10 iteration:5/459 batch loss is :0.7102
2025-07-09 07:09:45 - INFO - epoch:0/10 iteration:10/459 batch loss is :0.8108
2025-07-09 07:10:06 - INFO - epoch:0/10 iteration:15/459 batch loss is :0.5545
2025-07-09 07:10:28 - INFO - epoch:0/10 iteration:20/459 batch loss is :0.4875
2025-07-09 07:10:48 - INFO - epoch:0/10 iteration:25/459 batch loss is :0.4709
2025-07-09 07:11:09 - INFO - epoch:0/10 iteration:30/459 batch loss is :0.5182
2025-07-09 07:11:30 - INFO - epoch:0/10 iteration:35/459 batch loss is :0.4037
2025-07-09 07:11:50 - INFO - epoch:0/10 iteration:40/459 batch loss is :0.1625
2025-07-09 07:12:09 - INFO - epoch:0/10 iteration:45/459 batch loss is :0.4019
2025-07-09 07:12:29 - INFO - epoch:0/10 iteration:50/459 batch loss is :0.6607
2025-07-09 07:12:48 - INFO - epoch:0/10 iteration:55/459 batch loss is :0.5482
2025-07-09 07:13:07 - INFO - epoch:0/10 iteration:60/459 batch loss is :0.4605
2025-07-09 07:13:25 - INFO - epoch:0/10 iteration:65/459 batch loss is :0.5827
2025-07-09 07:13:43 - INFO - epoch:0/10 iteration:70/459 batch loss is :0.3655
2025-07-09 07:14:01 - INFO - epoch:0/10 iteration:75/459 batch loss is :0.7844
2025-07-09 07:14:18 - INFO - epoch:0/10 iteration:80/459 batch loss is :0.5828
2025-07-09 07:14:29 - INFO - Epoch:0/10 Loss is :0.0985
2025-07-09 07:24:24 - INFO - VAL loss :0.3388
2025-07-09 07:25:08 - INFO - epoch:1/10 iteration:0/459 batch loss is :0.2665
2025-07-09 07:25:29 - INFO - epoch:1/10 iteration:5/459 batch loss is :0.3756
2025-07-09 07:25:50 - INFO - epoch:1/10 iteration:10/459 batch loss is :0.5265
2025-07-09 07:26:12 - INFO - epoch:1/10 iteration:15/459 batch loss is :0.6307
2025-07-09 07:26:33 - INFO - epoch:1/10 iteration:20/459 batch loss is :0.7232
2025-07-09 07:26:53 - INFO - epoch:1/10 iteration:25/459 batch loss is :0.5576
2025-07-09 07:27:14 - INFO - epoch:1/10 iteration:30/459 batch loss is :0.2982
2025-07-09 07:27:34 - INFO - epoch:1/10 iteration:35/459 batch loss is :0.2985
2025-07-09 07:27:55 - INFO - epoch:1/10 iteration:40/459 batch loss is :0.5345
2025-07-09 07:28:15 - INFO - epoch:1/10 iteration:45/459 batch loss is :0.4430
2025-07-09 07:28:35 - INFO - epoch:1/10 iteration:50/459 batch loss is :0.4149
2025-07-09 07:28:54 - INFO - epoch:1/10 iteration:55/459 batch loss is :0.3741
2025-07-09 07:29:13 - INFO - epoch:1/10 iteration:60/459 batch loss is :0.2871
2025-07-09 07:29:30 - INFO - epoch:1/10 iteration:65/459 batch loss is :0.5686
2025-07-09 07:29:49 - INFO - epoch:1/10 iteration:70/459 batch loss is :0.2897
2025-07-09 07:30:06 - INFO - epoch:1/10 iteration:75/459 batch loss is :0.6865
2025-07-09 07:30:24 - INFO - epoch:1/10 iteration:80/459 batch loss is :0.5767
2025-07-09 07:30:35 - INFO - Epoch:1/10 Loss is :0.0892
2025-07-09 07:31:12 - INFO - epoch:2/10 iteration:0/459 batch loss is :0.4261
2025-07-09 07:31:34 - INFO - epoch:2/10 iteration:5/459 batch loss is :0.3239
2025-07-09 07:31:55 - INFO - epoch:2/10 iteration:10/459 batch loss is :0.3977
2025-07-09 07:32:17 - INFO - epoch:2/10 iteration:15/459 batch loss is :0.3413
2025-07-09 07:32:38 - INFO - epoch:2/10 iteration:20/459 batch loss is :0.2589
2025-07-09 07:32:59 - INFO - epoch:2/10 iteration:25/459 batch loss is :0.3522
2025-07-09 07:33:20 - INFO - epoch:2/10 iteration:30/459 batch loss is :0.3785
2025-07-09 07:33:41 - INFO - epoch:2/10 iteration:35/459 batch loss is :0.7132
2025-07-09 07:34:01 - INFO - epoch:2/10 iteration:40/459 batch loss is :0.3419
2025-07-09 07:34:21 - INFO - epoch:2/10 iteration:45/459 batch loss is :0.4518
2025-07-09 07:34:40 - INFO - epoch:2/10 iteration:50/459 batch loss is :0.3297
2025-07-09 07:35:00 - INFO - epoch:2/10 iteration:55/459 batch loss is :0.4833
2025-07-09 07:35:18 - INFO - epoch:2/10 iteration:60/459 batch loss is :0.3789
2025-07-09 07:35:36 - INFO - epoch:2/10 iteration:65/459 batch loss is :0.3541
2025-07-09 07:35:54 - INFO - epoch:2/10 iteration:70/459 batch loss is :0.3513
2025-07-09 07:36:12 - INFO - epoch:2/10 iteration:75/459 batch loss is :0.3739
2025-07-09 07:36:30 - INFO - epoch:2/10 iteration:80/459 batch loss is :0.2268
2025-07-09 07:36:41 - INFO - Epoch:2/10 Loss is :0.0881
2025-07-09 07:37:27 - INFO - epoch:3/10 iteration:0/459 batch loss is :0.7066
2025-07-09 07:37:48 - INFO - epoch:3/10 iteration:5/459 batch loss is :0.4580
2025-07-09 07:38:09 - INFO - epoch:3/10 iteration:10/459 batch loss is :0.3772
2025-07-09 07:38:31 - INFO - epoch:3/10 iteration:15/459 batch loss is :0.6915
2025-07-09 07:38:52 - INFO - epoch:3/10 iteration:20/459 batch loss is :0.2115
2025-07-09 07:39:12 - INFO - epoch:3/10 iteration:25/459 batch loss is :0.1929
2025-07-09 07:39:32 - INFO - epoch:3/10 iteration:30/459 batch loss is :0.2830
2025-07-09 07:39:52 - INFO - epoch:3/10 iteration:35/459 batch loss is :0.3219
2025-07-09 07:40:11 - INFO - epoch:3/10 iteration:40/459 batch loss is :0.2305
2025-07-09 07:40:30 - INFO - epoch:3/10 iteration:45/459 batch loss is :0.2854
2025-07-09 07:40:50 - INFO - epoch:3/10 iteration:50/459 batch loss is :0.4432
2025-07-09 07:41:09 - INFO - epoch:3/10 iteration:55/459 batch loss is :0.2849
2025-07-09 07:41:28 - INFO - epoch:3/10 iteration:60/459 batch loss is :0.1862
2025-07-09 07:41:45 - INFO - epoch:3/10 iteration:65/459 batch loss is :0.2986
2025-07-09 07:42:04 - INFO - epoch:3/10 iteration:70/459 batch loss is :0.1895
2025-07-09 07:42:21 - INFO - epoch:3/10 iteration:75/459 batch loss is :0.3619
2025-07-09 07:42:39 - INFO - epoch:3/10 iteration:80/459 batch loss is :0.2318
2025-07-09 07:42:50 - INFO - Epoch:3/10 Loss is :0.0750
2025-07-09 07:43:19 - INFO - epoch:4/10 iteration:0/459 batch loss is :0.2199
2025-07-09 07:43:49 - INFO - epoch:4/10 iteration:5/459 batch loss is :0.3516
2025-07-09 07:44:10 - INFO - epoch:4/10 iteration:10/459 batch loss is :0.2561
2025-07-09 07:44:31 - INFO - epoch:4/10 iteration:15/459 batch loss is :0.3734
2025-07-09 07:44:53 - INFO - epoch:4/10 iteration:20/459 batch loss is :0.2729
2025-07-09 07:45:13 - INFO - epoch:4/10 iteration:25/459 batch loss is :0.4034
2025-07-09 07:45:33 - INFO - epoch:4/10 iteration:30/459 batch loss is :0.4609
2025-07-09 07:45:53 - INFO - epoch:4/10 iteration:35/459 batch loss is :0.1580
2025-07-09 07:46:12 - INFO - epoch:4/10 iteration:40/459 batch loss is :0.3371
2025-07-09 07:46:32 - INFO - epoch:4/10 iteration:45/459 batch loss is :0.3948
2025-07-09 07:46:51 - INFO - epoch:4/10 iteration:50/459 batch loss is :0.3135
2025-07-09 07:47:10 - INFO - epoch:4/10 iteration:55/459 batch loss is :0.1635
2025-07-09 07:47:28 - INFO - epoch:4/10 iteration:60/459 batch loss is :0.5116
2025-07-09 07:47:47 - INFO - epoch:4/10 iteration:65/459 batch loss is :0.4922
2025-07-09 07:48:05 - INFO - epoch:4/10 iteration:70/459 batch loss is :0.1319
2025-07-09 07:48:23 - INFO - epoch:4/10 iteration:75/459 batch loss is :0.3478
2025-07-09 07:48:41 - INFO - epoch:4/10 iteration:80/459 batch loss is :0.2985
2025-07-09 07:48:51 - INFO - Epoch:4/10 Loss is :0.0785
2025-07-09 07:49:32 - INFO - epoch:5/10 iteration:0/459 batch loss is :0.4568
2025-07-09 07:49:54 - INFO - epoch:5/10 iteration:5/459 batch loss is :0.3354
2025-07-09 07:50:15 - INFO - epoch:5/10 iteration:10/459 batch loss is :0.3084
2025-07-09 07:50:37 - INFO - epoch:5/10 iteration:15/459 batch loss is :0.6122
2025-07-09 07:50:57 - INFO - epoch:5/10 iteration:20/459 batch loss is :0.6771
2025-07-09 07:51:16 - INFO - epoch:5/10 iteration:25/459 batch loss is :0.2446
2025-07-09 07:51:36 - INFO - epoch:5/10 iteration:30/459 batch loss is :0.3740
2025-07-09 07:51:55 - INFO - epoch:5/10 iteration:35/459 batch loss is :0.5684
2025-07-09 07:52:14 - INFO - epoch:5/10 iteration:40/459 batch loss is :0.2151
2025-07-09 07:52:33 - INFO - epoch:5/10 iteration:45/459 batch loss is :0.3336
2025-07-09 07:52:53 - INFO - epoch:5/10 iteration:50/459 batch loss is :0.2084
2025-07-09 07:53:12 - INFO - epoch:5/10 iteration:55/459 batch loss is :0.3126
2025-07-09 07:53:30 - INFO - epoch:5/10 iteration:60/459 batch loss is :0.3585
2025-07-09 07:53:48 - INFO - epoch:5/10 iteration:65/459 batch loss is :0.4287
2025-07-09 07:54:06 - INFO - epoch:5/10 iteration:70/459 batch loss is :0.2689
2025-07-09 07:54:24 - INFO - epoch:5/10 iteration:75/459 batch loss is :0.4703
2025-07-09 07:54:42 - INFO - epoch:5/10 iteration:80/459 batch loss is :0.5201
2025-07-09 07:54:52 - INFO - Epoch:5/10 Loss is :0.0774
2025-07-09 07:55:27 - INFO - epoch:6/10 iteration:0/459 batch loss is :0.3597
2025-07-09 07:56:01 - INFO - epoch:6/10 iteration:5/459 batch loss is :0.3152
2025-07-09 07:56:21 - INFO - epoch:6/10 iteration:10/459 batch loss is :0.4858
2025-07-09 07:56:42 - INFO - epoch:6/10 iteration:15/459 batch loss is :0.4067
2025-07-09 07:57:02 - INFO - epoch:6/10 iteration:20/459 batch loss is :0.3204
2025-07-09 07:57:21 - INFO - epoch:6/10 iteration:25/459 batch loss is :0.6991
2025-07-09 07:57:40 - INFO - epoch:6/10 iteration:30/459 batch loss is :0.3036
2025-07-09 07:58:00 - INFO - epoch:6/10 iteration:35/459 batch loss is :0.7139
2025-07-09 07:58:19 - INFO - epoch:6/10 iteration:40/459 batch loss is :0.3404
2025-07-09 07:58:38 - INFO - epoch:6/10 iteration:45/459 batch loss is :0.3139
2025-07-09 07:58:58 - INFO - epoch:6/10 iteration:50/459 batch loss is :0.1451
2025-07-09 07:59:17 - INFO - epoch:6/10 iteration:55/459 batch loss is :0.1668
2025-07-09 07:59:35 - INFO - epoch:6/10 iteration:60/459 batch loss is :0.4840
2025-07-09 07:59:53 - INFO - epoch:6/10 iteration:65/459 batch loss is :0.4765
2025-07-09 08:00:11 - INFO - epoch:6/10 iteration:70/459 batch loss is :1.4466
2025-07-09 08:00:29 - INFO - epoch:6/10 iteration:75/459 batch loss is :0.4397
2025-07-09 08:00:47 - INFO - epoch:6/10 iteration:80/459 batch loss is :0.3325
2025-07-09 08:00:58 - INFO - Epoch:6/10 Loss is :0.0745
2025-07-09 08:01:29 - INFO - epoch:7/10 iteration:0/459 batch loss is :0.3964
2025-07-09 08:01:51 - INFO - epoch:7/10 iteration:5/459 batch loss is :0.1646
2025-07-09 08:02:13 - INFO - epoch:7/10 iteration:10/459 batch loss is :0.1938
2025-07-09 08:02:34 - INFO - epoch:7/10 iteration:15/459 batch loss is :0.4454
2025-07-09 08:02:55 - INFO - epoch:7/10 iteration:20/459 batch loss is :0.2328
2025-07-09 08:03:16 - INFO - epoch:7/10 iteration:25/459 batch loss is :0.3068
2025-07-09 08:03:36 - INFO - epoch:7/10 iteration:30/459 batch loss is :0.5509
2025-07-09 08:03:57 - INFO - epoch:7/10 iteration:35/459 batch loss is :0.2711
2025-07-09 08:04:17 - INFO - epoch:7/10 iteration:40/459 batch loss is :0.7186
2025-07-09 08:04:36 - INFO - epoch:7/10 iteration:45/459 batch loss is :0.3689
2025-07-09 08:04:56 - INFO - epoch:7/10 iteration:50/459 batch loss is :0.2476
2025-07-09 08:05:16 - INFO - epoch:7/10 iteration:55/459 batch loss is :0.2300
2025-07-09 08:05:34 - INFO - epoch:7/10 iteration:60/459 batch loss is :0.5824
2025-07-09 08:05:52 - INFO - epoch:7/10 iteration:65/459 batch loss is :0.2911
2025-07-09 08:06:10 - INFO - epoch:7/10 iteration:70/459 batch loss is :0.3731
2025-07-09 08:06:29 - INFO - epoch:7/10 iteration:75/459 batch loss is :0.3652
2025-07-09 08:06:46 - INFO - epoch:7/10 iteration:80/459 batch loss is :0.5564
2025-07-09 08:06:57 - INFO - Epoch:7/10 Loss is :0.0726
2025-07-09 08:07:36 - INFO - epoch:8/10 iteration:0/459 batch loss is :0.7641
2025-07-09 08:07:58 - INFO - epoch:8/10 iteration:5/459 batch loss is :0.3546
2025-07-09 08:08:20 - INFO - epoch:8/10 iteration:10/459 batch loss is :0.4350
2025-07-09 08:08:42 - INFO - epoch:8/10 iteration:15/459 batch loss is :1.1953
2025-07-09 08:09:05 - INFO - epoch:8/10 iteration:20/459 batch loss is :0.5635
2025-07-09 08:09:25 - INFO - epoch:8/10 iteration:25/459 batch loss is :0.2938
2025-07-09 08:09:46 - INFO - epoch:8/10 iteration:30/459 batch loss is :0.1914
2025-07-09 08:10:06 - INFO - epoch:8/10 iteration:35/459 batch loss is :0.3898
2025-07-09 08:10:27 - INFO - epoch:8/10 iteration:40/459 batch loss is :0.2640
2025-07-09 08:10:46 - INFO - epoch:8/10 iteration:45/459 batch loss is :0.2118
2025-07-09 08:11:06 - INFO - epoch:8/10 iteration:50/459 batch loss is :0.7242
2025-07-09 08:11:25 - INFO - epoch:8/10 iteration:55/459 batch loss is :0.1778
2025-07-09 08:11:43 - INFO - epoch:8/10 iteration:60/459 batch loss is :0.2131
2025-07-09 08:12:01 - INFO - epoch:8/10 iteration:65/459 batch loss is :0.2728
2025-07-09 08:12:19 - INFO - epoch:8/10 iteration:70/459 batch loss is :0.1478
2025-07-09 08:12:37 - INFO - epoch:8/10 iteration:75/459 batch loss is :0.1503
2025-07-09 08:12:55 - INFO - epoch:8/10 iteration:80/459 batch loss is :0.1271
2025-07-09 08:13:06 - INFO - Epoch:8/10 Loss is :0.0698
2025-07-09 08:13:53 - INFO - epoch:9/10 iteration:0/459 batch loss is :0.5580
2025-07-09 08:14:15 - INFO - epoch:9/10 iteration:5/459 batch loss is :0.2381
2025-07-09 08:14:36 - INFO - epoch:9/10 iteration:10/459 batch loss is :0.3042
2025-07-09 08:14:57 - INFO - epoch:9/10 iteration:15/459 batch loss is :0.6637
2025-07-09 08:15:17 - INFO - epoch:9/10 iteration:20/459 batch loss is :0.5965
2025-07-09 08:15:37 - INFO - epoch:9/10 iteration:25/459 batch loss is :0.1790
2025-07-09 08:15:56 - INFO - epoch:9/10 iteration:30/459 batch loss is :0.1952
2025-07-09 08:16:15 - INFO - epoch:9/10 iteration:35/459 batch loss is :0.1735
2025-07-09 08:16:35 - INFO - epoch:9/10 iteration:40/459 batch loss is :0.2845
2025-07-09 08:16:54 - INFO - epoch:9/10 iteration:45/459 batch loss is :0.2611
2025-07-09 08:17:13 - INFO - epoch:9/10 iteration:50/459 batch loss is :0.2984
2025-07-09 08:17:33 - INFO - epoch:9/10 iteration:55/459 batch loss is :0.3309
2025-07-09 08:17:51 - INFO - epoch:9/10 iteration:60/459 batch loss is :0.3919
2025-07-09 08:18:09 - INFO - epoch:9/10 iteration:65/459 batch loss is :0.3385
2025-07-09 08:18:27 - INFO - epoch:9/10 iteration:70/459 batch loss is :0.4589
2025-07-09 08:18:45 - INFO - epoch:9/10 iteration:75/459 batch loss is :0.2679
2025-07-09 08:19:03 - INFO - epoch:9/10 iteration:80/459 batch loss is :0.2136
2025-07-09 08:19:14 - INFO - Epoch:9/10 Loss is :0.0649
2025-07-09 08:26:37 - INFO - VAL loss :0.3967
2025-07-09 08:26:38 - INFO - fold number:2
2025-07-09 08:29:38 - INFO - epoch:0/10 iteration:0/459 batch loss is :0.2412
2025-07-09 08:29:59 - INFO - epoch:0/10 iteration:5/459 batch loss is :0.2334
2025-07-09 08:30:20 - INFO - epoch:0/10 iteration:10/459 batch loss is :0.4037
2025-07-09 08:30:41 - INFO - epoch:0/10 iteration:15/459 batch loss is :0.2843
2025-07-09 08:31:02 - INFO - epoch:0/10 iteration:20/459 batch loss is :0.3063
2025-07-09 08:31:22 - INFO - epoch:0/10 iteration:25/459 batch loss is :0.2882
2025-07-09 08:31:43 - INFO - epoch:0/10 iteration:30/459 batch loss is :0.3114
2025-07-09 08:32:02 - INFO - epoch:0/10 iteration:35/459 batch loss is :0.2320
2025-07-09 08:32:22 - INFO - epoch:0/10 iteration:40/459 batch loss is :0.5390
2025-07-09 08:32:42 - INFO - epoch:0/10 iteration:45/459 batch loss is :0.4115
2025-07-09 08:33:01 - INFO - epoch:0/10 iteration:50/459 batch loss is :0.1810
2025-07-09 08:33:20 - INFO - epoch:0/10 iteration:55/459 batch loss is :0.3268
2025-07-09 08:33:39 - INFO - epoch:0/10 iteration:60/459 batch loss is :0.3134
2025-07-09 08:33:56 - INFO - epoch:0/10 iteration:65/459 batch loss is :0.2981
2025-07-09 08:34:15 - INFO - epoch:0/10 iteration:70/459 batch loss is :0.2551
2025-07-09 08:34:33 - INFO - epoch:0/10 iteration:75/459 batch loss is :0.1532
2025-07-09 08:34:50 - INFO - epoch:0/10 iteration:80/459 batch loss is :0.2265
2025-07-09 08:35:01 - INFO - Epoch:0/10 Loss is :0.0674
2025-07-09 08:44:51 - INFO - VAL loss :0.3326
2025-07-09 08:45:31 - INFO - epoch:1/10 iteration:0/459 batch loss is :0.4868
2025-07-09 08:45:53 - INFO - epoch:1/10 iteration:5/459 batch loss is :0.1953
2025-07-09 08:46:15 - INFO - epoch:1/10 iteration:10/459 batch loss is :0.1825
2025-07-09 08:46:37 - INFO - epoch:1/10 iteration:15/459 batch loss is :0.3395
2025-07-09 08:46:59 - INFO - epoch:1/10 iteration:20/459 batch loss is :0.1796
2025-07-09 08:47:20 - INFO - epoch:1/10 iteration:25/459 batch loss is :0.3575
2025-07-09 08:47:42 - INFO - epoch:1/10 iteration:30/459 batch loss is :0.1844
2025-07-09 08:48:02 - INFO - epoch:1/10 iteration:35/459 batch loss is :0.6108
2025-07-09 08:48:23 - INFO - epoch:1/10 iteration:40/459 batch loss is :0.3449
2025-07-09 08:48:43 - INFO - epoch:1/10 iteration:45/459 batch loss is :0.1644
2025-07-09 08:49:03 - INFO - epoch:1/10 iteration:50/459 batch loss is :0.3001
2025-07-09 08:49:23 - INFO - epoch:1/10 iteration:55/459 batch loss is :0.6389
2025-07-09 08:49:42 - INFO - epoch:1/10 iteration:60/459 batch loss is :0.7016
2025-07-09 08:50:00 - INFO - epoch:1/10 iteration:65/459 batch loss is :0.4036
2025-07-09 08:50:18 - INFO - epoch:1/10 iteration:70/459 batch loss is :0.4532
2025-07-09 08:50:36 - INFO - epoch:1/10 iteration:75/459 batch loss is :0.6201
2025-07-09 08:50:54 - INFO - epoch:1/10 iteration:80/459 batch loss is :0.3733
2025-07-09 08:51:05 - INFO - Epoch:1/10 Loss is :0.0639
2025-07-09 08:51:56 - INFO - epoch:2/10 iteration:0/459 batch loss is :0.2451
2025-07-09 08:52:25 - INFO - epoch:2/10 iteration:5/459 batch loss is :0.5161
2025-07-09 08:52:48 - INFO - epoch:2/10 iteration:10/459 batch loss is :0.5991
2025-07-09 08:53:10 - INFO - epoch:2/10 iteration:15/459 batch loss is :0.3742
2025-07-09 08:53:33 - INFO - epoch:2/10 iteration:20/459 batch loss is :0.1781
2025-07-09 08:53:54 - INFO - epoch:2/10 iteration:25/459 batch loss is :0.2194
2025-07-09 08:54:16 - INFO - epoch:2/10 iteration:30/459 batch loss is :0.2634
2025-07-09 08:54:37 - INFO - epoch:2/10 iteration:35/459 batch loss is :0.5615
2025-07-09 08:54:57 - INFO - epoch:2/10 iteration:40/459 batch loss is :0.4177
2025-07-09 08:55:18 - INFO - epoch:2/10 iteration:45/459 batch loss is :0.1854
2025-07-09 08:55:38 - INFO - epoch:2/10 iteration:50/459 batch loss is :0.2967
2025-07-09 08:55:58 - INFO - epoch:2/10 iteration:55/459 batch loss is :0.4439
2025-07-09 08:56:16 - INFO - epoch:2/10 iteration:60/459 batch loss is :0.4580
2025-07-09 08:56:35 - INFO - epoch:2/10 iteration:65/459 batch loss is :1.1132
2025-07-09 08:56:53 - INFO - epoch:2/10 iteration:70/459 batch loss is :0.2120
2025-07-09 08:57:11 - INFO - epoch:2/10 iteration:75/459 batch loss is :0.5666
2025-07-09 08:57:29 - INFO - epoch:2/10 iteration:80/459 batch loss is :0.6143
2025-07-09 08:57:39 - INFO - Epoch:2/10 Loss is :0.0651
2025-07-09 08:58:15 - INFO - epoch:3/10 iteration:0/459 batch loss is :0.3978
2025-07-09 08:58:39 - INFO - epoch:3/10 iteration:5/459 batch loss is :0.3077
2025-07-09 08:59:01 - INFO - epoch:3/10 iteration:10/459 batch loss is :0.2497
2025-07-09 08:59:22 - INFO - epoch:3/10 iteration:15/459 batch loss is :0.2089
2025-07-09 08:59:44 - INFO - epoch:3/10 iteration:20/459 batch loss is :0.4370
2025-07-09 09:00:06 - INFO - epoch:3/10 iteration:25/459 batch loss is :0.3367
2025-07-09 09:00:26 - INFO - epoch:3/10 iteration:30/459 batch loss is :0.3506
2025-07-09 09:00:46 - INFO - epoch:3/10 iteration:35/459 batch loss is :0.7319
2025-07-09 09:01:06 - INFO - epoch:3/10 iteration:40/459 batch loss is :0.2783
2025-07-09 09:01:25 - INFO - epoch:3/10 iteration:45/459 batch loss is :0.1809
2025-07-09 09:01:45 - INFO - epoch:3/10 iteration:50/459 batch loss is :0.2988
2025-07-09 09:02:05 - INFO - epoch:3/10 iteration:55/459 batch loss is :0.1742
2025-07-09 09:02:23 - INFO - epoch:3/10 iteration:60/459 batch loss is :0.2697
2025-07-09 09:02:41 - INFO - epoch:3/10 iteration:65/459 batch loss is :0.1563
2025-07-09 09:03:00 - INFO - epoch:3/10 iteration:70/459 batch loss is :0.3327
2025-07-09 09:03:17 - INFO - epoch:3/10 iteration:75/459 batch loss is :0.1955
2025-07-09 09:03:35 - INFO - epoch:3/10 iteration:80/459 batch loss is :0.1930
2025-07-09 09:03:46 - INFO - Epoch:3/10 Loss is :0.0645
2025-07-09 09:04:31 - INFO - epoch:4/10 iteration:0/459 batch loss is :0.2144
2025-07-09 09:04:53 - INFO - epoch:4/10 iteration:5/459 batch loss is :0.1603
2025-07-09 09:05:14 - INFO - epoch:4/10 iteration:10/459 batch loss is :0.1437
2025-07-09 09:05:38 - INFO - epoch:4/10 iteration:15/459 batch loss is :0.3958
2025-07-09 09:06:00 - INFO - epoch:4/10 iteration:20/459 batch loss is :0.2279
2025-07-09 09:06:21 - INFO - epoch:4/10 iteration:25/459 batch loss is :0.4371
2025-07-09 09:06:42 - INFO - epoch:4/10 iteration:30/459 batch loss is :0.4419
2025-07-09 09:07:03 - INFO - epoch:4/10 iteration:35/459 batch loss is :0.2797
2025-07-09 09:07:23 - INFO - epoch:4/10 iteration:40/459 batch loss is :0.3823
2025-07-09 09:07:44 - INFO - epoch:4/10 iteration:45/459 batch loss is :0.2962
2025-07-09 09:08:04 - INFO - epoch:4/10 iteration:50/459 batch loss is :0.4703
2025-07-09 09:08:25 - INFO - epoch:4/10 iteration:55/459 batch loss is :0.4998
2025-07-09 09:08:43 - INFO - epoch:4/10 iteration:60/459 batch loss is :0.2185
2025-07-09 09:09:01 - INFO - epoch:4/10 iteration:65/459 batch loss is :0.3339
2025-07-09 09:09:19 - INFO - epoch:4/10 iteration:70/459 batch loss is :0.4456
2025-07-09 09:09:38 - INFO - epoch:4/10 iteration:75/459 batch loss is :0.5760
2025-07-09 09:09:56 - INFO - epoch:4/10 iteration:80/459 batch loss is :0.3259
2025-07-09 09:10:06 - INFO - Epoch:4/10 Loss is :0.0652
2025-07-09 09:10:51 - INFO - epoch:5/10 iteration:0/459 batch loss is :0.2229
2025-07-09 09:11:13 - INFO - epoch:5/10 iteration:5/459 batch loss is :0.3012
2025-07-09 09:11:37 - INFO - epoch:5/10 iteration:10/459 batch loss is :0.1621
2025-07-09 09:11:59 - INFO - epoch:5/10 iteration:15/459 batch loss is :0.3484
2025-07-09 09:12:24 - INFO - epoch:5/10 iteration:20/459 batch loss is :0.4316
2025-07-09 09:12:49 - INFO - epoch:5/10 iteration:25/459 batch loss is :0.3099
2025-07-09 09:13:12 - INFO - epoch:5/10 iteration:30/459 batch loss is :0.3803
2025-07-09 09:13:33 - INFO - epoch:5/10 iteration:35/459 batch loss is :0.2024
2025-07-09 09:13:54 - INFO - epoch:5/10 iteration:40/459 batch loss is :0.4529
2025-07-09 09:14:15 - INFO - epoch:5/10 iteration:45/459 batch loss is :0.2695
2025-07-09 09:14:35 - INFO - epoch:5/10 iteration:50/459 batch loss is :0.1399
2025-07-09 09:14:55 - INFO - epoch:5/10 iteration:55/459 batch loss is :0.6671
2025-07-09 09:15:13 - INFO - epoch:5/10 iteration:60/459 batch loss is :0.3834
2025-07-09 09:15:31 - INFO - epoch:5/10 iteration:65/459 batch loss is :0.2215
2025-07-09 09:15:49 - INFO - epoch:5/10 iteration:70/459 batch loss is :0.2348
2025-07-09 09:16:07 - INFO - epoch:5/10 iteration:75/459 batch loss is :0.3556
2025-07-09 09:16:25 - INFO - epoch:5/10 iteration:80/459 batch loss is :0.2897
2025-07-09 09:16:35 - INFO - Epoch:5/10 Loss is :0.0671
2025-07-09 09:17:12 - INFO - epoch:6/10 iteration:0/459 batch loss is :0.3181
2025-07-09 09:17:38 - INFO - epoch:6/10 iteration:5/459 batch loss is :0.1815
2025-07-09 09:18:00 - INFO - epoch:6/10 iteration:10/459 batch loss is :0.1281
2025-07-09 09:18:21 - INFO - epoch:6/10 iteration:15/459 batch loss is :0.1569
2025-07-09 09:18:43 - INFO - epoch:6/10 iteration:20/459 batch loss is :0.6064
2025-07-09 09:19:03 - INFO - epoch:6/10 iteration:25/459 batch loss is :0.0906
2025-07-09 09:19:25 - INFO - epoch:6/10 iteration:30/459 batch loss is :0.5707
2025-07-09 09:19:46 - INFO - epoch:6/10 iteration:35/459 batch loss is :0.3536
2025-07-09 09:20:07 - INFO - epoch:6/10 iteration:40/459 batch loss is :0.2350
2025-07-09 09:20:27 - INFO - epoch:6/10 iteration:45/459 batch loss is :0.2306
2025-07-09 09:20:48 - INFO - epoch:6/10 iteration:50/459 batch loss is :0.2751
2025-07-09 09:21:08 - INFO - epoch:6/10 iteration:55/459 batch loss is :0.7093
2025-07-09 09:21:26 - INFO - epoch:6/10 iteration:60/459 batch loss is :0.6150
2025-07-09 09:21:44 - INFO - epoch:6/10 iteration:65/459 batch loss is :0.2842
2025-07-09 09:22:02 - INFO - epoch:6/10 iteration:70/459 batch loss is :0.3329
2025-07-09 09:22:20 - INFO - epoch:6/10 iteration:75/459 batch loss is :0.1815
2025-07-09 09:22:38 - INFO - epoch:6/10 iteration:80/459 batch loss is :0.2167
2025-07-09 09:22:49 - INFO - Epoch:6/10 Loss is :0.0698
2025-07-09 09:23:32 - INFO - epoch:7/10 iteration:0/459 batch loss is :0.5451
2025-07-09 09:23:54 - INFO - epoch:7/10 iteration:5/459 batch loss is :0.3535
2025-07-09 09:24:16 - INFO - epoch:7/10 iteration:10/459 batch loss is :0.2442
2025-07-09 09:24:38 - INFO - epoch:7/10 iteration:15/459 batch loss is :1.4366
2025-07-09 09:24:59 - INFO - epoch:7/10 iteration:20/459 batch loss is :0.2875
2025-07-09 09:25:20 - INFO - epoch:7/10 iteration:25/459 batch loss is :0.4383
2025-07-09 09:25:41 - INFO - epoch:7/10 iteration:30/459 batch loss is :0.4778
2025-07-09 09:26:01 - INFO - epoch:7/10 iteration:35/459 batch loss is :0.2633
2025-07-09 09:26:21 - INFO - epoch:7/10 iteration:40/459 batch loss is :0.1816
2025-07-09 09:26:41 - INFO - epoch:7/10 iteration:45/459 batch loss is :0.1939
2025-07-09 09:27:01 - INFO - epoch:7/10 iteration:50/459 batch loss is :0.2068
2025-07-09 09:27:21 - INFO - epoch:7/10 iteration:55/459 batch loss is :0.0958
2025-07-09 09:27:39 - INFO - epoch:7/10 iteration:60/459 batch loss is :0.8319
2025-07-09 09:27:57 - INFO - epoch:7/10 iteration:65/459 batch loss is :0.6967
2025-07-09 09:28:14 - INFO - epoch:7/10 iteration:70/459 batch loss is :0.3173
2025-07-09 09:28:32 - INFO - epoch:7/10 iteration:75/459 batch loss is :0.2338
2025-07-09 09:28:50 - INFO - epoch:7/10 iteration:80/459 batch loss is :0.3942
2025-07-09 09:29:01 - INFO - Epoch:7/10 Loss is :0.0654
2025-07-09 09:29:46 - INFO - epoch:8/10 iteration:0/459 batch loss is :0.4038
2025-07-09 09:30:08 - INFO - epoch:8/10 iteration:5/459 batch loss is :0.3071
2025-07-09 09:30:29 - INFO - epoch:8/10 iteration:10/459 batch loss is :0.3102
2025-07-09 09:30:50 - INFO - epoch:8/10 iteration:15/459 batch loss is :0.2589
2025-07-09 09:31:12 - INFO - epoch:8/10 iteration:20/459 batch loss is :0.2100
2025-07-09 09:31:31 - INFO - epoch:8/10 iteration:25/459 batch loss is :0.6289
2025-07-09 09:31:51 - INFO - epoch:8/10 iteration:30/459 batch loss is :0.3356
2025-07-09 09:32:10 - INFO - epoch:8/10 iteration:35/459 batch loss is :0.2204
2025-07-09 09:32:30 - INFO - epoch:8/10 iteration:40/459 batch loss is :0.4179
2025-07-09 09:32:49 - INFO - epoch:8/10 iteration:45/459 batch loss is :0.3606
2025-07-09 09:33:09 - INFO - epoch:8/10 iteration:50/459 batch loss is :0.5041
2025-07-09 09:33:28 - INFO - epoch:8/10 iteration:55/459 batch loss is :0.1962
2025-07-09 09:33:46 - INFO - epoch:8/10 iteration:60/459 batch loss is :0.3611
2025-07-09 09:34:04 - INFO - epoch:8/10 iteration:65/459 batch loss is :0.3619
2025-07-09 09:34:22 - INFO - epoch:8/10 iteration:70/459 batch loss is :0.2847
2025-07-09 09:34:40 - INFO - epoch:8/10 iteration:75/459 batch loss is :0.1854
2025-07-09 09:34:58 - INFO - epoch:8/10 iteration:80/459 batch loss is :0.1856
2025-07-09 09:35:08 - INFO - Epoch:8/10 Loss is :0.0630
2025-07-09 09:35:50 - INFO - epoch:9/10 iteration:0/459 batch loss is :0.2204
2025-07-09 09:36:13 - INFO - epoch:9/10 iteration:5/459 batch loss is :0.3465
2025-07-09 09:36:33 - INFO - epoch:9/10 iteration:10/459 batch loss is :0.2352
2025-07-09 09:36:55 - INFO - epoch:9/10 iteration:15/459 batch loss is :0.5934
2025-07-09 09:37:15 - INFO - epoch:9/10 iteration:20/459 batch loss is :0.1866
2025-07-09 09:37:34 - INFO - epoch:9/10 iteration:25/459 batch loss is :0.6540
2025-07-09 09:37:53 - INFO - epoch:9/10 iteration:30/459 batch loss is :0.4717
2025-07-09 09:38:13 - INFO - epoch:9/10 iteration:35/459 batch loss is :0.2317
2025-07-09 09:38:32 - INFO - epoch:9/10 iteration:40/459 batch loss is :0.7452
2025-07-09 09:38:52 - INFO - epoch:9/10 iteration:45/459 batch loss is :0.1601
2025-07-09 09:39:11 - INFO - epoch:9/10 iteration:50/459 batch loss is :0.6148
2025-07-09 09:39:30 - INFO - epoch:9/10 iteration:55/459 batch loss is :0.2104
2025-07-09 09:39:47 - INFO - epoch:9/10 iteration:60/459 batch loss is :0.2051
2025-07-09 09:40:06 - INFO - epoch:9/10 iteration:65/459 batch loss is :0.3301
2025-07-09 09:40:24 - INFO - epoch:9/10 iteration:70/459 batch loss is :1.0795
2025-07-09 09:40:42 - INFO - epoch:9/10 iteration:75/459 batch loss is :0.2592
2025-07-09 09:41:00 - INFO - epoch:9/10 iteration:80/459 batch loss is :0.4146
2025-07-09 09:41:10 - INFO - Epoch:9/10 Loss is :0.0647
2025-07-09 09:49:25 - INFO - VAL loss :0.3542
2025-07-09 09:49:26 - INFO - fold number:3
2025-07-09 09:52:32 - INFO - epoch:0/10 iteration:0/459 batch loss is :0.1709
2025-07-09 09:52:53 - INFO - epoch:0/10 iteration:5/459 batch loss is :0.3541
2025-07-09 09:53:15 - INFO - epoch:0/10 iteration:10/459 batch loss is :0.1281
2025-07-09 09:53:36 - INFO - epoch:0/10 iteration:15/459 batch loss is :0.3238
2025-07-09 09:54:06 - INFO - epoch:0/10 iteration:20/459 batch loss is :0.1921
2025-07-09 09:54:47 - INFO - epoch:0/10 iteration:25/459 batch loss is :0.5476
2025-07-09 09:55:39 - INFO - epoch:0/10 iteration:30/459 batch loss is :0.3825
2025-07-09 09:56:32 - INFO - epoch:0/10 iteration:35/459 batch loss is :0.2798
2025-07-09 09:56:53 - INFO - epoch:0/10 iteration:40/459 batch loss is :0.2683
2025-07-09 09:57:12 - INFO - epoch:0/10 iteration:45/459 batch loss is :0.1952
2025-07-09 09:57:31 - INFO - epoch:0/10 iteration:50/459 batch loss is :0.4162
2025-07-09 09:57:50 - INFO - epoch:0/10 iteration:55/459 batch loss is :0.2572
2025-07-09 09:58:09 - INFO - epoch:0/10 iteration:60/459 batch loss is :0.2123
2025-07-09 09:58:26 - INFO - epoch:0/10 iteration:65/459 batch loss is :0.0716
2025-07-09 09:58:44 - INFO - epoch:0/10 iteration:70/459 batch loss is :1.0603
2025-07-09 09:59:02 - INFO - epoch:0/10 iteration:75/459 batch loss is :0.2263
2025-07-09 09:59:20 - INFO - epoch:0/10 iteration:80/459 batch loss is :0.2574
2025-07-09 09:59:31 - INFO - Epoch:0/10 Loss is :0.0625
2025-07-09 10:09:33 - INFO - VAL loss :0.3298
2025-07-09 10:10:20 - INFO - epoch:1/10 iteration:0/459 batch loss is :0.3336
2025-07-09 10:10:42 - INFO - epoch:1/10 iteration:5/459 batch loss is :0.3631
2025-07-09 10:11:04 - INFO - epoch:1/10 iteration:10/459 batch loss is :1.3604
2025-07-09 10:11:26 - INFO - epoch:1/10 iteration:15/459 batch loss is :0.1720
2025-07-09 10:11:48 - INFO - epoch:1/10 iteration:20/459 batch loss is :0.3155
2025-07-09 10:12:10 - INFO - epoch:1/10 iteration:25/459 batch loss is :0.4203
2025-07-09 10:12:32 - INFO - epoch:1/10 iteration:30/459 batch loss is :0.2822
2025-07-09 10:12:53 - INFO - epoch:1/10 iteration:35/459 batch loss is :0.1343
2025-07-09 10:13:14 - INFO - epoch:1/10 iteration:40/459 batch loss is :0.4220
2025-07-09 10:13:35 - INFO - epoch:1/10 iteration:45/459 batch loss is :0.3079
2025-07-09 10:13:55 - INFO - epoch:1/10 iteration:50/459 batch loss is :0.2197
2025-07-09 10:14:14 - INFO - epoch:1/10 iteration:55/459 batch loss is :0.2981
2025-07-09 10:14:32 - INFO - epoch:1/10 iteration:60/459 batch loss is :0.2910
2025-07-09 10:14:50 - INFO - epoch:1/10 iteration:65/459 batch loss is :0.2135
2025-07-09 10:15:08 - INFO - epoch:1/10 iteration:70/459 batch loss is :0.3174
2025-07-09 10:15:26 - INFO - epoch:1/10 iteration:75/459 batch loss is :0.2384
2025-07-09 10:15:45 - INFO - epoch:1/10 iteration:80/459 batch loss is :0.3000
2025-07-09 10:15:55 - INFO - Epoch:1/10 Loss is :0.0667
2025-07-09 10:16:28 - INFO - epoch:2/10 iteration:0/459 batch loss is :0.2751
2025-07-09 10:16:56 - INFO - epoch:2/10 iteration:5/459 batch loss is :0.3352
2025-07-09 10:17:18 - INFO - epoch:2/10 iteration:10/459 batch loss is :0.6691
2025-07-09 10:17:40 - INFO - epoch:2/10 iteration:15/459 batch loss is :0.8448
2025-07-09 10:18:02 - INFO - epoch:2/10 iteration:20/459 batch loss is :0.3763
2025-07-09 10:18:23 - INFO - epoch:2/10 iteration:25/459 batch loss is :0.2682
2025-07-09 10:18:45 - INFO - epoch:2/10 iteration:30/459 batch loss is :0.2647
2025-07-09 10:19:05 - INFO - epoch:2/10 iteration:35/459 batch loss is :0.4266
2025-07-09 10:19:26 - INFO - epoch:2/10 iteration:40/459 batch loss is :0.4713
2025-07-09 10:19:47 - INFO - epoch:2/10 iteration:45/459 batch loss is :0.4482
2025-07-09 10:20:07 - INFO - epoch:2/10 iteration:50/459 batch loss is :0.3437
2025-07-09 10:20:27 - INFO - epoch:2/10 iteration:55/459 batch loss is :0.4878
2025-07-09 10:20:46 - INFO - epoch:2/10 iteration:60/459 batch loss is :0.2774
2025-07-09 10:21:04 - INFO - epoch:2/10 iteration:65/459 batch loss is :0.3022
2025-07-09 10:21:22 - INFO - epoch:2/10 iteration:70/459 batch loss is :0.7126
2025-07-09 10:21:40 - INFO - epoch:2/10 iteration:75/459 batch loss is :0.4223
2025-07-09 10:21:58 - INFO - epoch:2/10 iteration:80/459 batch loss is :0.2240
2025-07-09 10:22:09 - INFO - Epoch:2/10 Loss is :0.0743
2025-07-09 10:22:56 - INFO - epoch:3/10 iteration:0/459 batch loss is :0.3897
2025-07-09 10:23:18 - INFO - epoch:3/10 iteration:5/459 batch loss is :0.5108
2025-07-09 10:23:40 - INFO - epoch:3/10 iteration:10/459 batch loss is :0.1320
2025-07-09 10:24:03 - INFO - epoch:3/10 iteration:15/459 batch loss is :0.1155
2025-07-09 10:24:25 - INFO - epoch:3/10 iteration:20/459 batch loss is :0.4213
2025-07-09 10:24:46 - INFO - epoch:3/10 iteration:25/459 batch loss is :0.3535
2025-07-09 10:25:08 - INFO - epoch:3/10 iteration:30/459 batch loss is :0.8093
2025-07-09 10:25:28 - INFO - epoch:3/10 iteration:35/459 batch loss is :0.4270
2025-07-09 10:25:51 - INFO - epoch:3/10 iteration:40/459 batch loss is :0.1723
2025-07-09 10:26:39 - INFO - epoch:3/10 iteration:45/459 batch loss is :0.1305
2025-07-09 10:27:36 - INFO - epoch:3/10 iteration:50/459 batch loss is :0.3333
2025-07-09 10:28:29 - INFO - epoch:3/10 iteration:55/459 batch loss is :0.4968
2025-07-09 10:28:49 - INFO - epoch:3/10 iteration:60/459 batch loss is :0.5534
2025-07-09 10:29:06 - INFO - epoch:3/10 iteration:65/459 batch loss is :0.2693
2025-07-09 10:29:25 - INFO - epoch:3/10 iteration:70/459 batch loss is :0.2476
2025-07-09 10:29:43 - INFO - epoch:3/10 iteration:75/459 batch loss is :0.1171
2025-07-09 10:30:01 - INFO - epoch:3/10 iteration:80/459 batch loss is :0.3488
2025-07-09 10:30:11 - INFO - Epoch:3/10 Loss is :0.0624
2025-07-09 10:30:52 - INFO - epoch:4/10 iteration:0/459 batch loss is :0.2464
2025-07-09 10:31:13 - INFO - epoch:4/10 iteration:5/459 batch loss is :0.3447
2025-07-09 10:31:34 - INFO - epoch:4/10 iteration:10/459 batch loss is :0.3201
2025-07-09 10:31:55 - INFO - epoch:4/10 iteration:15/459 batch loss is :0.0929
2025-07-09 10:32:17 - INFO - epoch:4/10 iteration:20/459 batch loss is :0.5834
2025-07-09 10:32:37 - INFO - epoch:4/10 iteration:25/459 batch loss is :0.1643
2025-07-09 10:32:58 - INFO - epoch:4/10 iteration:30/459 batch loss is :0.5667
2025-07-09 10:33:18 - INFO - epoch:4/10 iteration:35/459 batch loss is :0.2372
2025-07-09 10:33:38 - INFO - epoch:4/10 iteration:40/459 batch loss is :0.3782
2025-07-09 10:33:58 - INFO - epoch:4/10 iteration:45/459 batch loss is :0.3558
2025-07-09 10:34:18 - INFO - epoch:4/10 iteration:50/459 batch loss is :0.6321
2025-07-09 10:34:37 - INFO - epoch:4/10 iteration:55/459 batch loss is :0.3115
2025-07-09 10:34:55 - INFO - epoch:4/10 iteration:60/459 batch loss is :0.4943
2025-07-09 10:35:14 - INFO - epoch:4/10 iteration:65/459 batch loss is :0.2589
2025-07-09 10:35:32 - INFO - epoch:4/10 iteration:70/459 batch loss is :0.2237
2025-07-09 10:35:50 - INFO - epoch:4/10 iteration:75/459 batch loss is :0.7742
2025-07-09 10:36:08 - INFO - epoch:4/10 iteration:80/459 batch loss is :0.4371
2025-07-09 10:36:18 - INFO - Epoch:4/10 Loss is :0.0647
2025-07-09 10:37:01 - INFO - epoch:5/10 iteration:0/459 batch loss is :0.2020
2025-07-09 10:37:22 - INFO - epoch:5/10 iteration:5/459 batch loss is :0.1536
2025-07-09 10:37:44 - INFO - epoch:5/10 iteration:10/459 batch loss is :0.2486
2025-07-09 10:38:06 - INFO - epoch:5/10 iteration:15/459 batch loss is :0.3774
2025-07-09 10:38:28 - INFO - epoch:5/10 iteration:20/459 batch loss is :0.4187
2025-07-09 10:38:49 - INFO - epoch:5/10 iteration:25/459 batch loss is :0.3472
2025-07-09 10:39:10 - INFO - epoch:5/10 iteration:30/459 batch loss is :0.3521
2025-07-09 10:39:30 - INFO - epoch:5/10 iteration:35/459 batch loss is :0.3519
2025-07-09 10:39:51 - INFO - epoch:5/10 iteration:40/459 batch loss is :0.4725
2025-07-09 10:40:10 - INFO - epoch:5/10 iteration:45/459 batch loss is :0.1829
2025-07-09 10:40:31 - INFO - epoch:5/10 iteration:50/459 batch loss is :0.3944
2025-07-09 10:40:50 - INFO - epoch:5/10 iteration:55/459 batch loss is :0.1786
2025-07-09 10:41:09 - INFO - epoch:5/10 iteration:60/459 batch loss is :0.3118
2025-07-09 10:41:27 - INFO - epoch:5/10 iteration:65/459 batch loss is :0.6349
2025-07-09 10:41:45 - INFO - epoch:5/10 iteration:70/459 batch loss is :0.4281
2025-07-09 10:42:03 - INFO - epoch:5/10 iteration:75/459 batch loss is :0.2720
2025-07-09 10:42:21 - INFO - epoch:5/10 iteration:80/459 batch loss is :0.2187
2025-07-09 10:42:31 - INFO - Epoch:5/10 Loss is :0.0630
2025-07-09 10:43:14 - INFO - epoch:6/10 iteration:0/459 batch loss is :0.3854
2025-07-09 10:43:36 - INFO - epoch:6/10 iteration:5/459 batch loss is :0.3694
2025-07-09 10:43:57 - INFO - epoch:6/10 iteration:10/459 batch loss is :0.3920
2025-07-09 10:44:18 - INFO - epoch:6/10 iteration:15/459 batch loss is :0.7180
2025-07-09 10:44:39 - INFO - epoch:6/10 iteration:20/459 batch loss is :0.1968
2025-07-09 10:44:59 - INFO - epoch:6/10 iteration:25/459 batch loss is :0.2441
2025-07-09 10:45:20 - INFO - epoch:6/10 iteration:30/459 batch loss is :0.6069
2025-07-09 10:45:39 - INFO - epoch:6/10 iteration:35/459 batch loss is :0.4827
2025-07-09 10:45:59 - INFO - epoch:6/10 iteration:40/459 batch loss is :0.2132
2025-07-09 10:46:19 - INFO - epoch:6/10 iteration:45/459 batch loss is :0.5140
2025-07-09 10:46:39 - INFO - epoch:6/10 iteration:50/459 batch loss is :0.1472
2025-07-09 10:46:58 - INFO - epoch:6/10 iteration:55/459 batch loss is :0.1793
2025-07-09 10:47:17 - INFO - epoch:6/10 iteration:60/459 batch loss is :0.1011
2025-07-09 10:47:35 - INFO - epoch:6/10 iteration:65/459 batch loss is :0.3562
2025-07-09 10:47:53 - INFO - epoch:6/10 iteration:70/459 batch loss is :0.3407
2025-07-09 10:48:11 - INFO - epoch:6/10 iteration:75/459 batch loss is :0.3897
2025-07-09 10:48:29 - INFO - epoch:6/10 iteration:80/459 batch loss is :0.2348
2025-07-09 10:48:40 - INFO - Epoch:6/10 Loss is :0.0683
2025-07-09 10:49:19 - INFO - epoch:7/10 iteration:0/459 batch loss is :0.2632
2025-07-09 10:49:43 - INFO - epoch:7/10 iteration:5/459 batch loss is :0.1769
2025-07-09 10:50:05 - INFO - epoch:7/10 iteration:10/459 batch loss is :0.4374
2025-07-09 10:50:28 - INFO - epoch:7/10 iteration:15/459 batch loss is :0.1855
2025-07-09 10:50:49 - INFO - epoch:7/10 iteration:20/459 batch loss is :0.3736
2025-07-09 10:51:10 - INFO - epoch:7/10 iteration:25/459 batch loss is :0.1658
2025-07-09 10:51:30 - INFO - epoch:7/10 iteration:30/459 batch loss is :0.6561
2025-07-09 10:51:50 - INFO - epoch:7/10 iteration:35/459 batch loss is :0.2143
2025-07-09 10:52:09 - INFO - epoch:7/10 iteration:40/459 batch loss is :0.1948
2025-07-09 10:52:28 - INFO - epoch:7/10 iteration:45/459 batch loss is :0.2631
2025-07-09 10:52:48 - INFO - epoch:7/10 iteration:50/459 batch loss is :0.2775
2025-07-09 10:53:07 - INFO - epoch:7/10 iteration:55/459 batch loss is :0.1747
2025-07-09 10:53:25 - INFO - epoch:7/10 iteration:60/459 batch loss is :0.7779
2025-07-09 10:53:43 - INFO - epoch:7/10 iteration:65/459 batch loss is :0.0920
2025-07-09 10:54:01 - INFO - epoch:7/10 iteration:70/459 batch loss is :0.6403
2025-07-09 10:54:19 - INFO - epoch:7/10 iteration:75/459 batch loss is :0.5369
2025-07-09 10:54:37 - INFO - epoch:7/10 iteration:80/459 batch loss is :0.6447
2025-07-09 10:54:48 - INFO - Epoch:7/10 Loss is :0.0724
2025-07-09 10:55:31 - INFO - epoch:8/10 iteration:0/459 batch loss is :0.8959
2025-07-09 10:55:54 - INFO - epoch:8/10 iteration:5/459 batch loss is :0.3381
2025-07-09 10:56:17 - INFO - epoch:8/10 iteration:10/459 batch loss is :0.0911
2025-07-09 10:56:41 - INFO - epoch:8/10 iteration:15/459 batch loss is :0.3177
2025-07-09 10:57:02 - INFO - epoch:8/10 iteration:20/459 batch loss is :0.1493
2025-07-09 10:57:21 - INFO - epoch:8/10 iteration:25/459 batch loss is :0.1590
2025-07-09 10:57:42 - INFO - epoch:8/10 iteration:30/459 batch loss is :0.2502
2025-07-09 10:58:02 - INFO - epoch:8/10 iteration:35/459 batch loss is :0.3182
2025-07-09 10:58:22 - INFO - epoch:8/10 iteration:40/459 batch loss is :0.4674
2025-07-09 10:58:42 - INFO - epoch:8/10 iteration:45/459 batch loss is :0.1613
2025-07-09 10:59:02 - INFO - epoch:8/10 iteration:50/459 batch loss is :0.0928
2025-07-09 10:59:21 - INFO - epoch:8/10 iteration:55/459 batch loss is :0.1253
2025-07-09 10:59:39 - INFO - epoch:8/10 iteration:60/459 batch loss is :0.3182
2025-07-09 10:59:57 - INFO - epoch:8/10 iteration:65/459 batch loss is :1.2051
2025-07-09 11:00:15 - INFO - epoch:8/10 iteration:70/459 batch loss is :0.6032
2025-07-09 11:00:33 - INFO - epoch:8/10 iteration:75/459 batch loss is :0.1483
2025-07-09 11:00:51 - INFO - epoch:8/10 iteration:80/459 batch loss is :0.3298
2025-07-09 11:01:02 - INFO - Epoch:8/10 Loss is :0.0661
2025-07-09 11:01:48 - INFO - epoch:9/10 iteration:0/459 batch loss is :0.4270
2025-07-09 11:02:09 - INFO - epoch:9/10 iteration:5/459 batch loss is :0.5081
2025-07-09 11:02:30 - INFO - epoch:9/10 iteration:10/459 batch loss is :0.8725
2025-07-09 11:02:52 - INFO - epoch:9/10 iteration:15/459 batch loss is :0.1803
2025-07-09 11:03:14 - INFO - epoch:9/10 iteration:20/459 batch loss is :0.3127
2025-07-09 11:03:35 - INFO - epoch:9/10 iteration:25/459 batch loss is :0.1308
2025-07-09 11:03:56 - INFO - epoch:9/10 iteration:30/459 batch loss is :0.2399
2025-07-09 11:04:18 - INFO - epoch:9/10 iteration:35/459 batch loss is :0.3163
2025-07-09 11:04:38 - INFO - epoch:9/10 iteration:40/459 batch loss is :0.3101
2025-07-09 11:04:58 - INFO - epoch:9/10 iteration:45/459 batch loss is :0.1882
2025-07-09 11:05:18 - INFO - epoch:9/10 iteration:50/459 batch loss is :0.3161
2025-07-09 11:05:38 - INFO - epoch:9/10 iteration:55/459 batch loss is :0.2088
2025-07-09 11:05:56 - INFO - epoch:9/10 iteration:60/459 batch loss is :0.5153
2025-07-09 11:06:14 - INFO - epoch:9/10 iteration:65/459 batch loss is :0.6136
2025-07-09 11:06:32 - INFO - epoch:9/10 iteration:70/459 batch loss is :0.5551
2025-07-09 11:06:50 - INFO - epoch:9/10 iteration:75/459 batch loss is :0.3288
2025-07-09 11:07:08 - INFO - epoch:9/10 iteration:80/459 batch loss is :0.2559
2025-07-09 11:07:19 - INFO - Epoch:9/10 Loss is :0.0629
2025-07-09 11:15:44 - INFO - VAL loss :0.3506
2025-07-09 11:15:45 - INFO - fold number:4
2025-07-09 11:18:58 - INFO - epoch:0/10 iteration:0/459 batch loss is :0.4672
2025-07-09 11:19:20 - INFO - epoch:0/10 iteration:5/459 batch loss is :0.1578
2025-07-09 11:19:40 - INFO - epoch:0/10 iteration:10/459 batch loss is :0.0461
2025-07-09 11:20:02 - INFO - epoch:0/10 iteration:15/459 batch loss is :0.4942
2025-07-09 11:20:23 - INFO - epoch:0/10 iteration:20/459 batch loss is :0.3178
2025-07-09 11:20:44 - INFO - epoch:0/10 iteration:25/459 batch loss is :0.1112
2025-07-09 11:21:06 - INFO - epoch:0/10 iteration:30/459 batch loss is :0.5016
2025-07-09 11:21:27 - INFO - epoch:0/10 iteration:35/459 batch loss is :0.4140
2025-07-09 11:21:47 - INFO - epoch:0/10 iteration:40/459 batch loss is :0.2380
2025-07-09 11:22:07 - INFO - epoch:0/10 iteration:45/459 batch loss is :0.2663
2025-07-09 11:22:27 - INFO - epoch:0/10 iteration:50/459 batch loss is :0.5151
2025-07-09 11:22:46 - INFO - epoch:0/10 iteration:55/459 batch loss is :0.2459
2025-07-09 11:23:05 - INFO - epoch:0/10 iteration:60/459 batch loss is :0.2244
2025-07-09 11:23:22 - INFO - epoch:0/10 iteration:65/459 batch loss is :0.5977
2025-07-09 11:23:41 - INFO - epoch:0/10 iteration:70/459 batch loss is :0.1996
2025-07-09 11:23:58 - INFO - epoch:0/10 iteration:75/459 batch loss is :0.4120
2025-07-09 11:24:16 - INFO - epoch:0/10 iteration:80/459 batch loss is :0.7337
2025-07-09 11:24:27 - INFO - Epoch:0/10 Loss is :0.0647
2025-07-09 11:34:26 - INFO - VAL loss :0.3065
2025-07-09 11:35:13 - INFO - epoch:1/10 iteration:0/459 batch loss is :0.6647
2025-07-09 11:35:34 - INFO - epoch:1/10 iteration:5/459 batch loss is :0.1988
2025-07-09 11:35:56 - INFO - epoch:1/10 iteration:10/459 batch loss is :0.4458
2025-07-09 11:36:18 - INFO - epoch:1/10 iteration:15/459 batch loss is :0.2604
2025-07-09 11:36:39 - INFO - epoch:1/10 iteration:20/459 batch loss is :0.3142
2025-07-09 11:37:00 - INFO - epoch:1/10 iteration:25/459 batch loss is :0.4903
2025-07-09 11:37:22 - INFO - epoch:1/10 iteration:30/459 batch loss is :0.3035
2025-07-09 11:37:42 - INFO - epoch:1/10 iteration:35/459 batch loss is :0.6624
2025-07-09 11:38:03 - INFO - epoch:1/10 iteration:40/459 batch loss is :0.1427
2025-07-09 11:38:23 - INFO - epoch:1/10 iteration:45/459 batch loss is :0.3308
2025-07-09 11:38:42 - INFO - epoch:1/10 iteration:50/459 batch loss is :0.2486
2025-07-09 11:39:02 - INFO - epoch:1/10 iteration:55/459 batch loss is :0.6732
2025-07-09 11:39:20 - INFO - epoch:1/10 iteration:60/459 batch loss is :0.2372
2025-07-09 11:39:38 - INFO - epoch:1/10 iteration:65/459 batch loss is :0.2279
2025-07-09 11:39:56 - INFO - epoch:1/10 iteration:70/459 batch loss is :0.4120
2025-07-09 11:40:14 - INFO - epoch:1/10 iteration:75/459 batch loss is :0.3136
2025-07-09 11:40:32 - INFO - epoch:1/10 iteration:80/459 batch loss is :0.4362
2025-07-09 11:40:43 - INFO - Epoch:1/10 Loss is :0.0690
2025-07-09 11:41:24 - INFO - epoch:2/10 iteration:0/459 batch loss is :0.4558
2025-07-09 11:41:46 - INFO - epoch:2/10 iteration:5/459 batch loss is :0.3113
2025-07-09 11:42:07 - INFO - epoch:2/10 iteration:10/459 batch loss is :0.2811
2025-07-09 11:42:30 - INFO - epoch:2/10 iteration:15/459 batch loss is :0.3122
2025-07-09 11:42:52 - INFO - epoch:2/10 iteration:20/459 batch loss is :0.3345
2025-07-09 11:43:13 - INFO - epoch:2/10 iteration:25/459 batch loss is :0.7823
2025-07-09 11:43:33 - INFO - epoch:2/10 iteration:30/459 batch loss is :0.3047
2025-07-09 11:43:53 - INFO - epoch:2/10 iteration:35/459 batch loss is :0.1634
2025-07-09 11:44:13 - INFO - epoch:2/10 iteration:40/459 batch loss is :0.2364
2025-07-09 11:44:33 - INFO - epoch:2/10 iteration:45/459 batch loss is :0.2259
2025-07-09 11:44:52 - INFO - epoch:2/10 iteration:50/459 batch loss is :0.1946
2025-07-09 11:45:12 - INFO - epoch:2/10 iteration:55/459 batch loss is :0.4249
2025-07-09 11:45:30 - INFO - epoch:2/10 iteration:60/459 batch loss is :0.3788
2025-07-09 11:45:48 - INFO - epoch:2/10 iteration:65/459 batch loss is :0.3780
2025-07-09 11:46:06 - INFO - epoch:2/10 iteration:70/459 batch loss is :0.2496
2025-07-09 11:46:25 - INFO - epoch:2/10 iteration:75/459 batch loss is :0.1029
2025-07-09 11:46:43 - INFO - epoch:2/10 iteration:80/459 batch loss is :0.2191
2025-07-09 11:46:53 - INFO - Epoch:2/10 Loss is :0.0665
2025-07-09 11:47:30 - INFO - epoch:3/10 iteration:0/459 batch loss is :0.9055
2025-07-09 11:47:53 - INFO - epoch:3/10 iteration:5/459 batch loss is :0.7175
2025-07-09 11:48:17 - INFO - epoch:3/10 iteration:10/459 batch loss is :0.2741
2025-07-09 11:48:40 - INFO - epoch:3/10 iteration:15/459 batch loss is :0.1502
2025-07-09 11:49:01 - INFO - epoch:3/10 iteration:20/459 batch loss is :0.2564
2025-07-09 11:49:22 - INFO - epoch:3/10 iteration:25/459 batch loss is :0.3965
2025-07-09 11:49:42 - INFO - epoch:3/10 iteration:30/459 batch loss is :0.3765
2025-07-09 11:50:02 - INFO - epoch:3/10 iteration:35/459 batch loss is :0.1982
2025-07-09 11:50:22 - INFO - epoch:3/10 iteration:40/459 batch loss is :0.3311
2025-07-09 11:50:42 - INFO - epoch:3/10 iteration:45/459 batch loss is :0.4365
2025-07-09 11:51:02 - INFO - epoch:3/10 iteration:50/459 batch loss is :0.4483
2025-07-09 11:51:21 - INFO - epoch:3/10 iteration:55/459 batch loss is :0.4855
2025-07-09 11:51:39 - INFO - epoch:3/10 iteration:60/459 batch loss is :0.4536
2025-07-09 11:51:57 - INFO - epoch:3/10 iteration:65/459 batch loss is :0.2860
2025-07-09 11:52:15 - INFO - epoch:3/10 iteration:70/459 batch loss is :0.5591
2025-07-09 11:52:33 - INFO - epoch:3/10 iteration:75/459 batch loss is :0.2039
2025-07-09 11:52:51 - INFO - epoch:3/10 iteration:80/459 batch loss is :0.3919
2025-07-09 11:53:02 - INFO - Epoch:3/10 Loss is :0.0693
2025-07-09 11:53:52 - INFO - epoch:4/10 iteration:0/459 batch loss is :0.6348
2025-07-09 11:54:14 - INFO - epoch:4/10 iteration:5/459 batch loss is :0.1372
2025-07-09 11:54:35 - INFO - epoch:4/10 iteration:10/459 batch loss is :1.0856
2025-07-09 11:54:56 - INFO - epoch:4/10 iteration:15/459 batch loss is :0.6792
2025-07-09 11:55:15 - INFO - epoch:4/10 iteration:20/459 batch loss is :0.8191
2025-07-09 11:55:36 - INFO - epoch:4/10 iteration:25/459 batch loss is :0.1703
2025-07-09 11:55:55 - INFO - epoch:4/10 iteration:30/459 batch loss is :0.4265
2025-07-09 11:56:15 - INFO - epoch:4/10 iteration:35/459 batch loss is :0.2662
2025-07-09 11:56:35 - INFO - epoch:4/10 iteration:40/459 batch loss is :0.6744
2025-07-09 11:56:55 - INFO - epoch:4/10 iteration:45/459 batch loss is :0.6939
2025-07-09 11:57:14 - INFO - epoch:4/10 iteration:50/459 batch loss is :0.2380
2025-07-09 11:57:33 - INFO - epoch:4/10 iteration:55/459 batch loss is :0.1248
2025-07-09 11:57:51 - INFO - epoch:4/10 iteration:60/459 batch loss is :0.1298
2025-07-09 11:58:10 - INFO - epoch:4/10 iteration:65/459 batch loss is :0.3479
2025-07-09 11:58:27 - INFO - epoch:4/10 iteration:70/459 batch loss is :0.5439
2025-07-09 11:58:46 - INFO - epoch:4/10 iteration:75/459 batch loss is :0.4314
2025-07-09 11:59:04 - INFO - epoch:4/10 iteration:80/459 batch loss is :0.4422
2025-07-09 11:59:14 - INFO - Epoch:4/10 Loss is :0.0660
2025-07-09 11:59:59 - INFO - epoch:5/10 iteration:0/459 batch loss is :0.4394
2025-07-09 12:00:21 - INFO - epoch:5/10 iteration:5/459 batch loss is :0.4616
2025-07-09 12:00:43 - INFO - epoch:5/10 iteration:10/459 batch loss is :0.2298
2025-07-09 12:01:03 - INFO - epoch:5/10 iteration:15/459 batch loss is :0.4150
2025-07-09 12:01:23 - INFO - epoch:5/10 iteration:20/459 batch loss is :0.4095
2025-07-09 12:01:42 - INFO - epoch:5/10 iteration:25/459 batch loss is :0.3644
2025-07-09 12:02:01 - INFO - epoch:5/10 iteration:30/459 batch loss is :0.2784
2025-07-09 12:02:21 - INFO - epoch:5/10 iteration:35/459 batch loss is :0.2655
2025-07-09 12:02:41 - INFO - epoch:5/10 iteration:40/459 batch loss is :0.7202
2025-07-09 12:03:00 - INFO - epoch:5/10 iteration:45/459 batch loss is :0.2332
2025-07-09 12:03:19 - INFO - epoch:5/10 iteration:50/459 batch loss is :0.2441
2025-07-09 12:03:39 - INFO - epoch:5/10 iteration:55/459 batch loss is :0.2878
2025-07-09 12:03:57 - INFO - epoch:5/10 iteration:60/459 batch loss is :0.1680
2025-07-09 12:04:15 - INFO - epoch:5/10 iteration:65/459 batch loss is :0.2944
2025-07-09 12:04:33 - INFO - epoch:5/10 iteration:70/459 batch loss is :0.2718
2025-07-09 12:04:51 - INFO - epoch:5/10 iteration:75/459 batch loss is :0.3614
2025-07-09 12:05:09 - INFO - epoch:5/10 iteration:80/459 batch loss is :0.3065
2025-07-09 12:05:19 - INFO - Epoch:5/10 Loss is :0.0647
2025-07-09 12:06:04 - INFO - epoch:6/10 iteration:0/459 batch loss is :1.0128
2025-07-09 12:06:25 - INFO - epoch:6/10 iteration:5/459 batch loss is :0.2789
2025-07-09 12:06:46 - INFO - epoch:6/10 iteration:10/459 batch loss is :0.2359
2025-07-09 12:07:07 - INFO - epoch:6/10 iteration:15/459 batch loss is :0.4448
2025-07-09 12:07:30 - INFO - epoch:6/10 iteration:20/459 batch loss is :0.5245
2025-07-09 12:07:50 - INFO - epoch:6/10 iteration:25/459 batch loss is :0.2113
2025-07-09 12:08:13 - INFO - epoch:6/10 iteration:30/459 batch loss is :0.4616
2025-07-09 12:08:33 - INFO - epoch:6/10 iteration:35/459 batch loss is :0.1795
2025-07-09 12:08:53 - INFO - epoch:6/10 iteration:40/459 batch loss is :0.5631
2025-07-09 12:09:13 - INFO - epoch:6/10 iteration:45/459 batch loss is :0.2701
2025-07-09 12:09:33 - INFO - epoch:6/10 iteration:50/459 batch loss is :0.3294
2025-07-09 12:09:53 - INFO - epoch:6/10 iteration:55/459 batch loss is :0.4180
2025-07-09 12:10:12 - INFO - epoch:6/10 iteration:60/459 batch loss is :0.1987
2025-07-09 12:10:30 - INFO - epoch:6/10 iteration:65/459 batch loss is :0.2450
2025-07-09 12:10:48 - INFO - epoch:6/10 iteration:70/459 batch loss is :0.3157
2025-07-09 12:11:06 - INFO - epoch:6/10 iteration:75/459 batch loss is :0.2832
2025-07-09 12:11:24 - INFO - epoch:6/10 iteration:80/459 batch loss is :0.5694
2025-07-09 12:11:35 - INFO - Epoch:6/10 Loss is :0.0618
2025-07-09 12:12:20 - INFO - epoch:7/10 iteration:0/459 batch loss is :0.2185
2025-07-09 12:12:43 - INFO - epoch:7/10 iteration:5/459 batch loss is :0.2537
2025-07-09 12:13:05 - INFO - epoch:7/10 iteration:10/459 batch loss is :0.3713
2025-07-09 12:13:26 - INFO - epoch:7/10 iteration:15/459 batch loss is :0.5045
2025-07-09 12:13:48 - INFO - epoch:7/10 iteration:20/459 batch loss is :0.0903
2025-07-09 12:14:09 - INFO - epoch:7/10 iteration:25/459 batch loss is :0.1441
2025-07-09 12:14:30 - INFO - epoch:7/10 iteration:30/459 batch loss is :0.7489
2025-07-09 12:14:52 - INFO - epoch:7/10 iteration:35/459 batch loss is :0.3213
2025-07-09 12:15:12 - INFO - epoch:7/10 iteration:40/459 batch loss is :0.3949
2025-07-09 12:15:33 - INFO - epoch:7/10 iteration:45/459 batch loss is :0.2845
2025-07-09 12:15:53 - INFO - epoch:7/10 iteration:50/459 batch loss is :1.0016
2025-07-09 12:16:13 - INFO - epoch:7/10 iteration:55/459 batch loss is :0.6957
2025-07-09 12:16:31 - INFO - epoch:7/10 iteration:60/459 batch loss is :0.2431
2025-07-09 12:16:50 - INFO - epoch:7/10 iteration:65/459 batch loss is :0.3961
2025-07-09 12:17:08 - INFO - epoch:7/10 iteration:70/459 batch loss is :0.3613
2025-07-09 12:17:26 - INFO - epoch:7/10 iteration:75/459 batch loss is :0.2785
2025-07-09 12:17:43 - INFO - epoch:7/10 iteration:80/459 batch loss is :0.1030
2025-07-09 12:17:54 - INFO - Epoch:7/10 Loss is :0.0702
2025-07-09 12:18:34 - INFO - epoch:8/10 iteration:0/459 batch loss is :0.8886
2025-07-09 12:18:56 - INFO - epoch:8/10 iteration:5/459 batch loss is :0.4351
2025-07-09 12:19:17 - INFO - epoch:8/10 iteration:10/459 batch loss is :0.2251
2025-07-09 12:19:40 - INFO - epoch:8/10 iteration:15/459 batch loss is :0.5018
2025-07-09 12:20:04 - INFO - epoch:8/10 iteration:20/459 batch loss is :0.3490
2025-07-09 12:20:25 - INFO - epoch:8/10 iteration:25/459 batch loss is :0.3351
2025-07-09 12:20:48 - INFO - epoch:8/10 iteration:30/459 batch loss is :0.2016
2025-07-09 12:21:09 - INFO - epoch:8/10 iteration:35/459 batch loss is :0.3596
2025-07-09 12:21:30 - INFO - epoch:8/10 iteration:40/459 batch loss is :0.2873
2025-07-09 12:21:50 - INFO - epoch:8/10 iteration:45/459 batch loss is :0.2364
2025-07-09 12:22:11 - INFO - epoch:8/10 iteration:50/459 batch loss is :0.1859
2025-07-09 12:22:31 - INFO - epoch:8/10 iteration:55/459 batch loss is :0.4324
2025-07-09 12:22:50 - INFO - epoch:8/10 iteration:60/459 batch loss is :0.1496
2025-07-09 12:23:08 - INFO - epoch:8/10 iteration:65/459 batch loss is :0.6543
2025-07-09 12:23:26 - INFO - epoch:8/10 iteration:70/459 batch loss is :0.2924
2025-07-09 12:23:44 - INFO - epoch:8/10 iteration:75/459 batch loss is :0.2933
2025-07-09 12:24:02 - INFO - epoch:8/10 iteration:80/459 batch loss is :0.1374
2025-07-09 12:24:12 - INFO - Epoch:8/10 Loss is :0.0630
2025-07-09 12:24:58 - INFO - epoch:9/10 iteration:0/459 batch loss is :0.3562
2025-07-09 12:25:19 - INFO - epoch:9/10 iteration:5/459 batch loss is :0.2566
2025-07-09 12:25:41 - INFO - epoch:9/10 iteration:10/459 batch loss is :0.2300
2025-07-09 12:26:02 - INFO - epoch:9/10 iteration:15/459 batch loss is :0.3273
2025-07-09 12:26:23 - INFO - epoch:9/10 iteration:20/459 batch loss is :0.6324
2025-07-09 12:26:43 - INFO - epoch:9/10 iteration:25/459 batch loss is :0.4942
2025-07-09 12:27:03 - INFO - epoch:9/10 iteration:30/459 batch loss is :0.2087
2025-07-09 12:27:23 - INFO - epoch:9/10 iteration:35/459 batch loss is :0.3777
2025-07-09 12:27:42 - INFO - epoch:9/10 iteration:40/459 batch loss is :0.1366
2025-07-09 12:28:02 - INFO - epoch:9/10 iteration:45/459 batch loss is :0.4679
2025-07-09 12:28:21 - INFO - epoch:9/10 iteration:50/459 batch loss is :0.5476
2025-07-09 12:28:41 - INFO - epoch:9/10 iteration:55/459 batch loss is :0.2676
2025-07-09 12:28:59 - INFO - epoch:9/10 iteration:60/459 batch loss is :0.6050
2025-07-09 12:29:17 - INFO - epoch:9/10 iteration:65/459 batch loss is :0.3086
2025-07-09 12:29:35 - INFO - epoch:9/10 iteration:70/459 batch loss is :0.3455
2025-07-09 12:29:53 - INFO - epoch:9/10 iteration:75/459 batch loss is :0.5383
2025-07-09 12:30:11 - INFO - epoch:9/10 iteration:80/459 batch loss is :0.6171
2025-07-09 12:30:21 - INFO - Epoch:9/10 Loss is :0.0658
2025-07-09 12:38:08 - INFO - VAL loss :0.3094
2025-07-09 12:38:09 - INFO - training complete!!!
