2025-06-17 15:07:45 - INFO - ------------------------------------------------------------------------------------------------
2025-06-17 15:07:45 - INFO - starting new training !!!!
2025-06-17 15:07:45 - INFO - ------------------------------------------------------------------------------------------------
2025-06-17 15:07:45 - INFO - Namespace(batch=12, class_dict={'EarlyAMD': 0, 'Int AMD': 1, 'GA': 2, 'Wet': 3, 'Scar': 4, 'Not AMD': 5}, device=device(type='cuda'), epoch=25, excel_path='excel/vol_annotations_06_03_2025.xlsx', gamma=0.1, json='D:\\AMD-data-visualisation\\jsons\\patient_level\\train_val_split_new_dataset.json', log_dir='logs/Resnet_medicalnet', lr=0.0015, model_path='pretrained/resnet_34_23dataset.pth', num_classes=6, save_dir='model_parameter_Resnet_medicalnet', save_freq=5, step_size=10, weight_matrix=tensor([0.2700, 0.2080, 0.0740, 0.0380, 0.1360, 1.0000]))
2025-06-17 15:07:45 - INFO - parameters are being saved at :model_parameter_Resnet_medicalnet\28
2025-06-17 15:07:46 - INFO - the wandb run name is : breezy-plant-29
2025-06-17 15:07:46 - INFO - found 4 gpus!
2025-06-17 15:07:46 - INFO - DataParallel(
  (module): ResNet(
    (conv1): Conv3d(1, 64, kernel_size=(7, 7, 7), stride=(2, 2, 2), padding=(3, 3, 3), bias=False)
    (bn1): BatchNorm3d(64, eps=1e-05, momentum=0.1, affine=True, track_running_stats=True)
    (relu): ReLU(inplace=True)
    (maxpool): MaxPool3d(kernel_size=(3, 3, 3), stride=2, padding=1, dilation=1, ceil_mode=False)
    (layer1): Sequential(
      (0): BasicBlock(
        (conv1): Conv3d(64, 64, kernel_size=(3, 3, 3), stride=(1, 1, 1), padding=(1, 1, 1), bias=False)
        (bn1): BatchNorm3d(64, eps=1e-05, momentum=0.1, affine=True, track_running_stats=True)
        (relu): ReLU(inplace=True)
        (conv2): Conv3d(64, 64, kernel_size=(3, 3, 3), stride=(1, 1, 1), padding=(1, 1, 1), bias=False)
        (bn2): BatchNorm3d(64, eps=1e-05, momentum=0.1, affine=True, track_running_stats=True)
      )
      (1): BasicBlock(
        (conv1): Conv3d(64, 64, kernel_size=(3, 3, 3), stride=(1, 1, 1), padding=(1, 1, 1), bias=False)
        (bn1): BatchNorm3d(64, eps=1e-05, momentum=0.1, affine=True, track_running_stats=True)
        (relu): ReLU(inplace=True)
        (conv2): Conv3d(64, 64, kernel_size=(3, 3, 3), stride=(1, 1, 1), padding=(1, 1, 1), bias=False)
        (bn2): BatchNorm3d(64, eps=1e-05, momentum=0.1, affine=True, track_running_stats=True)
      )
      (2): BasicBlock(
        (conv1): Conv3d(64, 64, kernel_size=(3, 3, 3), stride=(1, 1, 1), padding=(1, 1, 1), bias=False)
        (bn1): BatchNorm3d(64, eps=1e-05, momentum=0.1, affine=True, track_running_stats=True)
        (relu): ReLU(inplace=True)
        (conv2): Conv3d(64, 64, kernel_size=(3, 3, 3), stride=(1, 1, 1), padding=(1, 1, 1), bias=False)
        (bn2): BatchNorm3d(64, eps=1e-05, momentum=0.1, affine=True, track_running_stats=True)
      )
    )
    (layer2): Sequential(
      (0): BasicBlock(
        (conv1): Conv3d(64, 128, kernel_size=(3, 3, 3), stride=(2, 2, 2), padding=(1, 1, 1), bias=False)
        (bn1): BatchNorm3d(128, eps=1e-05, momentum=0.1, affine=True, track_running_stats=True)
        (relu): ReLU(inplace=True)
        (conv2): Conv3d(128, 128, kernel_size=(3, 3, 3), stride=(1, 1, 1), padding=(1, 1, 1), bias=False)
        (bn2): BatchNorm3d(128, eps=1e-05, momentum=0.1, affine=True, track_running_stats=True)
      )
      (1): BasicBlock(
        (conv1): Conv3d(128, 128, kernel_size=(3, 3, 3), stride=(1, 1, 1), padding=(1, 1, 1), bias=False)
        (bn1): BatchNorm3d(128, eps=1e-05, momentum=0.1, affine=True, track_running_stats=True)
        (relu): ReLU(inplace=True)
        (conv2): Conv3d(128, 128, kernel_size=(3, 3, 3), stride=(1, 1, 1), padding=(1, 1, 1), bias=False)
        (bn2): BatchNorm3d(128, eps=1e-05, momentum=0.1, affine=True, track_running_stats=True)
      )
      (2): BasicBlock(
        (conv1): Conv3d(128, 128, kernel_size=(3, 3, 3), stride=(1, 1, 1), padding=(1, 1, 1), bias=False)
        (bn1): BatchNorm3d(128, eps=1e-05, momentum=0.1, affine=True, track_running_stats=True)
        (relu): ReLU(inplace=True)
        (conv2): Conv3d(128, 128, kernel_size=(3, 3, 3), stride=(1, 1, 1), padding=(1, 1, 1), bias=False)
        (bn2): BatchNorm3d(128, eps=1e-05, momentum=0.1, affine=True, track_running_stats=True)
      )
      (3): BasicBlock(
        (conv1): Conv3d(128, 128, kernel_size=(3, 3, 3), stride=(1, 1, 1), padding=(1, 1, 1), bias=False)
        (bn1): BatchNorm3d(128, eps=1e-05, momentum=0.1, affine=True, track_running_stats=True)
        (relu): ReLU(inplace=True)
        (conv2): Conv3d(128, 128, kernel_size=(3, 3, 3), stride=(1, 1, 1), padding=(1, 1, 1), bias=False)
        (bn2): BatchNorm3d(128, eps=1e-05, momentum=0.1, affine=True, track_running_stats=True)
      )
    )
    (layer3): Sequential(
      (0): BasicBlock(
        (conv1): Conv3d(128, 256, kernel_size=(3, 3, 3), stride=(1, 1, 1), padding=(2, 2, 2), dilation=(2, 2, 2), bias=False)
        (bn1): BatchNorm3d(256, eps=1e-05, momentum=0.1, affine=True, track_running_stats=True)
        (relu): ReLU(inplace=True)
        (conv2): Conv3d(256, 256, kernel_size=(3, 3, 3), stride=(1, 1, 1), padding=(2, 2, 2), dilation=(2, 2, 2), bias=False)
        (bn2): BatchNorm3d(256, eps=1e-05, momentum=0.1, affine=True, track_running_stats=True)
      )
      (1): BasicBlock(
        (conv1): Conv3d(256, 256, kernel_size=(3, 3, 3), stride=(1, 1, 1), padding=(2, 2, 2), dilation=(2, 2, 2), bias=False)
        (bn1): BatchNorm3d(256, eps=1e-05, momentum=0.1, affine=True, track_running_stats=True)
        (relu): ReLU(inplace=True)
        (conv2): Conv3d(256, 256, kernel_size=(3, 3, 3), stride=(1, 1, 1), padding=(2, 2, 2), dilation=(2, 2, 2), bias=False)
        (bn2): BatchNorm3d(256, eps=1e-05, momentum=0.1, affine=True, track_running_stats=True)
      )
      (2): BasicBlock(
        (conv1): Conv3d(256, 256, kernel_size=(3, 3, 3), stride=(1, 1, 1), padding=(2, 2, 2), dilation=(2, 2, 2), bias=False)
        (bn1): BatchNorm3d(256, eps=1e-05, momentum=0.1, affine=True, track_running_stats=True)
        (relu): ReLU(inplace=True)
        (conv2): Conv3d(256, 256, kernel_size=(3, 3, 3), stride=(1, 1, 1), padding=(2, 2, 2), dilation=(2, 2, 2), bias=False)
        (bn2): BatchNorm3d(256, eps=1e-05, momentum=0.1, affine=True, track_running_stats=True)
      )
      (3): BasicBlock(
        (conv1): Conv3d(256, 256, kernel_size=(3, 3, 3), stride=(1, 1, 1), padding=(2, 2, 2), dilation=(2, 2, 2), bias=False)
        (bn1): BatchNorm3d(256, eps=1e-05, momentum=0.1, affine=True, track_running_stats=True)
        (relu): ReLU(inplace=True)
        (conv2): Conv3d(256, 256, kernel_size=(3, 3, 3), stride=(1, 1, 1), padding=(2, 2, 2), dilation=(2, 2, 2), bias=False)
        (bn2): BatchNorm3d(256, eps=1e-05, momentum=0.1, affine=True, track_running_stats=True)
      )
      (4): BasicBlock(
        (conv1): Conv3d(256, 256, kernel_size=(3, 3, 3), stride=(1, 1, 1), padding=(2, 2, 2), dilation=(2, 2, 2), bias=False)
        (bn1): BatchNorm3d(256, eps=1e-05, momentum=0.1, affine=True, track_running_stats=True)
        (relu): ReLU(inplace=True)
        (conv2): Conv3d(256, 256, kernel_size=(3, 3, 3), stride=(1, 1, 1), padding=(2, 2, 2), dilation=(2, 2, 2), bias=False)
        (bn2): BatchNorm3d(256, eps=1e-05, momentum=0.1, affine=True, track_running_stats=True)
      )
      (5): BasicBlock(
        (conv1): Conv3d(256, 256, kernel_size=(3, 3, 3), stride=(1, 1, 1), padding=(2, 2, 2), dilation=(2, 2, 2), bias=False)
        (bn1): BatchNorm3d(256, eps=1e-05, momentum=0.1, affine=True, track_running_stats=True)
        (relu): ReLU(inplace=True)
        (conv2): Conv3d(256, 256, kernel_size=(3, 3, 3), stride=(1, 1, 1), padding=(2, 2, 2), dilation=(2, 2, 2), bias=False)
        (bn2): BatchNorm3d(256, eps=1e-05, momentum=0.1, affine=True, track_running_stats=True)
      )
    )
    (layer4): Sequential(
      (0): BasicBlock(
        (conv1): Conv3d(256, 512, kernel_size=(3, 3, 3), stride=(1, 1, 1), padding=(4, 4, 4), dilation=(4, 4, 4), bias=False)
        (bn1): BatchNorm3d(512, eps=1e-05, momentum=0.1, affine=True, track_running_stats=True)
        (relu): ReLU(inplace=True)
        (conv2): Conv3d(512, 512, kernel_size=(3, 3, 3), stride=(1, 1, 1), padding=(4, 4, 4), dilation=(4, 4, 4), bias=False)
        (bn2): BatchNorm3d(512, eps=1e-05, momentum=0.1, affine=True, track_running_stats=True)
      )
      (1): BasicBlock(
        (conv1): Conv3d(512, 512, kernel_size=(3, 3, 3), stride=(1, 1, 1), padding=(4, 4, 4), dilation=(4, 4, 4), bias=False)
        (bn1): BatchNorm3d(512, eps=1e-05, momentum=0.1, affine=True, track_running_stats=True)
        (relu): ReLU(inplace=True)
        (conv2): Conv3d(512, 512, kernel_size=(3, 3, 3), stride=(1, 1, 1), padding=(4, 4, 4), dilation=(4, 4, 4), bias=False)
        (bn2): BatchNorm3d(512, eps=1e-05, momentum=0.1, affine=True, track_running_stats=True)
      )
      (2): BasicBlock(
        (conv1): Conv3d(512, 512, kernel_size=(3, 3, 3), stride=(1, 1, 1), padding=(4, 4, 4), dilation=(4, 4, 4), bias=False)
        (bn1): BatchNorm3d(512, eps=1e-05, momentum=0.1, affine=True, track_running_stats=True)
        (relu): ReLU(inplace=True)
        (conv2): Conv3d(512, 512, kernel_size=(3, 3, 3), stride=(1, 1, 1), padding=(4, 4, 4), dilation=(4, 4, 4), bias=False)
        (bn2): BatchNorm3d(512, eps=1e-05, momentum=0.1, affine=True, track_running_stats=True)
      )
    )
    (GAP): AdaptiveAvgPool3d(output_size=(2, 2, 2))
    (linear): Linear(in_features=4096, out_features=6, bias=True)
  )
)
2025-06-17 15:07:47 - INFO - the missing keys are : 
['module.linear.weight', 'module.linear.bias']
2025-06-17 15:07:47 - INFO - the unexpected keys are :
[]
2025-06-17 15:07:47 - INFO - loaded model parameters from pretrained/resnet_34_23dataset.pth
2025-06-17 15:07:48 - INFO - fold number:0
2025-06-17 15:11:40 - INFO - epoch:0/25 iteration:0/459 batch loss is :0.6499
2025-06-17 15:12:02 - INFO - epoch:0/25 iteration:5/459 batch loss is :0.5029
2025-06-17 15:12:24 - INFO - epoch:0/25 iteration:10/459 batch loss is :0.4865
2025-06-17 15:12:45 - INFO - epoch:0/25 iteration:15/459 batch loss is :0.2992
2025-06-17 15:13:07 - INFO - epoch:0/25 iteration:20/459 batch loss is :0.3214
2025-06-17 15:13:28 - INFO - epoch:0/25 iteration:25/459 batch loss is :0.3199
2025-06-17 15:13:49 - INFO - epoch:0/25 iteration:30/459 batch loss is :0.3051
2025-06-17 15:14:09 - INFO - epoch:0/25 iteration:35/459 batch loss is :0.2824
2025-06-17 15:14:29 - INFO - epoch:0/25 iteration:40/459 batch loss is :0.2250
2025-06-17 15:14:49 - INFO - epoch:0/25 iteration:45/459 batch loss is :0.2928
2025-06-17 15:15:09 - INFO - epoch:0/25 iteration:50/459 batch loss is :0.1130
2025-06-17 15:15:29 - INFO - epoch:0/25 iteration:55/459 batch loss is :0.1279
2025-06-17 15:15:49 - INFO - epoch:0/25 iteration:60/459 batch loss is :0.0952
2025-06-17 15:16:09 - INFO - epoch:0/25 iteration:65/459 batch loss is :0.1749
2025-06-17 15:16:29 - INFO - epoch:0/25 iteration:70/459 batch loss is :0.2807
2025-06-17 15:16:49 - INFO - epoch:0/25 iteration:75/459 batch loss is :0.2896
2025-06-17 15:17:09 - INFO - epoch:0/25 iteration:80/459 batch loss is :0.2278
2025-06-17 15:17:29 - INFO - epoch:0/25 iteration:85/459 batch loss is :0.1012
2025-06-17 15:17:49 - INFO - epoch:0/25 iteration:90/459 batch loss is :0.1955
2025-06-17 15:18:09 - INFO - epoch:0/25 iteration:95/459 batch loss is :0.2003
2025-06-17 15:18:29 - INFO - epoch:0/25 iteration:100/459 batch loss is :0.2345
2025-06-17 15:18:49 - INFO - epoch:0/25 iteration:105/459 batch loss is :0.1751
2025-06-17 15:19:09 - INFO - epoch:0/25 iteration:110/459 batch loss is :0.3681
2025-06-17 15:19:29 - INFO - epoch:0/25 iteration:115/459 batch loss is :0.2401
2025-06-17 15:19:49 - INFO - epoch:0/25 iteration:120/459 batch loss is :0.3552
2025-06-17 15:20:09 - INFO - epoch:0/25 iteration:125/459 batch loss is :0.2129
2025-06-17 15:20:29 - INFO - epoch:0/25 iteration:130/459 batch loss is :0.2178
2025-06-17 15:20:49 - INFO - epoch:0/25 iteration:135/459 batch loss is :0.2499
2025-06-17 15:21:09 - INFO - epoch:0/25 iteration:140/459 batch loss is :0.1763
2025-06-17 15:21:29 - INFO - epoch:0/25 iteration:145/459 batch loss is :0.1630
2025-06-17 15:21:49 - INFO - epoch:0/25 iteration:150/459 batch loss is :0.3117
2025-06-17 15:22:09 - INFO - epoch:0/25 iteration:155/459 batch loss is :0.2776
2025-06-17 15:22:29 - INFO - epoch:0/25 iteration:160/459 batch loss is :0.1002
2025-06-17 15:22:49 - INFO - epoch:0/25 iteration:165/459 batch loss is :0.2702
2025-06-17 15:23:09 - INFO - epoch:0/25 iteration:170/459 batch loss is :0.2011
2025-06-17 15:23:29 - INFO - epoch:0/25 iteration:175/459 batch loss is :0.4194
2025-06-17 15:23:49 - INFO - epoch:0/25 iteration:180/459 batch loss is :0.3189
2025-06-17 15:24:08 - INFO - epoch:0/25 iteration:185/459 batch loss is :0.2648
2025-06-17 15:24:29 - INFO - epoch:0/25 iteration:190/459 batch loss is :0.1405
2025-06-17 15:24:48 - INFO - epoch:0/25 iteration:195/459 batch loss is :0.3580
2025-06-17 15:25:08 - INFO - epoch:0/25 iteration:200/459 batch loss is :0.1718
2025-06-17 15:25:29 - INFO - epoch:0/25 iteration:205/459 batch loss is :0.1413
2025-06-17 15:25:48 - INFO - epoch:0/25 iteration:210/459 batch loss is :0.3013
2025-06-17 15:26:09 - INFO - epoch:0/25 iteration:215/459 batch loss is :0.1422
2025-06-17 15:26:29 - INFO - epoch:0/25 iteration:220/459 batch loss is :0.1419
2025-06-17 15:26:48 - INFO - epoch:0/25 iteration:225/459 batch loss is :0.1806
2025-06-17 15:27:09 - INFO - epoch:0/25 iteration:230/459 batch loss is :0.2631
2025-06-17 15:27:28 - INFO - epoch:0/25 iteration:235/459 batch loss is :0.0908
2025-06-17 15:27:49 - INFO - epoch:0/25 iteration:240/459 batch loss is :0.1133
2025-06-17 15:28:09 - INFO - epoch:0/25 iteration:245/459 batch loss is :0.1870
2025-06-17 15:28:29 - INFO - epoch:0/25 iteration:250/459 batch loss is :0.2309
2025-06-17 15:28:48 - INFO - epoch:0/25 iteration:255/459 batch loss is :0.1892
2025-06-17 15:29:08 - INFO - epoch:0/25 iteration:260/459 batch loss is :0.1937
2025-06-17 15:29:27 - INFO - epoch:0/25 iteration:265/459 batch loss is :0.1467
2025-06-17 15:29:47 - INFO - epoch:0/25 iteration:270/459 batch loss is :0.2527
2025-06-17 15:30:07 - INFO - epoch:0/25 iteration:275/459 batch loss is :0.0967
2025-06-17 15:30:27 - INFO - epoch:0/25 iteration:280/459 batch loss is :0.2483
2025-06-17 15:30:46 - INFO - epoch:0/25 iteration:285/459 batch loss is :0.1610
2025-06-17 15:31:06 - INFO - epoch:0/25 iteration:290/459 batch loss is :0.0940
2025-06-17 15:31:26 - INFO - epoch:0/25 iteration:295/459 batch loss is :0.1984
2025-06-17 15:31:46 - INFO - epoch:0/25 iteration:300/459 batch loss is :0.1886
2025-06-17 15:32:06 - INFO - epoch:0/25 iteration:305/459 batch loss is :0.1876
2025-06-17 15:32:26 - INFO - epoch:0/25 iteration:310/459 batch loss is :0.1817
2025-06-17 15:32:46 - INFO - epoch:0/25 iteration:315/459 batch loss is :0.1836
2025-06-17 15:33:06 - INFO - epoch:0/25 iteration:320/459 batch loss is :0.2308
2025-06-17 15:33:26 - INFO - epoch:0/25 iteration:325/459 batch loss is :0.1232
2025-06-17 15:33:46 - INFO - epoch:0/25 iteration:330/459 batch loss is :0.1376
2025-06-17 15:34:06 - INFO - epoch:0/25 iteration:335/459 batch loss is :0.2905
2025-06-17 15:34:26 - INFO - epoch:0/25 iteration:340/459 batch loss is :0.1061
2025-06-17 15:34:47 - INFO - epoch:0/25 iteration:345/459 batch loss is :0.1234
2025-06-17 15:35:07 - INFO - epoch:0/25 iteration:350/459 batch loss is :0.2433
2025-06-17 15:35:26 - INFO - epoch:0/25 iteration:355/459 batch loss is :0.2320
2025-06-17 15:35:46 - INFO - epoch:0/25 iteration:360/459 batch loss is :0.1665
2025-06-17 15:36:06 - INFO - epoch:0/25 iteration:365/459 batch loss is :0.1647
2025-06-17 15:36:26 - INFO - epoch:0/25 iteration:370/459 batch loss is :0.2245
2025-06-17 15:36:46 - INFO - epoch:0/25 iteration:375/459 batch loss is :0.1929
2025-06-17 15:37:06 - INFO - epoch:0/25 iteration:380/459 batch loss is :0.1141
2025-06-17 15:37:26 - INFO - epoch:0/25 iteration:385/459 batch loss is :0.2053
2025-06-17 15:37:46 - INFO - epoch:0/25 iteration:390/459 batch loss is :0.2835
2025-06-17 15:38:06 - INFO - epoch:0/25 iteration:395/459 batch loss is :0.1649
2025-06-17 15:38:26 - INFO - epoch:0/25 iteration:400/459 batch loss is :0.0865
2025-06-17 15:38:46 - INFO - epoch:0/25 iteration:405/459 batch loss is :0.0649
2025-06-17 15:39:06 - INFO - epoch:0/25 iteration:410/459 batch loss is :0.1265
2025-06-17 15:39:26 - INFO - epoch:0/25 iteration:415/459 batch loss is :0.2098
2025-06-17 15:39:46 - INFO - epoch:0/25 iteration:420/459 batch loss is :0.1308
2025-06-17 15:40:05 - INFO - epoch:0/25 iteration:425/459 batch loss is :0.2586
2025-06-17 15:40:24 - INFO - epoch:0/25 iteration:430/459 batch loss is :0.2484
2025-06-17 15:40:43 - INFO - epoch:0/25 iteration:435/459 batch loss is :0.1296
2025-06-17 15:41:03 - INFO - epoch:0/25 iteration:440/459 batch loss is :0.1310
2025-06-17 15:41:22 - INFO - epoch:0/25 iteration:445/459 batch loss is :0.1447
2025-06-17 15:41:41 - INFO - epoch:0/25 iteration:450/459 batch loss is :0.2481
2025-06-17 15:42:00 - INFO - epoch:0/25 iteration:455/459 batch loss is :0.2517
2025-06-17 15:42:13 - INFO - Epoch:0/25 Loss is :0.2145
2025-06-17 15:46:37 - ERROR - 'list' object has no attribute 'shape'
