2025-07-07 14:21:03 - INFO - ------------------------------------------------------------------------------------------------
2025-07-07 14:21:03 - INFO - starting new training !!!!
2025-07-07 14:21:03 - INFO - ------------------------------------------------------------------------------------------------
2025-07-07 14:21:03 - INFO - Namespace(batch=12, class_dict={'Early AMD': 0, 'Int AMD': 1, 'GA': 2, 'Wet': 3, 'Scar': 4, 'Not AMD': 5}, device=device(type='cuda'), epoch=50, excel_path='excel/vol_annotations_06_03_2025.xlsx', gamma=0.1, json='D:\\AMD-data-visualisation\\jsons\\patient_level\\train_val_split_new_dataset.json', lambda_bce=1.0, lambda_ce=1.0, lambda_hy=1.25, log_dir='logs/Resnet_medicalnet', lr=2.5e-05, model_path='pretrained\\resnet_34_23dataset.pth', num_classes=6, num_samples_per_epoch=1000, sampling_prob={0: 0.25, 1: 0.05, 2: 0.5}, save_dir='model_parameter_Resnet_medicalnet', save_freq=5, step_size=25, targets_path='targets.npy', weight_bce=tensor([3.9600, 4.9500, 0.5900]), weight_broad=tensor([0.5000, 0.4000, 0.4000, 0.3300, 1.2500, 1.0000]), weight_ce=tensor([1.0000, 0.8000]))
2025-07-07 14:21:03 - INFO - parameters are being saved at :model_parameter_Resnet_medicalnet\70
2025-07-07 14:21:04 - INFO - the wandb run name is : hearty-river-91
2025-07-07 14:21:04 - INFO - found 4 gpus!
2025-07-07 14:21:04 - INFO - DataParallel(
  (module): ResNet(
    (conv1): Conv3d(1, 64, kernel_size=(7, 7, 7), stride=(2, 2, 2), padding=(3, 3, 3), bias=False)
    (bn1): BatchNorm3d(64, eps=1e-05, momentum=0.1, affine=True, track_running_stats=True)
    (relu): ReLU(inplace=True)
    (maxpool): MaxPool3d(kernel_size=(3, 3, 3), stride=2, padding=1, dilation=1, ceil_mode=False)
    (layer1): Sequential(
      (0): BasicBlock(
        (conv1): Conv3d(64, 64, kernel_size=(3, 3, 3), stride=(1, 1, 1), padding=(1, 1, 1), bias=False)
        (bn1): BatchNorm3d(64, eps=1e-05, momentum=0.1, affine=True, track_running_stats=True)
        (relu): ReLU(inplace=True)
        (conv2): Conv3d(64, 64, kernel_size=(3, 3, 3), stride=(1, 1, 1), padding=(1, 1, 1), bias=False)
        (bn2): BatchNorm3d(64, eps=1e-05, momentum=0.1, affine=True, track_running_stats=True)
      )
      (1): BasicBlock(
        (conv1): Conv3d(64, 64, kernel_size=(3, 3, 3), stride=(1, 1, 1), padding=(1, 1, 1), bias=False)
        (bn1): BatchNorm3d(64, eps=1e-05, momentum=0.1, affine=True, track_running_stats=True)
        (relu): ReLU(inplace=True)
        (conv2): Conv3d(64, 64, kernel_size=(3, 3, 3), stride=(1, 1, 1), padding=(1, 1, 1), bias=False)
        (bn2): BatchNorm3d(64, eps=1e-05, momentum=0.1, affine=True, track_running_stats=True)
      )
      (2): BasicBlock(
        (conv1): Conv3d(64, 64, kernel_size=(3, 3, 3), stride=(1, 1, 1), padding=(1, 1, 1), bias=False)
        (bn1): BatchNorm3d(64, eps=1e-05, momentum=0.1, affine=True, track_running_stats=True)
        (relu): ReLU(inplace=True)
        (conv2): Conv3d(64, 64, kernel_size=(3, 3, 3), stride=(1, 1, 1), padding=(1, 1, 1), bias=False)
        (bn2): BatchNorm3d(64, eps=1e-05, momentum=0.1, affine=True, track_running_stats=True)
      )
    )
    (layer2): Sequential(
      (0): BasicBlock(
        (conv1): Conv3d(64, 128, kernel_size=(3, 3, 3), stride=(2, 2, 2), padding=(1, 1, 1), bias=False)
        (bn1): BatchNorm3d(128, eps=1e-05, momentum=0.1, affine=True, track_running_stats=True)
        (relu): ReLU(inplace=True)
        (conv2): Conv3d(128, 128, kernel_size=(3, 3, 3), stride=(1, 1, 1), padding=(1, 1, 1), bias=False)
        (bn2): BatchNorm3d(128, eps=1e-05, momentum=0.1, affine=True, track_running_stats=True)
      )
      (1): BasicBlock(
        (conv1): Conv3d(128, 128, kernel_size=(3, 3, 3), stride=(1, 1, 1), padding=(1, 1, 1), bias=False)
        (bn1): BatchNorm3d(128, eps=1e-05, momentum=0.1, affine=True, track_running_stats=True)
        (relu): ReLU(inplace=True)
        (conv2): Conv3d(128, 128, kernel_size=(3, 3, 3), stride=(1, 1, 1), padding=(1, 1, 1), bias=False)
        (bn2): BatchNorm3d(128, eps=1e-05, momentum=0.1, affine=True, track_running_stats=True)
      )
      (2): BasicBlock(
        (conv1): Conv3d(128, 128, kernel_size=(3, 3, 3), stride=(1, 1, 1), padding=(1, 1, 1), bias=False)
        (bn1): BatchNorm3d(128, eps=1e-05, momentum=0.1, affine=True, track_running_stats=True)
        (relu): ReLU(inplace=True)
        (conv2): Conv3d(128, 128, kernel_size=(3, 3, 3), stride=(1, 1, 1), padding=(1, 1, 1), bias=False)
        (bn2): BatchNorm3d(128, eps=1e-05, momentum=0.1, affine=True, track_running_stats=True)
      )
      (3): BasicBlock(
        (conv1): Conv3d(128, 128, kernel_size=(3, 3, 3), stride=(1, 1, 1), padding=(1, 1, 1), bias=False)
        (bn1): BatchNorm3d(128, eps=1e-05, momentum=0.1, affine=True, track_running_stats=True)
        (relu): ReLU(inplace=True)
        (conv2): Conv3d(128, 128, kernel_size=(3, 3, 3), stride=(1, 1, 1), padding=(1, 1, 1), bias=False)
        (bn2): BatchNorm3d(128, eps=1e-05, momentum=0.1, affine=True, track_running_stats=True)
      )
    )
    (layer3): Sequential(
      (0): BasicBlock(
        (conv1): Conv3d(128, 256, kernel_size=(3, 3, 3), stride=(1, 1, 1), padding=(2, 2, 2), dilation=(2, 2, 2), bias=False)
        (bn1): BatchNorm3d(256, eps=1e-05, momentum=0.1, affine=True, track_running_stats=True)
        (relu): ReLU(inplace=True)
        (conv2): Conv3d(256, 256, kernel_size=(3, 3, 3), stride=(1, 1, 1), padding=(2, 2, 2), dilation=(2, 2, 2), bias=False)
        (bn2): BatchNorm3d(256, eps=1e-05, momentum=0.1, affine=True, track_running_stats=True)
      )
      (1): BasicBlock(
        (conv1): Conv3d(256, 256, kernel_size=(3, 3, 3), stride=(1, 1, 1), padding=(2, 2, 2), dilation=(2, 2, 2), bias=False)
        (bn1): BatchNorm3d(256, eps=1e-05, momentum=0.1, affine=True, track_running_stats=True)
        (relu): ReLU(inplace=True)
        (conv2): Conv3d(256, 256, kernel_size=(3, 3, 3), stride=(1, 1, 1), padding=(2, 2, 2), dilation=(2, 2, 2), bias=False)
        (bn2): BatchNorm3d(256, eps=1e-05, momentum=0.1, affine=True, track_running_stats=True)
      )
      (2): BasicBlock(
        (conv1): Conv3d(256, 256, kernel_size=(3, 3, 3), stride=(1, 1, 1), padding=(2, 2, 2), dilation=(2, 2, 2), bias=False)
        (bn1): BatchNorm3d(256, eps=1e-05, momentum=0.1, affine=True, track_running_stats=True)
        (relu): ReLU(inplace=True)
        (conv2): Conv3d(256, 256, kernel_size=(3, 3, 3), stride=(1, 1, 1), padding=(2, 2, 2), dilation=(2, 2, 2), bias=False)
        (bn2): BatchNorm3d(256, eps=1e-05, momentum=0.1, affine=True, track_running_stats=True)
      )
      (3): BasicBlock(
        (conv1): Conv3d(256, 256, kernel_size=(3, 3, 3), stride=(1, 1, 1), padding=(2, 2, 2), dilation=(2, 2, 2), bias=False)
        (bn1): BatchNorm3d(256, eps=1e-05, momentum=0.1, affine=True, track_running_stats=True)
        (relu): ReLU(inplace=True)
        (conv2): Conv3d(256, 256, kernel_size=(3, 3, 3), stride=(1, 1, 1), padding=(2, 2, 2), dilation=(2, 2, 2), bias=False)
        (bn2): BatchNorm3d(256, eps=1e-05, momentum=0.1, affine=True, track_running_stats=True)
      )
      (4): BasicBlock(
        (conv1): Conv3d(256, 256, kernel_size=(3, 3, 3), stride=(1, 1, 1), padding=(2, 2, 2), dilation=(2, 2, 2), bias=False)
        (bn1): BatchNorm3d(256, eps=1e-05, momentum=0.1, affine=True, track_running_stats=True)
        (relu): ReLU(inplace=True)
        (conv2): Conv3d(256, 256, kernel_size=(3, 3, 3), stride=(1, 1, 1), padding=(2, 2, 2), dilation=(2, 2, 2), bias=False)
        (bn2): BatchNorm3d(256, eps=1e-05, momentum=0.1, affine=True, track_running_stats=True)
      )
      (5): BasicBlock(
        (conv1): Conv3d(256, 256, kernel_size=(3, 3, 3), stride=(1, 1, 1), padding=(2, 2, 2), dilation=(2, 2, 2), bias=False)
        (bn1): BatchNorm3d(256, eps=1e-05, momentum=0.1, affine=True, track_running_stats=True)
        (relu): ReLU(inplace=True)
        (conv2): Conv3d(256, 256, kernel_size=(3, 3, 3), stride=(1, 1, 1), padding=(2, 2, 2), dilation=(2, 2, 2), bias=False)
        (bn2): BatchNorm3d(256, eps=1e-05, momentum=0.1, affine=True, track_running_stats=True)
      )
    )
    (layer4): Sequential(
      (0): BasicBlock(
        (conv1): Conv3d(256, 512, kernel_size=(3, 3, 3), stride=(1, 1, 1), padding=(4, 4, 4), dilation=(4, 4, 4), bias=False)
        (bn1): BatchNorm3d(512, eps=1e-05, momentum=0.1, affine=True, track_running_stats=True)
        (relu): ReLU(inplace=True)
        (conv2): Conv3d(512, 512, kernel_size=(3, 3, 3), stride=(1, 1, 1), padding=(4, 4, 4), dilation=(4, 4, 4), bias=False)
        (bn2): BatchNorm3d(512, eps=1e-05, momentum=0.1, affine=True, track_running_stats=True)
      )
      (1): BasicBlock(
        (conv1): Conv3d(512, 512, kernel_size=(3, 3, 3), stride=(1, 1, 1), padding=(4, 4, 4), dilation=(4, 4, 4), bias=False)
        (bn1): BatchNorm3d(512, eps=1e-05, momentum=0.1, affine=True, track_running_stats=True)
        (relu): ReLU(inplace=True)
        (conv2): Conv3d(512, 512, kernel_size=(3, 3, 3), stride=(1, 1, 1), padding=(4, 4, 4), dilation=(4, 4, 4), bias=False)
        (bn2): BatchNorm3d(512, eps=1e-05, momentum=0.1, affine=True, track_running_stats=True)
      )
      (2): BasicBlock(
        (conv1): Conv3d(512, 512, kernel_size=(3, 3, 3), stride=(1, 1, 1), padding=(4, 4, 4), dilation=(4, 4, 4), bias=False)
        (bn1): BatchNorm3d(512, eps=1e-05, momentum=0.1, affine=True, track_running_stats=True)
        (relu): ReLU(inplace=True)
        (conv2): Conv3d(512, 512, kernel_size=(3, 3, 3), stride=(1, 1, 1), padding=(4, 4, 4), dilation=(4, 4, 4), bias=False)
        (bn2): BatchNorm3d(512, eps=1e-05, momentum=0.1, affine=True, track_running_stats=True)
      )
    )
    (GAP): AdaptiveAvgPool3d(output_size=(2, 2, 2))
    (linear): Linear(in_features=4096, out_features=6, bias=True)
  )
)
2025-07-07 14:21:04 - INFO - the missing keys are : 
['module.linear.weight', 'module.linear.bias']
2025-07-07 14:21:04 - INFO - the unexpected keys are :
[]
2025-07-07 14:21:04 - INFO - loaded model parameters from pretrained\resnet_34_23dataset.pth
2025-07-07 14:21:06 - INFO - fold number:0
2025-07-07 14:24:02 - INFO - epoch:0/50 iteration:0/459 batch loss is :2.4982
2025-07-07 14:24:26 - INFO - epoch:0/50 iteration:5/459 batch loss is :2.0545
2025-07-07 14:24:48 - INFO - epoch:0/50 iteration:10/459 batch loss is :1.9255
2025-07-07 14:25:09 - INFO - epoch:0/50 iteration:15/459 batch loss is :2.5994
2025-07-07 14:25:32 - INFO - epoch:0/50 iteration:20/459 batch loss is :1.5764
2025-07-07 14:25:53 - INFO - epoch:0/50 iteration:25/459 batch loss is :2.6246
2025-07-07 14:26:14 - INFO - epoch:0/50 iteration:30/459 batch loss is :1.9129
2025-07-07 14:26:39 - INFO - epoch:0/50 iteration:35/459 batch loss is :2.6642
2025-07-07 14:27:32 - INFO - epoch:0/50 iteration:40/459 batch loss is :2.5840
2025-07-07 14:28:25 - INFO - epoch:0/50 iteration:45/459 batch loss is :1.8615
2025-07-07 14:29:17 - INFO - epoch:0/50 iteration:50/459 batch loss is :1.8298
2025-07-07 14:29:35 - INFO - epoch:0/50 iteration:55/459 batch loss is :3.1906
2025-07-07 14:29:53 - INFO - epoch:0/50 iteration:60/459 batch loss is :2.4332
2025-07-07 14:30:11 - INFO - epoch:0/50 iteration:65/459 batch loss is :2.1218
2025-07-07 14:30:28 - INFO - epoch:0/50 iteration:70/459 batch loss is :2.8673
2025-07-07 14:30:46 - INFO - epoch:0/50 iteration:75/459 batch loss is :2.4124
2025-07-07 14:31:04 - INFO - epoch:0/50 iteration:80/459 batch loss is :2.4616
2025-07-07 14:31:15 - INFO - Epoch:0/50 Loss is :0.4402
2025-07-07 14:41:18 - INFO - VAL loss :4.1496
2025-07-07 14:42:06 - INFO - epoch:1/50 iteration:0/459 batch loss is :2.2829
2025-07-07 14:42:28 - INFO - epoch:1/50 iteration:5/459 batch loss is :2.3299
2025-07-07 14:42:48 - INFO - epoch:1/50 iteration:10/459 batch loss is :2.3940
2025-07-07 14:43:10 - INFO - epoch:1/50 iteration:15/459 batch loss is :2.5764
2025-07-07 14:43:30 - INFO - epoch:1/50 iteration:20/459 batch loss is :2.0240
2025-07-07 14:43:49 - INFO - epoch:1/50 iteration:25/459 batch loss is :2.2199
2025-07-07 14:44:09 - INFO - epoch:1/50 iteration:30/459 batch loss is :3.2234
2025-07-07 14:44:28 - INFO - epoch:1/50 iteration:35/459 batch loss is :3.4158
2025-07-07 14:44:47 - INFO - epoch:1/50 iteration:40/459 batch loss is :2.6149
2025-07-07 14:45:07 - INFO - epoch:1/50 iteration:45/459 batch loss is :2.1542
2025-07-07 14:45:26 - INFO - epoch:1/50 iteration:50/459 batch loss is :2.8219
2025-07-07 14:45:45 - INFO - epoch:1/50 iteration:55/459 batch loss is :2.0371
2025-07-07 14:46:03 - INFO - epoch:1/50 iteration:60/459 batch loss is :1.8284
2025-07-07 14:46:21 - INFO - epoch:1/50 iteration:65/459 batch loss is :2.1167
2025-07-07 14:46:39 - INFO - epoch:1/50 iteration:70/459 batch loss is :2.4680
2025-07-07 14:46:57 - INFO - epoch:1/50 iteration:75/459 batch loss is :1.9098
2025-07-07 14:47:15 - INFO - epoch:1/50 iteration:80/459 batch loss is :2.2546
2025-07-07 14:47:25 - INFO - Epoch:1/50 Loss is :0.4308
2025-07-07 14:48:02 - INFO - epoch:2/50 iteration:0/459 batch loss is :1.7031
2025-07-07 14:48:22 - INFO - epoch:2/50 iteration:5/459 batch loss is :1.6995
2025-07-07 14:48:43 - INFO - epoch:2/50 iteration:10/459 batch loss is :2.3562
2025-07-07 14:49:05 - INFO - epoch:2/50 iteration:15/459 batch loss is :1.7989
2025-07-07 14:49:26 - INFO - epoch:2/50 iteration:20/459 batch loss is :3.2337
2025-07-07 14:49:46 - INFO - epoch:2/50 iteration:25/459 batch loss is :2.5085
2025-07-07 14:50:07 - INFO - epoch:2/50 iteration:30/459 batch loss is :2.4923
2025-07-07 14:50:27 - INFO - epoch:2/50 iteration:35/459 batch loss is :1.6133
2025-07-07 14:50:46 - INFO - epoch:2/50 iteration:40/459 batch loss is :2.7028
2025-07-07 14:51:05 - INFO - epoch:2/50 iteration:45/459 batch loss is :2.2408
2025-07-07 14:51:25 - INFO - epoch:2/50 iteration:50/459 batch loss is :1.9365
2025-07-07 14:51:44 - INFO - epoch:2/50 iteration:55/459 batch loss is :1.6658
2025-07-07 14:52:02 - INFO - epoch:2/50 iteration:60/459 batch loss is :2.0098
2025-07-07 14:52:20 - INFO - epoch:2/50 iteration:65/459 batch loss is :1.9048
2025-07-07 14:52:38 - INFO - epoch:2/50 iteration:70/459 batch loss is :2.1428
2025-07-07 14:52:56 - INFO - epoch:2/50 iteration:75/459 batch loss is :2.3722
2025-07-07 14:53:13 - INFO - epoch:2/50 iteration:80/459 batch loss is :2.0639
2025-07-07 14:53:24 - INFO - Epoch:2/50 Loss is :0.3975
2025-07-07 14:54:03 - INFO - epoch:3/50 iteration:0/459 batch loss is :1.8572
2025-07-07 14:54:24 - INFO - epoch:3/50 iteration:5/459 batch loss is :2.0706
2025-07-07 14:54:44 - INFO - epoch:3/50 iteration:10/459 batch loss is :1.9782
2025-07-07 14:55:05 - INFO - epoch:3/50 iteration:15/459 batch loss is :2.0221
2025-07-07 14:55:26 - INFO - epoch:3/50 iteration:20/459 batch loss is :1.9827
2025-07-07 14:55:46 - INFO - epoch:3/50 iteration:25/459 batch loss is :2.2611
2025-07-07 14:56:06 - INFO - epoch:3/50 iteration:30/459 batch loss is :1.5980
2025-07-07 14:56:26 - INFO - epoch:3/50 iteration:35/459 batch loss is :2.1214
2025-07-07 14:56:46 - INFO - epoch:3/50 iteration:40/459 batch loss is :3.2623
2025-07-07 14:57:06 - INFO - epoch:3/50 iteration:45/459 batch loss is :2.1560
2025-07-07 14:57:26 - INFO - epoch:3/50 iteration:50/459 batch loss is :1.7258
2025-07-07 14:57:46 - INFO - epoch:3/50 iteration:55/459 batch loss is :1.9344
2025-07-07 14:58:04 - INFO - epoch:3/50 iteration:60/459 batch loss is :2.1398
2025-07-07 14:58:22 - INFO - epoch:3/50 iteration:65/459 batch loss is :1.9359
2025-07-07 14:58:39 - INFO - epoch:3/50 iteration:70/459 batch loss is :1.6117
2025-07-07 14:58:57 - INFO - epoch:3/50 iteration:75/459 batch loss is :1.5735
2025-07-07 14:59:16 - INFO - epoch:3/50 iteration:80/459 batch loss is :2.4590
2025-07-07 14:59:26 - INFO - Epoch:3/50 Loss is :0.3694
2025-07-07 15:00:00 - INFO - epoch:4/50 iteration:0/459 batch loss is :1.5682
2025-07-07 15:00:22 - INFO - epoch:4/50 iteration:5/459 batch loss is :2.1590
2025-07-07 15:00:43 - INFO - epoch:4/50 iteration:10/459 batch loss is :1.8666
2025-07-07 15:01:05 - INFO - epoch:4/50 iteration:15/459 batch loss is :2.2379
2025-07-07 15:01:25 - INFO - epoch:4/50 iteration:20/459 batch loss is :1.7562
2025-07-07 15:01:45 - INFO - epoch:4/50 iteration:25/459 batch loss is :1.3889
2025-07-07 15:02:04 - INFO - epoch:4/50 iteration:30/459 batch loss is :1.1723
2025-07-07 15:02:24 - INFO - epoch:4/50 iteration:35/459 batch loss is :2.1393
2025-07-07 15:02:43 - INFO - epoch:4/50 iteration:40/459 batch loss is :2.2991
2025-07-07 15:03:02 - INFO - epoch:4/50 iteration:45/459 batch loss is :2.7635
2025-07-07 15:03:21 - INFO - epoch:4/50 iteration:50/459 batch loss is :1.8530
2025-07-07 15:03:40 - INFO - epoch:4/50 iteration:55/459 batch loss is :2.0664
2025-07-07 15:03:58 - INFO - epoch:4/50 iteration:60/459 batch loss is :1.9199
2025-07-07 15:04:16 - INFO - epoch:4/50 iteration:65/459 batch loss is :1.5696
2025-07-07 15:04:34 - INFO - epoch:4/50 iteration:70/459 batch loss is :2.6743
2025-07-07 15:04:52 - INFO - epoch:4/50 iteration:75/459 batch loss is :1.6462
2025-07-07 15:05:09 - INFO - epoch:4/50 iteration:80/459 batch loss is :2.0946
2025-07-07 15:05:20 - INFO - Epoch:4/50 Loss is :0.3520
2025-07-07 15:06:01 - INFO - epoch:5/50 iteration:0/459 batch loss is :1.4550
2025-07-07 15:06:22 - INFO - epoch:5/50 iteration:5/459 batch loss is :1.6147
2025-07-07 15:06:44 - INFO - epoch:5/50 iteration:10/459 batch loss is :1.7664
2025-07-07 15:07:05 - INFO - epoch:5/50 iteration:15/459 batch loss is :3.0426
2025-07-07 15:07:27 - INFO - epoch:5/50 iteration:20/459 batch loss is :1.6070
2025-07-07 15:07:48 - INFO - epoch:5/50 iteration:25/459 batch loss is :1.7304
2025-07-07 15:08:10 - INFO - epoch:5/50 iteration:30/459 batch loss is :1.6787
2025-07-07 15:08:30 - INFO - epoch:5/50 iteration:35/459 batch loss is :3.0600
2025-07-07 15:08:50 - INFO - epoch:5/50 iteration:40/459 batch loss is :1.3391
2025-07-07 15:09:11 - INFO - epoch:5/50 iteration:45/459 batch loss is :2.3327
2025-07-07 15:09:31 - INFO - epoch:5/50 iteration:50/459 batch loss is :1.3212
2025-07-07 15:09:51 - INFO - epoch:5/50 iteration:55/459 batch loss is :1.4923
2025-07-07 15:10:09 - INFO - epoch:5/50 iteration:60/459 batch loss is :1.6299
2025-07-07 15:10:27 - INFO - epoch:5/50 iteration:65/459 batch loss is :2.2484
2025-07-07 15:10:45 - INFO - epoch:5/50 iteration:70/459 batch loss is :1.6974
2025-07-07 15:11:02 - INFO - epoch:5/50 iteration:75/459 batch loss is :2.0092
2025-07-07 15:11:20 - INFO - epoch:5/50 iteration:80/459 batch loss is :1.9618
2025-07-07 15:11:30 - INFO - Epoch:5/50 Loss is :0.3368
2025-07-07 15:19:14 - INFO - VAL loss :4.3680
2025-07-07 15:20:00 - INFO - epoch:6/50 iteration:0/459 batch loss is :1.0963
2025-07-07 15:20:20 - INFO - epoch:6/50 iteration:5/459 batch loss is :1.3596
2025-07-07 15:20:40 - INFO - epoch:6/50 iteration:10/459 batch loss is :1.9892
2025-07-07 15:21:00 - INFO - epoch:6/50 iteration:15/459 batch loss is :1.1558
2025-07-07 15:21:21 - INFO - epoch:6/50 iteration:20/459 batch loss is :1.4880
2025-07-07 15:21:41 - INFO - epoch:6/50 iteration:25/459 batch loss is :2.0442
2025-07-07 15:22:01 - INFO - epoch:6/50 iteration:30/459 batch loss is :1.4664
2025-07-07 15:22:21 - INFO - epoch:6/50 iteration:35/459 batch loss is :1.1134
2025-07-07 15:22:41 - INFO - epoch:6/50 iteration:40/459 batch loss is :1.4133
2025-07-07 15:23:02 - INFO - epoch:6/50 iteration:45/459 batch loss is :2.0729
2025-07-07 15:23:22 - INFO - epoch:6/50 iteration:50/459 batch loss is :1.3925
2025-07-07 15:23:42 - INFO - epoch:6/50 iteration:55/459 batch loss is :1.2980
2025-07-07 15:24:01 - INFO - epoch:6/50 iteration:60/459 batch loss is :0.9916
2025-07-07 15:24:18 - INFO - epoch:6/50 iteration:65/459 batch loss is :2.0213
2025-07-07 15:24:37 - INFO - epoch:6/50 iteration:70/459 batch loss is :1.4863
2025-07-07 15:24:55 - INFO - epoch:6/50 iteration:75/459 batch loss is :1.2586
2025-07-07 15:25:12 - INFO - epoch:6/50 iteration:80/459 batch loss is :1.7127
2025-07-07 15:25:23 - INFO - Epoch:6/50 Loss is :0.3111
2025-07-07 15:26:00 - INFO - epoch:7/50 iteration:0/459 batch loss is :1.2725
2025-07-07 15:26:27 - INFO - epoch:7/50 iteration:5/459 batch loss is :1.2773
2025-07-07 15:26:48 - INFO - epoch:7/50 iteration:10/459 batch loss is :2.2577
2025-07-07 15:27:09 - INFO - epoch:7/50 iteration:15/459 batch loss is :2.2499
2025-07-07 15:27:29 - INFO - epoch:7/50 iteration:20/459 batch loss is :1.8464
2025-07-07 15:27:49 - INFO - epoch:7/50 iteration:25/459 batch loss is :2.1152
2025-07-07 15:28:09 - INFO - epoch:7/50 iteration:30/459 batch loss is :1.1771
2025-07-07 15:28:28 - INFO - epoch:7/50 iteration:35/459 batch loss is :2.5367
2025-07-07 15:28:47 - INFO - epoch:7/50 iteration:40/459 batch loss is :1.7716
2025-07-07 15:29:07 - INFO - epoch:7/50 iteration:45/459 batch loss is :2.3370
2025-07-07 15:29:26 - INFO - epoch:7/50 iteration:50/459 batch loss is :1.9442
2025-07-07 15:29:45 - INFO - epoch:7/50 iteration:55/459 batch loss is :1.3221
2025-07-07 15:30:03 - INFO - epoch:7/50 iteration:60/459 batch loss is :2.1477
2025-07-07 15:30:21 - INFO - epoch:7/50 iteration:65/459 batch loss is :1.9199
2025-07-07 15:30:39 - INFO - epoch:7/50 iteration:70/459 batch loss is :1.9330
2025-07-07 15:30:57 - INFO - epoch:7/50 iteration:75/459 batch loss is :1.4161
2025-07-07 15:31:15 - INFO - epoch:7/50 iteration:80/459 batch loss is :2.0813
2025-07-07 15:31:25 - INFO - Epoch:7/50 Loss is :0.3283
2025-07-07 15:32:06 - INFO - epoch:8/50 iteration:0/459 batch loss is :2.0160
2025-07-07 15:32:27 - INFO - epoch:8/50 iteration:5/459 batch loss is :2.3567
2025-07-07 15:32:48 - INFO - epoch:8/50 iteration:10/459 batch loss is :1.3157
2025-07-07 15:33:10 - INFO - epoch:8/50 iteration:15/459 batch loss is :1.4861
2025-07-07 15:33:30 - INFO - epoch:8/50 iteration:20/459 batch loss is :1.8283
2025-07-07 15:33:50 - INFO - epoch:8/50 iteration:25/459 batch loss is :2.6428
2025-07-07 15:34:10 - INFO - epoch:8/50 iteration:30/459 batch loss is :1.9311
2025-07-07 15:34:29 - INFO - epoch:8/50 iteration:35/459 batch loss is :1.2332
2025-07-07 15:34:49 - INFO - epoch:8/50 iteration:40/459 batch loss is :1.8377
2025-07-07 15:35:08 - INFO - epoch:8/50 iteration:45/459 batch loss is :1.4073
2025-07-07 15:35:28 - INFO - epoch:8/50 iteration:50/459 batch loss is :2.2092
2025-07-07 15:35:47 - INFO - epoch:8/50 iteration:55/459 batch loss is :1.8320
2025-07-07 15:36:05 - INFO - epoch:8/50 iteration:60/459 batch loss is :1.8153
2025-07-07 15:36:23 - INFO - epoch:8/50 iteration:65/459 batch loss is :1.3814
2025-07-07 15:36:41 - INFO - epoch:8/50 iteration:70/459 batch loss is :1.7792
2025-07-07 15:36:58 - INFO - epoch:8/50 iteration:75/459 batch loss is :1.6675
2025-07-07 15:37:16 - INFO - epoch:8/50 iteration:80/459 batch loss is :1.3469
2025-07-07 15:37:27 - INFO - Epoch:8/50 Loss is :0.3196
2025-07-07 15:38:13 - INFO - epoch:9/50 iteration:0/459 batch loss is :1.5699
2025-07-07 15:38:36 - INFO - epoch:9/50 iteration:5/459 batch loss is :1.1596
2025-07-07 15:38:57 - INFO - epoch:9/50 iteration:10/459 batch loss is :1.7048
2025-07-07 15:39:18 - INFO - epoch:9/50 iteration:15/459 batch loss is :1.8502
2025-07-07 15:39:38 - INFO - epoch:9/50 iteration:20/459 batch loss is :1.3919
2025-07-07 15:39:59 - INFO - epoch:9/50 iteration:25/459 batch loss is :1.4724
2025-07-07 15:40:19 - INFO - epoch:9/50 iteration:30/459 batch loss is :1.6335
2025-07-07 15:40:39 - INFO - epoch:9/50 iteration:35/459 batch loss is :1.5612
2025-07-07 15:40:59 - INFO - epoch:9/50 iteration:40/459 batch loss is :2.4795
2025-07-07 15:41:19 - INFO - epoch:9/50 iteration:45/459 batch loss is :1.7187
2025-07-07 15:41:38 - INFO - epoch:9/50 iteration:50/459 batch loss is :1.0988
2025-07-07 15:41:57 - INFO - epoch:9/50 iteration:55/459 batch loss is :1.5237
2025-07-07 15:42:24 - INFO - epoch:9/50 iteration:60/459 batch loss is :1.9676
2025-07-07 15:42:42 - INFO - epoch:9/50 iteration:65/459 batch loss is :2.2195
2025-07-07 15:43:00 - INFO - epoch:9/50 iteration:70/459 batch loss is :1.9828
2025-07-07 15:43:18 - INFO - epoch:9/50 iteration:75/459 batch loss is :1.3425
2025-07-07 15:43:36 - INFO - epoch:9/50 iteration:80/459 batch loss is :1.3699
2025-07-07 15:43:46 - INFO - Epoch:9/50 Loss is :0.3130
2025-07-07 15:44:29 - INFO - epoch:10/50 iteration:0/459 batch loss is :1.5947
2025-07-07 15:45:11 - INFO - epoch:10/50 iteration:5/459 batch loss is :2.2912
2025-07-07 15:45:58 - INFO - epoch:10/50 iteration:10/459 batch loss is :2.2258
2025-07-07 15:46:52 - INFO - epoch:10/50 iteration:15/459 batch loss is :1.8935
2025-07-07 15:47:22 - INFO - epoch:10/50 iteration:20/459 batch loss is :1.5535
2025-07-07 15:47:40 - INFO - epoch:10/50 iteration:25/459 batch loss is :1.4152
2025-07-07 15:47:59 - INFO - epoch:10/50 iteration:30/459 batch loss is :2.2518
2025-07-07 15:48:18 - INFO - epoch:10/50 iteration:35/459 batch loss is :1.6487
2025-07-07 15:48:38 - INFO - epoch:10/50 iteration:40/459 batch loss is :1.4452
2025-07-07 15:48:57 - INFO - epoch:10/50 iteration:45/459 batch loss is :1.8336
2025-07-07 15:49:17 - INFO - epoch:10/50 iteration:50/459 batch loss is :2.0378
2025-07-07 15:49:36 - INFO - epoch:10/50 iteration:55/459 batch loss is :1.7104
2025-07-07 15:49:54 - INFO - epoch:10/50 iteration:60/459 batch loss is :1.7556
2025-07-07 15:50:12 - INFO - epoch:10/50 iteration:65/459 batch loss is :1.5650
2025-07-07 15:50:30 - INFO - epoch:10/50 iteration:70/459 batch loss is :1.7000
2025-07-07 15:50:47 - INFO - epoch:10/50 iteration:75/459 batch loss is :1.7394
2025-07-07 15:51:05 - INFO - epoch:10/50 iteration:80/459 batch loss is :1.0880
2025-07-07 15:51:16 - INFO - Epoch:10/50 Loss is :0.3286
2025-07-07 15:59:24 - INFO - VAL loss :5.0486
2025-07-07 16:00:12 - INFO - epoch:11/50 iteration:0/459 batch loss is :1.4871
2025-07-07 16:00:34 - INFO - epoch:11/50 iteration:5/459 batch loss is :1.2955
2025-07-07 16:00:56 - INFO - epoch:11/50 iteration:10/459 batch loss is :2.5617
2025-07-07 16:01:17 - INFO - epoch:11/50 iteration:15/459 batch loss is :1.8690
2025-07-07 16:01:39 - INFO - epoch:11/50 iteration:20/459 batch loss is :1.1790
2025-07-07 16:01:59 - INFO - epoch:11/50 iteration:25/459 batch loss is :1.2263
2025-07-07 16:02:21 - INFO - epoch:11/50 iteration:30/459 batch loss is :0.8971
2025-07-07 16:02:41 - INFO - epoch:11/50 iteration:35/459 batch loss is :1.0687
2025-07-07 16:03:02 - INFO - epoch:11/50 iteration:40/459 batch loss is :2.6057
2025-07-07 16:03:21 - INFO - epoch:11/50 iteration:45/459 batch loss is :1.9350
2025-07-07 16:03:41 - INFO - epoch:11/50 iteration:50/459 batch loss is :1.8025
2025-07-07 16:04:01 - INFO - epoch:11/50 iteration:55/459 batch loss is :2.2675
2025-07-07 16:04:20 - INFO - epoch:11/50 iteration:60/459 batch loss is :1.0654
2025-07-07 16:04:37 - INFO - epoch:11/50 iteration:65/459 batch loss is :1.8697
2025-07-07 16:04:56 - INFO - epoch:11/50 iteration:70/459 batch loss is :2.2452
2025-07-07 16:05:13 - INFO - epoch:11/50 iteration:75/459 batch loss is :1.7587
2025-07-07 16:05:31 - INFO - epoch:11/50 iteration:80/459 batch loss is :1.8099
2025-07-07 16:05:42 - INFO - Epoch:11/50 Loss is :0.3258
2025-07-07 16:06:28 - INFO - epoch:12/50 iteration:0/459 batch loss is :1.4921
2025-07-07 16:06:50 - INFO - epoch:12/50 iteration:5/459 batch loss is :1.8151
2025-07-07 16:07:11 - INFO - epoch:12/50 iteration:10/459 batch loss is :1.8235
2025-07-07 16:07:33 - INFO - epoch:12/50 iteration:15/459 batch loss is :2.1965
2025-07-07 16:07:56 - INFO - epoch:12/50 iteration:20/459 batch loss is :1.7867
2025-07-07 16:08:19 - INFO - epoch:12/50 iteration:25/459 batch loss is :2.1167
2025-07-07 16:08:41 - INFO - epoch:12/50 iteration:30/459 batch loss is :1.4665
2025-07-07 16:09:03 - INFO - epoch:12/50 iteration:35/459 batch loss is :1.2949
2025-07-07 16:09:25 - INFO - epoch:12/50 iteration:40/459 batch loss is :2.0616
2025-07-07 16:09:46 - INFO - epoch:12/50 iteration:45/459 batch loss is :2.3028
2025-07-07 16:10:07 - INFO - epoch:12/50 iteration:50/459 batch loss is :2.1978
2025-07-07 16:10:29 - INFO - epoch:12/50 iteration:55/459 batch loss is :1.2933
2025-07-07 16:10:48 - INFO - epoch:12/50 iteration:60/459 batch loss is :1.0610
2025-07-07 16:11:06 - INFO - epoch:12/50 iteration:65/459 batch loss is :1.2359
2025-07-07 16:11:24 - INFO - epoch:12/50 iteration:70/459 batch loss is :1.6865
2025-07-07 16:11:42 - INFO - epoch:12/50 iteration:75/459 batch loss is :1.3392
2025-07-07 16:12:00 - INFO - epoch:12/50 iteration:80/459 batch loss is :2.0299
2025-07-07 16:12:11 - INFO - Epoch:12/50 Loss is :0.3091
2025-07-07 16:13:11 - INFO - epoch:13/50 iteration:0/459 batch loss is :2.3593
2025-07-07 16:13:33 - INFO - epoch:13/50 iteration:5/459 batch loss is :1.8700
2025-07-07 16:13:54 - INFO - epoch:13/50 iteration:10/459 batch loss is :1.2557
2025-07-07 16:14:15 - INFO - epoch:13/50 iteration:15/459 batch loss is :2.0975
2025-07-07 16:14:36 - INFO - epoch:13/50 iteration:20/459 batch loss is :1.5787
2025-07-07 16:14:56 - INFO - epoch:13/50 iteration:25/459 batch loss is :1.4151
2025-07-07 16:15:16 - INFO - epoch:13/50 iteration:30/459 batch loss is :2.6571
2025-07-07 16:15:35 - INFO - epoch:13/50 iteration:35/459 batch loss is :2.3372
2025-07-07 16:15:55 - INFO - epoch:13/50 iteration:40/459 batch loss is :1.8541
2025-07-07 16:16:14 - INFO - epoch:13/50 iteration:45/459 batch loss is :2.0646
2025-07-07 16:16:34 - INFO - epoch:13/50 iteration:50/459 batch loss is :2.0594
2025-07-07 16:16:53 - INFO - epoch:13/50 iteration:55/459 batch loss is :1.2081
2025-07-07 16:17:11 - INFO - epoch:13/50 iteration:60/459 batch loss is :2.8490
2025-07-07 16:17:29 - INFO - epoch:13/50 iteration:65/459 batch loss is :1.7197
2025-07-07 16:17:46 - INFO - epoch:13/50 iteration:70/459 batch loss is :1.8694
2025-07-07 16:18:04 - INFO - epoch:13/50 iteration:75/459 batch loss is :2.5422
2025-07-07 16:18:22 - INFO - epoch:13/50 iteration:80/459 batch loss is :1.3461
2025-07-07 16:18:32 - INFO - Epoch:13/50 Loss is :0.3354
2025-07-07 16:19:17 - INFO - epoch:14/50 iteration:0/459 batch loss is :1.9414
2025-07-07 16:19:38 - INFO - epoch:14/50 iteration:5/459 batch loss is :1.2547
2025-07-07 16:20:00 - INFO - epoch:14/50 iteration:10/459 batch loss is :2.0496
2025-07-07 16:20:22 - INFO - epoch:14/50 iteration:15/459 batch loss is :1.1716
2025-07-07 16:20:44 - INFO - epoch:14/50 iteration:20/459 batch loss is :1.3784
2025-07-07 16:21:04 - INFO - epoch:14/50 iteration:25/459 batch loss is :2.0539
2025-07-07 16:21:25 - INFO - epoch:14/50 iteration:30/459 batch loss is :1.0708
2025-07-07 16:21:45 - INFO - epoch:14/50 iteration:35/459 batch loss is :1.2743
2025-07-07 16:22:04 - INFO - epoch:14/50 iteration:40/459 batch loss is :1.4270
2025-07-07 16:22:24 - INFO - epoch:14/50 iteration:45/459 batch loss is :1.4075
2025-07-07 16:22:43 - INFO - epoch:14/50 iteration:50/459 batch loss is :3.0876
2025-07-07 16:23:03 - INFO - epoch:14/50 iteration:55/459 batch loss is :1.1255
2025-07-07 16:23:21 - INFO - epoch:14/50 iteration:60/459 batch loss is :1.5478
2025-07-07 16:23:39 - INFO - epoch:14/50 iteration:65/459 batch loss is :1.5151
2025-07-07 16:23:56 - INFO - epoch:14/50 iteration:70/459 batch loss is :2.1497
2025-07-07 16:24:14 - INFO - epoch:14/50 iteration:75/459 batch loss is :1.4252
2025-07-07 16:24:32 - INFO - epoch:14/50 iteration:80/459 batch loss is :1.6271
2025-07-07 16:24:43 - INFO - Epoch:14/50 Loss is :0.3084
2025-07-07 16:25:22 - INFO - epoch:15/50 iteration:0/459 batch loss is :1.5799
2025-07-07 16:25:42 - INFO - epoch:15/50 iteration:5/459 batch loss is :1.6097
2025-07-07 16:26:04 - INFO - epoch:15/50 iteration:10/459 batch loss is :1.3155
2025-07-07 16:26:25 - INFO - epoch:15/50 iteration:15/459 batch loss is :1.5420
2025-07-07 16:26:46 - INFO - epoch:15/50 iteration:20/459 batch loss is :1.8662
2025-07-07 16:27:05 - INFO - epoch:15/50 iteration:25/459 batch loss is :2.5700
2025-07-07 16:27:26 - INFO - epoch:15/50 iteration:30/459 batch loss is :1.1796
2025-07-07 16:27:46 - INFO - epoch:15/50 iteration:35/459 batch loss is :2.3979
2025-07-07 16:28:05 - INFO - epoch:15/50 iteration:40/459 batch loss is :1.5100
2025-07-07 16:28:25 - INFO - epoch:15/50 iteration:45/459 batch loss is :1.5403
2025-07-07 16:28:45 - INFO - epoch:15/50 iteration:50/459 batch loss is :2.1359
2025-07-07 16:29:04 - INFO - epoch:15/50 iteration:55/459 batch loss is :1.3249
2025-07-07 16:29:22 - INFO - epoch:15/50 iteration:60/459 batch loss is :2.3207
2025-07-07 16:29:40 - INFO - epoch:15/50 iteration:65/459 batch loss is :1.3087
2025-07-07 16:29:58 - INFO - epoch:15/50 iteration:70/459 batch loss is :1.8746
2025-07-07 16:30:16 - INFO - epoch:15/50 iteration:75/459 batch loss is :1.4476
2025-07-07 16:30:34 - INFO - epoch:15/50 iteration:80/459 batch loss is :1.9281
2025-07-07 16:30:44 - INFO - Epoch:15/50 Loss is :0.3222
2025-07-07 16:38:07 - INFO - VAL loss :8.1866
2025-07-07 16:38:49 - INFO - epoch:16/50 iteration:0/459 batch loss is :1.9044
