2025-05-19 02:41:05 - INFO - ------------------------------------------------------------------------------------------------
2025-05-19 02:41:05 - INFO - starting new training !!!!
2025-05-19 02:41:05 - INFO - ------------------------------------------------------------------------------------------------
2025-05-19 02:41:05 - INFO - Namespace(batch=32, class_dict={'early': 0, 'inter': 1, 'ga': 2, 'wet': 3, 'notAMD': 4}, device=device(type='cuda'), epoch=15, excel_path='d:\\cleaning_GUI_annotated_data\\tab_data_annotated_pats.xlsx', gamma=0.1, json='jsons/train_test_val_split_without_scar_with_both_res.json', log_dir='logs/Resnet_medicalnet', lr=0.001, model_ch=[16, 32, 64, 128], model_path='pretrained/resnet_10_23dataset.pth', num_classes=5, save_dir='model_parameter_Resnet_medicalnet', save_freq=5, step_size=10, weight_matrix=tensor([0.9100, 0.1110, 0.1110, 0.1250, 1.0000]))
2025-05-19 02:41:05 - INFO - parameters are being saved at :model_parameter_Resnet_medicalnet\7
2025-05-19 02:41:06 - INFO - found 4 gpus!
2025-05-19 02:41:06 - INFO - DataParallel(
  (module): ResNet(
    (conv1): Conv3d(1, 64, kernel_size=(7, 7, 7), stride=(2, 2, 2), padding=(3, 3, 3), bias=False)
    (bn1): BatchNorm3d(64, eps=1e-05, momentum=0.1, affine=True, track_running_stats=True)
    (relu): ReLU(inplace=True)
    (maxpool): MaxPool3d(kernel_size=(3, 3, 3), stride=2, padding=1, dilation=1, ceil_mode=False)
    (layer1): Sequential(
      (0): BasicBlock(
        (conv1): Conv3d(64, 64, kernel_size=(3, 3, 3), stride=(1, 1, 1), padding=(1, 1, 1), bias=False)
        (bn1): BatchNorm3d(64, eps=1e-05, momentum=0.1, affine=True, track_running_stats=True)
        (relu): ReLU(inplace=True)
        (conv2): Conv3d(64, 64, kernel_size=(3, 3, 3), stride=(1, 1, 1), padding=(1, 1, 1), bias=False)
        (bn2): BatchNorm3d(64, eps=1e-05, momentum=0.1, affine=True, track_running_stats=True)
      )
    )
    (layer2): Sequential(
      (0): BasicBlock(
        (conv1): Conv3d(64, 128, kernel_size=(3, 3, 3), stride=(2, 2, 2), padding=(1, 1, 1), bias=False)
        (bn1): BatchNorm3d(128, eps=1e-05, momentum=0.1, affine=True, track_running_stats=True)
        (relu): ReLU(inplace=True)
        (conv2): Conv3d(128, 128, kernel_size=(3, 3, 3), stride=(1, 1, 1), padding=(1, 1, 1), bias=False)
        (bn2): BatchNorm3d(128, eps=1e-05, momentum=0.1, affine=True, track_running_stats=True)
        (downsample): Sequential(
          (0): Conv3d(64, 128, kernel_size=(1, 1, 1), stride=(2, 2, 2), bias=False)
          (1): BatchNorm3d(128, eps=1e-05, momentum=0.1, affine=True, track_running_stats=True)
        )
      )
    )
    (layer3): Sequential(
      (0): BasicBlock(
        (conv1): Conv3d(128, 256, kernel_size=(3, 3, 3), stride=(1, 1, 1), padding=(2, 2, 2), dilation=(2, 2, 2), bias=False)
        (bn1): BatchNorm3d(256, eps=1e-05, momentum=0.1, affine=True, track_running_stats=True)
        (relu): ReLU(inplace=True)
        (conv2): Conv3d(256, 256, kernel_size=(3, 3, 3), stride=(1, 1, 1), padding=(2, 2, 2), dilation=(2, 2, 2), bias=False)
        (bn2): BatchNorm3d(256, eps=1e-05, momentum=0.1, affine=True, track_running_stats=True)
        (downsample): Sequential(
          (0): Conv3d(128, 256, kernel_size=(1, 1, 1), stride=(1, 1, 1), bias=False)
          (1): BatchNorm3d(256, eps=1e-05, momentum=0.1, affine=True, track_running_stats=True)
        )
      )
    )
    (layer4): Sequential(
      (0): BasicBlock(
        (conv1): Conv3d(256, 512, kernel_size=(3, 3, 3), stride=(1, 1, 1), padding=(4, 4, 4), dilation=(4, 4, 4), bias=False)
        (bn1): BatchNorm3d(512, eps=1e-05, momentum=0.1, affine=True, track_running_stats=True)
        (relu): ReLU(inplace=True)
        (conv2): Conv3d(512, 512, kernel_size=(3, 3, 3), stride=(1, 1, 1), padding=(4, 4, 4), dilation=(4, 4, 4), bias=False)
        (bn2): BatchNorm3d(512, eps=1e-05, momentum=0.1, affine=True, track_running_stats=True)
        (downsample): Sequential(
          (0): Conv3d(256, 512, kernel_size=(1, 1, 1), stride=(1, 1, 1), bias=False)
          (1): BatchNorm3d(512, eps=1e-05, momentum=0.1, affine=True, track_running_stats=True)
        )
      )
    )
    (GAP): AdaptiveAvgPool3d(output_size=(2, 2, 2))
    (linear): Linear(in_features=4096, out_features=5, bias=True)
  )
)
2025-05-19 02:41:06 - INFO - the missing keys are : 
['module.linear.weight', 'module.linear.bias']
2025-05-19 02:41:06 - INFO - the unexpected keys are :
[]
2025-05-19 02:41:06 - INFO - loaded model parameters from pretrained/resnet_10_23dataset.pth
2025-05-19 02:41:06 - INFO - fold number:0
2025-05-19 02:43:27 - INFO - epoch:0/15 iteration:0/25 batch loss is :1.4858
2025-05-19 02:43:27 - INFO - the acc is :0.3125
2025-05-19 02:43:48 - INFO - epoch:0/15 iteration:5/25 batch loss is :0.9419
2025-05-19 02:43:48 - INFO - the acc is :0.34375
2025-05-19 02:44:08 - INFO - epoch:0/15 iteration:10/25 batch loss is :1.5164
2025-05-19 02:44:08 - INFO - the acc is :0.3125
2025-05-19 02:44:32 - INFO - epoch:0/15 iteration:15/25 batch loss is :1.5294
2025-05-19 02:44:32 - INFO - the acc is :0.15625
2025-05-19 02:44:47 - INFO - epoch:0/15 iteration:20/25 batch loss is :1.1912
2025-05-19 02:44:47 - INFO - the acc is :0.34375
2025-05-19 02:45:00 - INFO - Epoch:0/15 Loss is :1.5284
2025-05-19 02:47:41 - INFO - val accuarcy is : 0.1763
2025-05-19 02:47:41 - INFO - VAL loss :1.6631
2025-05-19 02:50:40 - INFO - epoch:1/15 iteration:0/25 batch loss is :1.5708
2025-05-19 02:50:40 - INFO - the acc is :0.25
2025-05-19 02:50:56 - INFO - epoch:1/15 iteration:5/25 batch loss is :1.2510
2025-05-19 02:50:56 - INFO - the acc is :0.375
2025-05-19 02:51:14 - INFO - epoch:1/15 iteration:10/25 batch loss is :1.2699
2025-05-19 02:51:14 - INFO - the acc is :0.375
2025-05-19 02:52:20 - INFO - epoch:1/15 iteration:15/25 batch loss is :0.8668
2025-05-19 02:52:20 - INFO - the acc is :0.40625
2025-05-19 02:52:35 - INFO - epoch:1/15 iteration:20/25 batch loss is :0.9671
2025-05-19 02:52:35 - INFO - the acc is :0.5625
2025-05-19 02:52:47 - INFO - Epoch:1/15 Loss is :1.2580
2025-05-19 02:55:08 - INFO - epoch:2/15 iteration:0/25 batch loss is :1.0122
2025-05-19 02:55:08 - INFO - the acc is :0.375
2025-05-19 02:55:25 - INFO - epoch:2/15 iteration:5/25 batch loss is :1.0792
2025-05-19 02:55:25 - INFO - the acc is :0.34375
2025-05-19 02:55:44 - INFO - epoch:2/15 iteration:10/25 batch loss is :0.8318
2025-05-19 02:55:44 - INFO - the acc is :0.46875
2025-05-19 02:56:15 - INFO - epoch:2/15 iteration:15/25 batch loss is :1.0493
2025-05-19 02:56:15 - INFO - the acc is :0.375
2025-05-19 02:56:31 - INFO - epoch:2/15 iteration:20/25 batch loss is :0.8009
2025-05-19 02:56:31 - INFO - the acc is :0.40625
2025-05-19 02:56:43 - INFO - Epoch:2/15 Loss is :1.0146
2025-05-19 02:59:01 - INFO - epoch:3/15 iteration:0/25 batch loss is :1.0634
2025-05-19 02:59:01 - INFO - the acc is :0.4375
2025-05-19 02:59:20 - INFO - epoch:3/15 iteration:5/25 batch loss is :0.8254
2025-05-19 02:59:20 - INFO - the acc is :0.34375
2025-05-19 02:59:40 - INFO - epoch:3/15 iteration:10/25 batch loss is :1.4622
2025-05-19 02:59:40 - INFO - the acc is :0.34375
2025-05-19 03:00:07 - INFO - epoch:3/15 iteration:15/25 batch loss is :0.8401
2025-05-19 03:00:07 - INFO - the acc is :0.40625
2025-05-19 03:00:23 - INFO - epoch:3/15 iteration:20/25 batch loss is :1.0437
2025-05-19 03:00:23 - INFO - the acc is :0.375
2025-05-19 03:00:35 - INFO - Epoch:3/15 Loss is :0.9284
2025-05-19 03:02:52 - INFO - epoch:4/15 iteration:0/25 batch loss is :0.5983
2025-05-19 03:02:52 - INFO - the acc is :0.59375
2025-05-19 03:03:09 - INFO - epoch:4/15 iteration:5/25 batch loss is :1.2198
2025-05-19 03:03:09 - INFO - the acc is :0.46875
2025-05-19 03:03:27 - INFO - epoch:4/15 iteration:10/25 batch loss is :0.7032
2025-05-19 03:03:27 - INFO - the acc is :0.53125
2025-05-19 03:04:24 - INFO - epoch:4/15 iteration:15/25 batch loss is :0.4567
2025-05-19 03:04:24 - INFO - the acc is :0.5625
2025-05-19 03:04:39 - INFO - epoch:4/15 iteration:20/25 batch loss is :1.2522
2025-05-19 03:04:39 - INFO - the acc is :0.3125
2025-05-19 03:04:52 - INFO - Epoch:4/15 Loss is :0.9462
2025-05-19 03:07:45 - INFO - epoch:5/15 iteration:0/25 batch loss is :1.1547
2025-05-19 03:07:45 - INFO - the acc is :0.375
2025-05-19 03:08:02 - INFO - epoch:5/15 iteration:5/25 batch loss is :0.9931
2025-05-19 03:08:02 - INFO - the acc is :0.40625
2025-05-19 03:08:20 - INFO - epoch:5/15 iteration:10/25 batch loss is :0.7319
2025-05-19 03:08:20 - INFO - the acc is :0.5
2025-05-19 03:09:10 - INFO - epoch:5/15 iteration:15/25 batch loss is :0.8508
2025-05-19 03:09:10 - INFO - the acc is :0.46875
2025-05-19 03:09:26 - INFO - epoch:5/15 iteration:20/25 batch loss is :0.5985
2025-05-19 03:09:26 - INFO - the acc is :0.46875
2025-05-19 03:09:38 - INFO - Epoch:5/15 Loss is :0.7774
2025-05-19 03:12:21 - INFO - val accuarcy is : 0.3942
2025-05-19 03:12:21 - INFO - VAL loss :1.0992
2025-05-19 03:14:39 - INFO - epoch:6/15 iteration:0/25 batch loss is :0.6451
2025-05-19 03:14:39 - INFO - the acc is :0.5
2025-05-19 03:14:57 - INFO - epoch:6/15 iteration:5/25 batch loss is :0.5566
2025-05-19 03:14:57 - INFO - the acc is :0.5625
2025-05-19 03:15:16 - INFO - epoch:6/15 iteration:10/25 batch loss is :0.9687
2025-05-19 03:15:16 - INFO - the acc is :0.46875
2025-05-19 03:15:46 - INFO - epoch:6/15 iteration:15/25 batch loss is :0.6053
2025-05-19 03:15:46 - INFO - the acc is :0.59375
2025-05-19 03:16:01 - INFO - epoch:6/15 iteration:20/25 batch loss is :0.6548
2025-05-19 03:16:01 - INFO - the acc is :0.5
2025-05-19 03:16:14 - INFO - Epoch:6/15 Loss is :0.7645
2025-05-19 03:18:41 - INFO - epoch:7/15 iteration:0/25 batch loss is :0.6310
2025-05-19 03:18:41 - INFO - the acc is :0.5
2025-05-19 03:18:57 - INFO - epoch:7/15 iteration:5/25 batch loss is :0.7021
2025-05-19 03:18:57 - INFO - the acc is :0.46875
2025-05-19 03:19:15 - INFO - epoch:7/15 iteration:10/25 batch loss is :0.7620
2025-05-19 03:19:15 - INFO - the acc is :0.5
2025-05-19 03:20:19 - INFO - epoch:7/15 iteration:15/25 batch loss is :0.6428
2025-05-19 03:20:19 - INFO - the acc is :0.34375
2025-05-19 03:20:34 - INFO - epoch:7/15 iteration:20/25 batch loss is :0.6208
2025-05-19 03:20:34 - INFO - the acc is :0.46875
2025-05-19 03:20:47 - INFO - Epoch:7/15 Loss is :0.7599
2025-05-19 03:23:23 - INFO - epoch:8/15 iteration:0/25 batch loss is :0.4416
2025-05-19 03:23:23 - INFO - the acc is :0.5625
2025-05-19 03:23:40 - INFO - epoch:8/15 iteration:5/25 batch loss is :0.5933
2025-05-19 03:23:40 - INFO - the acc is :0.53125
2025-05-19 03:23:58 - INFO - epoch:8/15 iteration:10/25 batch loss is :0.6986
2025-05-19 03:23:58 - INFO - the acc is :0.59375
2025-05-19 03:24:42 - INFO - epoch:8/15 iteration:15/25 batch loss is :0.7563
2025-05-19 03:24:42 - INFO - the acc is :0.46875
2025-05-19 03:24:58 - INFO - epoch:8/15 iteration:20/25 batch loss is :0.4608
2025-05-19 03:24:58 - INFO - the acc is :0.625
2025-05-19 03:25:10 - INFO - Epoch:8/15 Loss is :0.6428
2025-05-19 03:27:27 - INFO - epoch:9/15 iteration:0/25 batch loss is :0.5300
2025-05-19 03:27:27 - INFO - the acc is :0.4375
2025-05-19 03:27:46 - INFO - epoch:9/15 iteration:5/25 batch loss is :0.6757
2025-05-19 03:27:46 - INFO - the acc is :0.53125
2025-05-19 03:28:05 - INFO - epoch:9/15 iteration:10/25 batch loss is :0.4989
2025-05-19 03:28:05 - INFO - the acc is :0.6875
2025-05-19 03:28:35 - INFO - epoch:9/15 iteration:15/25 batch loss is :0.3376
2025-05-19 03:28:35 - INFO - the acc is :0.71875
2025-05-19 03:28:50 - INFO - epoch:9/15 iteration:20/25 batch loss is :0.3383
2025-05-19 03:28:50 - INFO - the acc is :0.5625
2025-05-19 03:29:03 - INFO - Epoch:9/15 Loss is :0.6493
2025-05-19 03:31:17 - INFO - epoch:10/15 iteration:0/25 batch loss is :0.3082
2025-05-19 03:31:17 - INFO - the acc is :0.71875
2025-05-19 03:31:34 - INFO - epoch:10/15 iteration:5/25 batch loss is :0.3322
2025-05-19 03:31:34 - INFO - the acc is :0.6875
2025-05-19 03:31:54 - INFO - epoch:10/15 iteration:10/25 batch loss is :0.4760
2025-05-19 03:31:54 - INFO - the acc is :0.53125
2025-05-19 03:32:27 - INFO - epoch:10/15 iteration:15/25 batch loss is :0.4373
2025-05-19 03:32:27 - INFO - the acc is :0.59375
2025-05-19 03:32:42 - INFO - epoch:10/15 iteration:20/25 batch loss is :0.6351
2025-05-19 03:32:42 - INFO - the acc is :0.53125
2025-05-19 03:32:54 - INFO - Epoch:10/15 Loss is :0.4807
2025-05-19 03:35:44 - INFO - val accuarcy is : 0.5757
2025-05-19 03:35:44 - INFO - VAL loss :0.8227
2025-05-19 03:38:33 - INFO - epoch:11/15 iteration:0/25 batch loss is :0.4132
2025-05-19 03:38:33 - INFO - the acc is :0.59375
2025-05-19 03:38:49 - INFO - epoch:11/15 iteration:5/25 batch loss is :0.4007
2025-05-19 03:38:49 - INFO - the acc is :0.65625
2025-05-19 03:39:07 - INFO - epoch:11/15 iteration:10/25 batch loss is :0.4825
2025-05-19 03:39:07 - INFO - the acc is :0.625
2025-05-19 03:40:10 - INFO - epoch:11/15 iteration:15/25 batch loss is :0.4413
2025-05-19 03:40:10 - INFO - the acc is :0.6875
2025-05-19 03:40:25 - INFO - epoch:11/15 iteration:20/25 batch loss is :0.4487
2025-05-19 03:40:25 - INFO - the acc is :0.71875
2025-05-19 03:40:38 - INFO - Epoch:11/15 Loss is :0.4587
2025-05-19 03:42:54 - INFO - epoch:12/15 iteration:0/25 batch loss is :0.3979
2025-05-19 03:42:54 - INFO - the acc is :0.75
2025-05-19 03:43:12 - INFO - epoch:12/15 iteration:5/25 batch loss is :0.3574
2025-05-19 03:43:12 - INFO - the acc is :0.65625
2025-05-19 03:43:31 - INFO - epoch:12/15 iteration:10/25 batch loss is :0.3341
2025-05-19 03:43:31 - INFO - the acc is :0.71875
2025-05-19 03:44:01 - INFO - epoch:12/15 iteration:15/25 batch loss is :0.4780
2025-05-19 03:44:01 - INFO - the acc is :0.625
2025-05-19 03:44:16 - INFO - epoch:12/15 iteration:20/25 batch loss is :0.2907
2025-05-19 03:44:16 - INFO - the acc is :0.84375
2025-05-19 03:44:28 - INFO - Epoch:12/15 Loss is :0.4324
2025-05-19 03:46:45 - INFO - epoch:13/15 iteration:0/25 batch loss is :0.3417
2025-05-19 03:46:45 - INFO - the acc is :0.625
2025-05-19 03:47:03 - INFO - epoch:13/15 iteration:5/25 batch loss is :0.3081
2025-05-19 03:47:03 - INFO - the acc is :0.6875
2025-05-19 03:47:23 - INFO - epoch:13/15 iteration:10/25 batch loss is :0.3474
2025-05-19 03:47:23 - INFO - the acc is :0.71875
2025-05-19 03:47:48 - INFO - epoch:13/15 iteration:15/25 batch loss is :0.2720
2025-05-19 03:47:48 - INFO - the acc is :0.78125
2025-05-19 03:48:04 - INFO - epoch:13/15 iteration:20/25 batch loss is :0.4298
2025-05-19 03:48:04 - INFO - the acc is :0.6875
2025-05-19 03:48:16 - INFO - Epoch:13/15 Loss is :0.4593
2025-05-19 03:51:13 - INFO - epoch:14/15 iteration:0/25 batch loss is :0.3737
2025-05-19 03:51:13 - INFO - the acc is :0.65625
2025-05-19 03:51:29 - INFO - epoch:14/15 iteration:5/25 batch loss is :0.4812
2025-05-19 03:51:29 - INFO - the acc is :0.59375
2025-05-19 03:51:47 - INFO - epoch:14/15 iteration:10/25 batch loss is :0.2660
2025-05-19 03:51:47 - INFO - the acc is :0.75
2025-05-19 03:52:50 - INFO - epoch:14/15 iteration:15/25 batch loss is :0.3706
2025-05-19 03:52:50 - INFO - the acc is :0.625
2025-05-19 03:53:05 - INFO - epoch:14/15 iteration:20/25 batch loss is :0.3533
2025-05-19 03:53:05 - INFO - the acc is :0.65625
2025-05-19 03:53:18 - INFO - Epoch:14/15 Loss is :0.4080
2025-05-19 03:55:57 - INFO - val accuarcy is : 0.5290
2025-05-19 03:55:57 - INFO - VAL loss :0.7345
2025-05-19 03:55:58 - INFO - fold number:1
2025-05-19 03:58:15 - INFO - epoch:0/15 iteration:0/25 batch loss is :0.4098
2025-05-19 03:58:15 - INFO - the acc is :0.6875
2025-05-19 03:58:34 - INFO - epoch:0/15 iteration:5/25 batch loss is :0.3390
2025-05-19 03:58:34 - INFO - the acc is :0.71875
2025-05-19 03:58:54 - INFO - epoch:0/15 iteration:10/25 batch loss is :0.4158
2025-05-19 03:58:54 - INFO - the acc is :0.625
2025-05-19 03:59:23 - INFO - epoch:0/15 iteration:15/25 batch loss is :0.4743
2025-05-19 03:59:23 - INFO - the acc is :0.625
2025-05-19 03:59:38 - INFO - epoch:0/15 iteration:20/25 batch loss is :0.2716
2025-05-19 03:59:38 - INFO - the acc is :0.78125
2025-05-19 03:59:51 - INFO - Epoch:0/15 Loss is :0.4877
2025-05-19 04:01:58 - INFO - val accuarcy is : 0.6691
2025-05-19 04:01:58 - INFO - VAL loss :0.4946
2025-05-19 04:04:43 - INFO - epoch:1/15 iteration:0/25 batch loss is :0.3342
2025-05-19 04:04:43 - INFO - the acc is :0.75
2025-05-19 04:05:00 - INFO - epoch:1/15 iteration:5/25 batch loss is :0.5308
2025-05-19 04:05:00 - INFO - the acc is :0.5625
2025-05-19 04:05:18 - INFO - epoch:1/15 iteration:10/25 batch loss is :0.3616
2025-05-19 04:05:18 - INFO - the acc is :0.75
2025-05-19 04:06:23 - INFO - epoch:1/15 iteration:15/25 batch loss is :0.3768
2025-05-19 04:06:23 - INFO - the acc is :0.59375
2025-05-19 04:06:38 - INFO - epoch:1/15 iteration:20/25 batch loss is :0.6756
2025-05-19 04:06:38 - INFO - the acc is :0.5625
2025-05-19 04:06:51 - INFO - Epoch:1/15 Loss is :0.4538
2025-05-19 04:09:17 - INFO - epoch:2/15 iteration:0/25 batch loss is :0.3901
2025-05-19 04:09:17 - INFO - the acc is :0.6875
2025-05-19 04:09:39 - INFO - epoch:2/15 iteration:5/25 batch loss is :0.6431
2025-05-19 04:09:39 - INFO - the acc is :0.5
2025-05-19 04:09:58 - INFO - epoch:2/15 iteration:10/25 batch loss is :0.4514
2025-05-19 04:09:58 - INFO - the acc is :0.75
2025-05-19 04:10:26 - INFO - epoch:2/15 iteration:15/25 batch loss is :0.4306
2025-05-19 04:10:26 - INFO - the acc is :0.75
2025-05-19 04:10:42 - INFO - epoch:2/15 iteration:20/25 batch loss is :0.3671
2025-05-19 04:10:42 - INFO - the acc is :0.6875
2025-05-19 04:10:54 - INFO - Epoch:2/15 Loss is :0.4393
2025-05-19 04:13:14 - INFO - epoch:3/15 iteration:0/25 batch loss is :0.4013
2025-05-19 04:13:14 - INFO - the acc is :0.5625
2025-05-19 04:13:32 - INFO - epoch:3/15 iteration:5/25 batch loss is :0.7877
2025-05-19 04:13:32 - INFO - the acc is :0.46875
2025-05-19 04:13:53 - INFO - epoch:3/15 iteration:10/25 batch loss is :0.7055
2025-05-19 04:13:53 - INFO - the acc is :0.5
2025-05-19 04:14:21 - INFO - epoch:3/15 iteration:15/25 batch loss is :0.2660
2025-05-19 04:14:21 - INFO - the acc is :0.78125
2025-05-19 04:14:36 - INFO - epoch:3/15 iteration:20/25 batch loss is :0.5436
2025-05-19 04:14:36 - INFO - the acc is :0.65625
2025-05-19 04:14:49 - INFO - Epoch:3/15 Loss is :0.4038
2025-05-19 04:17:06 - INFO - epoch:4/15 iteration:0/25 batch loss is :0.3971
2025-05-19 04:17:06 - INFO - the acc is :0.65625
2025-05-19 04:17:23 - INFO - epoch:4/15 iteration:5/25 batch loss is :0.3004
2025-05-19 04:17:23 - INFO - the acc is :0.75
2025-05-19 04:17:42 - INFO - epoch:4/15 iteration:10/25 batch loss is :0.3282
2025-05-19 04:17:42 - INFO - the acc is :0.8125
2025-05-19 04:18:12 - INFO - epoch:4/15 iteration:15/25 batch loss is :0.5858
2025-05-19 04:18:12 - INFO - the acc is :0.65625
2025-05-19 04:18:28 - INFO - epoch:4/15 iteration:20/25 batch loss is :0.5242
2025-05-19 04:18:28 - INFO - the acc is :0.65625
2025-05-19 04:18:40 - INFO - Epoch:4/15 Loss is :0.4119
2025-05-19 04:21:37 - INFO - epoch:5/15 iteration:0/25 batch loss is :0.4639
2025-05-19 04:21:37 - INFO - the acc is :0.6875
2025-05-19 04:21:53 - INFO - epoch:5/15 iteration:5/25 batch loss is :0.3271
2025-05-19 04:21:53 - INFO - the acc is :0.65625
2025-05-19 04:22:11 - INFO - epoch:5/15 iteration:10/25 batch loss is :0.3608
2025-05-19 04:22:11 - INFO - the acc is :0.625
2025-05-19 04:23:15 - INFO - epoch:5/15 iteration:15/25 batch loss is :0.3542
2025-05-19 04:23:15 - INFO - the acc is :0.6875
2025-05-19 04:23:30 - INFO - epoch:5/15 iteration:20/25 batch loss is :1.0652
2025-05-19 04:23:30 - INFO - the acc is :0.4375
2025-05-19 04:23:43 - INFO - Epoch:5/15 Loss is :0.3827
2025-05-19 04:26:20 - INFO - val accuarcy is : 0.7002
2025-05-19 04:26:20 - INFO - VAL loss :0.4380
2025-05-19 04:28:36 - INFO - epoch:6/15 iteration:0/25 batch loss is :0.2801
2025-05-19 04:28:36 - INFO - the acc is :0.78125
2025-05-19 04:28:54 - INFO - epoch:6/15 iteration:5/25 batch loss is :0.2958
2025-05-19 04:28:54 - INFO - the acc is :0.78125
2025-05-19 04:29:14 - INFO - epoch:6/15 iteration:10/25 batch loss is :0.2847
2025-05-19 04:29:14 - INFO - the acc is :0.8125
2025-05-19 04:29:44 - INFO - epoch:6/15 iteration:15/25 batch loss is :0.3446
2025-05-19 04:29:44 - INFO - the acc is :0.78125
2025-05-19 04:30:00 - INFO - epoch:6/15 iteration:20/25 batch loss is :0.3171
2025-05-19 04:30:00 - INFO - the acc is :0.6875
2025-05-19 04:30:12 - INFO - Epoch:6/15 Loss is :0.3659
2025-05-19 04:32:27 - INFO - epoch:7/15 iteration:0/25 batch loss is :0.3920
2025-05-19 04:32:27 - INFO - the acc is :0.625
2025-05-19 04:32:46 - INFO - epoch:7/15 iteration:5/25 batch loss is :0.3433
2025-05-19 04:32:46 - INFO - the acc is :0.65625
2025-05-19 04:33:06 - INFO - epoch:7/15 iteration:10/25 batch loss is :0.3994
2025-05-19 04:33:06 - INFO - the acc is :0.65625
2025-05-19 04:33:33 - INFO - epoch:7/15 iteration:15/25 batch loss is :0.3650
2025-05-19 04:33:33 - INFO - the acc is :0.625
2025-05-19 04:33:49 - INFO - epoch:7/15 iteration:20/25 batch loss is :0.4279
2025-05-19 04:33:49 - INFO - the acc is :0.6875
2025-05-19 04:34:01 - INFO - Epoch:7/15 Loss is :0.3703
2025-05-19 04:36:59 - INFO - epoch:8/15 iteration:0/25 batch loss is :0.2736
2025-05-19 04:36:59 - INFO - the acc is :0.8125
2025-05-19 04:37:16 - INFO - epoch:8/15 iteration:5/25 batch loss is :0.3315
2025-05-19 04:37:16 - INFO - the acc is :0.78125
2025-05-19 04:37:34 - INFO - epoch:8/15 iteration:10/25 batch loss is :0.5700
2025-05-19 04:37:34 - INFO - the acc is :0.625
2025-05-19 04:38:39 - INFO - epoch:8/15 iteration:15/25 batch loss is :0.7150
2025-05-19 04:38:39 - INFO - the acc is :0.65625
2025-05-19 04:38:54 - INFO - epoch:8/15 iteration:20/25 batch loss is :0.2882
2025-05-19 04:38:54 - INFO - the acc is :0.8125
2025-05-19 04:39:06 - INFO - Epoch:8/15 Loss is :0.4237
2025-05-19 04:41:25 - INFO - epoch:9/15 iteration:0/25 batch loss is :0.2744
2025-05-19 04:41:25 - INFO - the acc is :0.71875
2025-05-19 04:41:43 - INFO - epoch:9/15 iteration:5/25 batch loss is :0.3231
2025-05-19 04:41:43 - INFO - the acc is :0.71875
2025-05-19 04:42:02 - INFO - epoch:9/15 iteration:10/25 batch loss is :0.2305
2025-05-19 04:42:02 - INFO - the acc is :0.78125
2025-05-19 04:42:32 - INFO - epoch:9/15 iteration:15/25 batch loss is :0.4588
2025-05-19 04:42:32 - INFO - the acc is :0.625
2025-05-19 04:42:47 - INFO - epoch:9/15 iteration:20/25 batch loss is :0.4187
2025-05-19 04:42:47 - INFO - the acc is :0.625
2025-05-19 04:43:00 - INFO - Epoch:9/15 Loss is :0.4119
2025-05-19 04:45:16 - INFO - epoch:10/15 iteration:0/25 batch loss is :0.4467
2025-05-19 04:45:16 - INFO - the acc is :0.5625
2025-05-19 04:45:35 - INFO - epoch:10/15 iteration:5/25 batch loss is :0.3061
2025-05-19 04:45:35 - INFO - the acc is :0.75
2025-05-19 04:45:55 - INFO - epoch:10/15 iteration:10/25 batch loss is :0.4255
2025-05-19 04:45:55 - INFO - the acc is :0.6875
2025-05-19 04:46:21 - INFO - epoch:10/15 iteration:15/25 batch loss is :0.2165
2025-05-19 04:46:21 - INFO - the acc is :0.78125
2025-05-19 04:46:37 - INFO - epoch:10/15 iteration:20/25 batch loss is :0.3237
2025-05-19 04:46:37 - INFO - the acc is :0.71875
2025-05-19 04:46:49 - INFO - Epoch:10/15 Loss is :0.3989
2025-05-19 04:49:26 - INFO - val accuarcy is : 0.7002
2025-05-19 04:49:26 - INFO - VAL loss :0.4271
2025-05-19 04:52:22 - INFO - epoch:11/15 iteration:0/25 batch loss is :0.3669
2025-05-19 04:52:22 - INFO - the acc is :0.65625
2025-05-19 04:52:39 - INFO - epoch:11/15 iteration:5/25 batch loss is :0.4428
2025-05-19 04:52:39 - INFO - the acc is :0.59375
2025-05-19 04:52:57 - INFO - epoch:11/15 iteration:10/25 batch loss is :0.4489
2025-05-19 04:52:57 - INFO - the acc is :0.59375
2025-05-19 04:54:02 - INFO - epoch:11/15 iteration:15/25 batch loss is :0.4687
2025-05-19 04:54:02 - INFO - the acc is :0.625
2025-05-19 04:54:17 - INFO - epoch:11/15 iteration:20/25 batch loss is :0.4709
2025-05-19 04:54:17 - INFO - the acc is :0.75
2025-05-19 04:54:30 - INFO - Epoch:11/15 Loss is :0.3860
2025-05-19 04:56:46 - INFO - epoch:12/15 iteration:0/25 batch loss is :0.3260
2025-05-19 04:56:46 - INFO - the acc is :0.75
2025-05-19 04:57:05 - INFO - epoch:12/15 iteration:5/25 batch loss is :0.5181
2025-05-19 04:57:05 - INFO - the acc is :0.71875
2025-05-19 04:57:23 - INFO - epoch:12/15 iteration:10/25 batch loss is :0.4106
2025-05-19 04:57:23 - INFO - the acc is :0.71875
2025-05-19 04:57:54 - INFO - epoch:12/15 iteration:15/25 batch loss is :0.2252
2025-05-19 04:57:54 - INFO - the acc is :0.75
2025-05-19 04:58:10 - INFO - epoch:12/15 iteration:20/25 batch loss is :0.5349
2025-05-19 04:58:10 - INFO - the acc is :0.6875
2025-05-19 04:58:22 - INFO - Epoch:12/15 Loss is :0.3877
2025-05-19 05:00:36 - INFO - epoch:13/15 iteration:0/25 batch loss is :0.2170
2025-05-19 05:00:36 - INFO - the acc is :0.84375
2025-05-19 05:00:55 - INFO - epoch:13/15 iteration:5/25 batch loss is :0.3010
2025-05-19 05:00:55 - INFO - the acc is :0.71875
2025-05-19 05:01:15 - INFO - epoch:13/15 iteration:10/25 batch loss is :0.2674
2025-05-19 05:01:15 - INFO - the acc is :0.71875
2025-05-19 05:01:40 - INFO - epoch:13/15 iteration:15/25 batch loss is :0.4610
2025-05-19 05:01:40 - INFO - the acc is :0.59375
2025-05-19 05:01:55 - INFO - epoch:13/15 iteration:20/25 batch loss is :0.2941
2025-05-19 05:01:55 - INFO - the acc is :0.78125
2025-05-19 05:02:08 - INFO - Epoch:13/15 Loss is :0.3509
2025-05-19 05:04:49 - INFO - epoch:14/15 iteration:0/25 batch loss is :0.3495
2025-05-19 05:04:49 - INFO - the acc is :0.6875
2025-05-19 05:05:05 - INFO - epoch:14/15 iteration:5/25 batch loss is :0.2406
2025-05-19 05:05:05 - INFO - the acc is :0.8125
2025-05-19 05:05:23 - INFO - epoch:14/15 iteration:10/25 batch loss is :0.2140
2025-05-19 05:05:23 - INFO - the acc is :0.6875
2025-05-19 05:06:28 - INFO - epoch:14/15 iteration:15/25 batch loss is :0.4973
2025-05-19 05:06:28 - INFO - the acc is :0.65625
2025-05-19 05:06:43 - INFO - epoch:14/15 iteration:20/25 batch loss is :0.4964
2025-05-19 05:06:43 - INFO - the acc is :0.65625
2025-05-19 05:06:56 - INFO - Epoch:14/15 Loss is :0.3688
2025-05-19 05:09:43 - INFO - val accuarcy is : 0.6846
2025-05-19 05:09:43 - INFO - VAL loss :0.4267
2025-05-19 05:09:43 - INFO - fold number:2
2025-05-19 05:12:11 - INFO - epoch:0/15 iteration:0/25 batch loss is :0.1837
2025-05-19 05:12:11 - INFO - the acc is :0.8125
2025-05-19 05:12:28 - INFO - epoch:0/15 iteration:5/25 batch loss is :0.4724
2025-05-19 05:12:28 - INFO - the acc is :0.5625
2025-05-19 05:12:47 - INFO - epoch:0/15 iteration:10/25 batch loss is :0.2793
2025-05-19 05:12:47 - INFO - the acc is :0.75
2025-05-19 05:13:22 - INFO - epoch:0/15 iteration:15/25 batch loss is :0.4833
2025-05-19 05:13:22 - INFO - the acc is :0.71875
2025-05-19 05:13:38 - INFO - epoch:0/15 iteration:20/25 batch loss is :0.4440
2025-05-19 05:13:38 - INFO - the acc is :0.625
2025-05-19 05:13:50 - INFO - Epoch:0/15 Loss is :0.4122
2025-05-19 05:16:06 - INFO - val accuarcy is : 0.7365
2025-05-19 05:16:06 - INFO - VAL loss :0.4402
2025-05-19 05:18:21 - INFO - epoch:1/15 iteration:0/25 batch loss is :0.4140
2025-05-19 05:18:21 - INFO - the acc is :0.71875
2025-05-19 05:18:40 - INFO - epoch:1/15 iteration:5/25 batch loss is :0.2382
2025-05-19 05:18:40 - INFO - the acc is :0.8125
2025-05-19 05:18:58 - INFO - epoch:1/15 iteration:10/25 batch loss is :0.3109
2025-05-19 05:18:58 - INFO - the acc is :0.65625
2025-05-19 05:19:47 - INFO - epoch:1/15 iteration:15/25 batch loss is :0.3376
2025-05-19 05:19:47 - INFO - the acc is :0.75
2025-05-19 05:20:02 - INFO - epoch:1/15 iteration:20/25 batch loss is :0.3779
2025-05-19 05:20:02 - INFO - the acc is :0.65625
2025-05-19 05:20:15 - INFO - Epoch:1/15 Loss is :0.3813
2025-05-19 05:23:01 - INFO - epoch:2/15 iteration:0/25 batch loss is :0.2318
2025-05-19 05:23:01 - INFO - the acc is :0.84375
2025-05-19 05:23:23 - INFO - epoch:2/15 iteration:5/25 batch loss is :0.2378
2025-05-19 05:23:23 - INFO - the acc is :0.8125
2025-05-19 05:23:41 - INFO - epoch:2/15 iteration:10/25 batch loss is :0.6252
2025-05-19 05:23:41 - INFO - the acc is :0.53125
2025-05-19 05:24:36 - INFO - epoch:2/15 iteration:15/25 batch loss is :0.2453
2025-05-19 05:24:36 - INFO - the acc is :0.78125
2025-05-19 05:24:52 - INFO - epoch:2/15 iteration:20/25 batch loss is :0.2803
2025-05-19 05:24:52 - INFO - the acc is :0.84375
2025-05-19 05:25:04 - INFO - Epoch:2/15 Loss is :0.3969
2025-05-19 05:27:22 - INFO - epoch:3/15 iteration:0/25 batch loss is :0.3945
2025-05-19 05:27:22 - INFO - the acc is :0.65625
2025-05-19 05:27:40 - INFO - epoch:3/15 iteration:5/25 batch loss is :0.2738
2025-05-19 05:27:40 - INFO - the acc is :0.8125
2025-05-19 05:27:59 - INFO - epoch:3/15 iteration:10/25 batch loss is :0.2113
2025-05-19 05:27:59 - INFO - the acc is :0.84375
2025-05-19 05:28:30 - INFO - epoch:3/15 iteration:15/25 batch loss is :0.3250
2025-05-19 05:28:30 - INFO - the acc is :0.78125
2025-05-19 05:28:46 - INFO - epoch:3/15 iteration:20/25 batch loss is :0.4443
2025-05-19 05:28:46 - INFO - the acc is :0.65625
2025-05-19 05:28:58 - INFO - Epoch:3/15 Loss is :0.3620
2025-05-19 05:31:16 - INFO - epoch:4/15 iteration:0/25 batch loss is :0.2327
2025-05-19 05:31:16 - INFO - the acc is :0.875
2025-05-19 05:31:34 - INFO - epoch:4/15 iteration:5/25 batch loss is :0.3757
2025-05-19 05:31:34 - INFO - the acc is :0.6875
2025-05-19 05:31:54 - INFO - epoch:4/15 iteration:10/25 batch loss is :0.4337
2025-05-19 05:31:54 - INFO - the acc is :0.71875
2025-05-19 05:32:22 - INFO - epoch:4/15 iteration:15/25 batch loss is :0.3197
2025-05-19 05:32:22 - INFO - the acc is :0.65625
2025-05-19 05:32:37 - INFO - epoch:4/15 iteration:20/25 batch loss is :0.2020
2025-05-19 05:32:37 - INFO - the acc is :0.84375
2025-05-19 05:32:50 - INFO - Epoch:4/15 Loss is :0.3894
2025-05-19 05:35:50 - INFO - epoch:5/15 iteration:0/25 batch loss is :0.3900
2025-05-19 05:35:50 - INFO - the acc is :0.6875
2025-05-19 05:36:06 - INFO - epoch:5/15 iteration:5/25 batch loss is :0.1928
2025-05-19 05:36:06 - INFO - the acc is :0.71875
2025-05-19 05:36:24 - INFO - epoch:5/15 iteration:10/25 batch loss is :0.4788
2025-05-19 05:36:24 - INFO - the acc is :0.5625
2025-05-19 05:37:31 - INFO - epoch:5/15 iteration:15/25 batch loss is :0.2788
2025-05-19 05:37:31 - INFO - the acc is :0.75
2025-05-19 05:37:47 - INFO - epoch:5/15 iteration:20/25 batch loss is :0.1887
2025-05-19 05:37:47 - INFO - the acc is :0.8125
2025-05-19 05:37:59 - INFO - Epoch:5/15 Loss is :0.3855
2025-05-19 05:40:37 - INFO - val accuarcy is : 0.7313
2025-05-19 05:40:37 - INFO - VAL loss :0.4382
2025-05-19 05:42:51 - INFO - epoch:6/15 iteration:0/25 batch loss is :0.2429
2025-05-19 05:42:51 - INFO - the acc is :0.84375
2025-05-19 05:43:10 - INFO - epoch:6/15 iteration:5/25 batch loss is :0.3943
2025-05-19 05:43:10 - INFO - the acc is :0.65625
2025-05-19 05:43:29 - INFO - epoch:6/15 iteration:10/25 batch loss is :0.3088
2025-05-19 05:43:29 - INFO - the acc is :0.625
2025-05-19 05:44:00 - INFO - epoch:6/15 iteration:15/25 batch loss is :0.4767
2025-05-19 05:44:00 - INFO - the acc is :0.625
2025-05-19 05:44:15 - INFO - epoch:6/15 iteration:20/25 batch loss is :0.2475
2025-05-19 05:44:15 - INFO - the acc is :0.75
2025-05-19 05:44:28 - INFO - Epoch:6/15 Loss is :0.3745
2025-05-19 05:46:42 - INFO - epoch:7/15 iteration:0/25 batch loss is :0.3912
2025-05-19 05:46:42 - INFO - the acc is :0.6875
2025-05-19 05:46:59 - INFO - epoch:7/15 iteration:5/25 batch loss is :0.2177
2025-05-19 05:46:59 - INFO - the acc is :0.78125
2025-05-19 05:47:19 - INFO - epoch:7/15 iteration:10/25 batch loss is :0.3575
2025-05-19 05:47:19 - INFO - the acc is :0.75
2025-05-19 05:47:49 - INFO - epoch:7/15 iteration:15/25 batch loss is :0.3871
2025-05-19 05:47:49 - INFO - the acc is :0.6875
2025-05-19 05:48:05 - INFO - epoch:7/15 iteration:20/25 batch loss is :0.3224
2025-05-19 05:48:05 - INFO - the acc is :0.71875
2025-05-19 05:48:17 - INFO - Epoch:7/15 Loss is :0.3897
2025-05-19 05:51:12 - INFO - epoch:8/15 iteration:0/25 batch loss is :0.2810
2025-05-19 05:51:12 - INFO - the acc is :0.71875
2025-05-19 05:51:28 - INFO - epoch:8/15 iteration:5/25 batch loss is :0.3095
2025-05-19 05:51:28 - INFO - the acc is :0.75
2025-05-19 05:51:46 - INFO - epoch:8/15 iteration:10/25 batch loss is :0.5687
2025-05-19 05:51:46 - INFO - the acc is :0.59375
2025-05-19 05:52:49 - INFO - epoch:8/15 iteration:15/25 batch loss is :0.2976
2025-05-19 05:52:49 - INFO - the acc is :0.65625
2025-05-19 05:53:05 - INFO - epoch:8/15 iteration:20/25 batch loss is :0.2605
2025-05-19 05:53:05 - INFO - the acc is :0.8125
2025-05-19 05:53:17 - INFO - Epoch:8/15 Loss is :0.4115
2025-05-19 05:55:33 - INFO - epoch:9/15 iteration:0/25 batch loss is :0.2520
2025-05-19 05:55:33 - INFO - the acc is :0.78125
2025-05-19 05:55:52 - INFO - epoch:9/15 iteration:5/25 batch loss is :0.4688
2025-05-19 05:55:52 - INFO - the acc is :0.6875
2025-05-19 05:56:10 - INFO - epoch:9/15 iteration:10/25 batch loss is :0.3923
2025-05-19 05:56:10 - INFO - the acc is :0.59375
2025-05-19 05:56:40 - INFO - epoch:9/15 iteration:15/25 batch loss is :0.2131
2025-05-19 05:56:40 - INFO - the acc is :0.84375
2025-05-19 05:56:56 - INFO - epoch:9/15 iteration:20/25 batch loss is :0.2946
2025-05-19 05:56:56 - INFO - the acc is :0.6875
2025-05-19 05:57:08 - INFO - Epoch:9/15 Loss is :0.3932
2025-05-19 05:59:22 - INFO - epoch:10/15 iteration:0/25 batch loss is :0.4752
2025-05-19 05:59:22 - INFO - the acc is :0.625
2025-05-19 05:59:40 - INFO - epoch:10/15 iteration:5/25 batch loss is :0.4701
2025-05-19 05:59:40 - INFO - the acc is :0.5625
2025-05-19 06:00:01 - INFO - epoch:10/15 iteration:10/25 batch loss is :0.4038
2025-05-19 06:00:01 - INFO - the acc is :0.625
2025-05-19 06:00:27 - INFO - epoch:10/15 iteration:15/25 batch loss is :0.3788
2025-05-19 06:00:27 - INFO - the acc is :0.6875
2025-05-19 06:00:43 - INFO - epoch:10/15 iteration:20/25 batch loss is :0.3403
2025-05-19 06:00:43 - INFO - the acc is :0.6875
2025-05-19 06:00:55 - INFO - Epoch:10/15 Loss is :0.3677
2025-05-19 06:03:33 - INFO - val accuarcy is : 0.7365
2025-05-19 06:03:33 - INFO - VAL loss :0.4263
2025-05-19 06:06:29 - INFO - epoch:11/15 iteration:0/25 batch loss is :0.2989
2025-05-19 06:06:29 - INFO - the acc is :0.75
2025-05-19 06:06:45 - INFO - epoch:11/15 iteration:5/25 batch loss is :0.4555
2025-05-19 06:06:45 - INFO - the acc is :0.65625
2025-05-19 06:07:03 - INFO - epoch:11/15 iteration:10/25 batch loss is :0.3324
2025-05-19 06:07:03 - INFO - the acc is :0.71875
2025-05-19 06:08:07 - INFO - epoch:11/15 iteration:15/25 batch loss is :0.3689
2025-05-19 06:08:07 - INFO - the acc is :0.6875
2025-05-19 06:08:22 - INFO - epoch:11/15 iteration:20/25 batch loss is :0.6825
2025-05-19 06:08:22 - INFO - the acc is :0.5625
2025-05-19 06:08:34 - INFO - Epoch:11/15 Loss is :0.3965
2025-05-19 06:10:51 - INFO - epoch:12/15 iteration:0/25 batch loss is :0.3392
2025-05-19 06:10:51 - INFO - the acc is :0.5625
2025-05-19 06:11:08 - INFO - epoch:12/15 iteration:5/25 batch loss is :0.3253
2025-05-19 06:11:08 - INFO - the acc is :0.8125
2025-05-19 06:11:28 - INFO - epoch:12/15 iteration:10/25 batch loss is :0.3353
2025-05-19 06:11:28 - INFO - the acc is :0.6875
2025-05-19 06:11:56 - INFO - epoch:12/15 iteration:15/25 batch loss is :0.3456
2025-05-19 06:11:56 - INFO - the acc is :0.6875
2025-05-19 06:12:11 - INFO - epoch:12/15 iteration:20/25 batch loss is :0.4606
2025-05-19 06:12:11 - INFO - the acc is :0.5625
2025-05-19 06:12:24 - INFO - Epoch:12/15 Loss is :0.4251
2025-05-19 06:14:40 - INFO - epoch:13/15 iteration:0/25 batch loss is :0.4065
2025-05-19 06:14:40 - INFO - the acc is :0.625
2025-05-19 06:14:57 - INFO - epoch:13/15 iteration:5/25 batch loss is :0.2415
2025-05-19 06:14:57 - INFO - the acc is :0.8125
2025-05-19 06:15:18 - INFO - epoch:13/15 iteration:10/25 batch loss is :0.3297
2025-05-19 06:15:18 - INFO - the acc is :0.65625
2025-05-19 06:15:47 - INFO - epoch:13/15 iteration:15/25 batch loss is :0.3114
2025-05-19 06:15:47 - INFO - the acc is :0.75
2025-05-19 06:16:03 - INFO - epoch:13/15 iteration:20/25 batch loss is :0.5638
2025-05-19 06:16:03 - INFO - the acc is :0.53125
2025-05-19 06:16:15 - INFO - Epoch:13/15 Loss is :0.3883
2025-05-19 06:18:29 - INFO - epoch:14/15 iteration:0/25 batch loss is :0.4829
2025-05-19 06:18:29 - INFO - the acc is :0.6875
2025-05-19 06:18:48 - INFO - epoch:14/15 iteration:5/25 batch loss is :0.2927
2025-05-19 06:18:48 - INFO - the acc is :0.71875
2025-05-19 06:19:07 - INFO - epoch:14/15 iteration:10/25 batch loss is :0.2501
2025-05-19 06:19:07 - INFO - the acc is :0.8125
2025-05-19 06:19:43 - INFO - epoch:14/15 iteration:15/25 batch loss is :0.6099
2025-05-19 06:19:43 - INFO - the acc is :0.65625
2025-05-19 06:19:58 - INFO - epoch:14/15 iteration:20/25 batch loss is :0.3142
2025-05-19 06:19:58 - INFO - the acc is :0.71875
2025-05-19 06:20:10 - INFO - Epoch:14/15 Loss is :0.3705
2025-05-19 06:22:57 - INFO - val accuarcy is : 0.7573
2025-05-19 06:22:57 - INFO - VAL loss :0.4352
2025-05-19 06:22:58 - INFO - fold number:3
2025-05-19 06:25:31 - INFO - epoch:0/15 iteration:0/25 batch loss is :0.4457
2025-05-19 06:25:31 - INFO - the acc is :0.625
2025-05-19 06:25:50 - INFO - epoch:0/15 iteration:5/25 batch loss is :0.3062
2025-05-19 06:25:50 - INFO - the acc is :0.75
2025-05-19 06:26:08 - INFO - epoch:0/15 iteration:10/25 batch loss is :0.2847
2025-05-19 06:26:08 - INFO - the acc is :0.6875
2025-05-19 06:26:58 - INFO - epoch:0/15 iteration:15/25 batch loss is :0.5222
2025-05-19 06:26:58 - INFO - the acc is :0.65625
2025-05-19 06:27:13 - INFO - epoch:0/15 iteration:20/25 batch loss is :0.4669
2025-05-19 06:27:13 - INFO - the acc is :0.59375
2025-05-19 06:27:25 - INFO - Epoch:0/15 Loss is :0.3769
2025-05-19 06:29:55 - INFO - val accuarcy is : 0.7313
2025-05-19 06:29:55 - INFO - VAL loss :0.2755
2025-05-19 06:32:09 - INFO - epoch:1/15 iteration:0/25 batch loss is :0.2779
2025-05-19 06:32:09 - INFO - the acc is :0.71875
2025-05-19 06:32:26 - INFO - epoch:1/15 iteration:5/25 batch loss is :0.4431
2025-05-19 06:32:26 - INFO - the acc is :0.59375
2025-05-19 06:32:46 - INFO - epoch:1/15 iteration:10/25 batch loss is :0.4128
2025-05-19 06:32:46 - INFO - the acc is :0.625
2025-05-19 06:33:16 - INFO - epoch:1/15 iteration:15/25 batch loss is :0.4128
2025-05-19 06:33:16 - INFO - the acc is :0.78125
2025-05-19 06:33:31 - INFO - epoch:1/15 iteration:20/25 batch loss is :0.2903
2025-05-19 06:33:31 - INFO - the acc is :0.75
2025-05-19 06:33:43 - INFO - Epoch:1/15 Loss is :0.3761
2025-05-19 06:36:39 - INFO - epoch:2/15 iteration:0/25 batch loss is :0.5896
2025-05-19 06:36:39 - INFO - the acc is :0.6875
2025-05-19 06:36:55 - INFO - epoch:2/15 iteration:5/25 batch loss is :0.2665
2025-05-19 06:36:55 - INFO - the acc is :0.8125
2025-05-19 06:37:13 - INFO - epoch:2/15 iteration:10/25 batch loss is :0.3522
2025-05-19 06:37:13 - INFO - the acc is :0.625
2025-05-19 06:38:16 - INFO - epoch:2/15 iteration:15/25 batch loss is :0.2380
2025-05-19 06:38:16 - INFO - the acc is :0.8125
2025-05-19 06:38:31 - INFO - epoch:2/15 iteration:20/25 batch loss is :0.4825
2025-05-19 06:38:31 - INFO - the acc is :0.71875
2025-05-19 06:38:44 - INFO - Epoch:2/15 Loss is :0.3707
2025-05-19 06:40:59 - INFO - epoch:3/15 iteration:0/25 batch loss is :0.3655
2025-05-19 06:40:59 - INFO - the acc is :0.6875
2025-05-19 06:41:17 - INFO - epoch:3/15 iteration:5/25 batch loss is :0.3574
2025-05-19 06:41:17 - INFO - the acc is :0.6875
2025-05-19 06:41:36 - INFO - epoch:3/15 iteration:10/25 batch loss is :0.2230
2025-05-19 06:41:36 - INFO - the acc is :0.78125
2025-05-19 06:42:07 - INFO - epoch:3/15 iteration:15/25 batch loss is :0.2114
2025-05-19 06:42:07 - INFO - the acc is :0.84375
2025-05-19 06:42:22 - INFO - epoch:3/15 iteration:20/25 batch loss is :0.4123
2025-05-19 06:42:22 - INFO - the acc is :0.6875
2025-05-19 06:42:34 - INFO - Epoch:3/15 Loss is :0.4108
2025-05-19 06:44:51 - INFO - epoch:4/15 iteration:0/25 batch loss is :0.3039
2025-05-19 06:44:51 - INFO - the acc is :0.71875
2025-05-19 06:45:10 - INFO - epoch:4/15 iteration:5/25 batch loss is :0.3740
2025-05-19 06:45:10 - INFO - the acc is :0.71875
2025-05-19 06:45:30 - INFO - epoch:4/15 iteration:10/25 batch loss is :0.2698
2025-05-19 06:45:30 - INFO - the acc is :0.6875
2025-05-19 06:45:58 - INFO - epoch:4/15 iteration:15/25 batch loss is :0.3982
2025-05-19 06:45:58 - INFO - the acc is :0.6875
2025-05-19 06:46:13 - INFO - epoch:4/15 iteration:20/25 batch loss is :0.4166
2025-05-19 06:46:13 - INFO - the acc is :0.6875
2025-05-19 06:46:25 - INFO - Epoch:4/15 Loss is :0.4106
2025-05-19 06:48:40 - INFO - epoch:5/15 iteration:0/25 batch loss is :0.4241
2025-05-19 06:48:40 - INFO - the acc is :0.65625
2025-05-19 06:48:58 - INFO - epoch:5/15 iteration:5/25 batch loss is :0.4336
2025-05-19 06:48:58 - INFO - the acc is :0.71875
2025-05-19 06:49:17 - INFO - epoch:5/15 iteration:10/25 batch loss is :0.2337
2025-05-19 06:49:17 - INFO - the acc is :0.78125
2025-05-19 06:50:01 - INFO - epoch:5/15 iteration:15/25 batch loss is :0.3052
2025-05-19 06:50:01 - INFO - the acc is :0.6875
2025-05-19 06:50:16 - INFO - epoch:5/15 iteration:20/25 batch loss is :0.4614
2025-05-19 06:50:16 - INFO - the acc is :0.65625
2025-05-19 06:50:29 - INFO - Epoch:5/15 Loss is :0.3750
2025-05-19 06:53:15 - INFO - val accuarcy is : 0.7417
2025-05-19 06:53:15 - INFO - VAL loss :0.2605
2025-05-19 06:55:55 - INFO - epoch:6/15 iteration:0/25 batch loss is :0.2428
2025-05-19 06:55:55 - INFO - the acc is :0.78125
2025-05-19 06:56:13 - INFO - epoch:6/15 iteration:5/25 batch loss is :0.2961
2025-05-19 06:56:13 - INFO - the acc is :0.8125
2025-05-19 06:56:30 - INFO - epoch:6/15 iteration:10/25 batch loss is :0.4523
2025-05-19 06:56:30 - INFO - the acc is :0.625
2025-05-19 06:57:27 - INFO - epoch:6/15 iteration:15/25 batch loss is :0.1856
2025-05-19 06:57:27 - INFO - the acc is :0.84375
2025-05-19 06:57:42 - INFO - epoch:6/15 iteration:20/25 batch loss is :0.4483
2025-05-19 06:57:42 - INFO - the acc is :0.5
2025-05-19 06:57:54 - INFO - Epoch:6/15 Loss is :0.3922
2025-05-19 07:00:10 - INFO - epoch:7/15 iteration:0/25 batch loss is :0.3092
2025-05-19 07:00:10 - INFO - the acc is :0.8125
2025-05-19 07:00:28 - INFO - epoch:7/15 iteration:5/25 batch loss is :0.2882
2025-05-19 07:00:28 - INFO - the acc is :0.71875
2025-05-19 07:00:47 - INFO - epoch:7/15 iteration:10/25 batch loss is :0.1863
2025-05-19 07:00:47 - INFO - the acc is :0.90625
2025-05-19 07:01:17 - INFO - epoch:7/15 iteration:15/25 batch loss is :0.3808
2025-05-19 07:01:17 - INFO - the acc is :0.59375
2025-05-19 07:01:33 - INFO - epoch:7/15 iteration:20/25 batch loss is :0.3613
2025-05-19 07:01:33 - INFO - the acc is :0.625
2025-05-19 07:01:45 - INFO - Epoch:7/15 Loss is :0.3760
2025-05-19 07:03:59 - INFO - epoch:8/15 iteration:0/25 batch loss is :0.2154
2025-05-19 07:03:59 - INFO - the acc is :0.75
2025-05-19 07:04:17 - INFO - epoch:8/15 iteration:5/25 batch loss is :0.5468
2025-05-19 07:04:17 - INFO - the acc is :0.6875
2025-05-19 07:04:35 - INFO - epoch:8/15 iteration:10/25 batch loss is :0.2970
2025-05-19 07:04:35 - INFO - the acc is :0.71875
2025-05-19 07:05:25 - INFO - epoch:8/15 iteration:15/25 batch loss is :0.3187
2025-05-19 07:05:25 - INFO - the acc is :0.65625
2025-05-19 07:05:40 - INFO - epoch:8/15 iteration:20/25 batch loss is :0.3935
2025-05-19 07:05:40 - INFO - the acc is :0.5625
2025-05-19 07:05:53 - INFO - Epoch:8/15 Loss is :0.3585
2025-05-19 07:08:50 - INFO - epoch:9/15 iteration:0/25 batch loss is :0.3197
2025-05-19 07:08:50 - INFO - the acc is :0.71875
2025-05-19 07:09:08 - INFO - epoch:9/15 iteration:5/25 batch loss is :0.4039
2025-05-19 07:09:08 - INFO - the acc is :0.6875
2025-05-19 07:09:25 - INFO - epoch:9/15 iteration:10/25 batch loss is :0.2760
2025-05-19 07:09:25 - INFO - the acc is :0.71875
2025-05-19 07:10:15 - INFO - epoch:9/15 iteration:15/25 batch loss is :0.1435
2025-05-19 07:10:15 - INFO - the acc is :0.8125
2025-05-19 07:10:31 - INFO - epoch:9/15 iteration:20/25 batch loss is :0.4809
2025-05-19 07:10:31 - INFO - the acc is :0.65625
2025-05-19 07:10:43 - INFO - Epoch:9/15 Loss is :0.3802
2025-05-19 07:12:59 - INFO - epoch:10/15 iteration:0/25 batch loss is :0.5555
2025-05-19 07:12:59 - INFO - the acc is :0.59375
2025-05-19 07:13:18 - INFO - epoch:10/15 iteration:5/25 batch loss is :0.6125
2025-05-19 07:13:18 - INFO - the acc is :0.53125
2025-05-19 07:13:36 - INFO - epoch:10/15 iteration:10/25 batch loss is :0.4822
2025-05-19 07:13:36 - INFO - the acc is :0.71875
2025-05-19 07:14:07 - INFO - epoch:10/15 iteration:15/25 batch loss is :0.3644
2025-05-19 07:14:07 - INFO - the acc is :0.65625
2025-05-19 07:14:22 - INFO - epoch:10/15 iteration:20/25 batch loss is :0.3169
2025-05-19 07:14:22 - INFO - the acc is :0.71875
2025-05-19 07:14:34 - INFO - Epoch:10/15 Loss is :0.3892
2025-05-19 07:17:14 - INFO - val accuarcy is : 0.7313
2025-05-19 07:17:14 - INFO - VAL loss :0.2831
2025-05-19 07:19:31 - INFO - epoch:11/15 iteration:0/25 batch loss is :0.2610
2025-05-19 07:19:31 - INFO - the acc is :0.8125
2025-05-19 07:19:50 - INFO - epoch:11/15 iteration:5/25 batch loss is :0.2013
2025-05-19 07:19:50 - INFO - the acc is :0.8125
2025-05-19 07:20:11 - INFO - epoch:11/15 iteration:10/25 batch loss is :0.3985
2025-05-19 07:20:11 - INFO - the acc is :0.5625
2025-05-19 07:20:37 - INFO - epoch:11/15 iteration:15/25 batch loss is :0.2597
2025-05-19 07:20:37 - INFO - the acc is :0.84375
2025-05-19 07:20:52 - INFO - epoch:11/15 iteration:20/25 batch loss is :0.4200
2025-05-19 07:20:52 - INFO - the acc is :0.65625
2025-05-19 07:21:04 - INFO - Epoch:11/15 Loss is :0.3817
2025-05-19 07:23:18 - INFO - epoch:12/15 iteration:0/25 batch loss is :0.2084
2025-05-19 07:23:18 - INFO - the acc is :0.84375
2025-05-19 07:23:37 - INFO - epoch:12/15 iteration:5/25 batch loss is :0.4859
2025-05-19 07:23:37 - INFO - the acc is :0.71875
2025-05-19 07:23:57 - INFO - epoch:12/15 iteration:10/25 batch loss is :0.3580
2025-05-19 07:23:57 - INFO - the acc is :0.625
2025-05-19 07:24:24 - INFO - epoch:12/15 iteration:15/25 batch loss is :0.2795
2025-05-19 07:24:24 - INFO - the acc is :0.78125
2025-05-19 07:24:40 - INFO - epoch:12/15 iteration:20/25 batch loss is :0.4203
2025-05-19 07:24:40 - INFO - the acc is :0.6875
2025-05-19 07:24:52 - INFO - Epoch:12/15 Loss is :0.3780
2025-05-19 07:27:06 - INFO - epoch:13/15 iteration:0/25 batch loss is :0.3336
2025-05-19 07:27:06 - INFO - the acc is :0.625
2025-05-19 07:27:24 - INFO - epoch:13/15 iteration:5/25 batch loss is :0.4526
2025-05-19 07:27:24 - INFO - the acc is :0.625
2025-05-19 07:27:43 - INFO - epoch:13/15 iteration:10/25 batch loss is :0.4541
2025-05-19 07:27:43 - INFO - the acc is :0.625
2025-05-19 07:28:12 - INFO - epoch:13/15 iteration:15/25 batch loss is :0.2379
2025-05-19 07:28:12 - INFO - the acc is :0.78125
2025-05-19 07:28:28 - INFO - epoch:13/15 iteration:20/25 batch loss is :0.2921
2025-05-19 07:28:28 - INFO - the acc is :0.71875
2025-05-19 07:28:40 - INFO - Epoch:13/15 Loss is :0.3658
2025-05-19 07:30:53 - INFO - epoch:14/15 iteration:0/25 batch loss is :0.4741
2025-05-19 07:30:53 - INFO - the acc is :0.71875
2025-05-19 07:31:11 - INFO - epoch:14/15 iteration:5/25 batch loss is :0.3646
2025-05-19 07:31:11 - INFO - the acc is :0.6875
2025-05-19 07:31:32 - INFO - epoch:14/15 iteration:10/25 batch loss is :0.4554
2025-05-19 07:31:32 - INFO - the acc is :0.59375
2025-05-19 07:31:56 - INFO - epoch:14/15 iteration:15/25 batch loss is :0.3023
2025-05-19 07:31:56 - INFO - the acc is :0.8125
2025-05-19 07:32:12 - INFO - epoch:14/15 iteration:20/25 batch loss is :0.3561
2025-05-19 07:32:12 - INFO - the acc is :0.71875
2025-05-19 07:32:24 - INFO - Epoch:14/15 Loss is :0.3843
2025-05-19 07:34:32 - INFO - val accuarcy is : 0.7365
2025-05-19 07:34:32 - INFO - VAL loss :0.2691
2025-05-19 07:34:32 - INFO - fold number:4
2025-05-19 07:37:30 - INFO - epoch:0/15 iteration:0/25 batch loss is :0.4536
2025-05-19 07:37:30 - INFO - the acc is :0.6875
2025-05-19 07:37:47 - INFO - epoch:0/15 iteration:5/25 batch loss is :0.4454
2025-05-19 07:37:47 - INFO - the acc is :0.65625
2025-05-19 07:38:05 - INFO - epoch:0/15 iteration:10/25 batch loss is :0.3034
2025-05-19 07:38:05 - INFO - the acc is :0.6875
2025-05-19 07:39:10 - INFO - epoch:0/15 iteration:15/25 batch loss is :0.4125
2025-05-19 07:39:10 - INFO - the acc is :0.78125
2025-05-19 07:39:26 - INFO - epoch:0/15 iteration:20/25 batch loss is :0.3741
2025-05-19 07:39:26 - INFO - the acc is :0.6875
2025-05-19 07:39:38 - INFO - Epoch:0/15 Loss is :0.4024
2025-05-19 07:42:13 - INFO - val accuarcy is : 0.7261
2025-05-19 07:42:13 - INFO - VAL loss :0.3323
2025-05-19 07:44:29 - INFO - epoch:1/15 iteration:0/25 batch loss is :0.4829
2025-05-19 07:44:29 - INFO - the acc is :0.6875
2025-05-19 07:44:46 - INFO - epoch:1/15 iteration:5/25 batch loss is :0.3459
2025-05-19 07:44:46 - INFO - the acc is :0.65625
2025-05-19 07:45:05 - INFO - epoch:1/15 iteration:10/25 batch loss is :0.3801
2025-05-19 07:45:05 - INFO - the acc is :0.65625
2025-05-19 07:45:36 - INFO - epoch:1/15 iteration:15/25 batch loss is :0.3611
2025-05-19 07:45:36 - INFO - the acc is :0.625
2025-05-19 07:45:51 - INFO - epoch:1/15 iteration:20/25 batch loss is :0.4444
2025-05-19 07:45:51 - INFO - the acc is :0.625
2025-05-19 07:46:03 - INFO - Epoch:1/15 Loss is :0.3626
2025-05-19 07:48:18 - INFO - epoch:2/15 iteration:0/25 batch loss is :0.3527
2025-05-19 07:48:18 - INFO - the acc is :0.71875
2025-05-19 07:48:36 - INFO - epoch:2/15 iteration:5/25 batch loss is :0.4083
2025-05-19 07:48:36 - INFO - the acc is :0.65625
2025-05-19 07:48:55 - INFO - epoch:2/15 iteration:10/25 batch loss is :0.2759
2025-05-19 07:48:55 - INFO - the acc is :0.65625
2025-05-19 07:49:26 - INFO - epoch:2/15 iteration:15/25 batch loss is :0.3714
2025-05-19 07:49:26 - INFO - the acc is :0.71875
2025-05-19 07:49:42 - INFO - epoch:2/15 iteration:20/25 batch loss is :0.2727
2025-05-19 07:49:42 - INFO - the acc is :0.625
2025-05-19 07:49:54 - INFO - Epoch:2/15 Loss is :0.3787
2025-05-19 07:52:12 - INFO - epoch:3/15 iteration:0/25 batch loss is :0.3001
2025-05-19 07:52:12 - INFO - the acc is :0.78125
2025-05-19 07:52:30 - INFO - epoch:3/15 iteration:5/25 batch loss is :0.4144
2025-05-19 07:52:30 - INFO - the acc is :0.71875
2025-05-19 07:52:49 - INFO - epoch:3/15 iteration:10/25 batch loss is :0.3774
2025-05-19 07:52:49 - INFO - the acc is :0.65625
2025-05-19 07:53:20 - INFO - epoch:3/15 iteration:15/25 batch loss is :0.4341
2025-05-19 07:53:20 - INFO - the acc is :0.625
2025-05-19 07:53:35 - INFO - epoch:3/15 iteration:20/25 batch loss is :0.3622
2025-05-19 07:53:35 - INFO - the acc is :0.8125
2025-05-19 07:53:48 - INFO - Epoch:3/15 Loss is :0.3512
2025-05-19 07:56:08 - INFO - epoch:4/15 iteration:0/25 batch loss is :0.2333
2025-05-19 07:56:08 - INFO - the acc is :0.78125
2025-05-19 07:56:28 - INFO - epoch:4/15 iteration:5/25 batch loss is :0.4636
2025-05-19 07:56:28 - INFO - the acc is :0.59375
2025-05-19 07:56:48 - INFO - epoch:4/15 iteration:10/25 batch loss is :0.5449
2025-05-19 07:56:48 - INFO - the acc is :0.59375
2025-05-19 07:57:15 - INFO - epoch:4/15 iteration:15/25 batch loss is :0.5458
2025-05-19 07:57:15 - INFO - the acc is :0.71875
2025-05-19 07:57:31 - INFO - epoch:4/15 iteration:20/25 batch loss is :0.2302
2025-05-19 07:57:31 - INFO - the acc is :0.78125
2025-05-19 07:57:44 - INFO - Epoch:4/15 Loss is :0.3813
2025-05-19 08:00:05 - INFO - epoch:5/15 iteration:0/25 batch loss is :0.2320
2025-05-19 08:00:05 - INFO - the acc is :0.71875
2025-05-19 08:00:24 - INFO - epoch:5/15 iteration:5/25 batch loss is :0.3949
2025-05-19 08:00:24 - INFO - the acc is :0.71875
2025-05-19 08:00:44 - INFO - epoch:5/15 iteration:10/25 batch loss is :0.3420
2025-05-19 08:00:44 - INFO - the acc is :0.71875
2025-05-19 08:01:12 - INFO - epoch:5/15 iteration:15/25 batch loss is :0.3942
2025-05-19 08:01:12 - INFO - the acc is :0.65625
2025-05-19 08:01:27 - INFO - epoch:5/15 iteration:20/25 batch loss is :0.4071
2025-05-19 08:01:27 - INFO - the acc is :0.625
2025-05-19 08:01:40 - INFO - Epoch:5/15 Loss is :0.3574
2025-05-19 08:03:50 - INFO - val accuarcy is : 0.7261
2025-05-19 08:03:50 - INFO - VAL loss :0.3191
2025-05-19 08:06:10 - INFO - epoch:6/15 iteration:0/25 batch loss is :0.4712
2025-05-19 08:06:10 - INFO - the acc is :0.53125
2025-05-19 08:06:29 - INFO - epoch:6/15 iteration:5/25 batch loss is :0.2925
2025-05-19 08:06:29 - INFO - the acc is :0.71875
2025-05-19 08:06:50 - INFO - epoch:6/15 iteration:10/25 batch loss is :0.4335
2025-05-19 08:06:50 - INFO - the acc is :0.625
2025-05-19 08:07:16 - INFO - epoch:6/15 iteration:15/25 batch loss is :0.4114
2025-05-19 08:07:16 - INFO - the acc is :0.71875
2025-05-19 08:07:31 - INFO - epoch:6/15 iteration:20/25 batch loss is :0.2367
2025-05-19 08:07:31 - INFO - the acc is :0.84375
2025-05-19 08:07:44 - INFO - Epoch:6/15 Loss is :0.3783
2025-05-19 08:10:08 - INFO - epoch:7/15 iteration:0/25 batch loss is :0.3073
2025-05-19 08:10:08 - INFO - the acc is :0.65625
2025-05-19 08:10:28 - INFO - epoch:7/15 iteration:5/25 batch loss is :0.4413
2025-05-19 08:10:28 - INFO - the acc is :0.59375
2025-05-19 08:10:49 - INFO - epoch:7/15 iteration:10/25 batch loss is :0.3344
2025-05-19 08:10:49 - INFO - the acc is :0.75
2025-05-19 08:11:12 - INFO - epoch:7/15 iteration:15/25 batch loss is :0.2735
2025-05-19 08:11:12 - INFO - the acc is :0.6875
2025-05-19 08:11:27 - INFO - epoch:7/15 iteration:20/25 batch loss is :0.2590
2025-05-19 08:11:27 - INFO - the acc is :0.75
2025-05-19 08:11:40 - INFO - Epoch:7/15 Loss is :0.3625
2025-05-19 08:13:57 - INFO - epoch:8/15 iteration:0/25 batch loss is :0.1957
2025-05-19 08:13:57 - INFO - the acc is :0.84375
2025-05-19 08:14:18 - INFO - epoch:8/15 iteration:5/25 batch loss is :0.1376
2025-05-19 08:14:18 - INFO - the acc is :0.90625
2025-05-19 08:14:39 - INFO - epoch:8/15 iteration:10/25 batch loss is :0.4368
2025-05-19 08:14:39 - INFO - the acc is :0.6875
2025-05-19 08:15:01 - INFO - epoch:8/15 iteration:15/25 batch loss is :0.3572
2025-05-19 08:15:01 - INFO - the acc is :0.625
2025-05-19 08:15:16 - INFO - epoch:8/15 iteration:20/25 batch loss is :0.4397
2025-05-19 08:15:16 - INFO - the acc is :0.71875
2025-05-19 08:15:29 - INFO - Epoch:8/15 Loss is :0.3789
2025-05-19 08:17:47 - INFO - epoch:9/15 iteration:0/25 batch loss is :0.3678
2025-05-19 08:17:47 - INFO - the acc is :0.6875
2025-05-19 08:18:08 - INFO - epoch:9/15 iteration:5/25 batch loss is :0.3788
2025-05-19 08:18:08 - INFO - the acc is :0.5625
2025-05-19 08:18:30 - INFO - epoch:9/15 iteration:10/25 batch loss is :0.4396
2025-05-19 08:18:30 - INFO - the acc is :0.65625
2025-05-19 08:18:54 - INFO - epoch:9/15 iteration:15/25 batch loss is :0.3079
2025-05-19 08:18:54 - INFO - the acc is :0.71875
2025-05-19 08:19:10 - INFO - epoch:9/15 iteration:20/25 batch loss is :0.3120
2025-05-19 08:19:10 - INFO - the acc is :0.71875
2025-05-19 08:19:22 - INFO - Epoch:9/15 Loss is :0.3933
2025-05-19 08:22:24 - INFO - epoch:10/15 iteration:0/25 batch loss is :0.5256
2025-05-19 08:22:24 - INFO - the acc is :0.5625
2025-05-19 08:22:41 - INFO - epoch:10/15 iteration:5/25 batch loss is :0.2705
2025-05-19 08:22:41 - INFO - the acc is :0.65625
2025-05-19 08:22:58 - INFO - epoch:10/15 iteration:10/25 batch loss is :0.3039
2025-05-19 08:22:58 - INFO - the acc is :0.625
2025-05-19 08:24:08 - INFO - epoch:10/15 iteration:15/25 batch loss is :0.3753
2025-05-19 08:24:08 - INFO - the acc is :0.53125
2025-05-19 08:24:23 - INFO - epoch:10/15 iteration:20/25 batch loss is :0.5707
2025-05-19 08:24:23 - INFO - the acc is :0.65625
2025-05-19 08:24:36 - INFO - Epoch:10/15 Loss is :0.3555
2025-05-19 08:27:13 - INFO - val accuarcy is : 0.7313
2025-05-19 08:27:13 - INFO - VAL loss :0.3063
2025-05-19 08:29:32 - INFO - epoch:11/15 iteration:0/25 batch loss is :0.4007
2025-05-19 08:29:32 - INFO - the acc is :0.65625
2025-05-19 08:29:49 - INFO - epoch:11/15 iteration:5/25 batch loss is :0.2024
2025-05-19 08:29:49 - INFO - the acc is :0.8125
2025-05-19 08:30:08 - INFO - epoch:11/15 iteration:10/25 batch loss is :0.2346
2025-05-19 08:30:08 - INFO - the acc is :0.71875
2025-05-19 08:30:39 - INFO - epoch:11/15 iteration:15/25 batch loss is :0.4732
2025-05-19 08:30:39 - INFO - the acc is :0.6875
2025-05-19 08:30:55 - INFO - epoch:11/15 iteration:20/25 batch loss is :0.2503
2025-05-19 08:30:55 - INFO - the acc is :0.6875
2025-05-19 08:31:07 - INFO - Epoch:11/15 Loss is :0.3940
2025-05-19 08:33:23 - INFO - epoch:12/15 iteration:0/25 batch loss is :0.2440
2025-05-19 08:33:23 - INFO - the acc is :0.75
2025-05-19 08:33:41 - INFO - epoch:12/15 iteration:5/25 batch loss is :0.4187
2025-05-19 08:33:41 - INFO - the acc is :0.71875
2025-05-19 08:34:01 - INFO - epoch:12/15 iteration:10/25 batch loss is :0.5448
2025-05-19 08:34:01 - INFO - the acc is :0.59375
2025-05-19 08:34:29 - INFO - epoch:12/15 iteration:15/25 batch loss is :0.2327
2025-05-19 08:34:29 - INFO - the acc is :0.71875
2025-05-19 08:34:45 - INFO - epoch:12/15 iteration:20/25 batch loss is :0.2992
2025-05-19 08:34:45 - INFO - the acc is :0.84375
2025-05-19 08:34:57 - INFO - Epoch:12/15 Loss is :0.3680
2025-05-19 08:37:13 - INFO - epoch:13/15 iteration:0/25 batch loss is :0.2363
2025-05-19 08:37:13 - INFO - the acc is :0.875
2025-05-19 08:37:32 - INFO - epoch:13/15 iteration:5/25 batch loss is :0.4538
2025-05-19 08:37:32 - INFO - the acc is :0.59375
2025-05-19 08:37:51 - INFO - epoch:13/15 iteration:10/25 batch loss is :0.3656
2025-05-19 08:37:51 - INFO - the acc is :0.71875
2025-05-19 08:38:20 - INFO - epoch:13/15 iteration:15/25 batch loss is :0.3032
2025-05-19 08:38:20 - INFO - the acc is :0.71875
2025-05-19 08:38:36 - INFO - epoch:13/15 iteration:20/25 batch loss is :0.3780
2025-05-19 08:38:36 - INFO - the acc is :0.75
2025-05-19 08:38:48 - INFO - Epoch:13/15 Loss is :0.3829
2025-05-19 08:41:07 - INFO - epoch:14/15 iteration:0/25 batch loss is :0.3178
2025-05-19 08:41:07 - INFO - the acc is :0.8125
2025-05-19 08:41:25 - INFO - epoch:14/15 iteration:5/25 batch loss is :0.3582
2025-05-19 08:41:25 - INFO - the acc is :0.71875
2025-05-19 08:41:45 - INFO - epoch:14/15 iteration:10/25 batch loss is :0.4279
2025-05-19 08:41:45 - INFO - the acc is :0.59375
2025-05-19 08:42:10 - INFO - epoch:14/15 iteration:15/25 batch loss is :0.3518
2025-05-19 08:42:10 - INFO - the acc is :0.65625
2025-05-19 08:42:25 - INFO - epoch:14/15 iteration:20/25 batch loss is :0.2116
2025-05-19 08:42:25 - INFO - the acc is :0.84375
2025-05-19 08:42:38 - INFO - Epoch:14/15 Loss is :0.3457
2025-05-19 08:44:44 - INFO - val accuarcy is : 0.7210
2025-05-19 08:44:44 - INFO - VAL loss :0.3108
2025-05-19 08:44:44 - INFO - training complete!!!
